19:29:37 |    day cap 0.91%  |  per-trade risk 0.455%  |  break-even WR 50.0% AT 1:1 PAYOFF — no
    R-denominated payoff measured yet, so the honest break-even is the 1:1 figure above and nothing
    better [C406/C463-10]
19:29:37 | 📊 Paper Mode
19:29:39 | ✅ Connected | 797 futures markets
19:29:39 |    day cap 0.68%  |  per-trade risk 0.341%  |  break-even WR 50.0% AT 1:1 PAYOFF — at the
    measured 2.51 payoff (7W/7L in R) it is 29%, which is the number that matters [C406/C463-10]
 
  ================================================================================================
  OMEGA C469  PAPER  Bitget perps
  19 Sep 2026   19:29
  start $250.66  day -0.68% loss
  ================================================================================================
 
19:29:39 |   4 EXIT       4 questions: HARD STOP · THESIS DEAD (C399 retention)
19:29:39 | 💡 Press Ctrl+C to stop safely
19:29:45 |    🪞 C266 board-parity (top movers vs screen): AKE +134%[#6] | B2 +72%[#14] | AR
    +52%[Live=0.39<cut] | ZAMA +46%[#23] | ONE +44%[#12]
19:30:55 | 📊 Step 3 result: 60 analyzed → 0 passed | low_score=9, flat_projection=6,
    thin_expectancy=39, ct_noisy_block=2, proj_confirms_trend=1, no_structural_room=1, vol_floor=2
19:30:55 |    📌 Nearest miss: EIGEN score=1.203 conf=0.913 quality=1.098/0.26 reason=vol_floor
 
  19:37  up 0h08m  scan 1 ------------------------------------------------------------------------
  EQUITY    $250.66
  SESSION   $-0.00 -0.00%
  DAY       real $+0.66  loss room $1.70 (0.68%)  0% used  vol x1.00  trust x1.00
            ..........................
  RECORD    no closed trades yet this run
  LIFETIME  6tr 2W 4L 33%  $+0.66
  OPEN      flat  free $250.66
  FEES      no fills yet this run
  SCAN      797 > 60 > 0 passed  top EIGEN 1.20 (vol_floor)  1 scan, 60 analysed
  MARKET    MIXED  bias +0.27  breadth +0.22  taker flow +0.02
  NEWS      65 articles  + tone +0.12  STRK -0.24  ARB -0.24  ZEC +0.22
  MOVERS    AKE +134% #6  B2 +72% #14  AR +52% cut  ZAMA +46% #23
  ------------------------------------------------------------------------------------------------
 
19:41:14 |    🪞 C266 board-parity (top movers vs screen): AKE +139%[#6] | B2 +73%[Live=0.45<cut] |
    AR +56%[#12] | ONE +56%[#11] | ZAMA +48%[#21]
19:41:31 |    ⚖️ C462-7 PUMP: penalties 0.49→0.29 (×0.60) vs bar 0.42 — the stack decided
19:41:32 |    🎢→⚖️ EVAA: C292 stands down — parabola BROKEN (range 20×ATR, 7.0 ATR off the day
    extreme): the 24h 'trend' already failed structurally; counter-trend entry re-enters the TURNING
    path [C299]
19:41:39 | 📊 Step 3 result: 11 analyzed (+49 cached) → 1 viable → Step 4 DRI/DSI
  .. 19:45  flat  $250.66  $-0.00 -0.00%  0W 0L  11 analysed
19:47:32 |    ⚖️ C462-7 GRVT: penalties 0.54→0.41 (×0.75) vs bar 0.42 — the stack decided
19:47:40 | 📊 Step 3 result: 60 analyzed → 0 passed | low_score=4, ct_noisy_block=9,
    flat_projection=8, thin_expectancy=35, proj_confirms_trend=2, no_structural_room=1, vol_floor=1
19:47:40 |    📌 Nearest miss: GRVT score=0.541 conf=0.728 quality=0.394/0.26 reason=score 0.406 <
    0.415
19:52:45 |    🪞 C266 board-parity (top movers vs screen): AKE +136%[#6] | B2 +67%[Live=0.20<cut] |
    AR +55%[#12] | ONE +55%[#11] | ZAMA +47%[#20]
19:53:12 |    🎢→⚖️ MORPHO: C292 stands down — parabola BROKEN (range 22×ATR, 3.8 ATR off the day
    extreme): the 24h 'trend' already failed structurally; counter-trend entry re-enters the TURNING
    path [C299]
19:53:18 | 📊 Step 3 result: 16 analyzed (+44 cached) → 1 viable → Step 4 DRI/DSI
19:53:19 |    🎲 C378 odds-size: orderliness 0.14 -> risk x0.79 ($0.673)
19:53:19 |    🔒 C378 stop level $0.03902 recorded (paper — C377 enforces it in-process) [C397
    tick-legal]
  >> 19:53  OPEN   KAS LONG @0.039400  x3 $22.76
       target +3.8%  stop -1.0%  entry score 0.70  maker
 
 
  19:53  up 0h24m  scan 4 ------------------------------------------------------------------------
  EQUITY    $250.69  unreal $+0.03
  SESSION   $+0.03 +0.01%
  DAY       real $+0.66  loss room $1.81 (0.72%)  0% used  vol x1.06  trust x1.00
            ..........................
  RECORD    no closed trades yet this run
  LIFETIME  6tr 2W 4L 33%  $+0.66
  OPEN      1 pos $22.76 (9%)  free $227.90
  FEES      $0.01  mk1/tk0  0.005% of eq
  SCAN      797 > 16 > 1 passed  top KAS 0.70 (viable)  4 scans, 147 analysed
  MARKET    MIXED  bias +0.30  breadth +0.23  taker flow +0.26
  NEWS      65 articles  + tone +0.12  STRK -0.24  ARB -0.24  ZEC +0.22
  INFO      1 tilted  flow/fund/news on 82
  MOVERS    AKE +136% #6  B2 +67% cut  AR +55% #12  ONE +55% #11
  ------------------------------------------------------------------------------------------------
  PAIR     SIDE       ENTRY      MARK    MOVE     P&L   AGE  THESIS
  KAS      LONG    0.039400  0.039450  +0.13%   +0.03    0m  + 75% left
  ------------------------------------------------------------------------------------------------
 
19:58:35 | 📊 Step 3 result: 1 analyzed (+59 cached) → 1 viable → Step 4 DRI/DSI
 
  20:01  up 0h32m  scan 5 ------------------------------------------------------------------------
  EQUITY    $250.41  unreal $-0.25
  SESSION   $-0.25 -0.10%  peak $250.69  dd 0.11%
  DAY       real $+0.66  loss room $1.19 (0.48%)  0% used  vol x0.70  trust x1.00
            ..........................
  RECORD    no closed trades yet this run
  LIFETIME  6tr 2W 4L 33%  $+0.66
  OPEN      1 pos $22.76 (9%)  free $227.90
  FEES      $0.01  mk1/tk0  0.005% of eq
  SCAN      797 > 1 > 1 passed  top KAS 0.65 (viable)  5 scans, 148 analysed
  MARKET    TRENDING  bias +0.31  breadth +0.12  taker flow +0.14
  NEWS      65 articles  + tone +0.12  STRK -0.24  ARB -0.24  ZEC +0.22
  INFO      1 tilted  flow/fund/news on 82
  MOVERS    AKE +136% #6  B2 +67% cut  AR +55% #12  ONE +55% #11
  ------------------------------------------------------------------------------------------------
  PAIR     SIDE       ENTRY      MARK    MOVE     P&L   AGE  THESIS
  KAS      LONG    0.039400  0.039290  -0.28%   -0.25    8m  - 49% left
  ------------------------------------------------------------------------------------------------
 
20:03:45 |    🪞 C266 board-parity (top movers vs screen): AKE +137%[Live=0.19<cut] | B2
    +63%[Live=0.30<cut] | ONE +56%[#9] | AR +53%[#10] | ZAMA +47%[#17]
20:04:20 |    🎢→⚖️ F: C292 stands down — parabola BROKEN (range 51×ATR, 27.8 ATR off the day
    extreme): the 24h 'trend' already failed structurally; counter-trend entry re-enters the TURNING
    path [C299]
20:04:23 |    🎢→⚖️ PIEVERSE: C292 stands down — parabola BROKEN (range 25×ATR, 12.1 ATR off the day
    extreme): the 24h 'trend' already failed structurally; counter-trend entry re-enters the TURNING
    path [C299]

============================================================
📝 Log saved: 2026-09-19 20:04:40
============================================================
 
  SESSION SUMMARY --------------------------------------------------------------------------------
  RAN       0h35m  5 scans  148 pair-analyses  0 closed trades
  P&L       $-0.25 (-0.10%)  $250.66 > $250.41  maxDD 0.11%
  CURVE     @@@@.
  COST      fees $0.01  maker 1 / taker 0 fills  100% of gross  100% of fills maker  maker $0.01
            taker $0.00
  ------------------------------------------------------------------------------------------------
 

============================================================
📝 Log saved: 2026-09-19 20:04:40
============================================================
