11:27:58 |    day cap 0.91%  |  per-trade risk 0.455%  |  break-even WR 50.0% AT 1:1 PAYOFF — no
    R-denominated payoff measured yet, so the honest break-even is the 1:1 figure above and nothing
    better [C406/C463-10]
11:27:58 | 📊 Paper Mode
11:28:00 | ✅ Connected | 797 futures markets
11:28:00 |    day cap 0.68%  |  per-trade risk 0.341%  |  break-even WR 50.0% AT 1:1 PAYOFF — at the
    measured 1.67 payoff (7W/7L in R) it is 37%, which is the number that matters [C406/C463-10]
 
  ================================================================================================
  OMEGA C469  PAPER  Bitget perps
  19 Sep 2026   11:28
  start $249.39  day -0.68% loss
  ================================================================================================
 
11:28:00 |   4 EXIT       4 questions: HARD STOP · THESIS DEAD (C399 retention)
11:28:00 | 💡 Press Ctrl+C to stop safely
11:28:06 |    🪞 C266 board-parity (top movers vs screen): AKE +160%[#6] | AR +58%[#18] | G +58%[#9]
    | PIEVERSE +52%[#24] | MYX +43%[#23]
11:28:46 |    🎢→⚖️ ZAMA: C292 stands down — parabola BROKEN (range 20×ATR, 5.4 ATR off the day
    extreme): the 24h 'trend' already failed structurally; counter-trend entry re-enters the TURNING
    path [C299]
11:28:53 |    🎢→⚖️ MAGMA: C292 stands down — parabola BROKEN (range 22×ATR, 7.0 ATR off the day
    extreme): the 24h 'trend' already failed structurally; counter-trend entry re-enters the TURNING
    path [C299]
11:28:59 | 📊 Step 3 result: 60 analyzed → 0 passed | low_score=1, ct_noisy_block=5,
    thin_expectancy=46, flat_projection=5, poor_reward_risk=1, proj_confirms_trend=2
11:28:59 |    📌 Nearest miss: GRAM score=0.013 conf=0.381 quality=0.005/0.26 reason=score 0.013 <
    0.459
11:34:51 |    🎢→⚖️ C: C292 stands down — parabola BROKEN (range 37×ATR, 23.3 ATR off the day
    extreme): the 24h 'trend' already failed structurally; counter-trend entry re-enters the TURNING
    path [C299]
11:34:53 |    🎢→⚖️ MAGMA: C292 stands down — parabola BROKEN (range 22×ATR, 7.1 ATR off the day
    extreme): the 24h 'trend' already failed structurally; counter-trend entry re-enters the TURNING
    path [C299]
11:35:04 | 📊 Step 3 result: 60 analyzed → 0 passed | low_score=1, ct_noisy_block=6,
    flat_projection=3, thin_expectancy=46, no_structural_room=2, proj_confirms_trend=2
11:35:04 |    📌 Nearest miss: LINK score=0.003 conf=0.272 quality=0.001/0.26 reason=score 0.003 <
    0.458
 
  11:35  up 0h08m  scan 2 ------------------------------------------------------------------------
  EQUITY    $249.39
  SESSION   $-0.00 -0.00%
  DAY       real $-0.61  loss room $1.70 (0.68%)  36% used  vol x1.00  trust x1.00
            #########.................
  RECORD    no closed trades yet this run
  LIFETIME  16tr 7W 9L 44%  $-0.61
  OPEN      flat  free $249.39
  FEES      no fills yet this run
  SCAN      797 > 60 > 0 passed  top LINK 0.00 (score 0.003 < 0.45)  2 scans, 120 analysed
  MARKET    TRENDING  bias +0.31  breadth -0.28  taker flow -0.10
  NEWS      65 articles  + tone +0.38  XRP +0.38  ZEC +0.29  NEAR +0.26
  MOVERS    AKE +160% #6  AR +58% #18  G +58% #9  PIEVERSE +52% #24
  ------------------------------------------------------------------------------------------------
 
11:40:10 |    🪞 C266 board-parity (top movers vs screen): AKE +161%[#6] | G +53%[#8] | AR +49%[#20]
    | MYX +45%[#21] | BR +44%[#11]
11:40:41 | 📊 Step 3 result: 16 analyzed (+44 cached) → 1 viable → Step 4 DRI/DSI
11:40:42 |    🎲 C378 odds-size: orderliness 0.26 -> risk x0.85 ($0.726)
11:40:42 |    🔒 C378 stop level $0.1475 recorded (paper — C377 enforces it in-process) [C397
    tick-legal]
  >> 11:40  OPEN   RED LONG @0.149400  x2 $28.45
       target +4.4%  stop -1.3%  entry score 0.83  maker
 
 
  11:43  up 0h16m  scan 3 ------------------------------------------------------------------------
  EQUITY    $249.27  unreal $-0.12
  SESSION   $-0.12 -0.05%  peak $249.39  dd 0.05%
  DAY       real $-0.61  loss room $1.78 (0.71%)  34% used  vol x1.04  trust x1.00
            #########.................
  RECORD    no closed trades yet this run
  LIFETIME  16tr 7W 9L 44%  $-0.61
  OPEN      1 pos $28.45 (11%)  free $220.94
  FEES      $0.01  mk1/tk0  0.005% of eq
  SCAN      797 > 16 > 1 passed  top RED 0.83 (viable)  3 scans, 136 analysed
  MARKET    TRENDING  bias +0.29  breadth -0.32  taker flow +0.11
  NEWS      65 articles  + tone +0.38  XRP +0.38  ZEC +0.29  NEAR +0.26
  INFO      1 tilted  flow/fund/news on 76
  MOVERS    AKE +161% #6  G +53% #8  AR +49% #20  MYX +45% #21
  ------------------------------------------------------------------------------------------------
  PAIR     SIDE       ENTRY      MARK    MOVE     P&L   AGE  THESIS
  RED      LONG    0.149400  0.149200  -0.13%   -0.12    3m  - 59% left
  ------------------------------------------------------------------------------------------------
 
11:46:24 |    🎢→⚖️ PIEVERSE: C292 stands down — parabola BROKEN (range 15×ATR, 3.7 ATR off the day
    extreme): the 24h 'trend' already failed structurally; counter-trend entry re-enters the TURNING
    path [C299]
11:46:51 |    🎢→⚖️ C: C292 stands down — parabola BROKEN (range 36×ATR, 23.4 ATR off the day
    extreme): the 24h 'trend' already failed structurally; counter-trend entry re-enters the TURNING
    path [C299]
11:46:59 | 📊 Step 3 result: 60 analyzed → 0 passed | ct_noisy_block=4, thin_expectancy=51,
    flat_projection=5
11:47:10 | 🎯 EXIT SIGNAL: RED/USDT:USDT - REL_HARD_STOP: PnL=-2.3% < -2.3% (-3.9×PRU=1.7% EQI=0.34
    macro=✓100%)
  << 11:47  CLOSE  RED LONG @0.147600  -1.20% $-0.73  LOSS
       held 6m  REL_HARD_STOP: PnL=-2.3%  -0.71R  TAKER
 
 
  11:52  up 0h24m  scan 4 ------------------------------------------------------------------------
  EQUITY    $248.66
  SESSION   $-0.73 -0.29%  peak $249.39  dd 0.29%
  DAY       real $-1.34  loss room $1.91 (0.76%)  70% used  vol x1.12  trust x1.00
            ##################........
  RECORD    1 closed  0W 1L  win 0%  avg $-0.73/tr
  LIFETIME  17tr 7W 10L 41%  $-1.34
  OPEN      flat  free $248.66
  FEES      $0.05  mk1/tk1  0.018% of eq
  SCAN      797 > 60 > 0 passed  4 scans, 196 analysed
  MARKET    MIXED  bias +0.16  breadth -0.19  taker flow +0.10
  NEWS      65 articles  + tone +0.38  XRP +0.38  ZEC +0.29  NEAR +0.26
  INFO      1 tilted  flow/fund/news on 76
  MOVERS    AKE +161% #6  G +53% #8  AR +49% #20  MYX +45% #21
  TAPE      -
  ------------------------------------------------------------------------------------------------
 
11:57:05 |    🪞 C266 board-parity (top movers vs screen): AKE +159%[#6] | G +45%[#8] | BR +43%[#11]
    | MYX +42%[Live=0.27<cut] | AR +41%[#21]
11:57:26 |    🎢→⚖️ S: C292 stands down — parabola BROKEN (range 15×ATR, 4.4 ATR off the day
    extreme): the 24h 'trend' already failed structurally; counter-trend entry re-enters the TURNING
    path [C299]
11:57:29 | 📊 Step 3 result: 15 analyzed (+44 cached this 15m candle) → 0 passed | ct_noisy_block=4,
    thin_expectancy=51, flat_projection=4
  .. 12:00  flat  $248.66  $-0.73 -0.29%  0W 1L 0%  15 analysed
12:03:05 |    🎢→⚖️ F: C292 stands down — parabola BROKEN (range 26×ATR, 12.7 ATR off the day
    extreme): the 24h 'trend' already failed structurally; counter-trend entry re-enters the TURNING
    path [C299]
12:03:09 |    🎢→⚖️ PIEVERSE: C292 stands down — parabola BROKEN (range 13×ATR, 4.3 ATR off the day
    extreme): the 24h 'trend' already failed structurally; counter-trend entry re-enters the TURNING
    path [C299]
12:03:15 |    🎢→⚖️ VVV: C292 stands down — parabola BROKEN (range 15×ATR, 4.7 ATR off the day
    extreme): the 24h 'trend' already failed structurally; counter-trend entry re-enters the TURNING
    path [C299]
12:03:23 |    🎢→⚖️ C: C292 stands down — parabola BROKEN (range 32×ATR, 21.5 ATR off the day
    extreme): the 24h 'trend' already failed structurally; counter-trend entry re-enters the TURNING
    path [C299]
12:03:25 |    🎢→⚖️ S: C292 stands down — parabola BROKEN (range 15×ATR, 5.4 ATR off the day
    extreme): the 24h 'trend' already failed structurally; counter-trend entry re-enters the TURNING
    path [C299]
12:03:26 |    🎢→⚖️ MMT: C292 stands down — parabola BROKEN (range 15×ATR, 4.4 ATR off the day
    extreme): the 24h 'trend' already failed structurally; counter-trend entry re-enters the TURNING
    path [C299]
12:03:32 | 📊 Step 3 result: 59 analyzed → 0 passed | low_score=3, flat_projection=5,
    thin_expectancy=46, capitulation=3, proj_confirms_trend=1, no_structural_room=1
12:03:32 |    📌 Nearest miss: FARTCOIN score=0.453 conf=0.583 quality=0.264/0.26 reason=capitulation
    rej vs RSI30
  .. 12:08  flat  $248.66  $-0.73 -0.29%  0W 1L 0%  59 analysed
12:08:40 |    🪞 C266 board-parity (top movers vs screen): AKE +167%[#6] | MYX +50%[#17] | G +47%[#8]
    | AR +46%[#20] | BR +43%[#12]
12:09:09 | 📊 Step 3 result: 14 analyzed (+45 cached this 15m candle) → 0 passed | low_score=3,
    flat_projection=3, thin_expectancy=45, capitulation=3, proj_confirms_trend=1,
    no_structural_room=3, capitulation_short=1
12:09:09 |    📌 Nearest miss: REZ score=0.684 conf=0.665 quality=0.454/0.26 reason=pending
  .. 12:16  flat  $248.66  $-0.73 -0.29%  0W 1L 0%  14 analysed
12:19:28 |    🪞 C266 board-parity (top movers vs screen): AKE +156%[#6] | MYX +50%[#17] | AR
    +46%[#18] | BR +45%[#11] | PIEVERSE +36%[#30]
12:19:47 |    🎢→⚖️ G: C292 stands down — parabola BROKEN (range 17×ATR, 6.3 ATR off the day
    extreme): the 24h 'trend' already failed structurally; counter-trend entry re-enters the TURNING
    path [C299]
12:20:03 |    🎢→⚖️ PIEVERSE: C292 stands down — parabola BROKEN (range 13×ATR, 3.5 ATR off the day
    extreme): the 24h 'trend' already failed structurally; counter-trend entry re-enters the TURNING
    path [C299]
12:20:16 |    🎢→⚖️ S: C292 stands down — parabola BROKEN (range 15×ATR, 5.6 ATR off the day
    extreme): the 24h 'trend' already failed structurally; counter-trend entry re-enters the TURNING
    path [C299]
12:20:21 | 📊 Step 3 result: 59 analyzed → 0 passed | low_score=3, flat_projection=5,
    thin_expectancy=44, news_tech_conflict=1, ct_noisy_block=5, proj_confirms_trend=1
12:20:21 |    📌 Nearest miss: ARB score=0.299 conf=0.723 quality=0.216/0.26 reason=score 0.299 <
    0.452
 
 
  12:24  up 0h56m  scan 8 ------------------------------------------------------------------------
  EQUITY    $248.66
  SESSION   $-0.73 -0.29%  peak $249.39  dd 0.29%
  CURVE     **+------
  DAY       real $-1.34  loss room $1.19 (0.48%)  112% used  vol x0.70  trust x1.00
            ##########################
  RECORD    1 closed  0W 1L  win 0%  avg $-0.73/tr
  LIFETIME  17tr 7W 10L 41%  $-1.34
  OPEN      flat  free $248.66
  FEES      $0.05  mk1/tk1  0.018% of eq
  SCAN      797 > 59 > 0 passed  top ARB 0.30 (score 0.299 < 0.45)  8 scans, 343 analysed
  MARKET    TRENDING  bias +0.26  breadth +0.00  taker flow +0.24
  NEWS      65 articles  + tone +0.29  DOGE +0.70  NEAR +0.60  XRP +0.55
  INFO      1 tilted  flow/fund/news on 76
  MOVERS    AKE +156% #6  MYX +50% #17  AR +46% #18  BR +45% #11
  TAPE      -
  ------------------------------------------------------------------------------------------------
 
12:30:41 |    🪞 C266 board-parity (top movers vs screen): AKE +144%[#4] | MYX +47%[#17] | BR
    +46%[#9] | AR +40%[#21] | PIEVERSE +33%[#27]
12:31:12 |    🎢→⚖️ PIEVERSE: C292 stands down — parabola BROKEN (range 12×ATR, 3.7 ATR off the day
    extreme): the 24h 'trend' already failed structurally; counter-trend entry re-enters the TURNING
    path [C299]
12:31:25 |    🎢→⚖️ S: C292 stands down — parabola BROKEN (range 14×ATR, 5.0 ATR off the day
    extreme): the 24h 'trend' already failed structurally; counter-trend entry re-enters the TURNING
    path [C299]
12:31:31 | 📊 Step 3 result: 59 analyzed → 0 passed | low_score=4, ct_noisy_block=5,
    thin_expectancy=42, flat_projection=6, capitulation=2
12:31:31 |    📌 Nearest miss: ASTER score=0.217 conf=0.457 quality=0.099/0.26 reason=capitulation
    rej vs RSI21
  .. 12:32  flat  $248.66  $-0.73 -0.29%  0W 1L 0%  59 analysed

============================================================
📝 Log saved: 2026-09-19 12:33:52
============================================================
 
  SESSION SUMMARY --------------------------------------------------------------------------------
  RAN       1h05m  9 scans  402 pair-analyses  1 closed trades
  P&L       $-0.73 (-0.29%)  $249.39 > $248.66  maxDD 0.29%
  CURVE     @@#.......
  RECORD    0W 1L  win 0%  payoff n/a  profit factor n/a  avg win n/a  avg loss $-0.73
            break-even n/a  expectancy $-0.73/tr  gross $0.00 won  $0.73 lost
  HOLD      median 6m  range 6-6m
  COST      fees $0.05  maker 1 / taker 1 fills  7% of gross  50% of fills maker  maker $0.01
            taker $0.03
  EXITS     REL_HARD_STOP: PnL=- 1
  ------------------------------------------------------------------------------------------------
  PAIR     SIDE      MOVE      NET   HELD  EXIT
  RED      LONG    -1.20%   $-0.73     6m  REL_HARD_STOP: PnL=- [L]
  ------------------------------------------------------------------------------------------------
 

============================================================
📝 Log saved: 2026-09-19 12:33:52
============================================================
