19:23:21 |    day cap 0.91%  |  per-trade risk 0.455%  |  break-even WR 50.0% AT 1:1 PAYOFF — no
    R-denominated payoff measured yet, so the honest break-even is the 1:1 figure above and nothing
    better [C406/C463-10]
19:23:21 | 📊 Paper Mode
19:23:23 | ✅ Connected | 797 futures markets
19:23:23 |    day cap 0.68%  |  per-trade risk 0.341%  |  break-even WR 50.0% AT 1:1 PAYOFF — at the
    measured 2.51 payoff (7W/7L in R) it is 29%, which is the number that matters [C406/C463-10]
 
  ================================================================================================
  OMEGA C469  PAPER  Bitget perps
  19 Sep 2026   19:23
  start $250.66  day -0.68% loss
  ================================================================================================
 
19:23:24 |   4 EXIT       4 questions: HARD STOP · THESIS DEAD (C399 retention)
19:23:24 | 💡 Press Ctrl+C to stop safely
19:23:29 |    🪞 C266 board-parity (top movers vs screen): AKE +136%[#6] | B2 +71%[#14] | AR
    +50%[Live=0.38<cut] | ZAMA +45%[#22] | ONE +44%[#12]
19:24:24 | 📊 Step 3 result: 60 analyzed → 0 passed | low_confidence=1, low_score=3,
    flat_projection=9, thin_expectancy=38, ct_noisy_block=4, proj_confirms_trend=3, low_quality=1,
    vol_floor=1
19:24:24 |    📌 Nearest miss: W score=0.462 conf=0.622 quality=0.287/0.26 reason=vol_floor
19:29:24 | 🛑 Stopping...
 
  SESSION SUMMARY --------------------------------------------------------------------------------
  RAN       0h06m  1 scans  60 pair-analyses  0 closed trades
  P&L       $-0.00 (-0.00%)  $250.66 > $250.66  maxDD 0.00%
  CURVE     ==
  COST      fees $0.00  maker 0 / taker 0 fills
  ------------------------------------------------------------------------------------------------
 

============================================================
📝 Log saved: 2026-09-19 19:29:24
============================================================
