00:23:16 |    day cap 0.68%  |  per-trade risk 0.341%  |  break-even WR 50.0% AT 1:1 PAYOFF — no
    R-denominated payoff measured yet, so the honest break-even is the 1:1 figure above and nothing
    better [C406/C463-10]
00:23:16 | 📊 Paper Mode
00:23:19 | ✅ Connected | 797 futures markets
00:23:19 |    day cap 0.68%  |  per-trade risk 0.341%  |  break-even WR 50.0% AT 1:1 PAYOFF — no
    R-denominated payoff measured yet, so the honest break-even is the 1:1 figure above and nothing
    better [C406/C463-10]
 
  ================================================================================================
  OMEGA C466  PAPER  Bitget perps
  19 Sep 2026   00:23
  start $250.00  day -0.68% loss
  ================================================================================================
 
  RISK FRAME -------------------------------------------------------------------------------------
  EQUITY    $250.00  797 markets
  DAY       -0.68% = $1.70 loss room  (15% DD / 22)
  RISK      0.341% = $0.85/trade  trades/day NO CAP
  EDGE      +0.0467 blended
  ------------------------------------------------------------------------------------------------
 
00:23:19 |   4 EXIT       4 questions: HARD STOP · THESIS DEAD (C399 retention)
00:23:19 | 💡 Press Ctrl+C to stop safely
00:23:28 |    🪞 C266 board-parity (top movers vs screen): AKE +80%[#14] | G +69%[#8] | STRK
    +42%[#40] | BR +41%[#23] | F +40%[Live=0.25<cut]
00:24:24 |    🎢→⚖️ INJ: C292 stands down — parabola BROKEN (range 20×ATR, 3.9 ATR off the day
    extreme): the 24h 'trend' already failed structurally; counter-trend entry re-enters the TURNING
    path [C299]

============================================================
📝 Log saved: 2026-09-19 00:24:26
============================================================
00:25:15 | 📊 Step 3 result: 129 analyzed → 0 passed | low_score=12, cold_no_reference=91,
    counter_trend_block=8, flat_projection=14, fee_floor=4
00:25:15 |    📌 Nearest miss: GPRO score=0.292 conf=0.453 quality=0.132/0.26 reason=score 0.292 <
    0.420
