12:34:58 |    day cap 0.68%  |  per-trade risk 0.341%  |  break-even WR 50.0% AT 1:1 PAYOFF — no
    R-denominated payoff measured yet, so the honest break-even is the 1:1 figure above and nothing
    better [C406/C463-10]
12:34:58 | 📊 Paper Mode
12:35:02 | ✅ Connected | 797 futures markets
12:35:02 |    day cap 0.68%  |  per-trade risk 0.341%  |  break-even WR 50.0% AT 1:1 PAYOFF — at the
    measured 1.60 payoff (7W/7L in R) it is 38%, which is the number that matters [C406/C463-10]
 
  ================================================================================================
  OMEGA C469  PAPER  Bitget perps
  19 Sep 2026   12:35
  start $250.00  day -0.68% loss
  ================================================================================================
 
  RISK FRAME -------------------------------------------------------------------------------------
  EQUITY    $250.00  797 markets
  DAY       -0.68% = $1.70 loss room  (15% DD / 22)
  RISK      0.341% = $0.85/trade  trades/day NO CAP
  EDGE      +0.0527 blended
  NEED      38% win at 1.60 payoff
  ------------------------------------------------------------------------------------------------
 
12:35:02 |   4 EXIT       4 questions: HARD STOP · THESIS DEAD (C399 retention)
12:35:02 | 💡 Press Ctrl+C to stop safely
12:35:09 |    🪞 C266 board-parity (top movers vs screen): AKE +147%[#4] | MYX +51%[#16] | BR
    +47%[#9] | AR +41%[#20] | PIEVERSE +33%[#27]
12:35:46 |    🎢→⚖️ PIEVERSE: C292 stands down — parabola BROKEN (range 12×ATR, 3.7 ATR off the day
    extreme): the 24h 'trend' already failed structurally; counter-trend entry re-enters the TURNING
    path [C299]
12:35:58 |    ⚖️ C462-7 UB: penalties 0.48→0.36 (×0.75) vs bar 0.45 — the stack decided
12:35:59 |    🎢→⚖️ S: C292 stands down — parabola BROKEN (range 14×ATR, 5.0 ATR off the day
    extreme): the 24h 'trend' already failed structurally; counter-trend entry re-enters the TURNING
    path [C299]
12:36:04 | 📊 Step 3 result: 60 analyzed → 0 passed | score_zero=1, low_score=3, ct_noisy_block=5,
    thin_expectancy=42, flat_projection=6, proj_confirms_trend=1, capitulation=2
12:36:04 |    📌 Nearest miss: UB score=0.479 conf=0.712 quality=0.341/0.26 reason=score 0.359 <
    0.451
 
  12:42  up 0h08m  scan 1 ------------------------------------------------------------------------
  EQUITY    $250.00
  SESSION   $+0.00 +0.00%
  DAY       real $+0.00  loss room $1.70 (0.68%)  0% used  vol x1.00  trust x1.00
            ..........................
  RECORD    no closed trades yet this run
  OPEN      flat  free $250.00
  FEES      no fills yet this run
  SCAN      797 > 60 > 0 passed  top UB 0.48 (score 0.359 < 0.45)  1 scan, 60 analysed
  MARKET    TRENDING  bias +0.29  breadth -0.15  taker flow +0.14
  NEWS      65 articles  + tone +0.58  BGB +0.50  ONE +0.30  SOL +0.26
  MOVERS    AKE +147% #4  MYX +51% #16  BR +47% #9  AR +41% #20
  ------------------------------------------------------------------------------------------------
 
12:46:22 |    🪞 C266 board-parity (top movers vs screen): AKE +161%[#4] | MYX +50%[Live=0.22<cut] |
    BR +46%[#9] | AR +40%[#21] | XTZ +35%[#34]
12:46:38 |    ⚖️ C462-7 ZEC: penalties 0.53→0.35 (×0.66) vs bar 0.44 — the stack decided
12:46:43 |    🎢→⚖️ ONE: C292 stands down — parabola BROKEN (range 16×ATR, 4.7 ATR off the day
    extreme): the 24h 'trend' already failed structurally; counter-trend entry re-enters the TURNING
    path [C299]
12:46:51 |    🎢→⚖️ PIEVERSE: C292 stands down — parabola BROKEN (range 12×ATR, 3.7 ATR off the day
    extreme): the 24h 'trend' already failed structurally; counter-trend entry re-enters the TURNING
    path [C299]
12:47:17 |    🎢→⚖️ MMT: C292 stands down — parabola BROKEN (range 16×ATR, 4.4 ATR off the day
    extreme): the 24h 'trend' already failed structurally; counter-trend entry re-enters the TURNING
    path [C299]
12:47:18 | 📊 Step 3 result: 60 analyzed → 1 viable → Step 4 DRI/DSI
12:47:19 |    🎲 C378 odds-size: orderliness 0.11 -> risk x0.77 ($0.653)
12:47:20 |    🔒 C378 stop level $0.10796 recorded (paper — C377 enforces it in-process) [C397
    tick-legal]
  >> 12:47  OPEN   MINA LONG @0.111070  x1 $23.29
       target +9.7%  stop -2.8%  entry score 0.69  maker
 
 
  12:50  up 0h16m  scan 2 ------------------------------------------------------------------------
  EQUITY    $250.03  unreal $+0.03
  SESSION   $+0.03 +0.01%
  DAY       real $+0.00  loss room $1.70 (0.68%)  0% used  vol x1.00  trust x1.00
            ..........................
  RECORD    no closed trades yet this run
  OPEN      1 pos $23.29 (9%)  free $226.71
  FEES      $0.00  mk1/tk0  0.002% of eq
  SCAN      797 > 60 > 1 passed  top MINA 0.69 (viable)  2 scans, 120 analysed
  MARKET    TRENDING  bias +0.36  breadth +0.00  taker flow -0.09
  NEWS      65 articles  + tone +0.58  BGB +0.50  ONE +0.30  SOL +0.26
  INFO      1 tilted  flow/fund/news on 74
  MOVERS    AKE +161% #4  MYX +50% cut  BR +46% #9  AR +40% #21
  ------------------------------------------------------------------------------------------------
  PAIR     SIDE       ENTRY      MARK    MOVE     P&L   AGE  THESIS
  MINA     LONG    0.111070  0.111310  +0.22%   +0.03    3m  + 54% left
  ------------------------------------------------------------------------------------------------
 
12:52:34 | 📊 Step 3 result: 1 analyzed (+59 cached this 15m candle) → 0 passed | low_score=8,
    flat_projection=10, thin_expectancy=35, ct_noisy_block=3, micro_exhaustion=1,
    no_structural_room=2, flow_veto=1
12:57:41 |    🪞 C266 board-parity (top movers vs screen): AKE +155%[#4] | MYX +53%[Live=0.23<cut] |
    BR +50%[#8] | AR +41%[#19] | XTZ +30%[#34]
12:57:59 | 📊 Step 3 result: 1 analyzed (+59 cached this 15m candle) → 0 passed | low_score=9,
    flat_projection=10, thin_expectancy=34, ct_noisy_block=3, micro_exhaustion=1,
    no_structural_room=2, flow_veto=1
12:57:59 |    📌 Nearest miss: VET score=0.088 conf=0.675 quality=0.059/0.26 reason=score 0.088 <
    0.449
 
  12:59  up 0h24m  scan 4 ------------------------------------------------------------------------
  EQUITY    $249.97  unreal $-0.03
  SESSION   $-0.03 -0.01%  peak $250.03  dd 0.02%
  DAY       real $+0.00  loss room $1.90 (0.76%)  0% used  vol x1.12  trust x1.00
            ..........................
  RECORD    no closed trades yet this run
  OPEN      1 pos $23.29 (9%)  free $226.71
  FEES      $0.00  mk1/tk0  0.002% of eq
  SCAN      797 > 1 > 0 passed  top VET 0.09 (score 0.088 < 0.44)  4 scans, 122 analysed
  MARKET    TRENDING  bias +0.34  breadth +0.00  taker flow +0.32
  NEWS      65 articles  + tone +0.58  BGB +0.50  ONE +0.30  SOL +0.26
  INFO      1 tilted  flow/fund/news on 74
  MOVERS    AKE +155% #4  MYX +53% cut  BR +50% #8  AR +41% #19
  ------------------------------------------------------------------------------------------------
  PAIR     SIDE       ENTRY      MARK    MOVE     P&L   AGE  THESIS
  MINA     LONG    0.111070  0.111000  -0.06%   -0.03   11m  - 45% left
  ------------------------------------------------------------------------------------------------
 
13:03:29 |    🎢→⚖️ ONE: C292 stands down — parabola BROKEN (range 17×ATR, 5.4 ATR off the day
    extreme): the 24h 'trend' already failed structurally; counter-trend entry re-enters the TURNING
    path [C299]
13:03:39 |    🎢→⚖️ PIEVERSE: C292 stands down — parabola BROKEN (range 12×ATR, 3.6 ATR off the day
    extreme): the 24h 'trend' already failed structurally; counter-trend entry re-enters the TURNING
    path [C299]
13:04:14 |    🎢→⚖️ MMT: C292 stands down — parabola BROKEN (range 16×ATR, 4.8 ATR off the day
    extreme): the 24h 'trend' already failed structurally; counter-trend entry re-enters the TURNING
    path [C299]
13:04:16 | 📊 Step 3 result: 60 analyzed → 2 viable → Step 4 DRI/DSI
13:04:17 |    🎲 C378 odds-size: orderliness 0.15 -> risk x0.79 ($0.672)
13:04:18 |    🔒 C378 stop level $0.13998 recorded (paper — C377 enforces it in-process) [C397
    tick-legal]
  >> 13:04  OPEN   UB LONG @0.141400  x2 $33.35
       target +3.8%  stop -1.0%  entry score 0.51  maker
 
 
  13:07  up 0h32m  scan 5 ------------------------------------------------------------------------
  EQUITY    $249.58  unreal $-0.42
  SESSION   $-0.42 -0.17%  peak $250.03  dd 0.18%
  DAY       real $+0.00  loss room $1.90 (0.76%)  0% used  vol x1.12  trust x1.00
            ..........................
  RECORD    no closed trades yet this run
  OPEN      2 pos $56.64 (23%)  free $193.36
  FEES      $0.02  mk2/tk0  0.007% of eq
  SCAN      797 > 60 > 2 passed  top MINA 0.63 (viable)  5 scans, 182 analysed
  MARKET    TRENDING  bias +0.39  breadth +0.00  taker flow -0.13
  NEWS      65 articles  + tone +0.58  BGB +0.50  ONE +0.30  SOL +0.26
  INFO      2 tilted  flow/fund/news on 74
  MOVERS    AKE +155% #4  MYX +53% cut  BR +50% #8  AR +41% #19
  ------------------------------------------------------------------------------------------------
  PAIR     SIDE       ENTRY      MARK    MOVE     P&L   AGE  THESIS
  MINA     LONG    0.111070  0.110980  -0.08%   -0.04   19m  - 46% left
  UB       LONG    0.141400  0.140700  -0.50%   -0.38    2m  - 51% left
  ------------------------------------------------------------------------------------------------
 
13:09:27 |    🪞 C266 board-parity (top movers vs screen): AKE +153%[#6] | MYX +50%[#18] | BR
    +49%[#11] | AR +39%[Live=0.08<cut] | XTZ +32%[#36]
13:09:58 | 📊 Step 3 result: 15 analyzed (+45 cached) → 1 viable → Step 4 DRI/DSI
13:15:28 |    🎢→⚖️ ONE: C292 stands down — parabola BROKEN (range 19×ATR, 5.4 ATR off the day
    extreme): the 24h 'trend' already failed structurally; counter-trend entry re-enters the TURNING
    path [C299]
13:15:34 |    🎢→⚖️ STRK: C292 stands down — parabola BROKEN (range 18×ATR, 5.8 ATR off the day
    extreme): the 24h 'trend' already failed structurally; counter-trend entry re-enters the TURNING
    path [C299]
13:16:08 | 📊 Step 3 result: 60 analyzed → 0 passed | low_score=3, flat_projection=7,
    thin_expectancy=45, no_structural_room=2, capitulation=2, post_penalty_quality=1
13:16:08 |    📌 Nearest miss: STX score=0.654 conf=0.721 quality=0.471/0.26
    reason=post_penalty_quality
 
  13:16  up 0h41m  scan 7 ------------------------------------------------------------------------
  EQUITY    $249.60  unreal $-0.40
  SESSION   $-0.40 -0.16%  peak $250.03  dd 0.17%
  CURVE     ++++==
  DAY       real $+0.00  loss room $1.60 (0.64%)  0% used  vol x0.94  trust x1.00
            ..........................
  RECORD    no closed trades yet this run
  OPEN      2 pos $56.64 (23%)  free $193.36
  FEES      $0.02  mk2/tk0  0.007% of eq
  SCAN      797 > 60 > 0 passed  top STX 0.65 (post_penalty_quali)  7 scans, 257 analysed
  MARKET    TRENDING  bias +0.11  breadth -0.20  taker flow -0.29
  NEWS      65 articles  + tone +0.52  BGB +0.50  ONE +0.30  SOL +0.26
  INFO      1 tilted  flow/fund/news on 84
  MOVERS    AKE +153% #6  MYX +50% #18  BR +49% #11  AR +39% cut
  ------------------------------------------------------------------------------------------------
  PAIR     SIDE       ENTRY      MARK    MOVE     P&L   AGE  THESIS
  MINA     LONG    0.111070  0.110320  -0.68%   -0.18   28m  - 35% left
  UB       LONG    0.141400  0.141030  -0.26%   -0.23   11m  - 46% left
  ------------------------------------------------------------------------------------------------
 
13:21:15 |    🪞 C266 board-parity (top movers vs screen): AKE +156%[#6] | MYX +49%[#19] | BR
    +49%[#11] | AR +39%[Live=0.37<cut] | ONE +34%[#14]
13:21:38 |    🎢→⚖️ RAVE: C292 stands down — parabola BROKEN (range 21×ATR, 6.6 ATR off the day
    extreme): the 24h 'trend' already failed structurally; counter-trend entry re-enters the TURNING
    path [C299]
13:21:39 | 📊 Step 3 result: 11 analyzed (+49 cached this 15m candle) → 0 passed | low_score=7,
    flat_projection=8, thin_expectancy=39, no_structural_room=3, post_penalty_quality=1,
    capitulation=2
13:21:39 |    📌 Nearest miss: BGB score=0.145 (pre-pen 0.27) conf=0.464 quality=0.067/0.26
    reason=score 0.145 < 0.448
 
  13:24  up 0h49m  scan 8 ------------------------------------------------------------------------
  EQUITY    $249.56  unreal $-0.44
  SESSION   $-0.44 -0.18%  peak $250.03  dd 0.19%
  CURVE     ++++===
  DAY       real $+0.00  loss room $1.86 (0.74%)  0% used  vol x1.09  trust x1.00
            ..........................
  RECORD    no closed trades yet this run
  OPEN      2 pos $56.64 (23%)  free $193.36
  FEES      $0.02  mk2/tk0  0.007% of eq
  SCAN      797 > 11 > 0 passed  top BGB 0.14 (score 0.145 < 0.44)  8 scans, 268 analysed
  MARKET    TRENDING  bias +0.12  breadth -0.15  taker flow +0.08
  NEWS      65 articles  + tone +0.52  BGB +0.50  ARB -0.24  ZEC +0.22
  INFO      1 tilted  flow/fund/news on 84
  MOVERS    AKE +156% #6  MYX +49% #19  BR +49% #11  AR +39% cut
  ------------------------------------------------------------------------------------------------
  PAIR     SIDE       ENTRY      MARK    MOVE     P&L   AGE  THESIS
  MINA     LONG    0.111070  0.110540  -0.48%   -0.13   36m  - 42% left
  UB       LONG    0.141400  0.140860  -0.38%   -0.31   19m  - 35% left
  ------------------------------------------------------------------------------------------------
 
13:32:01 |    🪞 C266 board-parity (top movers vs screen): AKE +147%[#6] | MYX +52%[#19] | BR
    +48%[#10] | AR +42%[Live=0.38<cut] | SYN +33%[#30]
13:32:26 |    🎢→⚖️ ONE: C292 stands down — parabola BROKEN (range 20×ATR, 5.6 ATR off the day
    extreme): the 24h 'trend' already failed structurally; counter-trend entry re-enters the TURNING
    path [C299]
13:32:32 |    🎢→⚖️ STRK: C292 stands down — parabola BROKEN (range 23×ATR, 7.2 ATR off the day
    extreme): the 24h 'trend' already failed structurally; counter-trend entry re-enters the TURNING
    path [C299]
13:32:39 |    🎢→⚖️ ZEN: C292 stands down — parabola BROKEN (range 18×ATR, 6.2 ATR off the day
    extreme): the 24h 'trend' already failed structurally; counter-trend entry re-enters the TURNING
    path [C299]
13:32:57 | 📊 Step 3 result: 60 analyzed → 1 viable → Step 4 DRI/DSI
 
  13:32  up 0h57m  scan 9 ------------------------------------------------------------------------
  EQUITY    $249.62  unreal $-0.38
  SESSION   $-0.38 -0.15%  peak $250.03  dd 0.16%
  CURVE     ++++====
  DAY       real $+0.00  loss room $1.22 (0.49%)  0% used  vol x0.72  trust x1.00
            ..........................
  RECORD    no closed trades yet this run
  OPEN      2 pos $56.64 (23%)  free $193.36
  FEES      $0.02  mk2/tk0  0.007% of eq
  SCAN      797 > 60 > 1 passed  top STX 0.62 (viable)  9 scans, 328 analysed
  MARKET    TRENDING  bias +0.21  breadth +0.00  taker flow +0.27
  NEWS      65 articles  + tone +0.52  ARB -0.24  ZEC +0.22  HYPE +0.19
  INFO      1 tilted  flow/fund/news/oi on 95
  MOVERS    AKE +147% #6  MYX +52% #19  BR +48% #10  AR +42% cut
  ------------------------------------------------------------------------------------------------
  PAIR     SIDE       ENTRY      MARK    MOVE     P&L   AGE  THESIS
  MINA     LONG    0.111070  0.111250  +0.16%   +0.02   45m  + 51% left
  UB       LONG    0.141400  0.140660  -0.52%   -0.40   28m  - 32% left
  ------------------------------------------------------------------------------------------------
 
13:36:19 | 🎯 EXIT SIGNAL: UB/USDT:USDT - C399_CONVICTION_FADING: 24% left and falling -4.1%/reading
    for 3 readings — DRI -0.067->-0.008, DSI +0.372->+0.088 (24% left) | PnL=-0.9%
  << 13:36  CLOSE  UB LONG @0.140700  -0.50% $-0.39  LOSS
       held 32m  C399_CONVICTION_FADING:   -0.37R  TAKER
13:38:15 | 📊 Step 3 result: 1 analyzed (+59 cached this 15m candle) → 0 passed | low_score=5,
    ct_noisy_block=12, flat_projection=10, thin_expectancy=29, no_structural_room=3,
    post_penalty_quality=1
13:38:15 |    📌 Nearest miss: STX score=0.744 conf=0.612 quality=0.455/0.26
    reason=post_penalty_quality
 
 
  13:40  up 1h06m  scan 10 -----------------------------------------------------------------------
  EQUITY    $249.96  unreal $+0.35
  SESSION   $-0.04 -0.02%  peak $250.03  dd 0.03%
  CURVE     ++++=====+
  DAY       real $-0.39  loss room $1.35 (0.54%)  29% used  vol x0.79  trust x1.00
            #######...................
  RECORD    1 closed  0W 1L  win 0%  avg $-0.39/tr
  OPEN      1 pos $23.29 (9%)  free $226.32
  FEES      $0.06  mk2/tk1  0.023% of eq
  SCAN      797 > 1 > 0 passed  top STX 0.74 (post_penalty_quali)  10 scans, 329 analysed
  MARKET    TRENDING  bias +0.21  breadth -0.20  taker flow +0.02
  NEWS      65 articles  + tone +0.52  ARB -0.24  ZEC +0.22  HYPE +0.19
  INFO      1 tilted  flow/fund/news/oi on 95
  MOVERS    AKE +147% #6  MYX +52% #19  BR +48% #10  AR +42% cut
  TAPE      -
  ------------------------------------------------------------------------------------------------
  PAIR     SIDE       ENTRY      MARK    MOVE     P&L   AGE  THESIS
  MINA     LONG    0.111070  0.112840  +1.59%   +0.35   53m  + 61% left
  ------------------------------------------------------------------------------------------------
 
13:43:24 |    🪞 C266 board-parity (top movers vs screen): AKE +153%[#6] | B2 +62%[#38] | AR
    +51%[Live=0.40<cut] | BR +48%[#11] | MYX +44%[#22]
13:43:45 | 📊 Step 3 result: 3 analyzed (+57 cached this 15m candle) → 0 passed | low_score=5,
    ct_noisy_block=12, flat_projection=9, thin_expectancy=31, no_structural_room=2,
    post_penalty_quality=1
13:49:12 |    🎢→⚖️ ONE: C292 stands down — parabola BROKEN (range 21×ATR, 6.2 ATR off the day
    extreme): the 24h 'trend' already failed structurally; counter-trend entry re-enters the TURNING
    path [C299]
13:49:49 | 📊 Step 3 result: 60 analyzed → 1 viable → Step 4 DRI/DSI
13:49:50 |    🎲 C378 odds-size: orderliness 0.28 -> risk x0.87 ($0.741)
13:49:50 |    🔒 C378 stop level $0.2837 recorded (paper — C377 enforces it in-process) [C397
    tick-legal]
  >> 13:49  OPEN   STX LONG @0.288000  x1 $14.10
       target +5.3%  stop -1.5%  entry score 0.63  maker
 
 
  13:49  up 1h14m  scan 12 -----------------------------------------------------------------------
  EQUITY    $249.83  unreal $+0.22
  SESSION   $-0.17 -0.07%  peak $250.03  dd 0.08%
  CURVE     ++++=====++
  DAY       real $-0.39  loss room $1.35 (0.54%)  29% used  vol x0.79  trust x1.00
            #######...................
  RECORD    1 closed  0W 1L  win 0%  avg $-0.39/tr
  OPEN      2 pos $37.39 (15%)  free $212.22
  FEES      $0.06  mk3/tk1  0.024% of eq
  SCAN      797 > 60 > 1 passed  top STX 0.63 (viable)  12 scans, 392 analysed
  MARKET    TRENDING  bias +0.36  breadth +0.00  taker flow +0.15
  NEWS      65 articles  + tone +0.26  ARB -0.24  ZEC +0.22  HYPE +0.19
  INFO      1 tilted  flow/fund/news/oi on 97
  MOVERS    AKE +153% #6  B2 +62% #38  AR +51% cut  BR +48% #11
  TAPE      -
  ------------------------------------------------------------------------------------------------
  PAIR     SIDE       ENTRY      MARK    MOVE     P&L   AGE  THESIS
  MINA     LONG    0.111070  0.112150  +0.97%   +0.21 1h02m  + 53% left
  STX      LONG    0.288000  0.288400  +0.14%   +0.01    0m  + 100% left
  ------------------------------------------------------------------------------------------------
 
13:51:35 |    🎯 C462-6 MAKER half filled MINA @$0.112690 — saved ~0.04% of the half notional (1 this
    session)
  -> 13:51  HALF   MINA LONG @0.112690  +1.46% $+0.17
       win half banked  maker  $11.64 rides on
13:54:58 |    🪞 C266 board-parity (top movers vs screen): AKE +154%[#6] | B2 +93%[#34] | AR
    +54%[#16] | BR +46%[#11] | MYX +43%[#21]
13:55:31 | 📊 Step 3 result: 18 analyzed (+42 cached) → 1 viable → Step 4 DRI/DSI
 
 
  13:57  up 1h22m  scan 13 -----------------------------------------------------------------------
  EQUITY    $249.97  unreal $+0.19
  SESSION   $-0.03 -0.01%  peak $250.03  dd 0.02%
  CURVE     ++++=====+++
  DAY       real $-0.22  loss room $2.06 (0.83%)  11% used  vol x1.21  trust x1.00
            ###.......................
  RECORD    1 closed  0W 1L  win 0%  avg $-0.39/tr
  OPEN      2 pos $25.74 (10%)  free $224.03
  FEES      $0.06  mk4/tk1  0.025% of eq
  SCAN      797 > 18 > 1 passed  top ZAMA 0.69 (viable)  13 scans, 410 analysed
  MARKET    TRENDING  bias +0.36  breadth +0.22  taker flow -0.17
  NEWS      65 articles  + tone +0.26  ARB -0.28  STRK -0.28  NEAR +0.27
  INFO      1 tilted  flow/fund/news/oi on 108
  MOVERS    AKE +154% #6  B2 +93% #34  AR +54% #16  BR +46% #11
  TAPE      -
  ------------------------------------------------------------------------------------------------
  PAIR     SIDE       ENTRY      MARK    MOVE     P&L   AGE  THESIS
  MINA     LONG    0.111070  0.112950  +1.69%   +0.19 1h10m  + 17% left
  STX      LONG    0.288000  0.288300  +0.10%   +0.00    8m  + 66% left
  ------------------------------------------------------------------------------------------------
 
14:01:45 | 📊 Step 3 result: 60 analyzed → 2 viable → Step 4 DRI/DSI
14:04:52 |    🪞 C266 board-parity (top movers vs screen): AKE +153%[Live=0.45<cut] | B2 +92%[#27] |
    AR +55%[#15] | MYX +44%[Live=0.46<cut] | BR +42%[#12]
14:05:21 | 📊 Step 3 result: 17 analyzed (+44 cached this 15m candle) → 0 passed | low_score=3,
    mtf_disagree=1, thin_expectancy=52, counter_trend_block=2, flat_projection=2, capitulation=1
14:05:21 |    📌 Nearest miss: ZAMA score=1.097 conf=0.533 quality=0.585/0.26 reason=mtf_disagree
14:05:38 |    🎯 C376 MAKER exit filled MINA @$0.112500 — saved ~0.04%% of notional (1 this session)
  << 14:05  CLOSE  MINA LONG @0.112500  +1.29% $+0.14  WIN
       held 1h18m  TRAILING_TP: peak=+1.9%   kept 66% of a +1.94% peak  +0.34R  maker
 
 
  14:05  up 1h30m  scan 15 -----------------------------------------------------------------------
  EQUITY    $249.94  unreal $+0.02
  SESSION   $-0.06 -0.02%  peak $250.03  dd 0.04%
  CURVE     ++++=====+++++
  DAY       real $-0.08  loss room $1.37 (0.55%)  6% used  vol x0.72  trust x1.12
            #.........................
  RECORD    2 closed  1W 1L  win 50%  payoff 0.37  avg $-0.12/tr  best $+0.14  worst $-0.39
            break-even 73%
  OPEN      1 pos $14.10 (6%)  free $235.82
  FEES      $0.07  mk5/tk1  0.026% of eq
  SCAN      797 > 17 > 0 passed  top ZAMA 1.10 (mtf_disagree)  15 scans, 487 analysed
  MARKET    TRENDING  bias +0.55  breadth +0.22  taker flow +0.23
  NEWS      65 articles  + tone +0.26  ARB -0.28  STRK -0.28  NEAR +0.27
  INFO      2 tilted  flow/fund/news/oi on 108
            info>0 1tr $+0.14 win 100%  info≤0 1tr $-0.39 win 0%
  MOVERS    AKE +153% cut  B2 +92% #27  AR +55% #15  MYX +44% cut
  TAPE      - +
  ------------------------------------------------------------------------------------------------
  PAIR     SIDE       ENTRY      MARK    MOVE     P&L   AGE  THESIS
  STX      LONG    0.288000  0.288600  +0.21%   +0.02   16m  + 64% left
  ------------------------------------------------------------------------------------------------
 
 
  14:13  up 1h38m  scan 15 -----------------------------------------------------------------------
  EQUITY    $249.97  unreal $+0.05
  SESSION   $-0.03 -0.01%  peak $250.03  dd 0.02%
  CURVE     ++++=====++++++
  DAY       real $-0.08  loss room $1.76 (0.71%)  4% used  vol x0.92  trust x1.12
            #.........................
  RECORD    2 closed  1W 1L  win 50%  payoff 0.37  avg $-0.12/tr  best $+0.14  worst $-0.39
            break-even 73%
  OPEN      1 pos $14.10 (6%)  free $235.82
  FEES      $0.07  mk5/tk1  0.026% of eq
  SCAN      797 > 17 > 0 passed  top ZAMA 1.10 (mtf_disagree)  15 scans, 487 analysed
  MARKET    TRENDING  bias +0.55  breadth +0.00  taker flow -0.51
  NEWS      65 articles  + tone +0.26  ARB -0.28  STRK -0.28  NEAR +0.27
  INFO      2 tilted  flow/fund/news/oi on 108
            info>0 1tr $+0.14 win 100%  info≤0 1tr $-0.39 win 0%
  MOVERS    AKE +153% cut  B2 +92% #27  AR +55% #15  MYX +44% cut
  TAPE      - +
  ------------------------------------------------------------------------------------------------
  PAIR     SIDE       ENTRY      MARK    MOVE     P&L   AGE  THESIS
  STX      LONG    0.288000  0.289300  +0.45%   +0.05   24m  + 65% left
  ------------------------------------------------------------------------------------------------
 
14:15:01 |    🪞 C266 board-parity (top movers vs screen): AKE +154%[Live=0.45<cut] | B2 +88%[#30] |
    AR +59%[#14] | SYN +52%[#29] | MYX +45%[Live=0.46<cut]
14:15:47 |    🎢→⚖️ F: C292 stands down — parabola BROKEN (range 33×ATR, 15.4 ATR off the day
    extreme): the 24h 'trend' already failed structurally; counter-trend entry re-enters the TURNING
    path [C299]
14:15:48 |    ⚖️ C462-7 PONS: penalties 0.60→0.24 (×0.40) vs bar 0.40 — the stack decided
14:15:57 |    ⚖️ C462-7 MARSCOIN: penalties 1.01→0.30 (×0.30) vs bar 0.37 — the stack decided
14:16:18 | 📊 Step 3 result: 61 analyzed → 3 viable → Step 4 DRI/DSI
14:16:20 |    🎲 C378 odds-size: orderliness 0.24 -> risk x0.84 ($0.718)
14:16:20 |    🔒 C378 stop level $8.612 recorded (paper — C377 enforces it in-process) [C397
    tick-legal]
  >> 14:16  OPEN   AVAX LONG @8.7300  x2 $26.35
       target +4.7%  stop -1.4%  entry score 0.51  maker
14:19:38 | 📊 Step 3 result: 3 analyzed (+58 cached this 15m candle) → 0 passed | low_confidence=1,
    low_score=5, mtf_disagree=2, thin_expectancy=46, regime_blip=2, post_penalty_low=1,
    late_leg_no_forward=1, capitulation=1, vol_floor=2
14:19:38 |    📌 Nearest miss: ZAMA score=1.288 conf=0.546 quality=0.703/0.26 reason=mtf_disagree
 
 
  14:21  up 1h46m  scan 17 -----------------------------------------------------------------------
  EQUITY    $250.09  unreal $+0.17
  SESSION   $+0.09 +0.04%
  CURVE     ++++=====+++++++
  DAY       real $-0.08  loss room $1.34 (0.54%)  6% used  vol x0.70  trust x1.12
            ##........................
  RECORD    2 closed  1W 1L  win 50%  payoff 0.37  avg $-0.12/tr  best $+0.14  worst $-0.39
            break-even 73%
  OPEN      2 pos $40.45 (16%)  free $209.47
  FEES      $0.08  mk6/tk1  0.030% of eq
  SCAN      797 > 3 > 0 passed  top ZAMA 1.29 (mtf_disagree)  17 scans, 551 analysed
  MARKET    TRENDING  bias +0.64  breadth +0.16  taker flow +0.03
  NEWS      65 articles  + tone +0.45  BNB +0.73  ARB +0.71  PEPE +0.70
  INFO      3 tilted  flow/fund/news/oi on 117
            info>0 1tr $+0.14 win 100%  info≤0 1tr $-0.39 win 0%
  MOVERS    AKE +154% cut  B2 +88% #30  AR +59% #14  SYN +52% #29
  TAPE      - +
  ------------------------------------------------------------------------------------------------
  PAIR     SIDE       ENTRY      MARK    MOVE     P&L   AGE  THESIS
  STX      LONG    0.288000  0.289200  +0.42%   +0.05   32m  + 64% left
  AVAX     LONG      8.7300    8.7570  +0.31%   +0.12    5m  + 58% left
  ------------------------------------------------------------------------------------------------
 
14:25:59 |    🪞 C266 board-parity (top movers vs screen): AKE +145%[#6] | B2 +93%[#25] | AR
    +55%[#17] | SYN +51%[#29] | MYX +46%[#23]
14:26:21 |    ⚖️ C462-7 JUP: penalties 0.46→0.34 (×0.75) vs bar 0.45 — the stack decided
14:26:30 | 📊 Step 3 result: 13 analyzed (+47 cached) → 1 viable → Step 4 DRI/DSI
14:26:31 |    🎲 C378 odds-size: orderliness 0.29 -> risk x0.88 ($0.748)
14:26:31 |    🔒 C378 stop level $28.22 recorded (paper — C377 enforces it in-process) [C397
    tick-legal]
  >> 14:26  OPEN   VVV LONG @28.7410  x1 $12.78
       target +6.6%  stop -1.8%  entry score 0.61  maker
14:29:46 | 📊 Step 3 result: 1 analyzed (+59 cached this 15m candle) → 0 passed | low_confidence=1,
    low_score=7, mtf_disagree=2, thin_expectancy=44, regime_blip=3, capitulation=2,
    late_leg_no_forward=1
 
 
  14:29  up 1h55m  scan 19 -----------------------------------------------------------------------
  EQUITY    $250.28  unreal $+0.36
  SESSION   $+0.28 +0.11%
  CURVE     ++++=====+=++++++
  DAY       real $-0.08  loss room $1.79 (0.71%)  4% used  vol x0.93  trust x1.12
            #.........................
  RECORD    2 closed  1W 1L  win 50%  payoff 0.37  avg $-0.12/tr  best $+0.14  worst $-0.39
            break-even 73%
  OPEN      3 pos $53.23 (21%)  free $196.69
  FEES      $0.08  mk7/tk1  0.031% of eq
  SCAN      797 > 1 > 0 passed  19 scans, 565 analysed
  MARKET    TRENDING  bias +0.66  breadth +0.39  taker flow +0.05
  NEWS      65 articles  + tone +0.45  BNB +0.73  ARB +0.71  PEPE +0.70
  INFO      1 tilted  flow/fund/news/oi on 119
            info>0 1tr $+0.14 win 100%  info≤0 1tr $-0.39 win 0%
  MOVERS    AKE +145% #6  B2 +93% #25  AR +55% #17  SYN +51% #29
  TAPE      - +
  ------------------------------------------------------------------------------------------------
  PAIR     SIDE       ENTRY      MARK    MOVE     P&L   AGE  THESIS
  STX      LONG    0.288000  0.288200  +0.07%   -0.00   40m  - 64% left
  AVAX     LONG      8.7300    8.7960  +0.76%   +0.36   13m  + 57% left
  VVV      LONG     28.7410   28.7760  +0.12%   +0.01    3m  + 98% left
  ------------------------------------------------------------------------------------------------
 
14:33:15 |    🎢→⚖️ BR: C292 stands down — parabola BROKEN (range 15×ATR, 3.5 ATR off the day
    extreme): the 24h 'trend' already failed structurally; counter-trend entry re-enters the TURNING
    path [C299]
14:33:32 |    🎢→⚖️ F: C292 stands down — parabola BROKEN (range 32×ATR, 15.6 ATR off the day
    extreme): the 24h 'trend' already failed structurally; counter-trend entry re-enters the TURNING
    path [C299]
14:33:53 | 📊 Step 3 result: 60 analyzed → 0 passed | corr_cap=7, thin_expectancy=48,
    flat_projection=2, counter_trend_block=1, capitulation=2
14:33:53 |    📌 Nearest miss: VELVET score=0.499 conf=0.656 quality=0.327/0.26 reason=corr_cap
14:37:00 |    🪞 C266 board-parity (top movers vs screen): AKE +154%[Live=0.34<cut] | B2 +87%[#24] |
    AR +53%[#13] | MYX +46%[#19] | SYN +43%[#29]
14:37:25 | 📊 Step 3 result: 14 analyzed (+46 cached this 15m candle) → 0 passed | corr_cap=8,
    thin_expectancy=46, flat_projection=1, counter_trend_block=2, capitulation=1, regime_blip=1,
    late_leg_no_forward=1
14:37:25 |    📌 Nearest miss: DYDX score=1.296 conf=0.950 quality=1.231/0.26 reason=corr_cap
 
  14:38  up 2h03m  scan 21 -----------------------------------------------------------------------
  EQUITY    $250.76  unreal $+0.84
  SESSION   $+0.76 +0.30%
  CURVE     ====-----=======+*
  DAY       real $-0.08  loss room $1.44 (0.58%)  5% used  vol x0.75  trust x1.12
            #.........................
  RECORD    2 closed  1W 1L  win 50%  payoff 0.37  avg $-0.12/tr  best $+0.14  worst $-0.39
            break-even 73%
  OPEN      3 pos $53.23 (21%)  free $196.69
  FEES      $0.08  mk7/tk1  0.031% of eq
  SCAN      797 > 14 > 0 passed  top DYDX 1.30 (corr_cap)  21 scans, 639 analysed
  MARKET    TRENDING  bias +0.65  breadth +0.15  taker flow -0.04
  NEWS      65 articles  + tone +0.45  BNB +0.73  ARB +0.71  PEPE +0.70
  INFO      1 tilted  flow/fund/news/oi on 119
            info>0 1tr $+0.14 win 100%  info≤0 1tr $-0.39 win 0%
  MOVERS    AKE +154% cut  B2 +87% #24  AR +53% #13  MYX +46% #19
  TAPE      - +
  ------------------------------------------------------------------------------------------------
  PAIR     SIDE       ENTRY      MARK    MOVE     P&L   AGE  THESIS
  STX      LONG    0.288000  0.288100  +0.03%   -0.01   48m  - 56% left
  AVAX     LONG      8.7300    8.8880  +1.81%   +0.91   21m  + 54% left
  VVV      LONG     28.7410   28.6120  -0.45%   -0.07   11m  - 102% left
  ------------------------------------------------------------------------------------------------
 
14:42:26 |    🎯 C462-6 MAKER half filled AVAX @$8.9100 — saved ~0.04% of the half notional (2 this
    session)
  -> 14:42  HALF   AVAX LONG @8.9100  +2.06% $+0.53
       win half banked  maker  $13.18 rides on
 
 
  14:46  up 2h11m  scan 21 -----------------------------------------------------------------------
  EQUITY    $250.80  unreal $+0.34
  SESSION   $+0.80 +0.32%
  CURVE     ====-----=======+**
  DAY       real $+0.46  loss room $1.87 (0.75%)  0% used  vol x0.98  trust x1.12
            ..........................
  RECORD    2 closed  1W 1L  win 50%  payoff 0.37  avg $-0.12/tr  best $+0.14  worst $-0.39
            break-even 73%
  OPEN      3 pos $40.05 (16%)  free $210.40
  FEES      $0.08  mk8/tk1  0.033% of eq
  SCAN      797 > 14 > 0 passed  top DYDX 1.30 (corr_cap)  21 scans, 639 analysed
  MARKET    TRENDING  bias +0.65  breadth +0.00  taker flow +0.56
  NEWS      65 articles  + tone +0.45  BNB +0.73  ARB +0.71  PEPE +0.70
  INFO      1 tilted  flow/fund/news/oi on 119
            info>0 1tr $+0.14 win 100%  info≤0 1tr $-0.39 win 0%
  MOVERS    AKE +154% cut  B2 +87% #24  AR +53% #13  MYX +46% #19
  TAPE      - +
  ------------------------------------------------------------------------------------------------
  PAIR     SIDE       ENTRY      MARK    MOVE     P&L   AGE  THESIS
  STX      LONG    0.288000  0.287700  -0.10%   -0.03   56m  - 52% left
  AVAX     LONG      8.7300    8.9150  +2.12%   +0.54   29m  + 53% left
  VVV      LONG     28.7410   28.3700  -1.29%   -0.18   19m  - 90% left
  ------------------------------------------------------------------------------------------------
 
14:47:06 |    🪞 C266 board-parity (top movers vs screen): AKE +160%[#6] | B2 +81%[#25] | MYX
    +51%[Live=0.36<cut] | AR +51%[#15] | SYN +47%[#28]
14:47:33 |    🎢→⚖️ BR: C292 stands down — parabola BROKEN (range 15×ATR, 3.7 ATR off the day
    extreme): the 24h 'trend' already failed structurally; counter-trend entry re-enters the TURNING
    path [C299]
14:48:02 | 📊 Step 3 result: 60 analyzed → 0 passed | absorption_at_extreme=1, thin_expectancy=50,
    counter_trend_block=3, flat_projection=3, corr_cap=1, regime_blip=1, reentry_chase=1
14:48:02 |    📌 Nearest miss: MINA score=0.853 conf=0.912 quality=0.778/0.26 reason=reentry-chase
    0.7ATR beyond exit
 
  14:54  up 2h19m  scan 22 -----------------------------------------------------------------------
  EQUITY    $250.99  unreal $+0.53
  SESSION   $+0.99 +0.40%
  CURVE     ====-----=======+++*
  DAY       real $+0.46  loss room $2.19 (0.88%)  0% used  vol x1.15  trust x1.12
            ..........................
  RECORD    2 closed  1W 1L  win 50%  payoff 0.37  avg $-0.12/tr  best $+0.14  worst $-0.39
            break-even 73%
  OPEN      3 pos $40.05 (16%)  free $210.40
  FEES      $0.08  mk8/tk1  0.033% of eq
  SCAN      797 > 60 > 0 passed  top MINA 0.85 (reentry-chase 0.7A)  22 scans, 699 analysed
  MARKET    TRENDING  bias +0.56  breadth +0.23  taker flow -0.19
  NEWS      65 articles  + tone +0.14  ARB +0.71  ONDO +0.27  ZEC +0.22
  INFO      1 tilted  flow/fund/news/oi on 119
            info>0 1tr $+0.14 win 100%  info≤0 1tr $-0.39 win 0%
  MOVERS    AKE +160% #6  B2 +81% #25  MYX +51% cut  AR +51% #15
  TAPE      - +
  ------------------------------------------------------------------------------------------------
  PAIR     SIDE       ENTRY      MARK    MOVE     P&L   AGE  THESIS
  STX      LONG    0.288000  0.288200  +0.07%   -0.00 1h04m  - 44% left
  AVAX     LONG      8.7300    8.9860  +2.93%   +0.75   37m  + 56% left
  VVV      LONG     28.7410   28.2780  -1.61%   -0.22   27m  - 61% left
  ------------------------------------------------------------------------------------------------
 
14:56:12 |    🛑 C377 HARD STOP VVV: -1.88% <= -1.81% (0.8R, R=2.42%) — arithmetic, not opinion
14:56:12 | ❌ LOSS: VVV/USDT:USDT | C377_RISK_STOP: -1.88% = -0.78R
  << 14:56  CLOSE  VVV LONG @28.1380  -2.10% $-0.28  LOSS
       held 29m  C377_RISK_STOP: -1.88% =  round trip from +1.18%  -0.87R  TAKER
14:56:31 | 🎯 EXIT SIGNAL: STX/USDT:USDT - C399_CONVICTION_COLLAPSE: only 0% of the entry thesis left
    — DRI -0.095->-0.081, DSI +0.334->+0.000 (0% left) | PnL=-0.2% (exiting BEFORE the reversal
    shows in price)
  << 14:56  CLOSE  STX LONG @0.287300  -0.24% $-0.05  LOSS
       held 1h06m  C399_CONVICTION_COLLAPSE  round trip from +0.76%  -0.12R  TAKER
14:57:40 |    🪞 C266 board-parity (top movers vs screen): AKE +154%[#5] | B2 +84%[#23] | MYX
    +54%[Live=0.37<cut] | SYN +48%[#25] | AR +45%[#15]
14:57:59 | 📊 Step 3 result: 2 analyzed (+57 cached this 15m candle) → 0 passed |
    absorption_at_extreme=1, thin_expectancy=50, counter_trend_block=3, corr_cap=1,
    flat_projection=2, reentry_chase=1, proj_confirms_trend=1
14:59:44 | 🎯 EXIT SIGNAL: AVAX/USDT:USDT - EARLY_PEAK_CAPTURE: peak=+7.4%(4.0PRU) now=+6.1%
    gave=17%(0.7PRU)
14:59:44 |    🎯 C376 MAKER exit filled AVAX @$8.9950 — saved ~0.04%% of notional (2 this session)
  << 14:59  CLOSE  AVAX LONG @8.9950  +3.04% $+0.79  WIN
       held 43m  EARLY_PEAK_CAPTURE: peak  kept 83% of a +3.68% peak  +1.67R  maker
 
 
  15:02  up 2h27m  scan 23 -----------------------------------------------------------------------
  EQUITY    $250.92
  SESSION   $+0.92 +0.37%  peak $250.99  dd 0.03%
  CURVE     ====-----=======+++*==**
  DAY       real $+0.92  loss room $2.44 (0.98%)  0% used  vol x1.15  trust x1.25
            ..........................
  RECORD    5 closed  2W 3L  win 40%  payoff 1.97  avg $+0.04/tr  best $+0.79  worst $-0.39
            break-even 34%
  OPEN      flat  free $250.92
  FEES      $0.11  mk9/tk3  0.042% of eq
  SCAN      797 > 2 > 0 passed  23 scans, 701 analysed
  MARKET    TRENDING  bias +0.56  breadth +0.00  taker flow +0.08
  NEWS      65 articles  + tone +0.14  ARB +0.71  ONDO +0.27  ZEC +0.22
  INFO      1 tilted  flow/fund/news/oi on 119
            info>0 3tr $+0.30 win 67%  info≤0 2tr $-0.33 win 0%
  MOVERS    AKE +154% #5  B2 +84% #23  MYX +54% cut  SYN +48% #25
  TAPE      - + - - +
  ------------------------------------------------------------------------------------------------
 
15:04:22 |    🎢→⚖️ BR: C292 stands down — parabola BROKEN (range 15×ATR, 3.6 ATR off the day
    extreme): the 24h 'trend' already failed structurally; counter-trend entry re-enters the TURNING
    path [C299]
15:04:57 |    ⚖️ C462-7 ACH: penalties 0.51→0.39 (×0.75) vs bar 0.40 — the stack decided
15:05:11 | 📊 Step 3 result: 59 analyzed → 0 passed | low_confidence=7, low_score=9,
    flat_projection=2, thin_expectancy=32, flow_veto=2, regime_blip=1, micro_exhaustion=3,
    late_leg_no_forward=1, no_structural_room=1, vol_floor=1
15:05:11 |    📌 Nearest miss: AVAX score=1.079 conf=0.913 quality=0.985/0.26 reason=flow veto
    R=-0.41
  .. 15:10  flat  $250.92  $+0.92 +0.37%  2W 3L 40%  59 analysed
15:11:17 |    🪞 C266 board-parity (top movers vs screen): AKE +148%[#5] | B2 +81%[#24] | MYX
    +55%[Live=0.17<cut] | SYN +47%[#28] | AR +43%[#15]
15:11:43 | 📊 Step 3 result: 13 analyzed (+46 cached this 15m candle) → 0 passed | low_confidence=5,
    low_score=7, flat_projection=3, thin_expectancy=33, flow_veto=2, late_leg_no_forward=2,
    micro_exhaustion=3, post_penalty_low=1, no_structural_room=1, capitulation=1, vol_floor=1
15:11:43 |    📌 Nearest miss: JUP score=0.593 conf=0.777 quality=0.461/0.26 reason=late-leg F=+0.02
15:18:10 |    🎢→⚖️ BR: C292 stands down — parabola BROKEN (range 13×ATR, 4.0 ATR off the day
    extreme): the 24h 'trend' already failed structurally; counter-trend entry re-enters the TURNING
    path [C299]
15:18:50 | 📊 Step 3 result: 59 analyzed → 0 passed | low_score=4, thin_expectancy=49,
    ct_noisy_block=2, flat_projection=2, vol_floor=1, proj_confirms_trend=1
15:18:50 |    📌 Nearest miss: IOST score=0.518 conf=0.740 quality=0.383/0.26 reason=vol_floor
  .. 15:18  flat  $250.92  $+0.92 +0.37%  2W 3L 40%  59 analysed
15:23:58 |    🪞 C266 board-parity (top movers vs screen): AKE +150%[#6] | B2 +86%[#25] | MYX
    +54%[#20] | AR +40%[#18] | SYN +36%[#31]
15:24:19 | 📊 Step 3 result: 10 analyzed (+49 cached this 15m candle) → 0 passed | low_score=4,
    thin_expectancy=49, flat_projection=4, vol_floor=1, proj_confirms_trend=1
15:24:19 |    📌 Nearest miss: NIL score=0.259 conf=0.445 quality=0.115/0.26 reason=score 0.259 <
    0.476
15:26:12 |    📓 C444: VVV exited on C377_RISK_STOP: -1.88% = at index 0.55 — 30min later the price
    is +0.12% (+0.05R) inside the noise band — the exit was neutral
  .. 15:26  flat  $250.92  $+0.92 +0.37%  2W 3L 40%  10 analysed
15:30:46 |    🎢→⚖️ BR: C292 stands down — parabola BROKEN (range 13×ATR, 4.0 ATR off the day
    extreme): the 24h 'trend' already failed structurally; counter-trend entry re-enters the TURNING
    path [C299]
15:31:08 |    🎢→⚖️ C: C292 stands down — parabola BROKEN (range 49×ATR, 30.9 ATR off the day
    extreme): the 24h 'trend' already failed structurally; counter-trend entry re-enters the TURNING
    path [C299]
15:31:21 |    🧭 C458-17: exploration is due but the best refusal (vol_floor) is a RISK gate, not a
    measurement gate — standing down. Exploration is a reason to accept UNCERTAINTY, never DANGER.
15:31:21 | 📊 Step 3 result: 59 analyzed → 0 passed | low_confidence=2, low_score=4,
    thin_expectancy=42, flat_projection=10, vol_floor=1
15:31:21 |    📌 Nearest miss: NIL score=0.808 conf=0.820 quality=0.663/0.26 reason=vol_floor
 
 
  15:34  up 2h59m  scan 28 -----------------------------------------------------------------------
  EQUITY    $250.92
  SESSION   $+0.92 +0.37%  peak $250.99  dd 0.03%
  CURVE     ====-----=-=====+***==******
  DAY       real $+0.92  loss room $1.49 (0.60%)  0% used  vol x0.70  trust x1.25
            ..........................
  RECORD    5 closed  2W 3L  win 40%  payoff 1.97  avg $+0.04/tr  best $+0.79  worst $-0.39
            break-even 34%
  OPEN      flat  free $250.92
  FEES      $0.11  mk9/tk3  0.042% of eq
  SCAN      797 > 59 > 0 passed  top NIL 0.81 (vol_floor)  28 scans, 901 analysed
  MARKET    TRENDING  bias +0.45  breadth +0.20  taker flow -0.22
  NEWS      65 articles  + tone +0.58  ARB +0.71  DOGE +0.56  NEAR +0.32
  INFO      1 tilted  flow/fund/news/oi on 119
            info>0 3tr $+0.30 win 67%  info≤0 2tr $-0.33 win 0%
  MOVERS    AKE +150% #6  B2 +86% #25  MYX +54% #20  AR +40% #18
  TAPE      - + - - +
  ------------------------------------------------------------------------------------------------
 
15:37:26 |    🪞 C266 board-parity (top movers vs screen): AKE +141%[#6] | B2 +87%[#19] | MYX
    +56%[#18] | ONE +42%[#14] | AR +39%[#17]
15:37:48 |    🧭 C458-17: exploration is due but the best refusal (quality 0.242 < 0.272) is a RISK
    gate, not a measurement gate — standing down. Exploration is a reason to accept UNCERTAINTY,
    never DANGER.
15:37:48 | 📊 Step 3 result: 9 analyzed (+50 cached this 15m candle) → 0 passed | low_confidence=2,
    low_score=3, thin_expectancy=45, flat_projection=7, low_quality=1, vol_floor=1
15:37:48 |    📌 Nearest miss: BLESS score=0.566 (pre-pen 0.62) conf=0.571 quality=0.323/0.26
    reason=quality 0.242 < 0.272
  .. 15:42  flat  $250.92  $+0.92 +0.37%  2W 3L 40%  9 analysed
15:50:05 |    🪞 C266 board-parity (top movers vs screen): AKE +146%[#6] | B2 +79%[#24] | MYX
    +58%[#18] | ONE +53%[#10] | AR +40%[#17]
15:51:02 |    🧭 C458-17: exploration is due but the best refusal (vol_floor) is a RISK gate, not a
    measurement gate — standing down. Exploration is a reason to accept UNCERTAINTY, never DANGER.
15:51:02 | 📊 Step 3 result: 60 analyzed → 0 passed | low_score=4, ct_noisy_block=2,
    flat_projection=10, thin_expectancy=39, proj_confirms_trend=2, no_structural_room=1, vol_floor=2
15:51:02 |    📌 Nearest miss: NIL score=0.989 conf=0.895 quality=0.885/0.26 reason=vol_floor
  .. 15:51  flat  $250.92  $+0.92 +0.37%  2W 3L 40%  60 analysed
  .. 15:59  flat  $250.92  $+0.92 +0.37%  2W 3L 40%  60 analysed
16:01:23 |    🪞 C266 board-parity (top movers vs screen): AKE +147%[#6] | B2 +80%[#18] | MYX
    +55%[#15] | ONE +53%[#10] | AR +43%[Live=0.28<cut]
16:01:23 | 📈 C398: pack extended +1.69 ATR over 3h UP — no tilt (the up-side mirror failed
    out-of-sample by design)
16:02:13 |    🧭 C458-17: exploration is due but the best refusal (score 0.391 < 0.503) is a RISK
    gate, not a measurement gate — standing down. Exploration is a reason to accept UNCERTAINTY,
    never DANGER.
16:02:13 | 📊 Step 3 result: 60 analyzed → 0 passed | low_score=4, ct_noisy_block=1,
    flat_projection=7, thin_expectancy=47, proj_confirms_trend=1
16:02:13 |    📌 Nearest miss: AAVE score=0.391 conf=0.553 quality=0.216/0.26 reason=score 0.391 <
    0.503
 
 
  16:07  up 3h32m  scan 31 -----------------------------------------------------------------------
  EQUITY    $250.92
  SESSION   $+0.92 +0.37%  peak $250.99  dd 0.03%
  CURVE     ====-----=======+++*==**********
  DAY       real $+0.92  loss room $2.32 (0.93%)  0% used  vol x1.09  trust x1.25
            ..........................
  RECORD    5 closed  2W 3L  win 40%  payoff 1.97  avg $+0.04/tr  best $+0.79  worst $-0.39
            break-even 34%
  OPEN      flat  free $250.92
  FEES      $0.11  mk9/tk3  0.042% of eq
  SCAN      797 > 60 > 0 passed  top AAVE 0.39 (score 0.391 < 0.50)  31 scans, 1030 analysed
  MARKET    TRENDING  bias +0.37  breadth +0.00  taker flow +0.37
  NEWS      65 articles  + tone +0.44  PEPE +0.77  UNI +0.72  ARB +0.71
  INFO      1 tilted  flow/fund/news/oi on 119
            info>0 3tr $+0.30 win 67%  info≤0 2tr $-0.33 win 0%
  MOVERS    AKE +147% #6  B2 +80% #18  MYX +55% #15  ONE +53% #10
  TAPE      - + - - +
  ------------------------------------------------------------------------------------------------
 
16:07:14 | 📈 C398: pack extended +1.69 ATR over 3h UP — no tilt (the up-side mirror failed
    out-of-sample by design)
16:12:31 |    🪞 C266 board-parity (top movers vs screen): AKE +152%[#6] | B2 +83%[#16] | ONE
    +56%[#11] | MYX +56%[#15] | SYN +43%[#27]
16:12:31 | 📈 C398: pack extended +1.73 ATR over 3h UP — no tilt (the up-side mirror failed
    out-of-sample by design)
16:12:48 | 📊 Step 3 result: 1 analyzed (+59 cached this 15m candle) → 0 passed | low_score=4,
    ct_noisy_block=1, flat_projection=7, thin_expectancy=47, proj_confirms_trend=1
  .. 16:15  flat  $250.92  $+0.92 +0.37%  2W 3L 40%  1 analysed
16:17:48 | 📈 C398: pack extended +1.73 ATR over 3h UP — no tilt (the up-side mirror failed
    out-of-sample by design)
16:18:48 |    🧭 C458-17: exploration is due but the best refusal (late-leg F=-0.32) is a RISK gate,
    not a measurement gate — standing down. Exploration is a reason to accept UNCERTAINTY, never
    DANGER.
16:18:48 | 📊 Step 3 result: 60 analyzed → 0 passed | low_score=2, counter_trend_block=3,
    thin_expectancy=53, flat_projection=1, late_leg_no_forward=1
16:18:48 |    📌 Nearest miss: MAGMA score=0.545 conf=0.797 quality=0.434/0.26 reason=late-leg
    F=-0.32
  .. 16:23  flat  $250.92  $+0.92 +0.37%  2W 3L 40%  60 analysed
16:24:53 |    🪞 C266 board-parity (top movers vs screen): AKE +148%[#6] | B2 +86%[Live=0.32<cut] |
    MYX +53%[#17] | ONE +49%[#12] | ZAMA +49%[Live=0.41<cut]
16:24:53 | 📈 C398: pack extended +1.95 ATR over 3h UP — no tilt (the up-side mirror failed
    out-of-sample by design)
16:25:16 |    🧭 C458-17: exploration is due but the best refusal (absorption cvd=-0.60) is a RISK
    gate, not a measurement gate — standing down. Exploration is a reason to accept UNCERTAINTY,
    never DANGER.
16:25:16 | 📊 Step 3 result: 9 analyzed (+51 cached this 15m candle) → 0 passed | low_score=1,
    counter_trend_block=2, thin_expectancy=55, late_leg_no_forward=1, absorption_at_extreme=1
16:25:16 |    📌 Nearest miss: MMT score=0.499 conf=0.793 quality=0.395/0.26 reason=absorption
    cvd=-0.60
  .. 16:31  flat  $250.92  $+0.92 +0.37%  2W 3L 40%  9 analysed
16:31:17 | 📈 C398: pack extended +1.95 ATR over 3h UP — no tilt (the up-side mirror failed
    out-of-sample by design)
16:32:18 |    🧭 C458-17: exploration is due but the best refusal (score 0.248 < 0.451) is a RISK
    gate, not a measurement gate — standing down. Exploration is a reason to accept UNCERTAINTY,
    never DANGER.
16:32:18 | 📊 Step 3 result: 60 analyzed → 0 passed | low_score=2, ct_noisy_block=1,
    flat_projection=7, thin_expectancy=50
16:32:18 |    📌 Nearest miss: LINK score=0.248 conf=0.479 quality=0.119/0.26 reason=score 0.248 <
    0.451
16:37:26 |    🪞 C266 board-parity (top movers vs screen): AKE +155%[#6] | B2 +94%[Live=0.46<cut] |
    MYX +52%[#21] | ONE +52%[#13] | AR +47%[Live=0.46<cut]
16:37:26 | 📈 C398: pack extended +1.53 ATR over 3h UP — no tilt (the up-side mirror failed
    out-of-sample by design)
16:37:46 | 📊 Step 3 result: 10 analyzed (+50 cached this 15m candle) → 0 passed | low_score=2,
    ct_noisy_block=2, flat_projection=8, thin_expectancy=48
 
 
  16:39  up 4h04m  scan 36 -----------------------------------------------------------------------
  EQUITY    $250.92
  SESSION   $+0.92 +0.37%  peak $250.99  dd 0.03%
  CURVE     ====-----=======++**==**************
  DAY       real $+0.92  loss room $1.97 (0.79%)  0% used  vol x0.93  trust x1.25
            ..........................
  RECORD    5 closed  2W 3L  win 40%  payoff 1.97  avg $+0.04/tr  best $+0.79  worst $-0.39
            break-even 34%
  OPEN      flat  free $250.92
  FEES      $0.11  mk9/tk3  0.042% of eq
  SCAN      797 > 10 > 0 passed  36 scans, 1170 analysed
  MARKET    TRENDING  bias +0.38  breadth +0.35  taker flow -0.11
  NEWS      65 articles  + tone +0.46  UNI +0.72  SUI +0.53  INJ +0.38
  INFO      1 tilted  flow/fund/news/oi on 119
            info>0 3tr $+0.30 win 67%  info≤0 2tr $-0.33 win 0%
  MOVERS    AKE +155% #6  B2 +94% cut  MYX +52% #21  ONE +52% #13
  TAPE      - + - - +
  ------------------------------------------------------------------------------------------------
 
16:42:46 | 📈 C398: pack extended +1.53 ATR over 3h UP — no tilt (the up-side mirror failed
    out-of-sample by design)
  .. 16:47  flat  $250.92  $+0.92 +0.37%  2W 3L 40%  10 analysed
16:48:05 |    🪞 C266 board-parity (top movers vs screen): AKE +155%[#5] | B2 +95%[#13] | MYX
    +53%[Live=0.39<cut] | AR +48%[Live=0.40<cut] | BR +43%[Live=0.48<cut]
16:48:55 |    🧭 C458-17: exploration is due but the best refusal (score 0.366 < 0.420) is a RISK
    gate, not a measurement gate — standing down. Exploration is a reason to accept UNCERTAINTY,
    never DANGER.
16:48:55 | 📊 Step 3 result: 60 analyzed → 0 passed | low_score=5, flat_projection=4,
    thin_expectancy=48, micro_exhaustion=1, proj_confirms_trend=1, no_structural_room=1
16:48:55 |    📌 Nearest miss: COTI score=0.366 conf=0.842 quality=0.308/0.26 reason=score 0.366 <
    0.420
  .. 16:55  flat  $250.92  $+0.92 +0.37%  2W 3L 40%  60 analysed
16:56:13 |    🔭 C456: VVV exited on C377_RISK_STOP: -1.88% = — at its OWN thesis horizon (120min)
    the price is +0.25% (+0.10R) inside the noise band — the exit was neutral
17:01:15 |    🪞 C266 board-parity (top movers vs screen): AKE +149%[Live=0.51<cut] | B2
    +95%[Live=0.61<cut] | MYX +60%[#15] | AR +52%[#12] | ONE +43%[#11]
17:02:06 |    🎢→⚖️ MAGMA: C292 stands down — parabola BROKEN (range 27×ATR, 10.4 ATR off the day
    extreme): the 24h 'trend' already failed structurally; counter-trend entry re-enters the TURNING
    path [C299]
17:02:07 |    🧭 C458-17: exploration is due but the best refusal (score 0.041 < 0.467) is a RISK
    gate, not a measurement gate — standing down. Exploration is a reason to accept UNCERTAINTY,
    never DANGER.
17:02:07 | 📊 Step 3 result: 60 analyzed → 0 passed | low_confidence=4, low_score=1,
    thin_expectancy=49, flat_projection=6
17:02:07 |    📌 Nearest miss: ZEN score=0.041 conf=0.305 quality=0.013/0.26 reason=score 0.041 <
    0.467
  .. 17:03  flat  $250.92  $+0.92 +0.37%  2W 3L 40%  60 analysed
 
 
  17:11  up 4h36m  scan 38 -----------------------------------------------------------------------
  EQUITY    $250.92
  SESSION   $+0.92 +0.37%  peak $250.99  dd 0.03%
  CURVE     ====-----=-=====+***==******************
  DAY       real $+0.92  loss room $1.51 (0.60%)  0% used  vol x0.71  trust x1.25
            ..........................
  RECORD    5 closed  2W 3L  win 40%  payoff 1.97  avg $+0.04/tr  best $+0.79  worst $-0.39
            break-even 34%
  OPEN      flat  free $250.92
  FEES      $0.11  mk9/tk3  0.042% of eq
  SCAN      797 > 60 > 0 passed  top ZEN 0.04 (score 0.041 < 0.46)  38 scans, 1290 analysed
  MARKET    TRENDING  bias +0.51  breadth +0.63  taker flow +0.00
  NEWS      65 articles  + tone +0.50  INJ +0.38  RAY +0.28  PEPE +0.25
  INFO      1 tilted  flow/fund/news/oi on 119
            info>0 3tr $+0.30 win 67%  info≤0 2tr $-0.33 win 0%
  MOVERS    AKE +149% cut  B2 +95% cut  MYX +60% #15  AR +52% #12
  TAPE      - + - - +
  ------------------------------------------------------------------------------------------------
 
17:14:28 |    🪞 C266 board-parity (top movers vs screen): AKE +141%[Live=0.51<cut] | B2 +99%[#12] |
    MYX +59%[#17] | AR +53%[#11] | ONE +45%[#9]
17:14:44 | 📊 Step 3 result: 3 analyzed (+57 cached this 15m candle) → 0 passed | low_confidence=4,
    low_score=1, thin_expectancy=48, flat_projection=7
  .. 17:19  flat  $250.92  $+0.92 +0.37%  2W 3L 40%  3 analysed
17:21:26 |    ⚖️ C462-7 JUP: penalties 0.43→0.23 (×0.53) vs bar 0.42 — the stack decided
17:21:46 |    🎢→⚖️ MAGMA: C292 stands down — parabola BROKEN (range 30×ATR, 11.6 ATR off the day
    extreme): the 24h 'trend' already failed structurally; counter-trend entry re-enters the TURNING
    path [C299]
17:21:46 |    🧭 C458-17: exploration is due but the best refusal (late-leg F=-0.04) is a RISK gate,
    not a measurement gate — standing down. Exploration is a reason to accept UNCERTAINTY, never
    DANGER.
17:21:46 | 📊 Step 3 result: 60 analyzed → 0 passed | low_score=3, counter_trend_block=2,
    thin_expectancy=53, absorption_at_extreme=1, late_leg_no_forward=1
17:21:46 |    📌 Nearest miss: C score=0.533 conf=0.910 quality=0.485/0.26 reason=late-leg F=-0.04
  .. 17:27  flat  $250.92  $+0.92 +0.37%  2W 3L 40%  60 analysed
17:27:53 |    🪞 C266 board-parity (top movers vs screen): AKE +142%[#5] | B2 +89%[#13] | MYX
    +53%[#16] | AR +52%[#11] | BR +43%[Live=0.34<cut]
17:28:15 |    🧭 C458-17: exploration is due but the best refusal (score 0.073 < 0.420) is a RISK
    gate, not a measurement gate — standing down. Exploration is a reason to accept UNCERTAINTY,
    never DANGER.
17:28:15 | 📊 Step 3 result: 13 analyzed (+47 cached this 15m candle) → 0 passed | low_score=2,
    counter_trend_block=1, thin_expectancy=55, absorption_at_extreme=1, late_leg_no_forward=1
17:28:15 |    📌 Nearest miss: ETH score=0.073 conf=0.385 quality=0.028/0.26 reason=score 0.073 <
    0.420
17:35:18 |    🧭 C458-17: exploration is due but the best refusal (vol_floor) is a RISK gate, not a
    measurement gate — standing down. Exploration is a reason to accept UNCERTAINTY, never DANGER.
17:35:18 | 📊 Step 3 result: 60 analyzed → 0 passed | low_confidence=1, counter_trend_block=1,
    thin_expectancy=56, proj_confirms_trend=1, vol_floor=1
17:35:18 |    📌 Nearest miss: COAI score=1.042 conf=0.903 quality=0.942/0.26 reason=vol_floor
  .. 17:35  flat  $250.92  $+0.92 +0.37%  2W 3L 40%  60 analysed
17:41:24 |    🪞 C266 board-parity (top movers vs screen): AKE +139%[#4] | B2 +76%[#12] | BR
    +53%[Live=0.55<cut] | MYX +53%[#16] | AR +50%[#8]
17:41:47 | 📊 Step 3 result: 14 analyzed (+46 cached this 15m candle) → 0 passed | low_confidence=1,
    counter_trend_block=1, thin_expectancy=55, flat_projection=1, vol_floor=1, fee_floor=1
 
 
  17:43  up 5h08m  scan 43 -----------------------------------------------------------------------
  EQUITY    $250.92
  SESSION   $+0.92 +0.37%  peak $250.99  dd 0.03%
  CURVE     ====-----=-=====+***==**********************
  DAY       real $+0.92  loss room $1.57 (0.63%)  0% used  vol x0.73  trust x1.25
            ..........................
  RECORD    5 closed  2W 3L  win 40%  payoff 1.97  avg $+0.04/tr  best $+0.79  worst $-0.39
            break-even 34%
  OPEN      flat  free $250.92
  FEES      $0.11  mk9/tk3  0.042% of eq
  SCAN      797 > 14 > 0 passed  43 scans, 1440 analysed
  MARKET    TRENDING  bias +0.69  breadth +0.57  taker flow +0.31
  NEWS      65 articles  + tone +0.66  BNB +0.72  ADA +0.70  NEAR +0.67
  INFO      1 tilted  flow/fund/news/oi on 119
            info>0 3tr $+0.30 win 67%  info≤0 2tr $-0.33 win 0%
  MOVERS    AKE +139% #4  B2 +76% #12  BR +53% cut  MYX +53% #16
  TAPE      - + - - +
  ------------------------------------------------------------------------------------------------
 
17:48:08 |    🎢→⚖️ B2: C292 stands down — parabola BROKEN (range 13×ATR, 3.1 ATR off the day
    extreme): the 24h 'trend' already failed structurally; counter-trend entry re-enters the TURNING
    path [C299]
17:48:33 |    ⚖️ C462-7 FET: penalties 0.43→0.40 (×0.93) vs bar 0.42 — the stack decided
17:48:34 |    🎢→⚖️ MINA: C292 stands down — parabola BROKEN (range 13×ATR, 3.6 ATR off the day
    extreme): the 24h 'trend' already failed structurally; counter-trend entry re-enters the TURNING
    path [C299]
17:48:45 |    🧭 C458-17: exploration is due but the best refusal (absorption cvd=-0.47) is a RISK
    gate, not a measurement gate — standing down. Exploration is a reason to accept UNCERTAINTY,
    never DANGER.
17:48:45 | 📊 Step 3 result: 60 analyzed → 0 passed | low_score=3, thin_expectancy=53, low_quality=1,
    fee_floor=1, flat_projection=1, absorption_at_extreme=1
17:48:45 |    📌 Nearest miss: LAB score=0.487 conf=0.632 quality=0.308/0.26 reason=absorption
    cvd=-0.47
  .. 17:51  flat  $250.92  $+0.92 +0.37%  2W 3L 40%  60 analysed
17:54:54 |    🪞 C266 board-parity (top movers vs screen): AKE +144%[#4] | B2 +76%[#14] | AR
    +51%[#12] | BR +44%[#10] | MYX +41%[#18]
17:55:15 | 📊 Step 3 result: 15 analyzed (+45 cached this 15m candle) → 0 passed | low_score=3,
    thin_expectancy=53, flat_projection=1, low_quality=1, fee_floor=1, proj_confirms_trend=1
  .. 17:59  flat  $250.92  $+0.92 +0.37%  2W 3L 40%  15 analysed
18:02:20 |    🧭 C458-17: exploration is due but the best refusal (vol_floor) is a RISK gate, not a
    measurement gate — standing down. Exploration is a reason to accept UNCERTAINTY, never DANGER.
18:02:20 | 📊 Step 3 result: 60 analyzed → 0 passed | low_score=5, ct_noisy_block=3,
    thin_expectancy=45, proj_confirms_trend=2, flat_projection=2, no_structural_room=1,
    post_penalty_quality=1, vol_floor=1
18:02:20 |    📌 Nearest miss: ZIL score=0.734 (pre-pen 0.85) conf=0.805 quality=0.591/0.26
    reason=vol_floor
  .. 18:07  flat  $250.92  $+0.92 +0.37%  2W 3L 40%  60 analysed
18:07:25 |    🪞 C266 board-parity (top movers vs screen): AKE +144%[#6] | B2 +86%[#15] | AR
    +49%[#14] | ONE +38%[#13] | STRK +38%[#17]
18:07:49 |    🧭 C458-17: exploration is due but the best refusal (vol_floor) is a RISK gate, not a
    measurement gate — standing down. Exploration is a reason to accept UNCERTAINTY, never DANGER.
18:07:49 | 📊 Step 3 result: 15 analyzed (+45 cached this 15m candle) → 0 passed | low_score=4,
    ct_noisy_block=4, thin_expectancy=40, flat_projection=7, proj_confirms_trend=1,
    no_structural_room=2, post_penalty_quality=1, vol_floor=1
18:07:49 |    📌 Nearest miss: MMT score=0.689 (pre-pen 0.80) conf=0.755 quality=0.521/0.26
    reason=vol_floor
 
 
  18:15  up 5h40m  scan 47 -----------------------------------------------------------------------
  EQUITY    $250.92
  SESSION   $+0.92 +0.37%  peak $250.99  dd 0.03%
  CURVE     ====-----=======++**==**************************
  DAY       real $+0.92  loss room $2.09 (0.84%)  0% used  vol x0.98  trust x1.25
            ..........................
  RECORD    5 closed  2W 3L  win 40%  payoff 1.97  avg $+0.04/tr  best $+0.79  worst $-0.39
            break-even 34%
  OPEN      flat  free $250.92
  FEES      $0.11  mk9/tk3  0.042% of eq
  SCAN      797 > 15 > 0 passed  top MMT 0.69 (vol_floor)  47 scans, 1590 analysed
  MARKET    TRENDING  bias +0.29  breadth +0.13  taker flow -0.27
  NEWS      65 articles  + tone +0.27  FIL +0.50  RAY +0.28  STRK -0.24
  INFO      1 tilted  flow/fund/news/oi on 119
            info>0 3tr $+0.30 win 67%  info≤0 2tr $-0.33 win 0%
  MOVERS    AKE +144% #6  B2 +86% #15  AR +49% #14  ONE +38% #13
  TAPE      - + - - +
  ------------------------------------------------------------------------------------------------
 
18:18:08 |    🪞 C266 board-parity (top movers vs screen): AKE +132%[#6] | B2 +80%[#15] | AR
    +48%[#14] | ONE +41%[Live=0.41<cut] | STRK +39%[#16]
18:18:39 |    🎢→⚖️ F: C292 stands down — parabola BROKEN (range 54×ATR, 25.9 ATR off the day
    extreme): the 24h 'trend' already failed structurally; counter-trend entry re-enters the TURNING
    path [C299]
18:18:51 |    🎢→⚖️ C: C292 stands down — parabola BROKEN (range 36×ATR, 20.6 ATR off the day
    extreme): the 24h 'trend' already failed structurally; counter-trend entry re-enters the TURNING
    path [C299]
18:18:56 | 📊 Step 3 result: 60 analyzed → 1 viable → Step 4 DRI/DSI
18:18:57 |    🎲 C378 odds-size: orderliness 0.16 -> risk x0.79 ($0.680)
18:18:58 |    🔒 C378 stop level $0.4157 recorded (paper — C377 enforces it in-process) [C397
    tick-legal]
  >> 18:18  OPEN   ONDO LONG @0.423200  x1 $38.26
       target +6.2%  stop -1.8%  entry score 0.65  maker
 
 
  18:23  up 5h48m  scan 48 -----------------------------------------------------------------------
  EQUITY    $251.17  unreal $+0.25
  SESSION   $+1.17 +0.47%
  CURVE     ====-----=-======++*==***************************
  DAY       real $+0.92  loss room $2.09 (0.84%)  0% used  vol x0.98  trust x1.25
            ..........................
  RECORD    5 closed  2W 3L  win 40%  payoff 1.97  avg $+0.04/tr  best $+0.79  worst $-0.39
            break-even 34%
  OPEN      1 pos $38.26 (15%)  free $212.66
  FEES      $0.11  mk10/tk3  0.045% of eq
  SCAN      797 > 60 > 1 passed  top ONDO 0.65 (viable)  48 scans, 1650 analysed
  MARKET    TRENDING  bias +0.27  breadth +0.00  taker flow +0.42
  NEWS      65 articles  + tone +0.27  FIL +0.50  RAY +0.28  STRK -0.24
  INFO      1 tilted  flow/fund/news/oi on 143
            info>0 3tr $+0.30 win 67%  info≤0 2tr $-0.33 win 0%
  MOVERS    AKE +132% #6  B2 +80% #15  AR +48% #14  ONE +41% cut
  TAPE      - + - - +
  ------------------------------------------------------------------------------------------------
  PAIR     SIDE       ENTRY      MARK    MOVE     P&L   AGE  THESIS
  ONDO     LONG    0.423200  0.426300  +0.73%   +0.25    4m  + 69% left
  ------------------------------------------------------------------------------------------------
 
18:24:14 | 📊 Step 3 result: 1 analyzed (+59 cached) → 1 viable → Step 4 DRI/DSI
18:29:23 |    🪞 C266 board-parity (top movers vs screen): AKE +131%[#6] | B2 +87%[#13] | AR
    +47%[#14] | ONE +46%[Live=0.42<cut] | ZAMA +43%[#24]
18:29:39 | 📊 Step 3 result: 3 analyzed (+57 cached this 15m candle) → 0 passed | low_score=4,
    ct_noisy_block=4, thin_expectancy=43, flat_projection=5, proj_confirms_trend=2,
    no_structural_room=1, poor_reward_risk=1
 
  18:31  up 5h56m  scan 50 -----------------------------------------------------------------------
  EQUITY    $251.12  unreal $+0.20
  SESSION   $+1.12 +0.45%  peak $251.17  dd 0.02%
  CURVE     ====-----=-======++*==****************************
  DAY       real $+0.92  loss room $1.92 (0.77%)  0% used  vol x0.90  trust x1.25
            ..........................
  RECORD    5 closed  2W 3L  win 40%  payoff 1.97  avg $+0.04/tr  best $+0.79  worst $-0.39
            break-even 34%
  OPEN      1 pos $38.26 (15%)  free $212.66
  FEES      $0.11  mk10/tk3  0.045% of eq
  SCAN      797 > 3 > 0 passed  50 scans, 1654 analysed
  MARKET    TRENDING  bias +0.25  breadth +0.00  taker flow +0.31
  NEWS      65 articles  + tone +0.27  FIL +0.50  RAY +0.28  STRK -0.24
  INFO      1 tilted  flow/fund/news/oi on 143
            info>0 3tr $+0.30 win 67%  info≤0 2tr $-0.33 win 0%
  MOVERS    AKE +131% #6  B2 +87% #13  AR +47% #14  ONE +46% cut
  TAPE      - + - - +
  ------------------------------------------------------------------------------------------------
  PAIR     SIDE       ENTRY      MARK    MOVE     P&L   AGE  THESIS
  ONDO     LONG    0.423200  0.425700  +0.59%   +0.20   12m  + 68% left
  ------------------------------------------------------------------------------------------------
 
18:35:14 |    ⚖️ C462-7 FIL: penalties 0.46→0.35 (×0.75) vs bar 0.42 — the stack decided
18:35:33 |    🎢→⚖️ C: C292 stands down — parabola BROKEN (range 35×ATR, 21.1 ATR off the day
    extreme): the 24h 'trend' already failed structurally; counter-trend entry re-enters the TURNING
    path [C299]
18:35:46 | 📊 Step 3 result: 60 analyzed → 1 viable → Step 4 DRI/DSI
 
  18:39  up 6h04m  scan 51 -----------------------------------------------------------------------
  EQUITY    $250.66  unreal $-0.26
  SESSION   $+0.66 +0.26%  peak $251.17  dd 0.20%
  CURVE     ====-----=-======++*==****************************+
  DAY       real $+0.92  loss room $1.92 (0.77%)  0% used  vol x0.90  trust x1.25
            ..........................
  RECORD    5 closed  2W 3L  win 40%  payoff 1.97  avg $+0.04/tr  best $+0.79  worst $-0.39
            break-even 34%
  OPEN      1 pos $38.26 (15%)  free $212.66
  FEES      $0.11  mk10/tk3  0.045% of eq
  SCAN      797 > 60 > 1 passed  top ONDO 0.55 (viable)  51 scans, 1714 analysed
  MARKET    TRENDING  bias +0.29  breadth +0.00  taker flow +0.10
  NEWS      65 articles  + tone +0.52  FIL +0.50  RAY +0.28  STRK -0.24
  INFO      1 tilted  flow/fund/news/oi on 144
            info>0 3tr $+0.30 win 67%  info≤0 2tr $-0.33 win 0%
  MOVERS    AKE +131% #6  B2 +87% #13  AR +47% #14  ONE +46% cut
  TAPE      - + - - +
  ------------------------------------------------------------------------------------------------
  PAIR     SIDE       ENTRY      MARK    MOVE     P&L   AGE  THESIS
  ONDO     LONG    0.423200  0.420700  -0.59%   -0.26   20m  - 62% left
  ------------------------------------------------------------------------------------------------
 
18:40:52 |    🪞 C266 board-parity (top movers vs screen): AKE +132%[#5] | B2 +90%[#10] | AR
    +47%[#15] | ZAMA +42%[Live=0.57<cut] | SYN +40%[Live=0.42<cut]
18:41:14 |    🎢→⚖️ ZEN: C292 stands down — parabola BROKEN (range 28×ATR, 8.5 ATR off the day
    extreme): the 24h 'trend' already failed structurally; counter-trend entry re-enters the TURNING
    path [C299]
18:41:21 | 📊 Step 3 result: 18 analyzed (+42 cached this 15m candle) → 0 passed | low_confidence=1,
    low_score=3, flat_projection=8, thin_expectancy=41, poor_reward_risk=2, proj_confirms_trend=1,
    ct_noisy_block=1, capitulation=1, micro_exhaustion=1, vol_floor=1
18:46:11 | 🎯 EXIT SIGNAL: ONDO/USDT:USDT - REGIME_EXIT: R=-0.27 opposes long PnL=-0.5%(-0.4PRU) —
    macro shifted early
  << 18:46  CLOSE  ONDO LONG @0.420700  -0.59% $-0.26  LOSS
       held 27m  REGIME_EXIT: R=-0.27 opp  round trip from +0.97%  -0.25R  TAKER
 
 
  18:47  up 6h12m  scan 52 -----------------------------------------------------------------------
  EQUITY    $250.66
  SESSION   $+0.66 +0.26%  peak $251.17  dd 0.20%
  CURVE     ====-----=-======++*==****************************+++
  DAY       real $+0.66  loss room $1.78 (0.71%)  0% used  vol x1.04  trust x1.00
            ..........................
  RECORD    6 closed  2W 4L  win 33%  payoff 1.93  avg $-0.01/tr  best $+0.79  worst $-0.39
            break-even 34%
  OPEN      flat  free $250.66
  FEES      $0.14  mk10/tk4  0.054% of eq
  SCAN      797 > 18 > 0 passed  52 scans, 1732 analysed
  MARKET    TRENDING  bias +0.29  breadth +0.52  taker flow +0.13
  NEWS      65 articles  + tone +0.52  BNB +0.72  DOGE +0.68  RAY +0.28
  INFO      1 tilted  flow/fund/news/oi on 144
            info>0 4tr $+0.16 win 50%  info≤0 2tr $-0.33 win 0%
  MOVERS    AKE +132% #5  B2 +90% #10  AR +47% #15  ZAMA +42% cut
  TAPE      - + - - + -
  ------------------------------------------------------------------------------------------------
 
18:51:27 |    🪞 C266 board-parity (top movers vs screen): AKE +130%[#5] | B2 +82%[Live=0.54<cut] |
    AR +48%[#11] | ZAMA +41%[#24] | SYN +39%[Live=0.32<cut]
18:51:59 |    🎢→⚖️ ZEN: C292 stands down — parabola BROKEN (range 26×ATR, 8.9 ATR off the day
    extreme): the 24h 'trend' already failed structurally; counter-trend entry re-enters the TURNING
    path [C299]
18:52:14 | 📊 Step 3 result: 60 analyzed → 0 passed | low_confidence=3, low_score=1,
    flat_projection=10, thin_expectancy=36, proj_confirms_trend=3, no_structural_room=1,
    h1_regime_shock=6
18:52:14 |    📌 Nearest miss: IOST score=0.538 conf=0.617 quality=0.332/0.26 reason=h1_regime_shock
  .. 18:55  flat  $250.66  $+0.66 +0.26%  2W 4L 33%  60 analysed
19:02:34 |    🪞 C266 board-parity (top movers vs screen): AKE +139%[#6] | B2 +74%[#17] | AR
    +50%[Live=0.49<cut] | ONE +41%[Live=0.37<cut] | ZAMA +39%[Live=0.40<cut]
19:03:24 | 📊 Step 3 result: 60 analyzed → 0 passed | low_confidence=2, low_score=1,
    thin_expectancy=45, flat_projection=6, h1_regime_shock=5, proj_confirms_trend=1
19:03:24 |    📌 Nearest miss: W score=0.852 conf=0.781 quality=0.665/0.26 reason=h1_regime_shock
  .. 19:03  flat  $250.66  $+0.66 +0.26%  2W 4L 33%  60 analysed
  .. 19:11  flat  $250.66  $+0.66 +0.26%  2W 4L 33%  60 analysed
19:13:43 |    🪞 C266 board-parity (top movers vs screen): AKE +137%[#6] | B2 +72%[#14] | AR
    +51%[Live=0.50<cut] | ONE +45%[Live=0.38<cut] | ZAMA +41%[Live=0.41<cut]
19:13:59 | 📊 Step 3 result: 3 analyzed (+57 cached this 15m candle) → 0 passed | low_confidence=2,
    low_score=1, thin_expectancy=46, flat_projection=5, h1_regime_shock=5, proj_confirms_trend=1
19:19:57 | 📊 Step 3 result: 60 analyzed → 0 passed | low_confidence=1, low_score=5,
    thin_expectancy=43, flat_projection=4, proj_confirms_trend=5, ct_noisy_block=2
19:19:57 |    📌 Nearest miss: XLM score=0.220 conf=0.656 quality=0.144/0.26 reason=score 0.220 <
    0.483
 
 
  19:19  up 6h44m  scan 56 -----------------------------------------------------------------------
  EQUITY    $250.66
  SESSION   $+0.66 +0.26%  peak $251.17  dd 0.20%
  CURVE     ----_____------==***==**************************##+++++++
  DAY       real $+0.66  loss room $1.27 (0.51%)  0% used  vol x0.74  trust x1.00
            ..........................
  RECORD    6 closed  2W 4L  win 33%  payoff 1.93  avg $-0.01/tr  best $+0.79  worst $-0.39
            break-even 34%
  OPEN      flat  free $250.66
  FEES      $0.14  mk10/tk4  0.054% of eq
  SCAN      797 > 60 > 0 passed  top XLM 0.22 (score 0.220 < 0.48)  56 scans, 1915 analysed
  MARKET    TRENDING  bias +0.27  breadth +0.00  taker flow +0.24
  NEWS      65 articles  + tone +0.45  BNB +0.72  DOGE +0.68  SEI +0.38
  INFO      1 tilted  flow/fund/news/oi on 144
            info>0 4tr $+0.16 win 50%  info≤0 2tr $-0.33 win 0%
  MOVERS    AKE +137% #6  B2 +72% #14  AR +51% cut  ONE +45% cut
  TAPE      - + - - + -
  ------------------------------------------------------------------------------------------------
 

============================================================
📝 Log saved: 2026-09-19 19:23:18
============================================================
 
  SESSION SUMMARY --------------------------------------------------------------------------------
  RAN       6h48m  56 scans  1915 pair-analyses  6 closed trades
  P&L       $+0.66 (+0.26%)  $250.00 > $250.66  maxDD 0.34%
  CURVE     ----.....__-__--=*#@=-##########################@@*******
  RECORD    2W 4L  win 33%  payoff 1.93  profit factor 0.97  avg win $+0.47  avg loss $-0.24
            break-even 34%  expectancy $-0.01/tr  gross $0.93 won  $0.97 lost
  HOLD      median 43m  range 27-78m
  COST      fees $0.14  maker 10 / taker 4 fills  133% of gross  71% of fills maker  maker $0.06
            taker $0.08
  INFO A/B  agreed 4tr $+0.16/tr win 50%  disagreed 2tr $-0.33/tr win 0%  gap $+0.49/tr
  EXITS     C399_CONVICTION_FADI 1  TRAILING_TP: peak=+1 1  C377_RISK_STOP: -1.8 1
            C399_CONVICTION_COLL 1  EARLY_PEAK_CAPTURE:  1  REGIME_EXIT: R=-0.27 1
  ------------------------------------------------------------------------------------------------
  PAIR     SIDE      MOVE      NET   HELD  EXIT
  UB       LONG    -0.50%   $-0.39    32m  C399_CONVICTION_FADI [L]
  MINA     LONG    +1.29%   $+0.14  1h18m  TRAILING_TP: peak=+1 [W]
  VVV      LONG    -2.10%   $-0.28    29m  C377_RISK_STOP: -1.8 [L]
  STX      LONG    -0.24%   $-0.05  1h06m  C399_CONVICTION_COLL [L]
  AVAX     LONG    +3.04%   $+0.79    43m  EARLY_PEAK_CAPTURE:  [W]
  ONDO     LONG    -0.59%   $-0.26    27m  REGIME_EXIT: R=-0.27 [L]
  ------------------------------------------------------------------------------------------------
 

============================================================
📝 Log saved: 2026-09-19 19:23:18
============================================================
