06:52:56 |    day cap 0.91%  |  per-trade risk 0.455%  |  break-even WR 50.0% AT 1:1 PAYOFF — no
    R-denominated payoff measured yet, so the honest break-even is the 1:1 figure above and nothing
    better [C406/C463-10]
06:52:56 | 📊 Paper Mode
06:52:59 | ✅ Connected | 797 futures markets
06:52:59 |    day cap 0.68%  |  per-trade risk 0.341%  |  break-even WR 50.0% AT 1:1 PAYOFF — at the
    measured 1.76 payoff (4W/4L in R) it is 36%, which is the number that matters [C406/C463-10]
 
  ================================================================================================
  OMEGA C466  PAPER  Bitget perps
  19 Sep 2026   06:52
  start $250.03  day -0.68% loss
  ================================================================================================
 
06:52:59 |   4 EXIT       4 questions: HARD STOP · THESIS DEAD (C399 retention)
06:52:59 | 💡 Press Ctrl+C to stop safely

============================================================
📝 Log saved: 2026-09-19 06:53:02
============================================================
 
  SESSION SUMMARY --------------------------------------------------------------------------------
  RAN       0h00m  0 scans  0 pair-analyses  0 closed trades
  P&L       $+0.00 (+0.00%)  $250.03 > $250.03  maxDD 0.00%
  COST      fees $0.00  maker 0 / taker 0 fills
  ------------------------------------------------------------------------------------------------
 

============================================================
📝 Log saved: 2026-09-19 06:53:05
============================================================
