00:25:58 |    day cap 0.91%  |  per-trade risk 0.455%  |  break-even WR 50.0% AT 1:1 PAYOFF — no
    R-denominated payoff measured yet, so the honest break-even is the 1:1 figure above and nothing
    better [C406/C463-10]
00:25:58 | 📊 Paper Mode
00:26:00 | ✅ Connected | 797 futures markets
00:26:00 |    day cap 0.68%  |  per-trade risk 0.341%  |  break-even WR 50.0% AT 1:1 PAYOFF — no
    R-denominated payoff measured yet, so the honest break-even is the 1:1 figure above and nothing
    better [C406/C463-10]
 
  ================================================================================================
  OMEGA C466  PAPER  Bitget perps
  19 Sep 2026   00:26
  start $250.00  day -0.68% loss
  ================================================================================================
 
00:26:01 |   4 EXIT       4 questions: HARD STOP · THESIS DEAD (C399 retention)
00:26:01 | 💡 Press Ctrl+C to stop safely
00:26:09 |    🪞 C266 board-parity (top movers vs screen): AKE +83%[#14] | G +72%[#8] | STRK
    +44%[#41] | BR +42%[#23] | F +40%[Live=0.25<cut]
00:27:03 |    🎢→⚖️ INJ: C292 stands down — parabola BROKEN (range 20×ATR, 3.9 ATR off the day
    extreme): the 24h 'trend' already failed structurally; counter-trend entry re-enters the TURNING
    path [C299]
00:27:50 | 📊 Step 3 result: 129 analyzed → 0 passed | score_zero=1, low_score=12,
    cold_no_reference=89, counter_trend_block=9, flat_projection=12, fee_floor=3,
    news_tech_conflict=1, absorption_at_extreme=2
00:27:50 |    📌 Nearest miss: TUT score=0.232 conf=0.627 quality=0.145/0.26 reason=score 0.232 <
    0.420

============================================================
📝 Log saved: 2026-09-19 00:33:11
============================================================
 
  SESSION SUMMARY --------------------------------------------------------------------------------
  RAN       0h07m  1 scans  129 pair-analyses  0 closed trades
  P&L       $+0.00 (+0.00%)  $250.00 > $250.00  maxDD 0.00%
  COST      fees $0.00  maker 0 / taker 0 fills
  ------------------------------------------------------------------------------------------------
 

============================================================
📝 Log saved: 2026-09-19 00:33:11
============================================================
