06:53:10 |    day cap 0.91%  |  per-trade risk 0.455%  |  break-even WR 50.0% AT 1:1 PAYOFF — no
    R-denominated payoff measured yet, so the honest break-even is the 1:1 figure above and nothing
    better [C406/C463-10]
06:53:10 | 📊 Paper Mode
06:53:12 | ✅ Connected | 797 futures markets
06:53:12 |    day cap 0.68%  |  per-trade risk 0.341%  |  break-even WR 50.0% AT 1:1 PAYOFF — at the
    measured 1.76 payoff (4W/4L in R) it is 36%, which is the number that matters [C406/C463-10]
 
  ================================================================================================
  OMEGA C466  PAPER  Bitget perps
  19 Sep 2026   06:53
  start $250.03  day -0.68% loss
  ================================================================================================
 
06:53:13 |   4 EXIT       4 questions: HARD STOP · THESIS DEAD (C399 retention)
06:53:13 | 💡 Press Ctrl+C to stop safely
06:53:18 |    🪞 C266 board-parity (top movers vs screen): AKE +116%[#8] | G +50%[#10] | F +45%[#27]
    | STRK +42%[Live=0.38<cut] | ONE +41%[#12]
06:53:49 |    🎢→⚖️ G: C292 stands down — parabola BROKEN (range 32×ATR, 10.6 ATR off the day
    extreme): the 24h 'trend' already failed structurally; counter-trend entry re-enters the TURNING
    path [C299]
06:53:56 |    🎢→⚖️ LSK: C292 stands down — parabola BROKEN (range 26×ATR, 14.3 ATR off the day
    extreme): the 24h 'trend' already failed structurally; counter-trend entry re-enters the TURNING
    path [C299]
06:54:03 |    🎢→⚖️ MYX: C292 stands down — parabola BROKEN (range 40×ATR, 20.1 ATR off the day
    extreme): the 24h 'trend' already failed structurally; counter-trend entry re-enters the TURNING
    path [C299]
06:54:23 | 📊 Step 3 result: 60 analyzed → 1 viable → Step 4 DRI/DSI
06:59:40 | 📊 Step 3 result: 1 analyzed (+59 cached) → 1 viable → Step 4 DRI/DSI
06:59:41 |    🎲 C378 odds-size: orderliness 0.24 -> risk x0.85 ($0.720)
06:59:42 |    🔒 C378 stop level $0.262 recorded (paper — C377 enforces it in-process) [C397
    tick-legal]
  >> 06:59  OPEN   MET LONG @0.265600  x2 $26.11
       target +4.7%  stop -1.4%  entry score 0.79  maker
 
 
  07:01  up 0h08m  scan 2 ------------------------------------------------------------------------
  EQUITY    $249.87  unreal $-0.16
  SESSION   $-0.16 -0.06%  peak $250.03  dd 0.06%
  DAY       real $+0.03  loss room $1.70 (0.68%)  0% used  vol x1.00  trust x1.00
            ..........................
  RECORD    no closed trades yet this run
  LIFETIME  9tr 4W 5L 44%  $+0.03
  OPEN      1 pos $26.11 (10%)  free $223.92
  FEES      $0.01  mk1/tk0  0.004% of eq
  SCAN      797 > 1 > 1 passed  top MET 0.79 (viable)  2 scans, 61 analysed
  MARKET    TRENDING  bias +0.36  breadth +0.03  taker flow -0.13
  NEWS      65 articles  + tone +0.13  OP -0.58  BNB +0.51  PEPE +0.50
  INFO      1 tilted  flow/news on 60
  MOVERS    AKE +116% #8  G +50% #10  F +45% #27  STRK +42% cut
  ------------------------------------------------------------------------------------------------
  PAIR     SIDE       ENTRY      MARK    MOVE     P&L   AGE  THESIS
  MET      LONG    0.265600  0.265000  -0.23%   -0.16    1m  - 40% left
  ------------------------------------------------------------------------------------------------
 
07:02:59 |    🛑 C377 HARD STOP MET: -1.39% <= -1.38% (0.8R, R=1.84%) — arithmetic, not opinion
07:03:00 | ❌ LOSS: MET/USDT:USDT | C377_RISK_STOP: -1.39% = -0.76R
  << 07:03  CLOSE  MET LONG @0.261900  -1.39% $-0.77  LOSS
       held 3m  C377_RISK_STOP: -1.39% =  -0.76R  TAKER
 
 
  07:09  up 0h16m  scan 2 ------------------------------------------------------------------------
  EQUITY    $249.26
  SESSION   $-0.77 -0.31%  peak $250.03  dd 0.31%
  DAY       real $-0.74  loss room $1.70 (0.68%)  43% used  vol x1.00  trust x1.00
            ###########...............
  RECORD    1 closed  0W 1L  win 0%  avg $-0.77/tr
  LIFETIME  10tr 4W 6L 40%  $-0.74
  OPEN      flat  free $249.26
  FEES      $0.04  mk1/tk1  0.017% of eq
  SCAN      797 > 1 > 1 passed  top MET 0.79 (viable)  2 scans, 61 analysed
  MARKET    TRENDING  bias +0.36  breadth +0.03  taker flow -0.06
  NEWS      65 articles  + tone +0.13  OP -0.58  BNB +0.51  PEPE +0.50
  INFO      1 tilted  flow/news on 60
  MOVERS    AKE +116% #8  G +50% #10  F +45% #27  STRK +42% cut
  TAPE      -
  ------------------------------------------------------------------------------------------------
 
07:09:49 |    🪞 C266 board-parity (top movers vs screen): AKE +114%[#8] | G +48%[#9] | STRK
    +44%[#20] | ONE +40%[#12] | F +39%[#30]
07:10:21 |    🎢→⚖️ F: C292 stands down — parabola BROKEN (range 10×ATR, 3.1 ATR off the day
    extreme): the 24h 'trend' already failed structurally; counter-trend entry re-enters the TURNING
    path [C299]
07:10:38 | 📊 Step 3 result: 59 analyzed → 0 passed | low_score=1, flat_projection=3,
    thin_expectancy=52, proj_confirms_trend=1, ct_noisy_block=1, capitulation=1
07:10:38 |    📌 Nearest miss: GENIUS score=0.551 conf=0.574 quality=0.316/0.26 reason=capitulation
    rej vs RSI30
07:16:15 |    🎢→⚖️ F: C292 stands down — parabola BROKEN (range 11×ATR, 3.7 ATR off the day
    extreme): the 24h 'trend' already failed structurally; counter-trend entry re-enters the TURNING
    path [C299]
07:16:33 |    🎢→⚖️ EIGEN: C292 stands down — parabola BROKEN (range 24×ATR, 4.2 ATR off the day
    extreme): the 24h 'trend' already failed structurally; counter-trend entry re-enters the TURNING
    path [C299]
07:16:36 | 📊 Step 3 result: 59 analyzed → 0 passed | low_score=1, flat_projection=6,
    thin_expectancy=47, proj_confirms_trend=1, ct_noisy_block=3, capitulation=1
07:16:36 |    📌 Nearest miss: GENIUS score=0.539 conf=0.577 quality=0.311/0.26 reason=capitulation
    rej vs RSI21
  .. 07:17  flat  $249.26  $-0.77 -0.31%  0W 1L 0%  59 analysed
07:21:41 |    🪞 C266 board-parity (top movers vs screen): AKE +104%[#8] | STRK +45%[#18] | G
    +44%[#11] | ONE +38%[#13] | F +37%[#27]
07:22:03 | 📊 Step 3 result: 11 analyzed (+48 cached this 15m candle) → 0 passed | low_score=3,
    flat_projection=5, thin_expectancy=47, proj_confirms_trend=1, ct_noisy_block=2, capitulation=1
07:22:03 |    📌 Nearest miss: ICP score=0.027 conf=0.618 quality=0.017/0.26 reason=score 0.027 <
    0.551
  .. 07:25  flat  $249.26  $-0.77 -0.31%  0W 1L 0%  11 analysed
07:32:26 |    🪞 C266 board-parity (top movers vs screen): AKE +100%[#8] | ONE +56%[#10] | G
    +46%[Live=0.46<cut] | STRK +45%[Live=0.48<cut] | AR +36%[Live=0.39<cut]
07:32:50 |    🎢→⚖️ BR: C292 stands down — parabola BROKEN (range 14×ATR, 5.2 ATR off the day
    extreme): the 24h 'trend' already failed structurally; counter-trend entry re-enters the TURNING
    path [C299]
07:32:56 |    🎢→⚖️ F: C292 stands down — parabola BROKEN (range 12×ATR, 4.3 ATR off the day
    extreme): the 24h 'trend' already failed structurally; counter-trend entry re-enters the TURNING
    path [C299]
07:32:59 |    🎢→⚖️ ETHFI: C292 stands down — parabola BROKEN (range 23×ATR, 7.1 ATR off the day
    extreme): the 24h 'trend' already failed structurally; counter-trend entry re-enters the TURNING
    path [C299]
07:33:00 |    📓 C444: MET exited on C377_RISK_STOP: -1.39% = at index 0.37 — 30min later the price
    is -0.23% (-0.12R) inside the noise band — the exit was neutral
07:33:13 |    🎢→⚖️ EIGEN: C292 stands down — parabola BROKEN (range 23×ATR, 3.9 ATR off the day
    extreme): the 24h 'trend' already failed structurally; counter-trend entry re-enters the TURNING
    path [C299]
07:33:16 | 📊 Step 3 result: 59 analyzed → 1 viable → Step 4 DRI/DSI
  .. 07:33  flat  $249.26  $-0.77 -0.31%  0W 1L 0%  59 analysed
07:38:30 | 📊 Step 3 result: 1 analyzed (+58 cached this 15m candle) → 0 passed | low_score=5,
    flat_projection=11, thin_expectancy=38, proj_confirms_trend=1, ct_noisy_block=2,
    no_structural_room=2
 
 
  07:41  up 0h48m  scan 7 ------------------------------------------------------------------------
  EQUITY    $249.26
  SESSION   $-0.77 -0.31%  peak $250.03  dd 0.31%
  CURVE     ++======
  DAY       real $-0.74  loss room $1.88 (0.75%)  39% used  vol x1.10  trust x1.00
            ##########................
  RECORD    1 closed  0W 1L  win 0%  avg $-0.77/tr
  LIFETIME  10tr 4W 6L 40%  $-0.74
  OPEN      flat  free $249.26
  FEES      $0.04  mk1/tk1  0.017% of eq
  SCAN      797 > 1 > 0 passed  7 scans, 250 analysed
  MARKET    TRENDING  bias +0.29  breadth +0.07  taker flow -0.13
  NEWS      65 articles  + tone +0.27  OP -0.58  BNB +0.51  UNI +0.28
  INFO      1 tilted  flow/news/oi on 90
  MOVERS    AKE +100% #8  ONE +56% #10  G +46% cut  STRK +45% cut
  TAPE      -
  ------------------------------------------------------------------------------------------------
 
07:43:36 |    🪞 C266 board-parity (top movers vs screen): AKE +99%[#8] | ONE +66%[#11] | G
    +51%[Live=0.47<cut] | STRK +49%[Live=0.50<cut] | MYX +36%[Live=0.48<cut]
07:43:52 | 📊 Step 3 result: 3 analyzed (+56 cached this 15m candle) → 0 passed | low_score=6,
    flat_projection=12, thin_expectancy=37, proj_confirms_trend=1, ct_noisy_block=1,
    no_structural_room=2
07:43:52 |    📌 Nearest miss: GALA score=0.229 conf=0.705 quality=0.161/0.26 reason=score 0.229 <
    0.542
07:49:21 |    🎢→⚖️ BR: C292 stands down — parabola BROKEN (range 13×ATR, 4.3 ATR off the day
    extreme): the 24h 'trend' already failed structurally; counter-trend entry re-enters the TURNING
    path [C299]
07:49:32 |    🎢→⚖️ F: C292 stands down — parabola BROKEN (range 12×ATR, 4.5 ATR off the day
    extreme): the 24h 'trend' already failed structurally; counter-trend entry re-enters the TURNING
    path [C299]
07:49:58 | 📊 Step 3 result: 59 analyzed → 1 viable → Step 4 DRI/DSI
07:49:59 |    🎲 C378 odds-size: orderliness 0.12 -> risk x0.77 ($0.657)
07:49:59 |    🔒 C378 stop level $0.03389 recorded (paper — C377 enforces it in-process) [C397
    tick-legal]
  >> 07:50  OPEN   S LONG @0.034310  x2 $26.43
       target +5.2%  stop -1.2%  entry score 0.54  maker
 
 
  07:50  up 0h56m  scan 9 ------------------------------------------------------------------------
  EQUITY    $249.22  unreal $-0.04
  SESSION   $-0.81 -0.32%  peak $250.03  dd 0.32%
  CURVE     ++=======
  DAY       real $-0.74  loss room $1.88 (0.75%)  39% used  vol x1.10  trust x1.00
            ##########................
  RECORD    1 closed  0W 1L  win 0%  avg $-0.77/tr
  LIFETIME  10tr 4W 6L 40%  $-0.74
  OPEN      1 pos $26.43 (11%)  free $222.83
  FEES      $0.05  mk2/tk1  0.021% of eq
  SCAN      797 > 59 > 1 passed  top S 0.54 (viable)  9 scans, 312 analysed
  MARKET    TRENDING  bias +0.38  breadth +0.00  taker flow -0.02
  NEWS      65 articles  + tone +0.27  OP -0.58  BNB +0.51  UNI +0.28
  INFO      1 tilted  flow/news/oi on 93
  MOVERS    AKE +99% #8  ONE +66% #11  G +51% cut  STRK +49% cut
  TAPE      -
  ------------------------------------------------------------------------------------------------
  PAIR     SIDE       ENTRY      MARK    MOVE     P&L   AGE  THESIS
  S        LONG    0.034310  0.034310  +0.00%   -0.04    0m  - 100% left
  ------------------------------------------------------------------------------------------------
 
07:55:00 | 🛑 Stopping...
 
  SESSION SUMMARY --------------------------------------------------------------------------------
  RAN       1h01m  9 scans  312 pair-analyses  1 closed trades
  P&L       $-1.44 (-0.58%)  $250.03 > $248.59  maxDD 0.58%
  CURVE     @@=======.
  RECORD    0W 1L  win 0%  payoff n/a  profit factor n/a  avg win n/a  avg loss $-0.77
            break-even n/a  expectancy $-0.77/tr  gross $0.00 won  $0.77 lost
  HOLD      median 3m  range 3-3m
  COST      fees $0.05  maker 2 / taker 1 fills  7% of gross  67% of fills maker  maker $0.02
            taker $0.03
  EXITS     C377_RISK_STOP: -1.3 1
  ------------------------------------------------------------------------------------------------
  PAIR     SIDE      MOVE      NET   HELD  EXIT
  MET      LONG    -1.39%   $-0.77     3m  C377_RISK_STOP: -1.3 [L]
  ------------------------------------------------------------------------------------------------
 

============================================================
📝 Log saved: 2026-09-19 07:55:01
============================================================
