
  ================================================================================================
  OMEGA C489  PAPER  Bitget perps
  25 Sep 2026   18:43
  start $252.26  risk dial 15%/month
  ================================================================================================

  RISK FRAME -------------------------------------------------------------------------------------
  EQUITY    $252.26  805 markets
  MONTH     dial 15% = $37.92 this month  used $0.54
  DAY       limit $9.44  25% of what the month has left, fixed at midnight
  RISK      0.341% = $0.86/trade  trades/day NO CAP
  EDGE      +0.0474 blended  44W 95L realised
  NEED      32% win at 2.10 payoff
  ------------------------------------------------------------------------------------------------



  18:51  up 0h08m  scan 0 ------------------------------------------------------------------------
  EQUITY    $252.63  unreal $+0.37
  OPEN      flat  free $228.54
  SHADOW    intraday M1 +0.00%  M1g +0.00%  1d paper only
  BOOK      9 pos gross $119.53 (0.47x)  open $+0.37  funding $+0.00  vol 20% top 20
            rebal 2026-09-25
  SESSION   $+0.37 +0.15%
  DAY       real $-0.37  limit $9.44 (3.74%)  4% used
            #.........................
  MONTH     dial 15%  used $0.54 of $37.92  from $252.81
  RECORD    no closed trades yet this run
  LIFETIME  139tr 44W 95L 32%  $+2.26
  FEES      no fills yet this run
  MARKET    bias +0.00  breadth +0.00
  ------------------------------------------------------------------------------------------------



  18:59  up 0h16m  scan 0 ------------------------------------------------------------------------
  EQUITY    $252.54  unreal $+0.28
  OPEN      flat  free $228.54
  SHADOW    intraday M1 +0.00%  M1g +0.00%  1d paper only
  BOOK      9 pos gross $119.60 (0.47x)  open $+0.28  funding $+0.00  vol 20% top 20
            rebal 2026-09-25
  SESSION   $+0.28 +0.11%  peak $252.63  dd 0.04%
  DAY       real $-0.37  limit $9.44 (3.74%)  4% used
            #.........................
  MONTH     dial 15%  used $0.54 of $37.92  from $252.81
  RECORD    no closed trades yet this run
  LIFETIME  139tr 44W 95L 32%  $+2.26
  FEES      no fills yet this run
  MARKET    bias +0.00  breadth +0.00
  ------------------------------------------------------------------------------------------------



  19:07  up 0h24m  scan 0 ------------------------------------------------------------------------
  EQUITY    $252.62  unreal $+0.36
  OPEN      flat  free $228.54
  SHADOW    intraday M1 +0.00%  M1g +0.00%  1d paper only
  BOOK      9 pos gross $119.95 (0.47x)  open $+0.36  funding $+0.00  vol 20% top 20
            rebal 2026-09-25
  SESSION   $+0.36 +0.14%  peak $252.63
  DAY       real $-0.37  limit $9.44 (3.74%)  4% used
            #.........................
  MONTH     dial 15%  used $0.54 of $37.92  from $252.81
  RECORD    no closed trades yet this run
  LIFETIME  139tr 44W 95L 32%  $+2.26
  FEES      no fills yet this run
  MARKET    bias +0.00  breadth +0.00
  ------------------------------------------------------------------------------------------------



  19:15  up 0h32m  scan 0 ------------------------------------------------------------------------
  EQUITY    $252.56  unreal $+0.30
  OPEN      flat  free $228.54
  SHADOW    intraday M1 +0.00%  M1g +0.00%  1d paper only
  BOOK      9 pos gross $119.17 (0.47x)  open $+0.30  funding $+0.00  vol 20% top 20
            rebal 2026-09-25
  SESSION   $+0.30 +0.12%  peak $252.63  dd 0.03%
  DAY       real $-0.37  limit $9.44 (3.74%)  4% used
            #.........................
  MONTH     dial 15%  used $0.54 of $37.92  from $252.81
  RECORD    no closed trades yet this run
  LIFETIME  139tr 44W 95L 32%  $+2.26
  FEES      no fills yet this run
  MARKET    bias +0.00  breadth +0.00
  ------------------------------------------------------------------------------------------------



  19:23  up 0h40m  scan 0 ------------------------------------------------------------------------
  EQUITY    $252.60  unreal $+0.34
  OPEN      flat  free $228.54
  SHADOW    intraday M1 +0.00%  M1g +0.00%  1d paper only
  BOOK      9 pos gross $119.17 (0.47x)  open $+0.34  funding $+0.00  vol 20% top 20
            rebal 2026-09-25
  SESSION   $+0.34 +0.13%  peak $252.63  dd 0.01%
  CURVE     =+++++
  DAY       real $-0.37  limit $9.44 (3.74%)  4% used
            #.........................
  MONTH     dial 15%  used $0.54 of $37.92  from $252.81
  RECORD    no closed trades yet this run
  LIFETIME  139tr 44W 95L 32%  $+2.26
  FEES      no fills yet this run
  MARKET    bias +0.00  breadth +0.00
  ------------------------------------------------------------------------------------------------



  19:31  up 0h48m  scan 0 ------------------------------------------------------------------------
  EQUITY    $252.49  unreal $+0.23
  OPEN      flat  free $228.54
  SHADOW    intraday M1 +0.00%  M1g +0.00%  1d paper only
  BOOK      9 pos gross $119.21 (0.47x)  open $+0.23  funding $+0.00  vol 20% top 20
            rebal 2026-09-25
  SESSION   $+0.23 +0.09%  peak $252.63  dd 0.06%
  CURVE     =++++++
  DAY       real $-0.37  limit $9.44 (3.74%)  4% used
            #.........................
  MONTH     dial 15%  used $0.54 of $37.92  from $252.81
  RECORD    no closed trades yet this run
  LIFETIME  139tr 44W 95L 32%  $+2.26
  FEES      no fills yet this run
  MARKET    bias +0.00  breadth +0.00
  ------------------------------------------------------------------------------------------------



  19:39  up 0h56m  scan 0 ------------------------------------------------------------------------
  EQUITY    $252.38  unreal $+0.12
  OPEN      flat  free $228.54
  SHADOW    intraday M1 +0.00%  M1g +0.00%  1d paper only
  BOOK      9 pos gross $118.42 (0.47x)  open $+0.12  funding $+0.00  vol 20% top 20
            rebal 2026-09-25
  SESSION   $+0.12 +0.05%  peak $252.63  dd 0.10%
  CURVE     =++++++=
  DAY       real $-0.37  limit $9.44 (3.74%)  4% used
            #.........................
  MONTH     dial 15%  used $0.54 of $37.92  from $252.81
  RECORD    no closed trades yet this run
  LIFETIME  139tr 44W 95L 32%  $+2.26
  FEES      no fills yet this run
  MARKET    bias +0.00  breadth +0.00
  ------------------------------------------------------------------------------------------------



  19:47  up 1h04m  scan 0 ------------------------------------------------------------------------
  EQUITY    $252.52  unreal $+0.26
  OPEN      flat  free $228.54
  SHADOW    intraday M1 +0.00%  M1g +0.00%  1d paper only
  BOOK      9 pos gross $118.48 (0.47x)  open $+0.26  funding $+0.00  vol 20% top 20
            rebal 2026-09-25
  SESSION   $+0.26 +0.10%  peak $252.63  dd 0.04%
  CURVE     =++++++=+
  DAY       real $-0.37  limit $9.44 (3.74%)  4% used
            #.........................
  MONTH     dial 15%  used $0.54 of $37.92  from $252.81
  RECORD    no closed trades yet this run
  LIFETIME  139tr 44W 95L 32%  $+2.26
  FEES      no fills yet this run
  MARKET    bias +0.00  breadth +0.00
  ------------------------------------------------------------------------------------------------



  19:55  up 1h12m  scan 0 ------------------------------------------------------------------------
  EQUITY    $252.57  unreal $+0.31
  OPEN      flat  free $228.54
  SHADOW    intraday M1 +0.00%  M1g +0.00%  1d paper only
  BOOK      9 pos gross $118.35 (0.47x)  open $+0.31  funding $+0.00  vol 20% top 20
            rebal 2026-09-25
  SESSION   $+0.31 +0.12%  peak $252.63  dd 0.02%
  CURVE     =++++++=++
  DAY       real $-0.37  limit $9.44 (3.74%)  4% used
            #.........................
  MONTH     dial 15%  used $0.54 of $37.92  from $252.81
  RECORD    no closed trades yet this run
  LIFETIME  139tr 44W 95L 32%  $+2.26
  FEES      no fills yet this run
  MARKET    bias +0.00  breadth +0.00
  ------------------------------------------------------------------------------------------------



  20:03  up 1h20m  scan 0 ------------------------------------------------------------------------
  EQUITY    $252.82  unreal $+0.56
  OPEN      flat  free $228.54
  SHADOW    intraday M1 +0.00%  M1g +0.00%  1d paper only
  BOOK      9 pos gross $118.93 (0.47x)  open $+0.56  funding $+0.00  vol 20% top 20
            rebal 2026-09-25
  SESSION   $+0.56 +0.22%
  CURVE     =+=+++===++
  DAY       real $-0.37  limit $9.44 (3.74%)  4% used
            #.........................
  MONTH     dial 15%  used $0.54 of $37.92  from $252.81
  RECORD    no closed trades yet this run
  LIFETIME  139tr 44W 95L 32%  $+2.26
  FEES      no fills yet this run
  MARKET    bias +0.00  breadth +0.00
  ------------------------------------------------------------------------------------------------



  20:11  up 1h28m  scan 0 ------------------------------------------------------------------------
  EQUITY    $252.76  unreal $+0.50
  OPEN      flat  free $228.54
  SHADOW    intraday M1 +0.00%  M1g +0.00%  1d paper only
  BOOK      9 pos gross $118.41 (0.47x)  open $+0.50  funding $+0.00  vol 20% top 20
            rebal 2026-09-25
  SESSION   $+0.50 +0.20%  peak $252.82  dd 0.02%
  CURVE     =+=+++===+++
  DAY       real $-0.37  limit $9.44 (3.74%)  4% used
            #.........................
  MONTH     dial 15%  used $0.54 of $37.92  from $252.81
  RECORD    no closed trades yet this run
  LIFETIME  139tr 44W 95L 32%  $+2.26
  FEES      no fills yet this run
  MARKET    bias +0.00  breadth +0.00
  ------------------------------------------------------------------------------------------------

