01:22:39 | 📊 Paper Mode
01:22:42 | ✅ Connected | 812 futures markets
01:22:42 | 📊 Bitget Fees: Maker 0.02% | Taker 0.06%
01:22:42 | 📊 Market type: PERPETUAL FUTURES (swap) — verified
01:22:42 | 📋 Limit Orders: ENABLED (offset 0.1%) -- the idle intraday scanner's; the book trades with market orders
01:22:42 | 📂 Loaded state: $249.93 realised | 0 intraday positions | available $227.06 before open P&L (locked $22.86)
01:22:42 | 📐 RISK @ $249.93: monthly dial 20% = $49.99/month (20% of this month's anchor $249.93)  |  the portfolio book trades: its month guard closes the book if MARKED equity falls that far below the month's anchor [C497]
 
  ================================================================================================
  OMEGA C517  PAPER  Bitget perps
  01 Oct 2026   01:22
  start $249.93 realised  risk dial 20%/month
  ================================================================================================
 
  RISK FRAME -------------------------------------------------------------------------------------
  EQUITY    $249.93 realised  812 markets
  MONTH     dial 20% = $49.99 this month  used $0.00 realised
  BOOK      daily trend + momentum + carry, rebalanced 00:05 UTC
            month guard on MARKED equity (open P&L counts)  intraday scanner idle
  ------------------------------------------------------------------------------------------------
 
01:22:42 |    (legacy Flask page not installed — the dashboard is the control panel)
01:22:42 | 🌐 Remote control on http://0.0.0.0:8138 — TOKEN REQUIRED
01:22:42 |    📱 Local network: http://10.0.0.160:8138/?t=<your token> (this machine's own address)
01:22:42 |    🌍 Internet: put a Cloudflare Tunnel in front of this port.
01:22:42 |        See deploy/DEPLOY.md — one command, no open ports, free.
01:22:42 | ============================================================
01:22:42 | 🤖 OMEGA V60 — INFORMATION ENGINE (C466)
01:22:42 | 📊 C503 WHAT IS RUNNING -- the portfolio book trades:
01:22:42 |    RULE   C2 N2+N3: C2 = residual momentum, no crowded shorts (N2+N3) -- a FORWARD TEST in paper (C510); the admitted rule is scored beside it in the rule tournament
01:22:42 |    BOOK   trend (C1) + momentum (C2) + carry (C3), equal risk; vol target 27% from the 20% dial; gross <= 3x equity; top 20 crypto; $6 minimum; 30% band
01:22:42 |           rebalanced daily 00:05 UTC with market orders (paper fills at the ask/bid, taker 0.06%); 5x cross margin; funding at each coin's own interval; its one limit is the month guard on MARKED equity
01:22:42 |    PAPER  never touches the account: intraday shadow (C489) hourly · carry (C490) 00:10 UTC · spot pot (C501/C502) $250, spot minimum $1, 00:20 UTC · idle cash -> Savings at 7.63% every minute · rule tournament (C510, 7 rules on the same prices) at each rebalance
01:22:42 |    IDLE   the intraday scanner, the OLD strategy (139 trades, 44W/95L before the 29 Sep 2026 fresh start; it lost after fees): it opens nothing, and its boot description is not printed (OMEGA_ENGINE=intraday runs and describes it)
01:22:42 | 💡 Stop safely: sudo systemctl stop omega (Ctrl+C only when run by hand)
01:22:42 | ============================================================
01:22:42 | 🔄 Monitoring thread started — SPLIT LOOP [C397]: FAST leg every 0.8s (prices in PARALLEL → hard stop, trailing floor, peak floor, capture floor); SLOW leg every 20s (OHLCV/DRI) and 90s (BTC/ETH regime, AFTER positions are checked, never before) -- it watches INTRADAY positions; the book has no stops, its one limit is the month guard
01:22:45 | 💼 C488: portfolio engine ON -- the intraday scanner opens no new positions (OMEGA_ENGINE=intraday restores it); the book holds 12 positions
 
  01:30  up 0h08m  daily book --------------------------------------------------------------------
  EQUITY    $252.57  unreal $+2.64
  OPEN      no intraday positions  book holds 12 (BOOK row)  free $229.71 after open P&L
  SHADOW    intraday M1 $254.48 (+1.82%)  M1g $252.87 (+1.18%)  2d paper only
  CARRY     $249.61 (-0.13%)  8 held  paper only
  SPOT      $250.47 (+0.19%)  14 held  20% invested  cash earns 7.63%  paper pot
  SAVINGS   idle $166.55 (66%)  at 7.63% +$0.05 so far  ~$1.06/month  paper
  BOOK      12 pos gross $115.86 (0.46x)  open $+2.65  funding $-0.00  vol 27% top 20
            rebal 2026-09-30
  CONTEXT   since 29 Sep $+2.57 (+1.03%) in 1.5d  normal -1.5% to +2.1%  top 23%: normal
  CONTEXT   month 01 Oct -0.13%  under a day: too early to judge
  RULE      C2 N2+N3  forward test (paper)
  TOURNEY   7 rules held  first score at the next rebalance, for 2026-09-30
  DATA      on time  prices 32s  funding booked  book today  shadow 19:00  carry today
            spot pot today
  SESSION   $-0.05 -0.02%  peak $252.62  dd 0.02%
  MONTH     book guard $0.32 of $50.58 used  on marked equity  from $252.89  dial 20%
            ..........................
  RECORD    book closed 0  0W 0L  net $+0.00  fees and funding in
  FEES      no fills yet this run (the book trades at 00:05 UTC)
  ------------------------------------------------------------------------------------------------
 
01:30:40 | 
01:30:40 | ============================================================
01:30:40 | 📊 POSITION SUMMARY (8-MIN UPDATE)
01:30:40 | 💰 Equity: $249.93 | Unrealized: $+2.64
01:30:40 | 💵 Available: $229.71 after open P&L | Locked: $22.86
01:30:40 | 📈 Session: $-0.05 (-0.0%)
01:30:40 | 🎯 C510 Book (what trades): 12 positions, gross 0.46x, open $+2.65 | rule C2 N2+N3 | closed 0: 0W/0L $+0.00 | since 29 Sep +1.03% (normal)
01:30:40 | ============================================================
01:30:40 | ============================================================
01:30:40 | 🔻 Book guard: $0.32 of $50.58 used this month on marked equity (1%, from $252.89) · realised today -0.00% [C497]
01:30:40 | ============================================================
01:30:40 | 
01:32:53 |    👻 C489 shadow hour 20:00 UTC: 37 coins scored (warm-up (14, no flow)), gate shut | M1 $255.45 (+2.21%) M1g $252.87 (+1.18%) over 2d [29s]
 
  01:38  up 0h16m  daily book --------------------------------------------------------------------
  EQUITY    $252.62  unreal $+2.69
  OPEN      no intraday positions  book holds 12 (BOOK row)  free $229.76 after open P&L
  SHADOW    intraday M1 $255.45 (+2.21%)  M1g $252.87 (+1.18%)  2d paper only
  CARRY     $249.61 (-0.13%)  8 held  paper only
  SPOT      $250.56 (+0.22%)  14 held  20% invested  cash earns 7.63%  paper pot
  SAVINGS   idle $166.61 (66%)  at 7.63% +$0.05 so far  ~$1.06/month  paper
  BOOK      12 pos gross $115.98 (0.46x)  open $+2.69  funding $-0.00  vol 27% top 20
            rebal 2026-09-30
  CONTEXT   since 29 Sep $+2.62 (+1.05%) in 1.5d  normal -1.5% to +2.1%  top 23%: normal
  CONTEXT   month 01 Oct -0.11%  under a day: too early to judge
  RULE      C2 N2+N3  forward test (paper)
  TOURNEY   7 rules held  first score at the next rebalance, for 2026-09-30
  DATA      on time  prices 23s  funding booked  book today  shadow 20:00  carry today
            spot pot today
  SESSION   $+0.00 +0.00%
  MONTH     book guard $0.27 of $50.58 used  on marked equity  from $252.89  dial 20%
            ..........................
  RECORD    book closed 0  0W 0L  net $+0.00  fees and funding in
  FEES      no fills yet this run (the book trades at 00:05 UTC)
  ------------------------------------------------------------------------------------------------
 
01:38:40 | 
01:38:40 | ============================================================
01:38:40 | 📊 POSITION SUMMARY (8-MIN UPDATE)
01:38:40 | 💰 Equity: $249.93 | Unrealized: $+2.69
01:38:40 | 💵 Available: $229.76 after open P&L | Locked: $22.86
01:38:40 | 📈 Session: $+0.00 (+0.0%)
01:38:40 | 🎯 C510 Book (what trades): 12 positions, gross 0.46x, open $+2.69 | rule C2 N2+N3 | closed 0: 0W/0L $+0.00 | since 29 Sep +1.05% (normal)
01:38:40 | ============================================================
01:38:40 | ============================================================
01:38:40 | 🔻 Book guard: $0.27 of $50.58 used this month on marked equity (1%, from $252.89) · realised today -0.00% [C497]
01:38:40 | ============================================================
01:38:40 | 
 
  01:46  up 0h24m  daily book --------------------------------------------------------------------
  EQUITY    $252.77  unreal $+2.84
  OPEN      no intraday positions  book holds 12 (BOOK row)  free $229.91 after open P&L
  SHADOW    intraday M1 $255.45 (+2.21%)  M1g $252.87 (+1.18%)  2d paper only
  CARRY     $249.61 (-0.13%)  8 held  paper only
  SPOT      $250.66 (+0.27%)  14 held  20% invested  cash earns 7.63%  paper pot
  SAVINGS   idle $166.79 (66%)  at 7.63% +$0.05 so far  ~$1.06/month  paper
  BOOK      12 pos gross $116.26 (0.46x)  open $+2.84  funding $-0.00  vol 27% top 20
            rebal 2026-09-30
  CONTEXT   since 29 Sep $+2.77 (+1.11%) in 1.5d  normal -1.5% to +2.1%  top 22%: normal
  CONTEXT   month 01 Oct -0.05%  under a day: too early to judge
  RULE      C2 N2+N3  forward test (paper)
  TOURNEY   7 rules held  first score at the next rebalance, for 2026-09-30
  DATA      on time  prices 17s  funding booked  book today  shadow 20:00  carry today
            spot pot today
  SESSION   $+0.15 +0.06%
  MONTH     book guard $0.12 of $50.58 used  on marked equity  from $252.89  dial 20%
            ..........................
  RECORD    book closed 0  0W 0L  net $+0.00  fees and funding in
  FEES      no fills yet this run (the book trades at 00:05 UTC)
  ------------------------------------------------------------------------------------------------
 
01:46:41 | 
01:46:41 | ============================================================
01:46:41 | 📊 POSITION SUMMARY (8-MIN UPDATE)
01:46:41 | 💰 Equity: $249.93 | Unrealized: $+2.84
01:46:41 | 💵 Available: $229.91 after open P&L | Locked: $22.86
01:46:41 | 📈 Session: $+0.15 (+0.1%)
01:46:41 | 🎯 C510 Book (what trades): 12 positions, gross 0.46x, open $+2.84 | rule C2 N2+N3 | closed 0: 0W/0L $+0.00 | since 29 Sep +1.11% (normal)
01:46:41 | ============================================================
01:46:41 | ============================================================
01:46:41 | 🔻 Book guard: $0.12 of $50.58 used this month on marked equity (0%, from $252.89) · realised today -0.00% [C497]
01:46:41 | ============================================================
01:46:41 | 
 
  01:54  up 0h32m  daily book --------------------------------------------------------------------
  EQUITY    $252.99  unreal $+3.06
  OPEN      no intraday positions  book holds 12 (BOOK row)  free $230.13 after open P&L
  SHADOW    intraday M1 $255.45 (+2.21%)  M1g $252.87 (+1.18%)  2d paper only
  CARRY     $249.61 (-0.13%)  8 held  paper only
  SPOT      $250.93 (+0.37%)  14 held  20% invested  cash earns 7.63%  paper pot
  SAVINGS   idle $166.88 (66%)  at 7.63% +$0.05 so far  ~$1.06/month  paper
  BOOK      12 pos gross $116.95 (0.46x)  open $+3.06  funding $-0.00  vol 27% top 20
            rebal 2026-09-30
  CONTEXT   since 29 Sep $+2.99 (+1.20%) in 1.5d  normal -1.5% to +2.1%  top 21%: normal
  CONTEXT   month 01 Oct +0.04%  under a day: too early to judge
  RULE      C2 N2+N3  forward test (paper)
  TOURNEY   7 rules held  first score at the next rebalance, for 2026-09-30
  DATA      on time  prices 11s  funding booked  book today  shadow 20:00  carry today
            spot pot today
  SESSION   $+0.37 +0.15%
  MONTH     book guard $0.00 of $50.58 used  on marked equity  from $252.89  dial 20%
            ..........................
  RECORD    book closed 0  0W 0L  net $+0.00  fees and funding in
  FEES      no fills yet this run (the book trades at 00:05 UTC)
  ------------------------------------------------------------------------------------------------
 
01:54:42 | 
01:54:42 | ============================================================
01:54:42 | 📊 POSITION SUMMARY (8-MIN UPDATE)
01:54:42 | 💰 Equity: $249.93 | Unrealized: $+3.06
01:54:42 | 💵 Available: $230.13 after open P&L | Locked: $22.86
01:54:42 | 📈 Session: $+0.37 (+0.1%)
01:54:42 | 🎯 C510 Book (what trades): 12 positions, gross 0.46x, open $+3.06 | rule C2 N2+N3 | closed 0: 0W/0L $+0.00 | since 29 Sep +1.20% (normal)
01:54:42 | ============================================================
01:54:42 | ============================================================
01:54:42 | 🔻 Book guard: $0.00 of $50.58 used this month on marked equity (0%, from $252.89) · realised today -0.00% [C497]
01:54:42 | ============================================================
01:54:42 | 
 
  02:02  up 0h40m  daily book --------------------------------------------------------------------
  EQUITY    $252.72  unreal $+2.79
  OPEN      no intraday positions  book holds 12 (BOOK row)  free $229.86 after open P&L
  SHADOW    intraday M1 $255.45 (+2.21%)  M1g $252.87 (+1.18%)  2d paper only
  CARRY     $249.61 (-0.13%)  8 held  paper only
  SPOT      $250.77 (+0.31%)  14 held  20% invested  cash earns 7.63%  paper pot
  SAVINGS   idle $166.68 (66%)  at 7.63% +$0.05 so far  ~$1.06/month  paper
  BOOK      12 pos gross $116.34 (0.46x)  open $+2.79  funding $-0.00  vol 27% top 20
            rebal 2026-09-30
  CONTEXT   since 29 Sep $+2.72 (+1.09%) in 1.5d  normal -1.5% to +2.1%  top 22%: normal
  CONTEXT   month 01 Oct -0.07%  under a day: too early to judge
  RULE      C2 N2+N3  forward test (paper)
  TOURNEY   7 rules held  first score at the next rebalance, for 2026-09-30
  DATA      on time  prices 6s  funding booked  book today  shadow 20:00  carry today
            spot pot today
  SESSION   $+0.10 +0.04%  peak $252.99  dd 0.11%
  CURVE     ====+=
  MONTH     book guard $0.17 of $50.58 used  on marked equity  from $252.89  dial 20%
            ..........................
  RECORD    book closed 0  0W 0L  net $+0.00  fees and funding in
  FEES      no fills yet this run (the book trades at 00:05 UTC)
  ------------------------------------------------------------------------------------------------
 
02:02:42 | 
02:02:42 | ============================================================
02:02:42 | 📊 POSITION SUMMARY (8-MIN UPDATE)
02:02:42 | 💰 Equity: $249.93 | Unrealized: $+2.79
02:02:42 | 💵 Available: $229.86 after open P&L | Locked: $22.86
02:02:42 | 📈 Session: $+0.10 (+0.0%)
02:02:42 | 🎯 C510 Book (what trades): 12 positions, gross 0.46x, open $+2.79 | rule C2 N2+N3 | closed 0: 0W/0L $+0.00 | since 29 Sep +1.09% (normal)
02:02:42 | ============================================================
02:02:42 | ============================================================
02:02:42 | 🔻 Book guard: $0.17 of $50.58 used this month on marked equity (0%, from $252.89) · realised today -0.00% [C497]
02:02:42 | ============================================================
02:02:42 | 
 
  02:10  up 0h48m  daily book --------------------------------------------------------------------
  EQUITY    $252.79  unreal $+2.86
  OPEN      no intraday positions  book holds 12 (BOOK row)  free $229.93 after open P&L
  SHADOW    intraday M1 $255.45 (+2.21%)  M1g $252.87 (+1.18%)  2d paper only
  CARRY     $249.61 (-0.13%)  8 held  paper only
  SPOT      $250.87 (+0.35%)  14 held  20% invested  cash earns 7.63%  paper pot
  SAVINGS   idle $166.77 (66%)  at 7.63% +$0.05 so far  ~$1.06/month  paper
  BOOK      12 pos gross $116.58 (0.46x)  open $+2.86  funding $-0.00  vol 27% top 20
            rebal 2026-09-30
  CONTEXT   since 29 Sep $+2.79 (+1.12%) in 1.5d  normal -1.5% to +2.1%  top 22%: normal
  CONTEXT   month 01 Oct -0.04%  under a day: too early to judge
  RULE      C2 N2+N3  forward test (paper)
  TOURNEY   7 rules held  first score at the next rebalance, for 2026-09-30
  DATA      on time  prices 0s  funding booked  book today  shadow 20:00  carry today
            spot pot today
  SESSION   $+0.17 +0.07%  peak $252.99  dd 0.08%
  CURVE     ====+=+
  MONTH     book guard $0.10 of $50.58 used  on marked equity  from $252.89  dial 20%
            ..........................
  RECORD    book closed 0  0W 0L  net $+0.00  fees and funding in
  FEES      no fills yet this run (the book trades at 00:05 UTC)
  ------------------------------------------------------------------------------------------------
 
02:10:42 | 
02:10:42 | ============================================================
02:10:42 | 📊 POSITION SUMMARY (8-MIN UPDATE)
02:10:42 | 💰 Equity: $249.93 | Unrealized: $+2.86
02:10:42 | 💵 Available: $229.93 after open P&L | Locked: $22.86
02:10:42 | 📈 Session: $+0.17 (+0.1%)
02:10:42 | 🎯 C510 Book (what trades): 12 positions, gross 0.46x, open $+2.86 | rule C2 N2+N3 | closed 0: 0W/0L $+0.00 | since 29 Sep +1.12% (normal)
02:10:42 | ============================================================
02:10:42 | ============================================================
02:10:42 | 🔻 Book guard: $0.10 of $50.58 used this month on marked equity (0%, from $252.89) · realised today -0.00% [C497]
02:10:42 | ============================================================
02:10:42 | 
 
  02:18  up 0h56m  daily book --------------------------------------------------------------------
  EQUITY    $252.85  unreal $+2.92
  OPEN      no intraday positions  book holds 12 (BOOK row)  free $229.99 after open P&L
  SHADOW    intraday M1 $255.45 (+2.21%)  M1g $252.87 (+1.18%)  2d paper only
  CARRY     $249.61 (-0.13%)  8 held  paper only
  SPOT      $250.84 (+0.33%)  14 held  20% invested  cash earns 7.63%  paper pot
  SAVINGS   idle $166.78 (66%)  at 7.63% +$0.05 so far  ~$1.06/month  paper
  BOOK      12 pos gross $116.56 (0.46x)  open $+2.92  funding $-0.00  vol 27% top 20
            rebal 2026-09-30
  CONTEXT   since 29 Sep $+2.85 (+1.14%) in 1.5d  normal -1.5% to +2.1%  top 22%: normal
  CONTEXT   month 01 Oct -0.02%  under a day: too early to judge
  RULE      C2 N2+N3  forward test (paper)
  TOURNEY   7 rules held  first score at the next rebalance, for 2026-09-30
  DATA      on time  prices 34s  funding booked  book today  shadow 20:00  carry today
            spot pot today
  SESSION   $+0.23 +0.09%  peak $252.99  dd 0.06%
  CURVE     ====+=++
  MONTH     book guard $0.04 of $50.58 used  on marked equity  from $252.89  dial 20%
            ..........................
  RECORD    book closed 0  0W 0L  net $+0.00  fees and funding in
  FEES      no fills yet this run (the book trades at 00:05 UTC)
  ------------------------------------------------------------------------------------------------
 
02:18:43 | 
02:18:43 | ============================================================
02:18:43 | 📊 POSITION SUMMARY (8-MIN UPDATE)
02:18:43 | 💰 Equity: $249.93 | Unrealized: $+2.92
02:18:43 | 💵 Available: $229.99 after open P&L | Locked: $22.86
02:18:43 | 📈 Session: $+0.23 (+0.1%)
02:18:43 | 🎯 C510 Book (what trades): 12 positions, gross 0.46x, open $+2.92 | rule C2 N2+N3 | closed 0: 0W/0L $+0.00 | since 29 Sep +1.14% (normal)
02:18:43 | ============================================================
02:18:43 | ============================================================
02:18:43 | 🔻 Book guard: $0.04 of $50.58 used this month on marked equity (0%, from $252.89) · realised today -0.00% [C497]
02:18:43 | ============================================================
02:18:43 | 
 
  02:26  up 1h04m  daily book --------------------------------------------------------------------
  EQUITY    $252.71  unreal $+2.78
  OPEN      no intraday positions  book holds 12 (BOOK row)  free $229.85 after open P&L
  SHADOW    intraday M1 $255.45 (+2.21%)  M1g $252.87 (+1.18%)  2d paper only
  CARRY     $249.61 (-0.13%)  8 held  paper only
  SPOT      $250.71 (+0.28%)  14 held  20% invested  cash earns 7.63%  paper pot
  SAVINGS   idle $166.67 (66%)  at 7.63% +$0.05 so far  ~$1.06/month  paper
  BOOK      12 pos gross $116.22 (0.46x)  open $+2.78  funding $-0.00  vol 27% top 20
            rebal 2026-09-30
  CONTEXT   since 29 Sep $+2.71 (+1.08%) in 1.5d  normal -1.5% to +2.1%  top 22%: normal
  CONTEXT   month 01 Oct -0.07%  under a day: too early to judge
  RULE      C2 N2+N3  forward test (paper)
  TOURNEY   7 rules held  first score at the next rebalance, for 2026-09-30
  DATA      on time  prices 29s  funding booked  book today  shadow 20:00  carry today
            spot pot today
  SESSION   $+0.09 +0.04%  peak $252.99  dd 0.11%
  CURVE     ====+=++=
  MONTH     book guard $0.18 of $50.58 used  on marked equity  from $252.89  dial 20%
            ..........................
  RECORD    book closed 0  0W 0L  net $+0.00  fees and funding in
  FEES      no fills yet this run (the book trades at 00:05 UTC)
  ------------------------------------------------------------------------------------------------
 
02:26:43 | 
02:26:43 | ============================================================
02:26:43 | 📊 POSITION SUMMARY (8-MIN UPDATE)
02:26:43 | 💰 Equity: $249.93 | Unrealized: $+2.78
02:26:43 | 💵 Available: $229.85 after open P&L | Locked: $22.86
02:26:43 | 📈 Session: $+0.09 (+0.0%)
02:26:43 | 🎯 C510 Book (what trades): 12 positions, gross 0.46x, open $+2.78 | rule C2 N2+N3 | closed 0: 0W/0L $+0.00 | since 29 Sep +1.08% (normal)
02:26:43 | ============================================================
02:26:43 | ============================================================
02:26:43 | 🔻 Book guard: $0.18 of $50.58 used this month on marked equity (0%, from $252.89) · realised today -0.00% [C497]
02:26:43 | ============================================================
02:26:43 | 
02:32:37 |    👻 C489 shadow hour 21:00 UTC: 37 coins scored (warm-up (14, no flow)), gate shut | M1 $255.96 (+2.41%) M1g $252.87 (+1.18%) over 2d [18s]
 
  02:34  up 1h12m  daily book --------------------------------------------------------------------
  EQUITY    $252.97  unreal $+3.04
  OPEN      no intraday positions  book holds 12 (BOOK row)  free $230.11 after open P&L
  SHADOW    intraday M1 $255.96 (+2.41%)  M1g $252.87 (+1.18%)  2d paper only
  CARRY     $249.61 (-0.13%)  8 held  paper only
  SPOT      $250.94 (+0.37%)  14 held  20% invested  cash earns 7.63%  paper pot
  SAVINGS   idle $166.87 (66%)  at 7.63% +$0.05 so far  ~$1.06/month  paper
  BOOK      12 pos gross $116.89 (0.46x)  open $+3.04  funding $-0.00  vol 27% top 20
            rebal 2026-09-30
  CONTEXT   since 29 Sep $+2.97 (+1.19%) in 1.5d  normal -1.5% to +2.1%  top 21%: normal
  CONTEXT   month 01 Oct +0.03%  under a day: too early to judge
  RULE      C2 N2+N3  forward test (paper)
  TOURNEY   7 rules held  first score at the next rebalance, for 2026-09-30
  DATA      on time  prices 23s  funding booked  book today  shadow 21:00  carry today
            spot pot today
  SESSION   $+0.35 +0.14%  peak $252.99  dd 0.01%
  CURVE     ====+=++=+
  MONTH     book guard $0.00 of $50.58 used  on marked equity  from $252.89  dial 20%
            ..........................
  RECORD    book closed 0  0W 0L  net $+0.00  fees and funding in
  FEES      no fills yet this run (the book trades at 00:05 UTC)
  ------------------------------------------------------------------------------------------------
 
02:34:44 | 
02:34:44 | ============================================================
02:34:44 | 📊 POSITION SUMMARY (8-MIN UPDATE)
02:34:44 | 💰 Equity: $249.93 | Unrealized: $+3.04
02:34:44 | 💵 Available: $230.11 after open P&L | Locked: $22.86
02:34:44 | 📈 Session: $+0.35 (+0.1%)
02:34:44 | 🎯 C510 Book (what trades): 12 positions, gross 0.46x, open $+3.04 | rule C2 N2+N3 | closed 0: 0W/0L $+0.00 | since 29 Sep +1.19% (normal)
02:34:44 | ============================================================
02:34:44 | ============================================================
02:34:44 | 🔻 Book guard: $0.00 of $50.58 used this month on marked equity (0%, from $252.89) · realised today -0.00% [C497]
02:34:44 | ============================================================
02:34:44 | 
 
  02:42  up 1h20m  daily book --------------------------------------------------------------------
  EQUITY    $252.81  unreal $+2.88
  OPEN      no intraday positions  book holds 12 (BOOK row)  free $229.95 after open P&L
  SHADOW    intraday M1 $255.96 (+2.41%)  M1g $252.87 (+1.18%)  2d paper only
  CARRY     $249.61 (-0.13%)  8 held  paper only
  SPOT      $250.85 (+0.34%)  14 held  20% invested  cash earns 7.63%  paper pot
  SAVINGS   idle $166.75 (66%)  at 7.63% +$0.05 so far  ~$1.06/month  paper
  BOOK      12 pos gross $116.53 (0.46x)  open $+2.88  funding $-0.00  vol 27% top 20
            rebal 2026-09-30
  CONTEXT   since 29 Sep $+2.81 (+1.12%) in 1.5d  normal -1.5% to +2.1%  top 22%: normal
  CONTEXT   month 01 Oct -0.03%  under a day: too early to judge
  RULE      C2 N2+N3  forward test (paper)
  TOURNEY   7 rules held  first score at the next rebalance, for 2026-09-30
  DATA      on time  prices 17s  funding booked  book today  shadow 21:00  carry today
            spot pot today
  SESSION   $+0.19 +0.08%  peak $252.99  dd 0.07%
  CURVE     ====+=++=++
  MONTH     book guard $0.08 of $50.58 used  on marked equity  from $252.89  dial 20%
            ..........................
  RECORD    book closed 0  0W 0L  net $+0.00  fees and funding in
  FEES      no fills yet this run (the book trades at 00:05 UTC)
  ------------------------------------------------------------------------------------------------
 
02:42:44 | 
02:42:44 | ============================================================
02:42:44 | 📊 POSITION SUMMARY (8-MIN UPDATE)
02:42:44 | 💰 Equity: $249.93 | Unrealized: $+2.88
02:42:44 | 💵 Available: $229.95 after open P&L | Locked: $22.86
02:42:44 | 📈 Session: $+0.19 (+0.1%)
02:42:44 | 🎯 C510 Book (what trades): 12 positions, gross 0.46x, open $+2.88 | rule C2 N2+N3 | closed 0: 0W/0L $+0.00 | since 29 Sep +1.12% (normal)
02:42:44 | ============================================================
02:42:44 | ============================================================
02:42:44 | 🔻 Book guard: $0.08 of $50.58 used this month on marked equity (0%, from $252.89) · realised today -0.00% [C497]
02:42:44 | ============================================================
02:42:44 | 
 
  02:50  up 1h28m  daily book --------------------------------------------------------------------
  EQUITY    $252.76  unreal $+2.83
  OPEN      no intraday positions  book holds 12 (BOOK row)  free $229.90 after open P&L
  SHADOW    intraday M1 $255.96 (+2.41%)  M1g $252.87 (+1.18%)  2d paper only
  CARRY     $249.61 (-0.13%)  8 held  paper only
  SPOT      $250.83 (+0.33%)  14 held  20% invested  cash earns 7.63%  paper pot
  SAVINGS   idle $166.71 (66%)  at 7.63% +$0.05 so far  ~$1.06/month  paper
  BOOK      12 pos gross $116.48 (0.46x)  open $+2.83  funding $-0.00  vol 27% top 20
            rebal 2026-09-30
  CONTEXT   since 29 Sep $+2.76 (+1.10%) in 1.5d  normal -1.5% to +2.1%  top 22%: normal
  CONTEXT   month 01 Oct -0.05%  under a day: too early to judge
  RULE      C2 N2+N3  forward test (paper)
  TOURNEY   7 rules held  first score at the next rebalance, for 2026-09-30
  DATA      on time  prices 12s  funding booked  book today  shadow 21:00  carry today
            spot pot today
  SESSION   $+0.14 +0.06%  peak $252.99  dd 0.09%
  CURVE     ====+=++=++=
  MONTH     book guard $0.13 of $50.58 used  on marked equity  from $252.89  dial 20%
            ..........................
  RECORD    book closed 0  0W 0L  net $+0.00  fees and funding in
  FEES      no fills yet this run (the book trades at 00:05 UTC)
  ------------------------------------------------------------------------------------------------
 
02:50:45 | 
02:50:45 | ============================================================
02:50:45 | 📊 POSITION SUMMARY (8-MIN UPDATE)
02:50:45 | 💰 Equity: $249.93 | Unrealized: $+2.83
02:50:45 | 💵 Available: $229.90 after open P&L | Locked: $22.86
02:50:45 | 📈 Session: $+0.14 (+0.1%)
02:50:45 | 🎯 C510 Book (what trades): 12 positions, gross 0.46x, open $+2.83 | rule C2 N2+N3 | closed 0: 0W/0L $+0.00 | since 29 Sep +1.10% (normal)
02:50:45 | ============================================================
02:50:45 | ============================================================
02:50:45 | 🔻 Book guard: $0.13 of $50.58 used this month on marked equity (0%, from $252.89) · realised today -0.00% [C497]
02:50:45 | ============================================================
02:50:45 | 
 
  02:58  up 1h36m  daily book --------------------------------------------------------------------
  EQUITY    $252.56  unreal $+2.63
  OPEN      no intraday positions  book holds 12 (BOOK row)  free $229.70 after open P&L
  SHADOW    intraday M1 $255.96 (+2.41%)  M1g $252.87 (+1.18%)  2d paper only
  CARRY     $249.61 (-0.13%)  8 held  paper only
  SPOT      $250.75 (+0.30%)  14 held  20% invested  cash earns 7.63%  paper pot
  SAVINGS   idle $166.58 (66%)  at 7.63% +$0.05 so far  ~$1.06/month  paper
  BOOK      12 pos gross $116.15 (0.46x)  open $+2.63  funding $-0.00  vol 27% top 20
            rebal 2026-09-30
  CONTEXT   since 29 Sep $+2.56 (+1.02%) in 1.5d  normal -1.5% to +2.1%  top 23%: normal
  CONTEXT   month 01 Oct -0.13%  under a day: too early to judge
  RULE      C2 N2+N3  forward test (paper)
  TOURNEY   7 rules held  first score at the next rebalance, for 2026-09-30
  DATA      on time  prices 7s  funding booked  book today  shadow 21:00  carry today
            spot pot today
  SESSION   $-0.06 -0.02%  peak $252.99  dd 0.17%
  CURVE     ====+=++=++==
  MONTH     book guard $0.33 of $50.58 used  on marked equity  from $252.89  dial 20%
            ..........................
  RECORD    book closed 0  0W 0L  net $+0.00  fees and funding in
  FEES      no fills yet this run (the book trades at 00:05 UTC)
  ------------------------------------------------------------------------------------------------
 
02:58:46 | 
02:58:46 | ============================================================
02:58:46 | 📊 POSITION SUMMARY (8-MIN UPDATE)
02:58:46 | 💰 Equity: $249.93 | Unrealized: $+2.63
02:58:46 | 💵 Available: $229.70 after open P&L | Locked: $22.86
02:58:46 | 📈 Session: $-0.06 (-0.0%)
02:58:46 | 🎯 C510 Book (what trades): 12 positions, gross 0.46x, open $+2.63 | rule C2 N2+N3 | closed 0: 0W/0L $+0.00 | since 29 Sep +1.02% (normal)
02:58:46 | ============================================================
02:58:46 | ============================================================
02:58:46 | 🔻 Book guard: $0.33 of $50.58 used this month on marked equity (1%, from $252.89) · realised today -0.00% [C497]
02:58:46 | ============================================================
02:58:46 | 
 
  03:06  up 1h44m  daily book --------------------------------------------------------------------
  EQUITY    $252.62  unreal $+2.69
  OPEN      no intraday positions  book holds 12 (BOOK row)  free $229.76 after open P&L
  SHADOW    intraday M1 $255.96 (+2.41%)  M1g $252.87 (+1.18%)  2d paper only
  CARRY     $249.61 (-0.13%)  8 held  paper only
  SPOT      $250.84 (+0.34%)  14 held  20% invested  cash earns 7.63%  paper pot
  SAVINGS   idle $166.62 (66%)  at 7.63% +$0.05 so far  ~$1.06/month  paper
  BOOK      12 pos gross $116.34 (0.46x)  open $+2.69  funding $-0.00  vol 27% top 20
            rebal 2026-09-30
  CONTEXT   since 29 Sep $+2.62 (+1.05%) in 1.5d  normal -1.5% to +2.1%  top 23%: normal
  CONTEXT   month 01 Oct -0.11%  under a day: too early to judge
  RULE      C2 N2+N3  forward test (paper)
  TOURNEY   7 rules held  first score at the next rebalance, for 2026-09-30
  DATA      on time  prices 2s  funding booked  book today  shadow 21:00  carry today
            spot pot today
  SESSION   $+0.00 +0.00%  peak $252.99  dd 0.15%
  CURVE     ====+=++=++===
  MONTH     book guard $0.27 of $50.58 used  on marked equity  from $252.89  dial 20%
            ..........................
  RECORD    book closed 0  0W 0L  net $+0.00  fees and funding in
  FEES      no fills yet this run (the book trades at 00:05 UTC)
  ------------------------------------------------------------------------------------------------
 
03:06:46 | 
03:06:46 | ============================================================
03:06:46 | 📊 POSITION SUMMARY (8-MIN UPDATE)
03:06:46 | 💰 Equity: $249.93 | Unrealized: $+2.69
03:06:46 | 💵 Available: $229.76 after open P&L | Locked: $22.86
03:06:46 | 📈 Session: $+0.00 (+0.0%)
03:06:46 | 🎯 C510 Book (what trades): 12 positions, gross 0.46x, open $+2.69 | rule C2 N2+N3 | closed 0: 0W/0L $+0.00 | since 29 Sep +1.05% (normal)
03:06:46 | ============================================================
03:06:46 | ============================================================
03:06:46 | 🔻 Book guard: $0.27 of $50.58 used this month on marked equity (1%, from $252.89) · realised today -0.00% [C497]
03:06:46 | ============================================================
03:06:46 | 
 
  03:14  up 1h52m  daily book --------------------------------------------------------------------
  EQUITY    $252.75  unreal $+2.82
  OPEN      no intraday positions  book holds 12 (BOOK row)  free $229.89 after open P&L
  SHADOW    intraday M1 $255.96 (+2.41%)  M1g $252.87 (+1.18%)  2d paper only
  CARRY     $249.61 (-0.13%)  8 held  paper only
  SPOT      $250.86 (+0.34%)  14 held  20% invested  cash earns 7.63%  paper pot
  SAVINGS   idle $166.76 (66%)  at 7.63% +$0.05 so far  ~$1.06/month  paper
  BOOK      12 pos gross $116.54 (0.46x)  open $+2.82  funding $-0.00  vol 27% top 20
            rebal 2026-09-30
  CONTEXT   since 29 Sep $+2.75 (+1.10%) in 1.5d  normal -1.5% to +2.1%  top 22%: normal
  CONTEXT   month 01 Oct -0.06%  under a day: too early to judge
  RULE      C2 N2+N3  forward test (paper)
  TOURNEY   7 rules held  first score at the next rebalance, for 2026-09-30
  DATA      on time  prices 37s  funding booked  book today  shadow 21:00  carry today
            spot pot today
  SESSION   $+0.13 +0.05%  peak $252.99  dd 0.09%
  CURVE     ====+=++=++====
  MONTH     book guard $0.14 of $50.58 used  on marked equity  from $252.89  dial 20%
            ..........................
  RECORD    book closed 0  0W 0L  net $+0.00  fees and funding in
  FEES      no fills yet this run (the book trades at 00:05 UTC)
  ------------------------------------------------------------------------------------------------
 
03:14:46 | 
03:14:46 | ============================================================
03:14:46 | 📊 POSITION SUMMARY (8-MIN UPDATE)
03:14:46 | 💰 Equity: $249.93 | Unrealized: $+2.82
03:14:46 | 💵 Available: $229.89 after open P&L | Locked: $22.86
03:14:46 | 📈 Session: $+0.13 (+0.1%)
03:14:46 | 🎯 C510 Book (what trades): 12 positions, gross 0.46x, open $+2.82 | rule C2 N2+N3 | closed 0: 0W/0L $+0.00 | since 29 Sep +1.10% (normal)
03:14:46 | ============================================================
03:14:46 | ============================================================
03:14:46 | 🔻 Book guard: $0.14 of $50.58 used this month on marked equity (0%, from $252.89) · realised today -0.00% [C497]
03:14:46 | ============================================================
03:14:46 | 
 
  03:22  up 2h00m  daily book --------------------------------------------------------------------
  EQUITY    $252.62  unreal $+2.69
  OPEN      no intraday positions  book holds 12 (BOOK row)  free $229.76 after open P&L
  SHADOW    intraday M1 $255.96 (+2.41%)  M1g $252.87 (+1.18%)  2d paper only
  CARRY     $249.61 (-0.13%)  8 held  paper only
  SPOT      $250.72 (+0.29%)  14 held  20% invested  cash earns 7.63%  paper pot
  SAVINGS   idle $166.62 (66%)  at 7.63% +$0.05 so far  ~$1.06/month  paper
  BOOK      12 pos gross $116.02 (0.46x)  open $+2.69  funding $-0.00  vol 27% top 20
            rebal 2026-09-30
  CONTEXT   since 29 Sep $+2.62 (+1.05%) in 1.6d  normal -1.5% to +2.1%  top 23%: normal
  CONTEXT   month 01 Oct -0.11%  under a day: too early to judge
  RULE      C2 N2+N3  forward test (paper)
  TOURNEY   7 rules held  first score at the next rebalance, for 2026-09-30
  DATA      on time  prices 31s  funding booked  book today  shadow 21:00  carry today
            spot pot today
  SESSION   $+0.00 +0.00%  peak $252.99  dd 0.15%
  CURVE     ====+=++=++=====
  MONTH     book guard $0.27 of $50.58 used  on marked equity  from $252.89  dial 20%
            ..........................
  RECORD    book closed 0  0W 0L  net $+0.00  fees and funding in
  FEES      no fills yet this run (the book trades at 00:05 UTC)
  ------------------------------------------------------------------------------------------------
 
03:22:46 | 
03:22:46 | ============================================================
03:22:46 | 📊 POSITION SUMMARY (8-MIN UPDATE)
03:22:46 | 💰 Equity: $249.93 | Unrealized: $+2.69
03:22:46 | 💵 Available: $229.76 after open P&L | Locked: $22.86
03:22:46 | 📈 Session: $+0.00 (+0.0%)
03:22:46 | 🎯 C510 Book (what trades): 12 positions, gross 0.46x, open $+2.69 | rule C2 N2+N3 | closed 0: 0W/0L $+0.00 | since 29 Sep +1.05% (normal)
03:22:46 | ============================================================
03:22:46 | ============================================================
03:22:46 | 🔻 Book guard: $0.27 of $50.58 used this month on marked equity (1%, from $252.89) · realised today -0.00% [C497]
03:22:46 | ============================================================
03:22:46 | 
 
  03:30  up 2h08m  daily book --------------------------------------------------------------------
  EQUITY    $252.68  unreal $+2.75
  OPEN      no intraday positions  book holds 12 (BOOK row)  free $229.82 after open P&L
  SHADOW    intraday M1 $255.96 (+2.41%)  M1g $252.87 (+1.18%)  2d paper only
  CARRY     $249.61 (-0.13%)  8 held  paper only
  SPOT      $250.78 (+0.31%)  14 held  20% invested  cash earns 7.63%  paper pot
  SAVINGS   idle $166.65 (66%)  at 7.63% +$0.05 so far  ~$1.06/month  paper
  BOOK      12 pos gross $116.23 (0.46x)  open $+2.75  funding $-0.00  vol 27% top 20
            rebal 2026-09-30
  CONTEXT   since 29 Sep $+2.68 (+1.07%) in 1.6d  normal -1.5% to +2.1%  top 23%: normal
  CONTEXT   month 01 Oct -0.08%  under a day: too early to judge
  RULE      C2 N2+N3  forward test (paper)
  TOURNEY   7 rules held  first score at the next rebalance, for 2026-09-30
  DATA      on time  prices 26s  funding booked  book today  shadow 21:00  carry today
            spot pot today
  SESSION   $+0.06 +0.02%  peak $252.99  dd 0.12%
  CURVE     ====+=++=++======
  MONTH     book guard $0.21 of $50.58 used  on marked equity  from $252.89  dial 20%
            ..........................
  RECORD    book closed 0  0W 0L  net $+0.00  fees and funding in
  FEES      no fills yet this run (the book trades at 00:05 UTC)
  ------------------------------------------------------------------------------------------------
 
03:30:47 | 
03:30:47 | ============================================================
03:30:47 | 📊 POSITION SUMMARY (8-MIN UPDATE)
03:30:47 | 💰 Equity: $249.93 | Unrealized: $+2.75
03:30:47 | 💵 Available: $229.82 after open P&L | Locked: $22.86
03:30:47 | 📈 Session: $+0.06 (+0.0%)
03:30:47 | 🎯 C510 Book (what trades): 12 positions, gross 0.46x, open $+2.75 | rule C2 N2+N3 | closed 0: 0W/0L $+0.00 | since 29 Sep +1.07% (normal)
03:30:47 | ============================================================
03:30:47 | ============================================================
03:30:47 | 🔻 Book guard: $0.21 of $50.58 used this month on marked equity (0%, from $252.89) · realised today -0.00% [C497]
03:30:47 | ============================================================
03:30:47 | 
03:32:22 |    👻 C489 shadow hour 22:00 UTC: 38 coins scored (warm-up (14, no flow)), gate shut | M1 $255.63 (+2.28%) M1g $252.87 (+1.18%) over 2d [18s]
 
  03:38  up 2h16m  daily book --------------------------------------------------------------------
  EQUITY    $252.49  unreal $+2.56
  OPEN      no intraday positions  book holds 12 (BOOK row)  free $229.63 after open P&L
  SHADOW    intraday M1 $255.63 (+2.28%)  M1g $252.87 (+1.18%)  2d paper only
  CARRY     $249.61 (-0.13%)  8 held  paper only
  SPOT      $250.60 (+0.24%)  14 held  20% invested  cash earns 7.63%  paper pot
  SAVINGS   idle $166.52 (66%)  at 7.63% +$0.05 so far  ~$1.06/month  paper
  BOOK      12 pos gross $115.70 (0.46x)  open $+2.56  funding $-0.00  vol 27% top 20
            rebal 2026-09-30
  CONTEXT   since 29 Sep $+2.49 (+1.00%) in 1.6d  normal -1.5% to +2.1%  top 24%: normal
  CONTEXT   month 01 Oct -0.16%  under a day: too early to judge
  RULE      C2 N2+N3  forward test (paper)
  TOURNEY   7 rules held  first score at the next rebalance, for 2026-09-30
  DATA      on time  prices 19s  funding booked  book today  shadow 22:00  carry today
            spot pot today
  SESSION   $-0.13 -0.05%  peak $252.99  dd 0.20%
  CURVE     ===++=++=+++==+===
  MONTH     book guard $0.40 of $50.58 used  on marked equity  from $252.89  dial 20%
            ..........................
  RECORD    book closed 0  0W 0L  net $+0.00  fees and funding in
  FEES      no fills yet this run (the book trades at 00:05 UTC)
  ------------------------------------------------------------------------------------------------
 
03:38:47 | 
03:38:47 | ============================================================
03:38:47 | 📊 POSITION SUMMARY (8-MIN UPDATE)
03:38:47 | 💰 Equity: $249.93 | Unrealized: $+2.56
03:38:47 | 💵 Available: $229.63 after open P&L | Locked: $22.86
03:38:47 | 📈 Session: $-0.13 (-0.1%)
03:38:47 | 🎯 C510 Book (what trades): 12 positions, gross 0.46x, open $+2.56 | rule C2 N2+N3 | closed 0: 0W/0L $+0.00 | since 29 Sep +1.00% (normal)
03:38:47 | ============================================================
03:38:47 | ============================================================
03:38:47 | 🔻 Book guard: $0.40 of $50.58 used this month on marked equity (1%, from $252.89) · realised today -0.00% [C497]
03:38:47 | ============================================================
03:38:47 | 
 
  03:46  up 2h24m  daily book --------------------------------------------------------------------
  EQUITY    $252.67  unreal $+2.74
  OPEN      no intraday positions  book holds 12 (BOOK row)  free $229.81 after open P&L
  SHADOW    intraday M1 $255.63 (+2.28%)  M1g $252.87 (+1.18%)  2d paper only
  CARRY     $249.61 (-0.13%)  8 held  paper only
  SPOT      $250.78 (+0.31%)  14 held  20% invested  cash earns 7.63%  paper pot
  SAVINGS   idle $166.63 (66%)  at 7.63% +$0.05 so far  ~$1.06/month  paper
  BOOK      12 pos gross $116.26 (0.46x)  open $+2.74  funding $-0.00  vol 27% top 20
            rebal 2026-09-30
  CONTEXT   since 29 Sep $+2.67 (+1.07%) in 1.6d  normal -1.5% to +2.1%  top 23%: normal
  CONTEXT   month 01 Oct -0.09%  under a day: too early to judge
  RULE      C2 N2+N3  forward test (paper)
  TOURNEY   7 rules held  first score at the next rebalance, for 2026-09-30
  DATA      on time  prices 14s  funding booked  book today  shadow 22:00  carry today
            spot pot today
  SESSION   $+0.05 +0.02%  peak $252.99  dd 0.13%
  CURVE     ===++=++=+++==+====
  MONTH     book guard $0.22 of $50.58 used  on marked equity  from $252.89  dial 20%
            ..........................
  RECORD    book closed 0  0W 0L  net $+0.00  fees and funding in
  FEES      no fills yet this run (the book trades at 00:05 UTC)
  ------------------------------------------------------------------------------------------------
 
03:46:48 | 
03:46:48 | ============================================================
03:46:48 | 📊 POSITION SUMMARY (8-MIN UPDATE)
03:46:48 | 💰 Equity: $249.93 | Unrealized: $+2.74
03:46:48 | 💵 Available: $229.81 after open P&L | Locked: $22.86
03:46:48 | 📈 Session: $+0.05 (+0.0%)
03:46:48 | 🎯 C510 Book (what trades): 12 positions, gross 0.46x, open $+2.74 | rule C2 N2+N3 | closed 0: 0W/0L $+0.00 | since 29 Sep +1.07% (normal)
03:46:48 | ============================================================
03:46:48 | ============================================================
03:46:48 | 🔻 Book guard: $0.22 of $50.58 used this month on marked equity (0%, from $252.89) · realised today -0.00% [C497]
03:46:48 | ============================================================
03:46:48 | 
 
  03:54  up 2h32m  daily book --------------------------------------------------------------------
  EQUITY    $252.98  unreal $+3.05
  OPEN      no intraday positions  book holds 12 (BOOK row)  free $230.12 after open P&L
  SHADOW    intraday M1 $255.63 (+2.28%)  M1g $252.87 (+1.18%)  2d paper only
  CARRY     $249.61 (-0.13%)  8 held  paper only
  SPOT      $250.94 (+0.38%)  14 held  20% invested  cash earns 7.63%  paper pot
  SAVINGS   idle $166.85 (66%)  at 7.63% +$0.05 so far  ~$1.06/month  paper
  BOOK      12 pos gross $116.74 (0.46x)  open $+3.05  funding $-0.00  vol 27% top 20
            rebal 2026-09-30
  CONTEXT   since 29 Sep $+2.98 (+1.19%) in 1.6d  normal -1.5% to +2.1%  top 21%: normal
  CONTEXT   month 01 Oct +0.04%  under a day: too early to judge
  RULE      C2 N2+N3  forward test (paper)
  TOURNEY   7 rules held  first score at the next rebalance, for 2026-09-30
  DATA      on time  prices 8s  funding booked  book today  shadow 22:00  carry today
            spot pot today
  SESSION   $+0.36 +0.14%  peak $252.99
  CURVE     ===++=++=+++==+====+
  MONTH     book guard $0.00 of $50.58 used  on marked equity  from $252.89  dial 20%
            ..........................
  RECORD    book closed 0  0W 0L  net $+0.00  fees and funding in
  FEES      no fills yet this run (the book trades at 00:05 UTC)
  ------------------------------------------------------------------------------------------------
 
03:54:48 | 
03:54:48 | ============================================================
03:54:48 | 📊 POSITION SUMMARY (8-MIN UPDATE)
03:54:48 | 💰 Equity: $249.93 | Unrealized: $+3.05
03:54:48 | 💵 Available: $230.12 after open P&L | Locked: $22.86
03:54:48 | 📈 Session: $+0.36 (+0.1%)
03:54:48 | 🎯 C510 Book (what trades): 12 positions, gross 0.46x, open $+3.05 | rule C2 N2+N3 | closed 0: 0W/0L $+0.00 | since 29 Sep +1.19% (normal)
03:54:48 | ============================================================
03:54:48 | ============================================================
03:54:48 | 🔻 Book guard: $0.00 of $50.58 used this month on marked equity (0%, from $252.89) · realised today -0.00% [C497]
03:54:48 | ============================================================
03:54:48 | 
 
  04:02  up 2h40m  daily book --------------------------------------------------------------------
  EQUITY    $253.15  unreal $+3.22
  OPEN      no intraday positions  book holds 12 (BOOK row)  free $230.29 after open P&L
  SHADOW    intraday M1 $255.63 (+2.28%)  M1g $252.87 (+1.18%)  2d paper only
  CARRY     $249.61 (-0.13%)  8 held  paper only
  SPOT      $251.12 (+0.45%)  14 held  20% invested  cash earns 7.63%  paper pot
  SAVINGS   idle $166.96 (66%)  at 7.63% +$0.05 so far  ~$1.06/month  paper
  BOOK      12 pos gross $117.19 (0.46x)  open $+3.22  funding $-0.00  vol 27% top 20
            rebal 2026-09-30
  CONTEXT   since 29 Sep $+3.15 (+1.26%) in 1.6d  normal -1.5% to +2.1%  top 20%: normal
  CONTEXT   month 01 Oct +0.10%  under a day: too early to judge
  RULE      C2 N2+N3  forward test (paper)
  TOURNEY   7 rules held  first score at the next rebalance, for 2026-09-30
  DATA      on time  prices 2s  funding booked  book today  shadow 22:00  carry today
            spot pot today
  SESSION   $+0.53 +0.21%
  CURVE     ====+==+=+=========++
  MONTH     book guard $0.00 of $50.58 used  on marked equity  from $252.89  dial 20%
            ..........................
  RECORD    book closed 0  0W 0L  net $+0.00  fees and funding in
  FEES      no fills yet this run (the book trades at 00:05 UTC)
  ------------------------------------------------------------------------------------------------
 
04:02:48 | 
04:02:48 | ============================================================
04:02:48 | 📊 POSITION SUMMARY (8-MIN UPDATE)
04:02:48 | 💰 Equity: $249.93 | Unrealized: $+3.22
04:02:48 | 💵 Available: $230.29 after open P&L | Locked: $22.86
04:02:48 | 📈 Session: $+0.53 (+0.2%)
04:02:48 | 🎯 C510 Book (what trades): 12 positions, gross 0.46x, open $+3.22 | rule C2 N2+N3 | closed 0: 0W/0L $+0.00 | since 29 Sep +1.26% (normal)
04:02:48 | ============================================================
04:02:48 | ============================================================
04:02:48 | 🔻 Book guard: $0.00 of $50.58 used this month on marked equity (0%, from $252.89) · realised today -0.00% [C497]
04:02:48 | ============================================================
04:02:48 | 
 
  04:10  up 2h48m  daily book --------------------------------------------------------------------
  EQUITY    $253.32  unreal $+3.39
  OPEN      no intraday positions  book holds 12 (BOOK row)  free $230.46 after open P&L
  SHADOW    intraday M1 $255.63 (+2.28%)  M1g $252.87 (+1.18%)  2d paper only
  CARRY     $249.61 (-0.13%)  8 held  paper only
  SPOT      $251.24 (+0.49%)  14 held  20% invested  cash earns 7.63%  paper pot
  SAVINGS   idle $167.13 (66%)  at 7.63% +$0.05 so far  ~$1.06/month  paper
  BOOK      12 pos gross $117.48 (0.46x)  open $+3.39  funding $-0.00  vol 27% top 20
            rebal 2026-09-30
  CONTEXT   since 29 Sep $+3.32 (+1.33%) in 1.6d  normal -1.5% to +2.2%  top 20%: normal
  CONTEXT   month 01 Oct +0.17%  under a day: too early to judge
  RULE      C2 N2+N3  forward test (paper)
  TOURNEY   7 rules held  first score at the next rebalance, for 2026-09-30
  DATA      on time  prices 38s  funding booked  book today  shadow 22:00  carry today
            spot pot today
  SESSION   $+0.70 +0.28%
  CURVE     ====+====+=========+++
  MONTH     book guard $0.00 of $50.58 used  on marked equity  from $252.89  dial 20%
            ..........................
  RECORD    book closed 0  0W 0L  net $+0.00  fees and funding in
  FEES      no fills yet this run (the book trades at 00:05 UTC)
  ------------------------------------------------------------------------------------------------
 
04:10:49 | 
04:10:49 | ============================================================
04:10:49 | 📊 POSITION SUMMARY (8-MIN UPDATE)
04:10:49 | 💰 Equity: $249.93 | Unrealized: $+3.39
04:10:49 | 💵 Available: $230.46 after open P&L | Locked: $22.86
04:10:49 | 📈 Session: $+0.70 (+0.3%)
04:10:49 | 🎯 C510 Book (what trades): 12 positions, gross 0.46x, open $+3.39 | rule C2 N2+N3 | closed 0: 0W/0L $+0.00 | since 29 Sep +1.33% (normal)
04:10:49 | ============================================================
04:10:49 | ============================================================
04:10:49 | 🔻 Book guard: $0.00 of $50.58 used this month on marked equity (0%, from $252.89) · realised today -0.00% [C497]
04:10:49 | ============================================================
04:10:49 | 
