
  ================================================================================================
  OMEGA C517  PAPER  Bitget perps
  01 Oct 2026   01:22
  start $249.93 realised  risk dial 20%/month
  ================================================================================================

  RISK FRAME -------------------------------------------------------------------------------------
  EQUITY    $249.93 realised  812 markets
  MONTH     dial 20% = $49.99 this month  used $0.00 realised
  BOOK      daily trend + momentum + carry, rebalanced 00:05 UTC
            month guard on MARKED equity (open P&L counts)  intraday scanner idle
  ------------------------------------------------------------------------------------------------



  01:30  up 0h08m  daily book --------------------------------------------------------------------
  EQUITY    $252.57  unreal $+2.64
  OPEN      no intraday positions  book holds 12 (BOOK row)  free $229.71 after open P&L
  SHADOW    intraday M1 $254.48 (+1.82%)  M1g $252.87 (+1.18%)  2d paper only
  CARRY     $249.61 (-0.13%)  8 held  paper only
  SPOT      $250.47 (+0.19%)  14 held  20% invested  cash earns 7.63%  paper pot
  SAVINGS   idle $166.55 (66%)  at 7.63% +$0.05 so far  ~$1.06/month  paper
  BOOK      12 pos gross $115.86 (0.46x)  open $+2.65  funding $-0.00  vol 27% top 20
            rebal 2026-09-30
  CONTEXT   since 29 Sep $+2.57 (+1.03%) in 1.5d  normal -1.5% to +2.1%  top 23%: normal
  CONTEXT   month 01 Oct -0.13%  under a day: too early to judge
  RULE      C2 N2+N3  forward test (paper)
  TOURNEY   7 rules held  first score at the next rebalance, for 2026-09-30
  DATA      on time  prices 32s  funding booked  book today  shadow 19:00  carry today
            spot pot today
  SESSION   $-0.05 -0.02%  peak $252.62  dd 0.02%
  MONTH     book guard $0.32 of $50.58 used  on marked equity  from $252.89  dial 20%
            ..........................
  RECORD    book closed 0  0W 0L  net $+0.00  fees and funding in
  FEES      no fills yet this run (the book trades at 00:05 UTC)
  ------------------------------------------------------------------------------------------------



  01:38  up 0h16m  daily book --------------------------------------------------------------------
  EQUITY    $252.62  unreal $+2.69
  OPEN      no intraday positions  book holds 12 (BOOK row)  free $229.76 after open P&L
  SHADOW    intraday M1 $255.45 (+2.21%)  M1g $252.87 (+1.18%)  2d paper only
  CARRY     $249.61 (-0.13%)  8 held  paper only
  SPOT      $250.56 (+0.22%)  14 held  20% invested  cash earns 7.63%  paper pot
  SAVINGS   idle $166.61 (66%)  at 7.63% +$0.05 so far  ~$1.06/month  paper
  BOOK      12 pos gross $115.98 (0.46x)  open $+2.69  funding $-0.00  vol 27% top 20
            rebal 2026-09-30
  CONTEXT   since 29 Sep $+2.62 (+1.05%) in 1.5d  normal -1.5% to +2.1%  top 23%: normal
  CONTEXT   month 01 Oct -0.11%  under a day: too early to judge
  RULE      C2 N2+N3  forward test (paper)
  TOURNEY   7 rules held  first score at the next rebalance, for 2026-09-30
  DATA      on time  prices 23s  funding booked  book today  shadow 20:00  carry today
            spot pot today
  SESSION   $+0.00 +0.00%
  MONTH     book guard $0.27 of $50.58 used  on marked equity  from $252.89  dial 20%
            ..........................
  RECORD    book closed 0  0W 0L  net $+0.00  fees and funding in
  FEES      no fills yet this run (the book trades at 00:05 UTC)
  ------------------------------------------------------------------------------------------------



  01:46  up 0h24m  daily book --------------------------------------------------------------------
  EQUITY    $252.77  unreal $+2.84
  OPEN      no intraday positions  book holds 12 (BOOK row)  free $229.91 after open P&L
  SHADOW    intraday M1 $255.45 (+2.21%)  M1g $252.87 (+1.18%)  2d paper only
  CARRY     $249.61 (-0.13%)  8 held  paper only
  SPOT      $250.66 (+0.27%)  14 held  20% invested  cash earns 7.63%  paper pot
  SAVINGS   idle $166.79 (66%)  at 7.63% +$0.05 so far  ~$1.06/month  paper
  BOOK      12 pos gross $116.26 (0.46x)  open $+2.84  funding $-0.00  vol 27% top 20
            rebal 2026-09-30
  CONTEXT   since 29 Sep $+2.77 (+1.11%) in 1.5d  normal -1.5% to +2.1%  top 22%: normal
  CONTEXT   month 01 Oct -0.05%  under a day: too early to judge
  RULE      C2 N2+N3  forward test (paper)
  TOURNEY   7 rules held  first score at the next rebalance, for 2026-09-30
  DATA      on time  prices 17s  funding booked  book today  shadow 20:00  carry today
            spot pot today
  SESSION   $+0.15 +0.06%
  MONTH     book guard $0.12 of $50.58 used  on marked equity  from $252.89  dial 20%
            ..........................
  RECORD    book closed 0  0W 0L  net $+0.00  fees and funding in
  FEES      no fills yet this run (the book trades at 00:05 UTC)
  ------------------------------------------------------------------------------------------------



  01:54  up 0h32m  daily book --------------------------------------------------------------------
  EQUITY    $252.99  unreal $+3.06
  OPEN      no intraday positions  book holds 12 (BOOK row)  free $230.13 after open P&L
  SHADOW    intraday M1 $255.45 (+2.21%)  M1g $252.87 (+1.18%)  2d paper only
  CARRY     $249.61 (-0.13%)  8 held  paper only
  SPOT      $250.93 (+0.37%)  14 held  20% invested  cash earns 7.63%  paper pot
  SAVINGS   idle $166.88 (66%)  at 7.63% +$0.05 so far  ~$1.06/month  paper
  BOOK      12 pos gross $116.95 (0.46x)  open $+3.06  funding $-0.00  vol 27% top 20
            rebal 2026-09-30
  CONTEXT   since 29 Sep $+2.99 (+1.20%) in 1.5d  normal -1.5% to +2.1%  top 21%: normal
  CONTEXT   month 01 Oct +0.04%  under a day: too early to judge
  RULE      C2 N2+N3  forward test (paper)
  TOURNEY   7 rules held  first score at the next rebalance, for 2026-09-30
  DATA      on time  prices 11s  funding booked  book today  shadow 20:00  carry today
            spot pot today
  SESSION   $+0.37 +0.15%
  MONTH     book guard $0.00 of $50.58 used  on marked equity  from $252.89  dial 20%
            ..........................
  RECORD    book closed 0  0W 0L  net $+0.00  fees and funding in
  FEES      no fills yet this run (the book trades at 00:05 UTC)
  ------------------------------------------------------------------------------------------------



  02:02  up 0h40m  daily book --------------------------------------------------------------------
  EQUITY    $252.72  unreal $+2.79
  OPEN      no intraday positions  book holds 12 (BOOK row)  free $229.86 after open P&L
  SHADOW    intraday M1 $255.45 (+2.21%)  M1g $252.87 (+1.18%)  2d paper only
  CARRY     $249.61 (-0.13%)  8 held  paper only
  SPOT      $250.77 (+0.31%)  14 held  20% invested  cash earns 7.63%  paper pot
  SAVINGS   idle $166.68 (66%)  at 7.63% +$0.05 so far  ~$1.06/month  paper
  BOOK      12 pos gross $116.34 (0.46x)  open $+2.79  funding $-0.00  vol 27% top 20
            rebal 2026-09-30
  CONTEXT   since 29 Sep $+2.72 (+1.09%) in 1.5d  normal -1.5% to +2.1%  top 22%: normal
  CONTEXT   month 01 Oct -0.07%  under a day: too early to judge
  RULE      C2 N2+N3  forward test (paper)
  TOURNEY   7 rules held  first score at the next rebalance, for 2026-09-30
  DATA      on time  prices 6s  funding booked  book today  shadow 20:00  carry today
            spot pot today
  SESSION   $+0.10 +0.04%  peak $252.99  dd 0.11%
  CURVE     ====+=
  MONTH     book guard $0.17 of $50.58 used  on marked equity  from $252.89  dial 20%
            ..........................
  RECORD    book closed 0  0W 0L  net $+0.00  fees and funding in
  FEES      no fills yet this run (the book trades at 00:05 UTC)
  ------------------------------------------------------------------------------------------------



  02:10  up 0h48m  daily book --------------------------------------------------------------------
  EQUITY    $252.79  unreal $+2.86
  OPEN      no intraday positions  book holds 12 (BOOK row)  free $229.93 after open P&L
  SHADOW    intraday M1 $255.45 (+2.21%)  M1g $252.87 (+1.18%)  2d paper only
  CARRY     $249.61 (-0.13%)  8 held  paper only
  SPOT      $250.87 (+0.35%)  14 held  20% invested  cash earns 7.63%  paper pot
  SAVINGS   idle $166.77 (66%)  at 7.63% +$0.05 so far  ~$1.06/month  paper
  BOOK      12 pos gross $116.58 (0.46x)  open $+2.86  funding $-0.00  vol 27% top 20
            rebal 2026-09-30
  CONTEXT   since 29 Sep $+2.79 (+1.12%) in 1.5d  normal -1.5% to +2.1%  top 22%: normal
  CONTEXT   month 01 Oct -0.04%  under a day: too early to judge
  RULE      C2 N2+N3  forward test (paper)
  TOURNEY   7 rules held  first score at the next rebalance, for 2026-09-30
  DATA      on time  prices 0s  funding booked  book today  shadow 20:00  carry today
            spot pot today
  SESSION   $+0.17 +0.07%  peak $252.99  dd 0.08%
  CURVE     ====+=+
  MONTH     book guard $0.10 of $50.58 used  on marked equity  from $252.89  dial 20%
            ..........................
  RECORD    book closed 0  0W 0L  net $+0.00  fees and funding in
  FEES      no fills yet this run (the book trades at 00:05 UTC)
  ------------------------------------------------------------------------------------------------



  02:18  up 0h56m  daily book --------------------------------------------------------------------
  EQUITY    $252.85  unreal $+2.92
  OPEN      no intraday positions  book holds 12 (BOOK row)  free $229.99 after open P&L
  SHADOW    intraday M1 $255.45 (+2.21%)  M1g $252.87 (+1.18%)  2d paper only
  CARRY     $249.61 (-0.13%)  8 held  paper only
  SPOT      $250.84 (+0.33%)  14 held  20% invested  cash earns 7.63%  paper pot
  SAVINGS   idle $166.78 (66%)  at 7.63% +$0.05 so far  ~$1.06/month  paper
  BOOK      12 pos gross $116.56 (0.46x)  open $+2.92  funding $-0.00  vol 27% top 20
            rebal 2026-09-30
  CONTEXT   since 29 Sep $+2.85 (+1.14%) in 1.5d  normal -1.5% to +2.1%  top 22%: normal
  CONTEXT   month 01 Oct -0.02%  under a day: too early to judge
  RULE      C2 N2+N3  forward test (paper)
  TOURNEY   7 rules held  first score at the next rebalance, for 2026-09-30
  DATA      on time  prices 34s  funding booked  book today  shadow 20:00  carry today
            spot pot today
  SESSION   $+0.23 +0.09%  peak $252.99  dd 0.06%
  CURVE     ====+=++
  MONTH     book guard $0.04 of $50.58 used  on marked equity  from $252.89  dial 20%
            ..........................
  RECORD    book closed 0  0W 0L  net $+0.00  fees and funding in
  FEES      no fills yet this run (the book trades at 00:05 UTC)
  ------------------------------------------------------------------------------------------------



  02:26  up 1h04m  daily book --------------------------------------------------------------------
  EQUITY    $252.71  unreal $+2.78
  OPEN      no intraday positions  book holds 12 (BOOK row)  free $229.85 after open P&L
  SHADOW    intraday M1 $255.45 (+2.21%)  M1g $252.87 (+1.18%)  2d paper only
  CARRY     $249.61 (-0.13%)  8 held  paper only
  SPOT      $250.71 (+0.28%)  14 held  20% invested  cash earns 7.63%  paper pot
  SAVINGS   idle $166.67 (66%)  at 7.63% +$0.05 so far  ~$1.06/month  paper
  BOOK      12 pos gross $116.22 (0.46x)  open $+2.78  funding $-0.00  vol 27% top 20
            rebal 2026-09-30
  CONTEXT   since 29 Sep $+2.71 (+1.08%) in 1.5d  normal -1.5% to +2.1%  top 22%: normal
  CONTEXT   month 01 Oct -0.07%  under a day: too early to judge
  RULE      C2 N2+N3  forward test (paper)
  TOURNEY   7 rules held  first score at the next rebalance, for 2026-09-30
  DATA      on time  prices 29s  funding booked  book today  shadow 20:00  carry today
            spot pot today
  SESSION   $+0.09 +0.04%  peak $252.99  dd 0.11%
  CURVE     ====+=++=
  MONTH     book guard $0.18 of $50.58 used  on marked equity  from $252.89  dial 20%
            ..........................
  RECORD    book closed 0  0W 0L  net $+0.00  fees and funding in
  FEES      no fills yet this run (the book trades at 00:05 UTC)
  ------------------------------------------------------------------------------------------------



  02:34  up 1h12m  daily book --------------------------------------------------------------------
  EQUITY    $252.97  unreal $+3.04
  OPEN      no intraday positions  book holds 12 (BOOK row)  free $230.11 after open P&L
  SHADOW    intraday M1 $255.96 (+2.41%)  M1g $252.87 (+1.18%)  2d paper only
  CARRY     $249.61 (-0.13%)  8 held  paper only
  SPOT      $250.94 (+0.37%)  14 held  20% invested  cash earns 7.63%  paper pot
  SAVINGS   idle $166.87 (66%)  at 7.63% +$0.05 so far  ~$1.06/month  paper
  BOOK      12 pos gross $116.89 (0.46x)  open $+3.04  funding $-0.00  vol 27% top 20
            rebal 2026-09-30
  CONTEXT   since 29 Sep $+2.97 (+1.19%) in 1.5d  normal -1.5% to +2.1%  top 21%: normal
  CONTEXT   month 01 Oct +0.03%  under a day: too early to judge
  RULE      C2 N2+N3  forward test (paper)
  TOURNEY   7 rules held  first score at the next rebalance, for 2026-09-30
  DATA      on time  prices 23s  funding booked  book today  shadow 21:00  carry today
            spot pot today
  SESSION   $+0.35 +0.14%  peak $252.99  dd 0.01%
  CURVE     ====+=++=+
  MONTH     book guard $0.00 of $50.58 used  on marked equity  from $252.89  dial 20%
            ..........................
  RECORD    book closed 0  0W 0L  net $+0.00  fees and funding in
  FEES      no fills yet this run (the book trades at 00:05 UTC)
  ------------------------------------------------------------------------------------------------



  02:42  up 1h20m  daily book --------------------------------------------------------------------
  EQUITY    $252.81  unreal $+2.88
  OPEN      no intraday positions  book holds 12 (BOOK row)  free $229.95 after open P&L
  SHADOW    intraday M1 $255.96 (+2.41%)  M1g $252.87 (+1.18%)  2d paper only
  CARRY     $249.61 (-0.13%)  8 held  paper only
  SPOT      $250.85 (+0.34%)  14 held  20% invested  cash earns 7.63%  paper pot
  SAVINGS   idle $166.75 (66%)  at 7.63% +$0.05 so far  ~$1.06/month  paper
  BOOK      12 pos gross $116.53 (0.46x)  open $+2.88  funding $-0.00  vol 27% top 20
            rebal 2026-09-30
  CONTEXT   since 29 Sep $+2.81 (+1.12%) in 1.5d  normal -1.5% to +2.1%  top 22%: normal
  CONTEXT   month 01 Oct -0.03%  under a day: too early to judge
  RULE      C2 N2+N3  forward test (paper)
  TOURNEY   7 rules held  first score at the next rebalance, for 2026-09-30
  DATA      on time  prices 17s  funding booked  book today  shadow 21:00  carry today
            spot pot today
  SESSION   $+0.19 +0.08%  peak $252.99  dd 0.07%
  CURVE     ====+=++=++
  MONTH     book guard $0.08 of $50.58 used  on marked equity  from $252.89  dial 20%
            ..........................
  RECORD    book closed 0  0W 0L  net $+0.00  fees and funding in
  FEES      no fills yet this run (the book trades at 00:05 UTC)
  ------------------------------------------------------------------------------------------------



  02:50  up 1h28m  daily book --------------------------------------------------------------------
  EQUITY    $252.76  unreal $+2.83
  OPEN      no intraday positions  book holds 12 (BOOK row)  free $229.90 after open P&L
  SHADOW    intraday M1 $255.96 (+2.41%)  M1g $252.87 (+1.18%)  2d paper only
  CARRY     $249.61 (-0.13%)  8 held  paper only
  SPOT      $250.83 (+0.33%)  14 held  20% invested  cash earns 7.63%  paper pot
  SAVINGS   idle $166.71 (66%)  at 7.63% +$0.05 so far  ~$1.06/month  paper
  BOOK      12 pos gross $116.48 (0.46x)  open $+2.83  funding $-0.00  vol 27% top 20
            rebal 2026-09-30
  CONTEXT   since 29 Sep $+2.76 (+1.10%) in 1.5d  normal -1.5% to +2.1%  top 22%: normal
  CONTEXT   month 01 Oct -0.05%  under a day: too early to judge
  RULE      C2 N2+N3  forward test (paper)
  TOURNEY   7 rules held  first score at the next rebalance, for 2026-09-30
  DATA      on time  prices 12s  funding booked  book today  shadow 21:00  carry today
            spot pot today
  SESSION   $+0.14 +0.06%  peak $252.99  dd 0.09%
  CURVE     ====+=++=++=
  MONTH     book guard $0.13 of $50.58 used  on marked equity  from $252.89  dial 20%
            ..........................
  RECORD    book closed 0  0W 0L  net $+0.00  fees and funding in
  FEES      no fills yet this run (the book trades at 00:05 UTC)
  ------------------------------------------------------------------------------------------------



  02:58  up 1h36m  daily book --------------------------------------------------------------------
  EQUITY    $252.56  unreal $+2.63
  OPEN      no intraday positions  book holds 12 (BOOK row)  free $229.70 after open P&L
  SHADOW    intraday M1 $255.96 (+2.41%)  M1g $252.87 (+1.18%)  2d paper only
  CARRY     $249.61 (-0.13%)  8 held  paper only
  SPOT      $250.75 (+0.30%)  14 held  20% invested  cash earns 7.63%  paper pot
  SAVINGS   idle $166.58 (66%)  at 7.63% +$0.05 so far  ~$1.06/month  paper
  BOOK      12 pos gross $116.15 (0.46x)  open $+2.63  funding $-0.00  vol 27% top 20
            rebal 2026-09-30
  CONTEXT   since 29 Sep $+2.56 (+1.02%) in 1.5d  normal -1.5% to +2.1%  top 23%: normal
  CONTEXT   month 01 Oct -0.13%  under a day: too early to judge
  RULE      C2 N2+N3  forward test (paper)
  TOURNEY   7 rules held  first score at the next rebalance, for 2026-09-30
  DATA      on time  prices 7s  funding booked  book today  shadow 21:00  carry today
            spot pot today
  SESSION   $-0.06 -0.02%  peak $252.99  dd 0.17%
  CURVE     ====+=++=++==
  MONTH     book guard $0.33 of $50.58 used  on marked equity  from $252.89  dial 20%
            ..........................
  RECORD    book closed 0  0W 0L  net $+0.00  fees and funding in
  FEES      no fills yet this run (the book trades at 00:05 UTC)
  ------------------------------------------------------------------------------------------------



  03:06  up 1h44m  daily book --------------------------------------------------------------------
  EQUITY    $252.62  unreal $+2.69
  OPEN      no intraday positions  book holds 12 (BOOK row)  free $229.76 after open P&L
  SHADOW    intraday M1 $255.96 (+2.41%)  M1g $252.87 (+1.18%)  2d paper only
  CARRY     $249.61 (-0.13%)  8 held  paper only
  SPOT      $250.84 (+0.34%)  14 held  20% invested  cash earns 7.63%  paper pot
  SAVINGS   idle $166.62 (66%)  at 7.63% +$0.05 so far  ~$1.06/month  paper
  BOOK      12 pos gross $116.34 (0.46x)  open $+2.69  funding $-0.00  vol 27% top 20
            rebal 2026-09-30
  CONTEXT   since 29 Sep $+2.62 (+1.05%) in 1.5d  normal -1.5% to +2.1%  top 23%: normal
  CONTEXT   month 01 Oct -0.11%  under a day: too early to judge
  RULE      C2 N2+N3  forward test (paper)
  TOURNEY   7 rules held  first score at the next rebalance, for 2026-09-30
  DATA      on time  prices 2s  funding booked  book today  shadow 21:00  carry today
            spot pot today
  SESSION   $+0.00 +0.00%  peak $252.99  dd 0.15%
  CURVE     ====+=++=++===
  MONTH     book guard $0.27 of $50.58 used  on marked equity  from $252.89  dial 20%
            ..........................
  RECORD    book closed 0  0W 0L  net $+0.00  fees and funding in
  FEES      no fills yet this run (the book trades at 00:05 UTC)
  ------------------------------------------------------------------------------------------------



  03:14  up 1h52m  daily book --------------------------------------------------------------------
  EQUITY    $252.75  unreal $+2.82
  OPEN      no intraday positions  book holds 12 (BOOK row)  free $229.89 after open P&L
  SHADOW    intraday M1 $255.96 (+2.41%)  M1g $252.87 (+1.18%)  2d paper only
  CARRY     $249.61 (-0.13%)  8 held  paper only
  SPOT      $250.86 (+0.34%)  14 held  20% invested  cash earns 7.63%  paper pot
  SAVINGS   idle $166.76 (66%)  at 7.63% +$0.05 so far  ~$1.06/month  paper
  BOOK      12 pos gross $116.54 (0.46x)  open $+2.82  funding $-0.00  vol 27% top 20
            rebal 2026-09-30
  CONTEXT   since 29 Sep $+2.75 (+1.10%) in 1.5d  normal -1.5% to +2.1%  top 22%: normal
  CONTEXT   month 01 Oct -0.06%  under a day: too early to judge
  RULE      C2 N2+N3  forward test (paper)
  TOURNEY   7 rules held  first score at the next rebalance, for 2026-09-30
  DATA      on time  prices 37s  funding booked  book today  shadow 21:00  carry today
            spot pot today
  SESSION   $+0.13 +0.05%  peak $252.99  dd 0.09%
  CURVE     ====+=++=++====
  MONTH     book guard $0.14 of $50.58 used  on marked equity  from $252.89  dial 20%
            ..........................
  RECORD    book closed 0  0W 0L  net $+0.00  fees and funding in
  FEES      no fills yet this run (the book trades at 00:05 UTC)
  ------------------------------------------------------------------------------------------------

