
  ================================================================================================
  OMEGA C528  PAPER  Binance perps
  03 Oct 2026   22:46
  start $499.71 realised  risk dial 20%/month
  ================================================================================================

  RISK FRAME -------------------------------------------------------------------------------------
  EQUITY    $499.71 realised  740 markets
  MONTH     dial 20% = $100.00 this month  used $0.29 realised
  BOOK      daily trend + momentum + carry, rebalanced 00:05 UTC
            month guard on MARKED equity (open P&L counts)  intraday scanner idle
  ------------------------------------------------------------------------------------------------



  22:54  up 0h08m  daily book --------------------------------------------------------------------
  EQUITY    $501.43  unreal $+1.72
  OPEN      no intraday positions  book holds 9 (BOOK row)  free $438.73 after open P&L
  SHADOW    intraday M1 $504.11 (+0.88%)  M1g $501.87 (+0.43%)  2d paper only
  CARRY     $499.11 (-0.15%)  8 held  paper only
  SPOT      $249.79 (-0.09%)  1 held  4% invested  cash earns 6.66%  paper pot
  SAVINGS   idle $313.38 (62%)  at 6.66% +$0.15 so far  ~$1.74/month  paper
  BFUSD     wallet $501.44 at 7.66%  +$0.15 so far  ~$3.20/month  vs Savings $1.74  paper
  DELTA     $502.19 (+0.44%)  9 held  fees $0.20  funding $+0.01  paper, same plan
  XVENUE    $499.35 (-0.13%)  10 pairs  funding $+0.00  fees $0.74  paper, Delta vs Binance
  TOTAL     planned $1,002.63 of $1,000.00 ($+2.63)  all 6 accounts $2,253.03 of $2,249.83 ($+3.20)
            paper
  BOOK      9 pos gross $312.35 (0.62x)  open $+1.72  funding $-0.05  vol 27% top 20
            rebal 2026-10-03
  CONTEXT   since 01 Oct $+1.43 (+0.29%) in 2.6d  normal -1.9% to +2.9%  top 46%: normal
  RULE      C2 N2+N3 + range vol (GK)  forward test (paper)
  TOURNEY   2d from 2026-10-01  base -0.60%  N2 -0.66%  N3 -0.37%  N2+N3 -0.37%  +K4 -0.42%
            +GK* -0.30%  +K4+GK -0.38%  +GK+DD new  +GK+XA new
  DATA      on time  prices 33s  funding booked  book today  shadow 17:00  carry today
            spot pot today
  SESSION   $-0.34 -0.07%  peak $501.78  dd 0.07%
  MONTH     book guard $0.00 of $100.00 used  on marked equity  from $500.00  dial 20%
            ..........................
  RECORD    book closed 3  2W 1L  net $-0.09  fees and funding in
  FEES      no fills yet this run (the book trades at 00:05 UTC)
  ------------------------------------------------------------------------------------------------



  23:02  up 0h16m  daily book --------------------------------------------------------------------
  EQUITY    $501.49  unreal $+1.78
  OPEN      no intraday positions  book holds 9 (BOOK row)  free $438.79 after open P&L
  SHADOW    intraday M1 $504.11 (+0.88%)  M1g $501.87 (+0.43%)  2d paper only
  CARRY     $499.11 (-0.15%)  8 held  paper only
  SPOT      $249.78 (-0.09%)  1 held  4% invested  cash earns 6.66%  paper pot
  SAVINGS   idle $313.41 (62%)  at 6.66% +$0.15 so far  ~$1.74/month  paper
  BFUSD     wallet $501.48 at 7.66%  +$0.15 so far  ~$3.20/month  vs Savings $1.74  paper
  DELTA     $502.15 (+0.43%)  9 held  fees $0.20  funding $+0.01  paper, same plan
  XVENUE    $499.35 (-0.13%)  10 pairs  funding $+0.00  fees $0.74  paper, Delta vs Binance
  TOTAL     planned $1,002.60 of $1,000.00 ($+2.60)  all 6 accounts $2,252.97 of $2,249.83 ($+3.14)
            paper
  BOOK      9 pos gross $311.70 (0.62x)  open $+1.78  funding $-0.05  vol 27% top 20
            rebal 2026-10-03
  CONTEXT   since 01 Oct $+1.49 (+0.30%) in 2.6d  normal -1.9% to +2.9%  top 46%: normal
  RULE      C2 N2+N3 + range vol (GK)  forward test (paper)
  TOURNEY   2d from 2026-10-01  base -0.60%  N2 -0.66%  N3 -0.37%  N2+N3 -0.37%  +K4 -0.42%
            +GK* -0.30%  +K4+GK -0.38%  +GK+DD new  +GK+XA new
  DATA      on time  prices 28s  funding booked  book today  shadow 17:00  carry today
            spot pot today
  SESSION   $-0.28 -0.06%  peak $501.78  dd 0.06%
  MONTH     book guard $0.00 of $100.00 used  on marked equity  from $500.00  dial 20%
            ..........................
  RECORD    book closed 3  2W 1L  net $-0.09  fees and funding in
  FEES      no fills yet this run (the book trades at 00:05 UTC)
  ------------------------------------------------------------------------------------------------



  23:10  up 0h24m  daily book --------------------------------------------------------------------
  EQUITY    $501.61  unreal $+1.90
  OPEN      no intraday positions  book holds 9 (BOOK row)  free $438.91 after open P&L
  SHADOW    intraday M1 $504.11 (+0.88%)  M1g $501.87 (+0.43%)  2d paper only
  CARRY     $499.11 (-0.15%)  8 held  paper only
  SPOT      $249.79 (-0.09%)  1 held  4% invested  cash earns 6.66%  paper pot
  SAVINGS   idle $313.48 (62%)  at 6.66% +$0.15 so far  ~$1.74/month  paper
  BFUSD     wallet $501.58 at 7.66%  +$0.15 so far  ~$3.20/month  vs Savings $1.74  paper
  DELTA     $502.18 (+0.44%)  9 held  fees $0.20  funding $+0.01  paper, same plan
  XVENUE    $499.35 (-0.13%)  10 pairs  funding $+0.00  fees $0.74  paper, Delta vs Binance
  TOTAL     planned $1,002.49 of $1,000.00 ($+2.49)  all 6 accounts $2,253.24 of $2,249.83 ($+3.41)
            paper
  BOOK      9 pos gross $311.89 (0.62x)  open $+1.90  funding $-0.05  vol 27% top 20
            rebal 2026-10-03
  CONTEXT   since 01 Oct $+1.61 (+0.32%) in 2.6d  normal -1.9% to +2.9%  top 45%: normal
  RULE      C2 N2+N3 + range vol (GK)  forward test (paper)
  TOURNEY   2d from 2026-10-01  base -0.60%  N2 -0.66%  N3 -0.37%  N2+N3 -0.37%  +K4 -0.42%
            +GK* -0.30%  +K4+GK -0.38%  +GK+DD new  +GK+XA new
  DATA      on time  prices 20s  funding booked  book today  shadow 17:00  carry today
            spot pot today
  SESSION   $-0.16 -0.03%  peak $501.78  dd 0.03%
  MONTH     book guard $0.00 of $100.00 used  on marked equity  from $500.00  dial 20%
            ..........................
  RECORD    book closed 3  2W 1L  net $-0.09  fees and funding in
  FEES      no fills yet this run (the book trades at 00:05 UTC)
  ------------------------------------------------------------------------------------------------



  23:18  up 0h32m  daily book --------------------------------------------------------------------
  EQUITY    $501.65  unreal $+1.94
  OPEN      no intraday positions  book holds 9 (BOOK row)  free $438.95 after open P&L
  SHADOW    intraday M1 $504.11 (+0.88%)  M1g $501.87 (+0.43%)  2d paper only
  CARRY     $499.11 (-0.15%)  8 held  paper only
  SPOT      $249.79 (-0.09%)  1 held  4% invested  cash earns 6.66%  paper pot
  SAVINGS   idle $313.56 (62%)  at 6.66% +$0.15 so far  ~$1.74/month  paper
  BFUSD     wallet $501.68 at 7.66%  +$0.15 so far  ~$3.20/month  vs Savings $1.74  paper
  DELTA     $502.41 (+0.48%)  9 held  fees $0.20  funding $+0.01  paper, same plan
  XVENUE    $499.35 (-0.13%)  10 pairs  funding $+0.00  fees $0.74  paper, Delta vs Binance
  TOTAL     planned $1,003.08 of $1,000.00 ($+3.08)  all 6 accounts $2,253.70 of $2,249.83 ($+3.87)
            paper
  BOOK      9 pos gross $311.83 (0.62x)  open $+1.94  funding $-0.05  vol 27% top 20
            rebal 2026-10-03
  CONTEXT   since 01 Oct $+1.65 (+0.33%) in 2.6d  normal -1.9% to +2.9%  top 45%: normal
  RULE      C2 N2+N3 + range vol (GK)  forward test (paper)
  TOURNEY   2d from 2026-10-01  base -0.60%  N2 -0.66%  N3 -0.37%  N2+N3 -0.37%  +K4 -0.42%
            +GK* -0.30%  +K4+GK -0.38%  +GK+DD new  +GK+XA new
  DATA      on time  prices 14s  funding booked  book today  shadow 17:00  carry today
            spot pot today
  SESSION   $-0.12 -0.02%  peak $501.78  dd 0.03%
  MONTH     book guard $0.00 of $100.00 used  on marked equity  from $500.00  dial 20%
            ..........................
  RECORD    book closed 3  2W 1L  net $-0.09  fees and funding in
  FEES      no fills yet this run (the book trades at 00:05 UTC)
  ------------------------------------------------------------------------------------------------



  23:26  up 0h40m  daily book --------------------------------------------------------------------
  EQUITY    $501.43  unreal $+1.72
  OPEN      no intraday positions  book holds 9 (BOOK row)  free $438.73 after open P&L
  SHADOW    intraday M1 $504.11 (+0.88%)  M1g $501.87 (+0.43%)  2d paper only
  CARRY     $499.11 (-0.15%)  8 held  paper only
  SPOT      $249.79 (-0.08%)  1 held  4% invested  cash earns 6.66%  paper pot
  SAVINGS   idle $313.33 (62%)  at 6.66% +$0.15 so far  ~$1.74/month  paper
  BFUSD     wallet $501.38 at 7.66%  +$0.15 so far  ~$3.20/month  vs Savings $1.74  paper
  DELTA     $502.25 (+0.45%)  9 held  fees $0.20  funding $+0.01  paper, same plan
  XVENUE    $499.35 (-0.13%)  10 pairs  funding $+0.00  fees $0.74  paper, Delta vs Binance
  TOTAL     planned $1,004.41 of $1,000.00 ($+4.41)  all 6 accounts $2,254.82 of $2,249.83 ($+4.99)
            paper
  BOOK      9 pos gross $311.75 (0.62x)  open $+1.72  funding $-0.05  vol 27% top 20
            rebal 2026-10-03
  CONTEXT   since 01 Oct $+1.43 (+0.29%) in 2.6d  normal -1.9% to +2.9%  top 46%: normal
  RULE      C2 N2+N3 + range vol (GK)  forward test (paper)
  TOURNEY   2d from 2026-10-01  base -0.60%  N2 -0.66%  N3 -0.37%  N2+N3 -0.37%  +K4 -0.42%
            +GK* -0.30%  +K4+GK -0.38%  +GK+DD new  +GK+XA new
  DATA      on time  prices 8s  funding booked  book today  shadow 17:00  carry today
            spot pot today
  SESSION   $-0.34 -0.07%  peak $501.78  dd 0.07%
  CURVE     +==++=
  MONTH     book guard $0.00 of $100.00 used  on marked equity  from $500.00  dial 20%
            ..........................
  RECORD    book closed 3  2W 1L  net $-0.09  fees and funding in
  FEES      no fills yet this run (the book trades at 00:05 UTC)
  ------------------------------------------------------------------------------------------------



  23:34  up 0h48m  daily book --------------------------------------------------------------------
  EQUITY    $501.37  unreal $+1.66
  OPEN      no intraday positions  book holds 9 (BOOK row)  free $438.67 after open P&L
  SHADOW    intraday M1 $503.72 (+0.80%)  M1g $502.03 (+0.46%)  2d paper only
  CARRY     $499.11 (-0.15%)  8 held  paper only
  SPOT      $249.79 (-0.08%)  1 held  4% invested  cash earns 6.66%  paper pot
  SAVINGS   idle $313.33 (62%)  at 6.66% +$0.15 so far  ~$1.74/month  paper
  BFUSD     wallet $501.37 at 7.66%  +$0.15 so far  ~$3.20/month  vs Savings $1.74  paper
  DELTA     $502.03 (+0.41%)  9 held  fees $0.20  funding $+0.01  paper, same plan
  XVENUE    $499.35 (-0.13%)  10 pairs  funding $+0.00  fees $0.74  paper, Delta vs Binance
  TOTAL     planned $1,001.68 of $1,000.00 ($+1.68)  all 6 accounts $2,252.10 of $2,249.83 ($+2.27)
            paper
  BOOK      9 pos gross $311.68 (0.62x)  open $+1.66  funding $-0.05  vol 27% top 20
            rebal 2026-10-03
  CONTEXT   since 01 Oct $+1.37 (+0.27%) in 2.6d  normal -1.9% to +2.9%  top 46%: normal
  RULE      C2 N2+N3 + range vol (GK)  forward test (paper)
  TOURNEY   2d from 2026-10-01  base -0.60%  N2 -0.66%  N3 -0.37%  N2+N3 -0.37%  +K4 -0.42%
            +GK* -0.30%  +K4+GK -0.38%  +GK+DD new  +GK+XA new
  DATA      on time  prices 35s  funding booked  book today  shadow 18:00  carry today
            spot pot today
  SESSION   $-0.40 -0.08%  peak $501.78  dd 0.08%
  CURVE     +==++==
  MONTH     book guard $0.00 of $100.00 used  on marked equity  from $500.00  dial 20%
            ..........................
  RECORD    book closed 3  2W 1L  net $-0.09  fees and funding in
  FEES      no fills yet this run (the book trades at 00:05 UTC)
  ------------------------------------------------------------------------------------------------



  23:42  up 0h56m  daily book --------------------------------------------------------------------
  EQUITY    $501.45  unreal $+1.74
  OPEN      no intraday positions  book holds 9 (BOOK row)  free $438.75 after open P&L
  SHADOW    intraday M1 $503.72 (+0.80%)  M1g $502.03 (+0.46%)  2d paper only
  CARRY     $499.11 (-0.15%)  8 held  paper only
  SPOT      $249.79 (-0.08%)  1 held  4% invested  cash earns 6.66%  paper pot
  SAVINGS   idle $313.39 (62%)  at 6.66% +$0.15 so far  ~$1.74/month  paper
  BFUSD     wallet $501.45 at 7.66%  +$0.15 so far  ~$3.20/month  vs Savings $1.74  paper
  DELTA     $502.12 (+0.42%)  9 held  fees $0.20  funding $+0.01  paper, same plan
  XVENUE    $499.35 (-0.13%)  10 pairs  funding $+0.00  fees $0.74  paper, Delta vs Binance
  TOTAL     planned $1,002.02 of $1,000.00 ($+2.02)  all 6 accounts $2,252.47 of $2,249.83 ($+2.64)
            paper
  BOOK      9 pos gross $311.61 (0.62x)  open $+1.74  funding $-0.05  vol 27% top 20
            rebal 2026-10-03
  CONTEXT   since 01 Oct $+1.45 (+0.29%) in 2.6d  normal -1.9% to +2.9%  top 46%: normal
  RULE      C2 N2+N3 + range vol (GK)  forward test (paper)
  TOURNEY   2d from 2026-10-01  base -0.60%  N2 -0.66%  N3 -0.37%  N2+N3 -0.37%  +K4 -0.42%
            +GK* -0.30%  +K4+GK -0.38%  +GK+DD new  +GK+XA new
  DATA      on time  prices 28s  funding booked  book today  shadow 18:00  carry today
            spot pot today
  SESSION   $-0.32 -0.06%  peak $501.78  dd 0.07%
  CURVE     +==++===
  MONTH     book guard $0.00 of $100.00 used  on marked equity  from $500.00  dial 20%
            ..........................
  RECORD    book closed 3  2W 1L  net $-0.09  fees and funding in
  FEES      no fills yet this run (the book trades at 00:05 UTC)
  ------------------------------------------------------------------------------------------------



  23:50  up 1h04m  daily book --------------------------------------------------------------------
  EQUITY    $501.32  unreal $+1.61
  OPEN      no intraday positions  book holds 9 (BOOK row)  free $438.62 after open P&L
  SHADOW    intraday M1 $503.72 (+0.80%)  M1g $502.03 (+0.46%)  2d paper only
  CARRY     $499.11 (-0.15%)  8 held  paper only
  SPOT      $249.79 (-0.08%)  1 held  4% invested  cash earns 6.66%  paper pot
  SAVINGS   idle $313.29 (62%)  at 6.66% +$0.15 so far  ~$1.74/month  paper
  BFUSD     wallet $501.32 at 7.66%  +$0.16 so far  ~$3.20/month  vs Savings $1.74  paper
  DELTA     $502.10 (+0.42%)  9 held  fees $0.20  funding $+0.01  paper, same plan
  XVENUE    $499.35 (-0.13%)  10 pairs  funding $+0.00  fees $0.74  paper, Delta vs Binance
  TOTAL     planned $1,000.49 of $1,000.00 ($+0.49)  all 6 accounts $2,250.83 of $2,249.83 ($+1.00)
            paper
  BOOK      9 pos gross $311.33 (0.62x)  open $+1.61  funding $-0.05  vol 27% top 20
            rebal 2026-10-03
  CONTEXT   since 01 Oct $+1.32 (+0.26%) in 2.6d  normal -1.9% to +2.9%  top 47%: normal
  RULE      C2 N2+N3 + range vol (GK)  forward test (paper)
  TOURNEY   2d from 2026-10-01  base -0.60%  N2 -0.66%  N3 -0.37%  N2+N3 -0.37%  +K4 -0.42%
            +GK* -0.30%  +K4+GK -0.38%  +GK+DD new  +GK+XA new
  DATA      on time  prices 21s  funding booked  book today  shadow 18:00  carry today
            spot pot today
  SESSION   $-0.45 -0.09%  peak $501.78  dd 0.09%
  CURVE     +==++====
  MONTH     book guard $0.00 of $100.00 used  on marked equity  from $500.00  dial 20%
            ..........................
  RECORD    book closed 3  2W 1L  net $-0.09  fees and funding in
  FEES      no fills yet this run (the book trades at 00:05 UTC)
  ------------------------------------------------------------------------------------------------



  23:58  up 1h12m  daily book --------------------------------------------------------------------
  EQUITY    $501.28  unreal $+1.57
  OPEN      no intraday positions  book holds 9 (BOOK row)  free $438.58 after open P&L
  SHADOW    intraday M1 $503.72 (+0.80%)  M1g $502.03 (+0.46%)  2d paper only
  CARRY     $499.11 (-0.15%)  8 held  paper only
  SPOT      $249.79 (-0.08%)  1 held  4% invested  cash earns 6.66%  paper pot
  SAVINGS   idle $313.26 (62%)  at 6.66% +$0.15 so far  ~$1.74/month  paper
  BFUSD     wallet $501.28 at 7.66%  +$0.16 so far  ~$3.20/month  vs Savings $1.74  paper
  DELTA     $501.95 (+0.39%)  9 held  fees $0.20  funding $+0.01  paper, same plan
  XVENUE    $499.35 (-0.13%)  10 pairs  funding $+0.00  fees $0.74  paper, Delta vs Binance
  TOTAL     planned $1,003.12 of $1,000.00 ($+3.12)  all 6 accounts $2,253.38 of $2,249.83 ($+3.55)
            paper
  BOOK      9 pos gross $311.43 (0.62x)  open $+1.57  funding $-0.05  vol 27% top 20
            rebal 2026-10-03
  CONTEXT   since 01 Oct $+1.28 (+0.26%) in 2.6d  normal -1.9% to +2.9%  top 47%: normal
  RULE      C2 N2+N3 + range vol (GK)  forward test (paper)
  TOURNEY   2d from 2026-10-01  base -0.60%  N2 -0.66%  N3 -0.37%  N2+N3 -0.37%  +K4 -0.42%
            +GK* -0.30%  +K4+GK -0.38%  +GK+DD new  +GK+XA new
  DATA      on time  prices 15s  funding booked  book today  shadow 18:00  carry today
            spot pot today
  SESSION   $-0.49 -0.10%  peak $501.78  dd 0.10%
  CURVE     +==++=====
  MONTH     book guard $0.00 of $100.00 used  on marked equity  from $500.00  dial 20%
            ..........................
  RECORD    book closed 3  2W 1L  net $-0.09  fees and funding in
  FEES      no fills yet this run (the book trades at 00:05 UTC)
  ------------------------------------------------------------------------------------------------



  00:06  up 1h20m  daily book --------------------------------------------------------------------
  EQUITY    $501.12  unreal $+1.41
  OPEN      no intraday positions  book holds 9 (BOOK row)  free $438.42 after open P&L
  SHADOW    intraday M1 $503.72 (+0.80%)  M1g $502.03 (+0.46%)  2d paper only
  CARRY     $499.11 (-0.15%)  8 held  paper only
  SPOT      $249.79 (-0.08%)  1 held  4% invested  cash earns 6.66%  paper pot
  SAVINGS   idle $313.14 (62%)  at 6.66% +$0.15 so far  ~$1.74/month  paper
  BFUSD     wallet $501.12 at 7.66%  +$0.16 so far  ~$3.20/month  vs Savings $1.74  paper
  DELTA     $501.95 (+0.39%)  9 held  fees $0.20  funding $+0.01  paper, same plan
  XVENUE    $499.35 (-0.13%)  10 pairs  funding $+0.00  fees $0.74  paper, Delta vs Binance
  TOTAL     planned $1,004.76 of $1,000.00 ($+4.76)  all 6 accounts $2,254.87 of $2,249.83 ($+5.04)
            paper
  BOOK      9 pos gross $311.49 (0.62x)  open $+1.41  funding $-0.05  vol 27% top 20
            rebal 2026-10-03
  CONTEXT   since 01 Oct $+1.12 (+0.22%) in 2.6d  normal -1.9% to +2.9%  top 48%: normal
  RULE      C2 N2+N3 + range vol (GK)  forward test (paper)
  TOURNEY   2d from 2026-10-01  base -0.60%  N2 -0.66%  N3 -0.37%  N2+N3 -0.37%  +K4 -0.42%
            +GK* -0.30%  +K4+GK -0.38%  +GK+DD new  +GK+XA new
  DATA      on time  prices 7s  funding booked  book today  shadow 18:00  carry today
            spot pot today
  SESSION   $-0.65 -0.13%  peak $501.78  dd 0.13%
  CURVE     +=+++======
  MONTH     book guard $0.00 of $100.00 used  on marked equity  from $500.00  dial 20%
            ..........................
  RECORD    book closed 3  2W 1L  net $-0.09  fees and funding in
  FEES      no fills yet this run (the book trades at 00:05 UTC)
  ------------------------------------------------------------------------------------------------



  00:14  up 1h28m  daily book --------------------------------------------------------------------
  EQUITY    $501.16  unreal $+1.45
  OPEN      no intraday positions  book holds 9 (BOOK row)  free $438.46 after open P&L
  SHADOW    intraday M1 $503.72 (+0.80%)  M1g $502.03 (+0.46%)  2d paper only
  CARRY     $499.11 (-0.15%)  8 held  paper only
  SPOT      $249.79 (-0.08%)  1 held  4% invested  cash earns 6.66%  paper pot
  SAVINGS   idle $313.19 (62%)  at 6.66% +$0.15 so far  ~$1.74/month  paper
  BFUSD     wallet $501.18 at 7.66%  +$0.16 so far  ~$3.20/month  vs Savings $1.74  paper
  DELTA     $501.86 (+0.37%)  9 held  fees $0.20  funding $+0.01  paper, same plan
  XVENUE    $499.35 (-0.13%)  10 pairs  funding $+0.00  fees $0.74  paper, Delta vs Binance
  TOTAL     planned $1,001.21 of $1,000.00 ($+1.21)  all 6 accounts $2,251.41 of $2,249.83 ($+1.58)
            paper
  BOOK      9 pos gross $311.89 (0.62x)  open $+1.45  funding $-0.05  vol 27% top 20
            rebal 2026-10-03
  CONTEXT   since 01 Oct $+1.16 (+0.23%) in 2.6d  normal -1.9% to +2.9%  top 47%: normal
  RULE      C2 N2+N3 + range vol (GK)  forward test (paper)
  TOURNEY   2d from 2026-10-01  base -0.60%  N2 -0.66%  N3 -0.37%  N2+N3 -0.37%  +K4 -0.42%
            +GK* -0.30%  +K4+GK -0.38%  +GK+DD new  +GK+XA new
  DATA      on time  prices 0s  funding booked  book today  shadow 18:00  carry today
            spot pot today
  SESSION   $-0.61 -0.12%  peak $501.78  dd 0.12%
  CURVE     +=+++=======
  MONTH     book guard $0.00 of $100.00 used  on marked equity  from $500.00  dial 20%
            ..........................
  RECORD    book closed 3  2W 1L  net $-0.09  fees and funding in
  FEES      no fills yet this run (the book trades at 00:05 UTC)
  ------------------------------------------------------------------------------------------------



  00:22  up 1h36m  daily book --------------------------------------------------------------------
  EQUITY    $501.31  unreal $+1.60
  OPEN      no intraday positions  book holds 9 (BOOK row)  free $438.61 after open P&L
  SHADOW    intraday M1 $503.72 (+0.80%)  M1g $502.03 (+0.46%)  2d paper only
  CARRY     $499.11 (-0.15%)  8 held  paper only
  SPOT      $249.79 (-0.08%)  1 held  4% invested  cash earns 6.66%  paper pot
  SAVINGS   idle $313.28 (62%)  at 6.66% +$0.15 so far  ~$1.74/month  paper
  BFUSD     wallet $501.31 at 7.66%  +$0.16 so far  ~$3.20/month  vs Savings $1.74  paper
  DELTA     $501.96 (+0.39%)  9 held  fees $0.20  funding $+0.01  paper, same plan
  XVENUE    $499.35 (-0.13%)  10 pairs  funding $+0.00  fees $0.74  paper, Delta vs Binance
  TOTAL     planned $1,002.10 of $1,000.00 ($+2.10)  all 6 accounts $2,252.54 of $2,249.83 ($+2.71)
            paper
  BOOK      9 pos gross $311.50 (0.62x)  open $+1.60  funding $-0.05  vol 27% top 20
            rebal 2026-10-03
  CONTEXT   since 01 Oct $+1.31 (+0.26%) in 2.6d  normal -1.9% to +2.9%  top 47%: normal
  RULE      C2 N2+N3 + range vol (GK)  forward test (paper)
  TOURNEY   2d from 2026-10-01  base -0.60%  N2 -0.66%  N3 -0.37%  N2+N3 -0.37%  +K4 -0.42%
            +GK* -0.30%  +K4+GK -0.38%  +GK+DD new  +GK+XA new
  DATA      on time  prices 34s  funding booked  book today  shadow 18:00  carry today
            spot pot today
  SESSION   $-0.46 -0.09%  peak $501.78  dd 0.09%
  CURVE     +=+++========
  MONTH     book guard $0.00 of $100.00 used  on marked equity  from $500.00  dial 20%
            ..........................
  RECORD    book closed 3  2W 1L  net $-0.09  fees and funding in
  FEES      no fills yet this run (the book trades at 00:05 UTC)
  ------------------------------------------------------------------------------------------------


  SESSION SUMMARY --------------------------------------------------------------------------------
  RAN       1h38m  daily book  0 book fills this run  book closed 3 in all
  P&L       $-0.47 (-0.09%)  $501.78 > $501.31  maxDD 0.13%
  CURVE     @=+*#===-_..-
  COST      fees $0.00  maker 0 / taker 0 fills
  ------------------------------------------------------------------------------------------------

