
  ================================================================================================
  OMEGA C506  PAPER  Bitget perps
  29 Sep 2026   10:02
  start $243.80 realised  risk dial 15%/month
  ================================================================================================

  RISK FRAME -------------------------------------------------------------------------------------
  EQUITY    $243.80 realised  804 markets
  MONTH     dial 15% = $37.92 this month  used $9.01 realised
  BOOK      daily trend + momentum + carry, rebalanced 00:05 UTC
            month guard on MARKED equity (open P&L counts)  intraday scanner idle
  ------------------------------------------------------------------------------------------------



  10:10  up 0h08m  scan 0 ------------------------------------------------------------------------
  EQUITY    $241.35  unreal $-2.45
  OPEN      no intraday positions  book holds 8 (BOOK row)  free $220.56 after open P&L
  SHADOW    intraday M1 $257.09 (+1.91%)  M1g $253.68 (+0.56%)  5d paper only
  CARRY     $252.18 (-0.03%)  8 held  paper only
  SPOT      $249.01 (-0.40%)  16 held  24% invested  cash earns 7.63%  paper pot
  SAVINGS   idle $172.31 (71%)  at 7.63% +$0.03 so far  ~$1.10/month  paper
  BOOK      8 pos gross $100.81 (0.42x)  open $-2.45  funding $+0.00  vol 20% top 20
            rebal 2026-09-29
  DATA      on time  prices 32s  funding booked  book today  shadow 04:00  carry today
            spot pot today
  SESSION   $+0.01 +0.00%
  MONTH     book guard $11.46 of $37.92 used  on marked equity  from $252.81  dial 15%
            ########..................
  RECORD    no closed trades yet this run
  LIFETIME  139tr 44W 95L 32% intraday  account $-6.20 realised
  FEES      no fills yet this run
  ------------------------------------------------------------------------------------------------



  10:18  up 0h16m  scan 0 ------------------------------------------------------------------------
  EQUITY    $241.08  unreal $-2.72
  OPEN      no intraday positions  book holds 8 (BOOK row)  free $220.29 after open P&L
  SHADOW    intraday M1 $257.09 (+1.91%)  M1g $253.68 (+0.56%)  5d paper only
  CARRY     $252.18 (-0.03%)  8 held  paper only
  SPOT      $248.69 (-0.52%)  16 held  24% invested  cash earns 7.63%  paper pot
  SAVINGS   idle $172.15 (71%)  at 7.63% +$0.03 so far  ~$1.09/month  paper
  BOOK      8 pos gross $100.41 (0.42x)  open $-2.72  funding $+0.00  vol 20% top 20
            rebal 2026-09-29
  DATA      on time  prices 27s  funding booked  book today  shadow 04:00  carry today
            spot pot today
  SESSION   $-0.26 -0.11%  peak $241.35  dd 0.11%
  MONTH     book guard $11.73 of $37.92 used  on marked equity  from $252.81  dial 15%
            ########..................
  RECORD    no closed trades yet this run
  LIFETIME  139tr 44W 95L 32% intraday  account $-6.20 realised
  FEES      no fills yet this run
  ------------------------------------------------------------------------------------------------



  10:26  up 0h24m  scan 0 ------------------------------------------------------------------------
  EQUITY    $241.21  unreal $-2.59
  OPEN      no intraday positions  book holds 8 (BOOK row)  free $220.42 after open P&L
  SHADOW    intraday M1 $257.09 (+1.91%)  M1g $253.68 (+0.56%)  5d paper only
  CARRY     $252.18 (-0.03%)  8 held  paper only
  SPOT      $248.93 (-0.43%)  16 held  24% invested  cash earns 7.63%  paper pot
  SAVINGS   idle $172.16 (71%)  at 7.63% +$0.03 so far  ~$1.09/month  paper
  BOOK      8 pos gross $100.69 (0.42x)  open $-2.59  funding $+0.00  vol 20% top 20
            rebal 2026-09-29
  DATA      on time  prices 22s  funding booked  book today  shadow 04:00  carry today
            spot pot today
  SESSION   $-0.13 -0.05%  peak $241.35  dd 0.06%
  MONTH     book guard $11.60 of $37.92 used  on marked equity  from $252.81  dial 15%
            ########..................
  RECORD    no closed trades yet this run
  LIFETIME  139tr 44W 95L 32% intraday  account $-6.20 realised
  FEES      no fills yet this run
  ------------------------------------------------------------------------------------------------



  10:34  up 0h32m  scan 0 ------------------------------------------------------------------------
  EQUITY    $241.09  unreal $-2.71
  OPEN      no intraday positions  book holds 8 (BOOK row)  free $220.30 after open P&L
  SHADOW    intraday M1 $256.93 (+1.85%)  M1g $253.63 (+0.54%)  5d paper only
  CARRY     $252.18 (-0.03%)  8 held  paper only
  SPOT      $249.05 (-0.38%)  16 held  24% invested  cash earns 7.63%  paper pot
  SAVINGS   idle $172.15 (71%)  at 7.63% +$0.03 so far  ~$1.09/month  paper
  BOOK      8 pos gross $100.63 (0.42x)  open $-2.71  funding $+0.00  vol 20% top 20
            rebal 2026-09-29
  DATA      on time  prices 10s  funding booked  book today  shadow 05:00  carry today
            spot pot today
  SESSION   $-0.25 -0.10%  peak $241.35  dd 0.11%
  MONTH     book guard $11.72 of $37.92 used  on marked equity  from $252.81  dial 15%
            ########..................
  RECORD    no closed trades yet this run
  LIFETIME  139tr 44W 95L 32% intraday  account $-6.20 realised
  FEES      no fills yet this run
  ------------------------------------------------------------------------------------------------



  10:42  up 0h40m  scan 0 ------------------------------------------------------------------------
  EQUITY    $241.22  unreal $-2.58
  OPEN      no intraday positions  book holds 8 (BOOK row)  free $220.43 after open P&L
  SHADOW    intraday M1 $256.93 (+1.85%)  M1g $253.63 (+0.54%)  5d paper only
  CARRY     $252.18 (-0.03%)  8 held  paper only
  SPOT      $248.97 (-0.41%)  16 held  24% invested  cash earns 7.63%  paper pot
  SAVINGS   idle $172.15 (71%)  at 7.63% +$0.03 so far  ~$1.09/month  paper
  BOOK      8 pos gross $100.77 (0.42x)  open $-2.58  funding $+0.00  vol 20% top 20
            rebal 2026-09-29
  DATA      on time  prices 5s  funding booked  book today  shadow 05:00  carry today
            spot pot today
  SESSION   $-0.12 -0.05%  peak $241.35  dd 0.05%
  CURVE     ++===+
  MONTH     book guard $11.59 of $37.92 used  on marked equity  from $252.81  dial 15%
            ########..................
  RECORD    no closed trades yet this run
  LIFETIME  139tr 44W 95L 32% intraday  account $-6.20 realised
  FEES      no fills yet this run
  ------------------------------------------------------------------------------------------------



  10:50  up 0h48m  scan 0 ------------------------------------------------------------------------
  EQUITY    $241.34  unreal $-2.46
  OPEN      no intraday positions  book holds 8 (BOOK row)  free $220.55 after open P&L
  SHADOW    intraday M1 $256.93 (+1.85%)  M1g $253.63 (+0.54%)  5d paper only
  CARRY     $252.18 (-0.03%)  8 held  paper only
  SPOT      $249.21 (-0.31%)  16 held  24% invested  cash earns 7.63%  paper pot
  SAVINGS   idle $172.28 (71%)  at 7.63% +$0.03 so far  ~$1.10/month  paper
  BOOK      8 pos gross $101.07 (0.42x)  open $-2.46  funding $+0.00  vol 20% top 20
            rebal 2026-09-29
  DATA      on time  prices 40s  funding booked  book today  shadow 05:00  carry today
            spot pot today
  SESSION   $-0.00 -0.00%  peak $241.35
  CURVE     ++===++
  MONTH     book guard $11.47 of $37.92 used  on marked equity  from $252.81  dial 15%
            ########..................
  RECORD    no closed trades yet this run
  LIFETIME  139tr 44W 95L 32% intraday  account $-6.20 realised
  FEES      no fills yet this run
  ------------------------------------------------------------------------------------------------



  10:58  up 0h56m  scan 0 ------------------------------------------------------------------------
  EQUITY    $241.43  unreal $-2.37
  OPEN      no intraday positions  book holds 8 (BOOK row)  free $220.64 after open P&L
  SHADOW    intraday M1 $256.93 (+1.85%)  M1g $253.63 (+0.54%)  5d paper only
  CARRY     $252.18 (-0.03%)  8 held  paper only
  SPOT      $249.24 (-0.30%)  16 held  24% invested  cash earns 7.63%  paper pot
  SAVINGS   idle $172.35 (71%)  at 7.63% +$0.03 so far  ~$1.10/month  paper
  BOOK      8 pos gross $101.06 (0.42x)  open $-2.37  funding $+0.00  vol 20% top 20
            rebal 2026-09-29
  DATA      on time  prices 33s  funding booked  book today  shadow 05:00  carry today
            spot pot today
  SESSION   $+0.09 +0.04%
  CURVE     ++====++
  MONTH     book guard $11.38 of $37.92 used  on marked equity  from $252.81  dial 15%
            ########..................
  RECORD    no closed trades yet this run
  LIFETIME  139tr 44W 95L 32% intraday  account $-6.20 realised
  FEES      no fills yet this run
  ------------------------------------------------------------------------------------------------



  11:06  up 1h04m  scan 0 ------------------------------------------------------------------------
  EQUITY    $241.32  unreal $-2.48
  OPEN      no intraday positions  book holds 8 (BOOK row)  free $220.53 after open P&L
  SHADOW    intraday M1 $256.93 (+1.85%)  M1g $253.63 (+0.54%)  5d paper only
  CARRY     $252.18 (-0.03%)  8 held  paper only
  SPOT      $248.76 (-0.50%)  16 held  24% invested  cash earns 7.63%  paper pot
  SAVINGS   idle $172.27 (71%)  at 7.63% +$0.03 so far  ~$1.10/month  paper
  BOOK      8 pos gross $100.52 (0.42x)  open $-2.48  funding $+0.00  vol 20% top 20
            rebal 2026-09-29
  DATA      on time  prices 24s  funding booked  book today  shadow 05:00  carry today
            spot pot today
  SESSION   $-0.02 -0.01%  peak $241.43  dd 0.05%
  CURVE     ++====+++
  MONTH     book guard $11.49 of $37.92 used  on marked equity  from $252.81  dial 15%
            ########..................
  RECORD    no closed trades yet this run
  LIFETIME  139tr 44W 95L 32% intraday  account $-6.20 realised
  FEES      no fills yet this run
  ------------------------------------------------------------------------------------------------



  11:14  up 1h12m  scan 0 ------------------------------------------------------------------------
  EQUITY    $241.41  unreal $-2.39
  OPEN      no intraday positions  book holds 8 (BOOK row)  free $220.62 after open P&L
  SHADOW    intraday M1 $256.93 (+1.85%)  M1g $253.63 (+0.54%)  5d paper only
  CARRY     $252.18 (-0.03%)  8 held  paper only
  SPOT      $249.12 (-0.35%)  16 held  24% invested  cash earns 7.63%  paper pot
  SAVINGS   idle $172.31 (71%)  at 7.63% +$0.03 so far  ~$1.10/month  paper
  BOOK      8 pos gross $101.02 (0.42x)  open $-2.39  funding $+0.00  vol 20% top 20
            rebal 2026-09-29
  DATA      on time  prices 17s  funding booked  book today  shadow 05:00  carry today
            spot pot today
  SESSION   $+0.07 +0.03%  peak $241.43  dd 0.01%
  CURVE     ++====++++
  MONTH     book guard $11.40 of $37.92 used  on marked equity  from $252.81  dial 15%
            ########..................
  RECORD    no closed trades yet this run
  LIFETIME  139tr 44W 95L 32% intraday  account $-6.20 realised
  FEES      no fills yet this run
  ------------------------------------------------------------------------------------------------



  11:22  up 1h20m  scan 0 ------------------------------------------------------------------------
  EQUITY    $241.44  unreal $-2.36
  OPEN      no intraday positions  book holds 8 (BOOK row)  free $220.65 after open P&L
  SHADOW    intraday M1 $256.93 (+1.85%)  M1g $253.63 (+0.54%)  5d paper only
  CARRY     $252.18 (-0.03%)  8 held  paper only
  SPOT      $249.27 (-0.29%)  16 held  24% invested  cash earns 7.63%  paper pot
  SAVINGS   idle $172.34 (71%)  at 7.63% +$0.03 so far  ~$1.10/month  paper
  BOOK      8 pos gross $101.14 (0.42x)  open $-2.36  funding $+0.00  vol 20% top 20
            rebal 2026-09-29
  DATA      on time  prices 10s  funding booked  book today  shadow 05:00  carry today
            spot pot today
  SESSION   $+0.10 +0.04%
  CURVE     ++====+++++
  MONTH     book guard $11.37 of $37.92 used  on marked equity  from $252.81  dial 15%
            ########..................
  RECORD    no closed trades yet this run
  LIFETIME  139tr 44W 95L 32% intraday  account $-6.20 realised
  FEES      no fills yet this run
  ------------------------------------------------------------------------------------------------



  11:30  up 1h28m  scan 0 ------------------------------------------------------------------------
  EQUITY    $241.40  unreal $-2.40
  OPEN      no intraday positions  book holds 8 (BOOK row)  free $220.61 after open P&L
  SHADOW    intraday M1 $256.93 (+1.85%)  M1g $253.63 (+0.54%)  5d paper only
  CARRY     $252.18 (-0.03%)  8 held  paper only
  SPOT      $249.31 (-0.28%)  16 held  24% invested  cash earns 7.63%  paper pot
  SAVINGS   idle $172.34 (71%)  at 7.63% +$0.03 so far  ~$1.10/month  paper
  BOOK      8 pos gross $101.27 (0.42x)  open $-2.40  funding $+0.00  vol 20% top 20
            rebal 2026-09-29
  DATA      on time  prices 5s  funding booked  book today  shadow 05:00  carry today
            spot pot today
  SESSION   $+0.06 +0.02%  peak $241.44  dd 0.02%
  CURVE     ++====++++++
  MONTH     book guard $11.41 of $37.92 used  on marked equity  from $252.81  dial 15%
            ########..................
  RECORD    no closed trades yet this run
  LIFETIME  139tr 44W 95L 32% intraday  account $-6.20 realised
  FEES      no fills yet this run
  ------------------------------------------------------------------------------------------------



  11:38  up 1h36m  scan 0 ------------------------------------------------------------------------
  EQUITY    $241.27  unreal $-2.53
  OPEN      no intraday positions  book holds 8 (BOOK row)  free $220.48 after open P&L
  SHADOW    intraday M1 $257.69 (+2.15%)  M1g $254.06 (+0.71%)  5d paper only
  CARRY     $252.18 (-0.03%)  8 held  paper only
  SPOT      $249.42 (-0.23%)  16 held  24% invested  cash earns 7.63%  paper pot
  SAVINGS   idle $172.23 (71%)  at 7.63% +$0.03 so far  ~$1.10/month  paper
  BOOK      8 pos gross $101.41 (0.42x)  open $-2.53  funding $+0.00  vol 20% top 20
            rebal 2026-09-29
  DATA      on time  prices 11s  funding booked  book today  shadow 06:00  carry today
            spot pot today
  SESSION   $-0.07 -0.03%  peak $241.44  dd 0.07%
  CURVE     ++====+++++++
  MONTH     book guard $11.54 of $37.92 used  on marked equity  from $252.81  dial 15%
            ########..................
  RECORD    no closed trades yet this run
  LIFETIME  139tr 44W 95L 32% intraday  account $-6.20 realised
  FEES      no fills yet this run
  ------------------------------------------------------------------------------------------------



  11:46  up 1h44m  scan 0 ------------------------------------------------------------------------
  EQUITY    $241.38  unreal $-2.42
  OPEN      no intraday positions  book holds 8 (BOOK row)  free $220.59 after open P&L
  SHADOW    intraday M1 $257.69 (+2.15%)  M1g $254.06 (+0.71%)  5d paper only
  CARRY     $252.18 (-0.03%)  8 held  paper only
  SPOT      $249.75 (-0.10%)  16 held  24% invested  cash earns 7.63%  paper pot
  SAVINGS   idle $172.39 (71%)  at 7.63% +$0.03 so far  ~$1.10/month  paper
  BOOK      8 pos gross $101.72 (0.42x)  open $-2.42  funding $+0.00  vol 20% top 20
            rebal 2026-09-29
  DATA      on time  prices 4s  funding booked  book today  shadow 06:00  carry today
            spot pot today
  SESSION   $+0.04 +0.02%  peak $241.44  dd 0.02%
  CURVE     ++====++++++++
  MONTH     book guard $11.43 of $37.92 used  on marked equity  from $252.81  dial 15%
            ########..................
  RECORD    no closed trades yet this run
  LIFETIME  139tr 44W 95L 32% intraday  account $-6.20 realised
  FEES      no fills yet this run
  ------------------------------------------------------------------------------------------------



  11:54  up 1h52m  scan 0 ------------------------------------------------------------------------
  EQUITY    $241.27  unreal $-2.53
  OPEN      no intraday positions  book holds 8 (BOOK row)  free $220.48 after open P&L
  SHADOW    intraday M1 $257.69 (+2.15%)  M1g $254.06 (+0.71%)  5d paper only
  CARRY     $252.18 (-0.03%)  8 held  paper only
  SPOT      $249.55 (-0.18%)  16 held  24% invested  cash earns 7.63%  paper pot
  SAVINGS   idle $172.25 (71%)  at 7.63% +$0.03 so far  ~$1.10/month  paper
  BOOK      8 pos gross $101.68 (0.42x)  open $-2.53  funding $+0.00  vol 20% top 20
            rebal 2026-09-29
  DATA      on time  prices 39s  funding booked  book today  shadow 06:00  carry today
            spot pot today
  SESSION   $-0.07 -0.03%  peak $241.44  dd 0.07%
  CURVE     ++====+++++++++
  MONTH     book guard $11.54 of $37.92 used  on marked equity  from $252.81  dial 15%
            ########..................
  RECORD    no closed trades yet this run
  LIFETIME  139tr 44W 95L 32% intraday  account $-6.20 realised
  FEES      no fills yet this run
  ------------------------------------------------------------------------------------------------



  12:02  up 2h00m  scan 0 ------------------------------------------------------------------------
  EQUITY    $241.38  unreal $-2.42
  OPEN      no intraday positions  book holds 8 (BOOK row)  free $220.59 after open P&L
  SHADOW    intraday M1 $257.69 (+2.15%)  M1g $254.06 (+0.71%)  5d paper only
  CARRY     $252.18 (-0.03%)  8 held  paper only
  SPOT      $249.78 (-0.09%)  16 held  24% invested  cash earns 7.63%  paper pot
  SAVINGS   idle $172.27 (71%)  at 7.63% +$0.03 so far  ~$1.10/month  paper
  BOOK      8 pos gross $101.95 (0.42x)  open $-2.42  funding $+0.00  vol 20% top 20
            rebal 2026-09-29
  DATA      on time  prices 33s  funding booked  book today  shadow 06:00  carry today
            spot pot today
  SESSION   $+0.04 +0.02%  peak $241.44  dd 0.02%
  CURVE     ++====++++++++++
  MONTH     book guard $11.43 of $37.92 used  on marked equity  from $252.81  dial 15%
            ########..................
  RECORD    no closed trades yet this run
  LIFETIME  139tr 44W 95L 32% intraday  account $-6.20 realised
  FEES      no fills yet this run
  ------------------------------------------------------------------------------------------------



  12:10  up 2h08m  scan 0 ------------------------------------------------------------------------
  EQUITY    $241.19  unreal $-2.61
  OPEN      no intraday positions  book holds 8 (BOOK row)  free $220.40 after open P&L
  SHADOW    intraday M1 $257.69 (+2.15%)  M1g $254.06 (+0.71%)  5d paper only
  CARRY     $252.18 (-0.03%)  8 held  paper only
  SPOT      $249.62 (-0.15%)  16 held  24% invested  cash earns 7.63%  paper pot
  SAVINGS   idle $172.16 (71%)  at 7.63% +$0.03 so far  ~$1.09/month  paper
  BOOK      8 pos gross $101.70 (0.42x)  open $-2.61  funding $+0.00  vol 20% top 20
            rebal 2026-09-29
  DATA      on time  prices 28s  funding booked  book today  shadow 06:00  carry today
            spot pot today
  SESSION   $-0.15 -0.06%  peak $241.44  dd 0.10%
  CURVE     ++====++++++++++=
  MONTH     book guard $11.62 of $37.92 used  on marked equity  from $252.81  dial 15%
            ########..................
  RECORD    no closed trades yet this run
  LIFETIME  139tr 44W 95L 32% intraday  account $-6.20 realised
  FEES      no fills yet this run
  ------------------------------------------------------------------------------------------------



  12:18  up 2h16m  scan 0 ------------------------------------------------------------------------
  EQUITY    $241.23  unreal $-2.57
  OPEN      no intraday positions  book holds 8 (BOOK row)  free $220.44 after open P&L
  SHADOW    intraday M1 $257.69 (+2.15%)  M1g $254.06 (+0.71%)  5d paper only
  CARRY     $252.18 (-0.03%)  8 held  paper only
  SPOT      $249.62 (-0.15%)  16 held  24% invested  cash earns 7.63%  paper pot
  SAVINGS   idle $172.17 (71%)  at 7.63% +$0.03 so far  ~$1.09/month  paper
  BOOK      8 pos gross $101.79 (0.42x)  open $-2.57  funding $+0.00  vol 20% top 20
            rebal 2026-09-29
  DATA      on time  prices 22s  funding booked  book today  shadow 06:00  carry today
            spot pot today
  SESSION   $-0.11 -0.05%  peak $241.44  dd 0.09%
  CURVE     ++====++++++++++==
  MONTH     book guard $11.58 of $37.92 used  on marked equity  from $252.81  dial 15%
            ########..................
  RECORD    no closed trades yet this run
  LIFETIME  139tr 44W 95L 32% intraday  account $-6.20 realised
  FEES      no fills yet this run
  ------------------------------------------------------------------------------------------------



  12:26  up 2h24m  scan 0 ------------------------------------------------------------------------
  EQUITY    $241.29  unreal $-2.51
  OPEN      no intraday positions  book holds 8 (BOOK row)  free $220.50 after open P&L
  SHADOW    intraday M1 $257.69 (+2.15%)  M1g $254.06 (+0.71%)  5d paper only
  CARRY     $252.18 (-0.03%)  8 held  paper only
  SPOT      $249.91 (-0.04%)  16 held  24% invested  cash earns 7.63%  paper pot
  SAVINGS   idle $172.26 (71%)  at 7.63% +$0.03 so far  ~$1.10/month  paper
  BOOK      8 pos gross $102.14 (0.42x)  open $-2.52  funding $+0.00  vol 20% top 20
            rebal 2026-09-29
  DATA      on time  prices 16s  funding booked  book today  shadow 06:00  carry today
            spot pot today
  SESSION   $-0.05 -0.02%  peak $241.44  dd 0.06%
  CURVE     ++====++++++++++==+
  MONTH     book guard $11.52 of $37.92 used  on marked equity  from $252.81  dial 15%
            ########..................
  RECORD    no closed trades yet this run
  LIFETIME  139tr 44W 95L 32% intraday  account $-6.20 realised
  FEES      no fills yet this run
  ------------------------------------------------------------------------------------------------



  12:34  up 2h32m  scan 0 ------------------------------------------------------------------------
  EQUITY    $241.42  unreal $-2.38
  OPEN      no intraday positions  book holds 8 (BOOK row)  free $220.63 after open P&L
  SHADOW    intraday M1 $256.53 (+1.69%)  M1g $253.10 (+0.33%)  5d paper only
  CARRY     $252.18 (-0.03%)  8 held  paper only
  SPOT      $249.78 (-0.09%)  16 held  24% invested  cash earns 7.63%  paper pot
  SAVINGS   idle $172.34 (71%)  at 7.63% +$0.03 so far  ~$1.10/month  paper
  BOOK      8 pos gross $102.15 (0.42x)  open $-2.38  funding $+0.00  vol 20% top 20
            rebal 2026-09-29
  DATA      on time  prices 9s  funding booked  book today  shadow 07:00  carry today
            spot pot today
  SESSION   $+0.08 +0.03%  peak $241.44  dd 0.01%
  CURVE     ++====++++++++++==++
  MONTH     book guard $11.39 of $37.92 used  on marked equity  from $252.81  dial 15%
            ########..................
  RECORD    no closed trades yet this run
  LIFETIME  139tr 44W 95L 32% intraday  account $-6.20 realised
  FEES      no fills yet this run
  ------------------------------------------------------------------------------------------------



  12:42  up 2h40m  scan 0 ------------------------------------------------------------------------
  EQUITY    $241.50  unreal $-2.30
  OPEN      no intraday positions  book holds 8 (BOOK row)  free $220.71 after open P&L
  SHADOW    intraday M1 $256.53 (+1.69%)  M1g $253.10 (+0.33%)  5d paper only
  CARRY     $252.18 (-0.03%)  8 held  paper only
  SPOT      $250.15 (+0.06%)  16 held  24% invested  cash earns 7.63%  paper pot
  SAVINGS   idle $172.39 (71%)  at 7.63% +$0.04 so far  ~$1.10/month  paper
  BOOK      8 pos gross $102.41 (0.42x)  open $-2.30  funding $+0.00  vol 20% top 20
            rebal 2026-09-29
  DATA      on time  prices 2s  funding booked  book today  shadow 07:00  carry today
            spot pot today
  SESSION   $+0.16 +0.07%
  CURVE     ++====++++++=+=+===++
  MONTH     book guard $11.31 of $37.92 used  on marked equity  from $252.81  dial 15%
            ########..................
  RECORD    no closed trades yet this run
  LIFETIME  139tr 44W 95L 32% intraday  account $-6.20 realised
  FEES      no fills yet this run
  ------------------------------------------------------------------------------------------------



  12:50  up 2h48m  scan 0 ------------------------------------------------------------------------
  EQUITY    $241.38  unreal $-2.42
  OPEN      no intraday positions  book holds 8 (BOOK row)  free $220.59 after open P&L
  SHADOW    intraday M1 $256.53 (+1.69%)  M1g $253.10 (+0.33%)  5d paper only
  CARRY     $252.18 (-0.03%)  8 held  paper only
  SPOT      $250.10 (+0.04%)  16 held  24% invested  cash earns 7.63%  paper pot
  SAVINGS   idle $172.31 (71%)  at 7.63% +$0.04 so far  ~$1.10/month  paper
  BOOK      8 pos gross $102.31 (0.42x)  open $-2.42  funding $+0.00  vol 20% top 20
            rebal 2026-09-29
  DATA      on time  prices 37s  funding booked  book today  shadow 07:00  carry today
            spot pot today
  SESSION   $+0.04 +0.02%  peak $241.50  dd 0.05%
  CURVE     ++====++++++=+=+===+++
  MONTH     book guard $11.43 of $37.92 used  on marked equity  from $252.81  dial 15%
            ########..................
  RECORD    no closed trades yet this run
  LIFETIME  139tr 44W 95L 32% intraday  account $-6.20 realised
  FEES      no fills yet this run
  ------------------------------------------------------------------------------------------------



  12:58  up 2h56m  scan 0 ------------------------------------------------------------------------
  EQUITY    $241.40  unreal $-2.40
  OPEN      no intraday positions  book holds 8 (BOOK row)  free $220.61 after open P&L
  SHADOW    intraday M1 $256.53 (+1.69%)  M1g $253.10 (+0.33%)  5d paper only
  CARRY     $252.18 (-0.03%)  8 held  paper only
  SPOT      $250.22 (+0.09%)  16 held  24% invested  cash earns 7.63%  paper pot
  SAVINGS   idle $172.33 (71%)  at 7.63% +$0.04 so far  ~$1.10/month  paper
  BOOK      8 pos gross $102.42 (0.42x)  open $-2.40  funding $+0.00  vol 20% top 20
            rebal 2026-09-29
  DATA      on time  prices 32s  funding booked  book today  shadow 07:00  carry today
            spot pot today
  SESSION   $+0.06 +0.02%  peak $241.50  dd 0.04%
  CURVE     ++====++++++=+=+===++++
  MONTH     book guard $11.41 of $37.92 used  on marked equity  from $252.81  dial 15%
            ########..................
  RECORD    no closed trades yet this run
  LIFETIME  139tr 44W 95L 32% intraday  account $-6.20 realised
  FEES      no fills yet this run
  ------------------------------------------------------------------------------------------------



  13:06  up 3h04m  scan 0 ------------------------------------------------------------------------
  EQUITY    $241.46  unreal $-2.34
  OPEN      no intraday positions  book holds 8 (BOOK row)  free $220.67 after open P&L
  SHADOW    intraday M1 $256.53 (+1.69%)  M1g $253.10 (+0.33%)  5d paper only
  CARRY     $252.18 (-0.03%)  8 held  paper only
  SPOT      $250.28 (+0.11%)  16 held  24% invested  cash earns 7.63%  paper pot
  SAVINGS   idle $172.38 (71%)  at 7.63% +$0.04 so far  ~$1.10/month  paper
  BOOK      8 pos gross $102.46 (0.42x)  open $-2.34  funding $+0.00  vol 20% top 20
            rebal 2026-09-29
  DATA      on time  prices 26s  funding booked  book today  shadow 07:00  carry today
            spot pot today
  SESSION   $+0.12 +0.05%  peak $241.50  dd 0.02%
  CURVE     ++====++++++=+=+===+++++
  MONTH     book guard $11.35 of $37.92 used  on marked equity  from $252.81  dial 15%
            ########..................
  RECORD    no closed trades yet this run
  LIFETIME  139tr 44W 95L 32% intraday  account $-6.20 realised
  FEES      no fills yet this run
  ------------------------------------------------------------------------------------------------



  13:14  up 3h12m  scan 0 ------------------------------------------------------------------------
  EQUITY    $241.45  unreal $-2.35
  OPEN      no intraday positions  book holds 8 (BOOK row)  free $220.66 after open P&L
  SHADOW    intraday M1 $256.53 (+1.69%)  M1g $253.10 (+0.33%)  5d paper only
  CARRY     $252.18 (-0.03%)  8 held  paper only
  SPOT      $250.32 (+0.13%)  16 held  24% invested  cash earns 7.63%  paper pot
  SAVINGS   idle $172.37 (71%)  at 7.63% +$0.04 so far  ~$1.10/month  paper
  BOOK      8 pos gross $102.41 (0.42x)  open $-2.35  funding $+0.00  vol 20% top 20
            rebal 2026-09-29
  DATA      on time  prices 20s  funding booked  book today  shadow 07:00  carry today
            spot pot today
  SESSION   $+0.11 +0.05%  peak $241.50  dd 0.02%
  CURVE     ++====++++++=+=+===++++++
  MONTH     book guard $11.36 of $37.92 used  on marked equity  from $252.81  dial 15%
            ########..................
  RECORD    no closed trades yet this run
  LIFETIME  139tr 44W 95L 32% intraday  account $-6.20 realised
  FEES      no fills yet this run
  ------------------------------------------------------------------------------------------------



  13:22  up 3h20m  scan 0 ------------------------------------------------------------------------
  EQUITY    $241.47  unreal $-2.33
  OPEN      no intraday positions  book holds 8 (BOOK row)  free $220.68 after open P&L
  SHADOW    intraday M1 $256.53 (+1.69%)  M1g $253.10 (+0.33%)  5d paper only
  CARRY     $252.18 (-0.03%)  8 held  paper only
  SPOT      $250.34 (+0.14%)  16 held  24% invested  cash earns 7.63%  paper pot
  SAVINGS   idle $172.39 (71%)  at 7.63% +$0.04 so far  ~$1.10/month  paper
  BOOK      8 pos gross $102.45 (0.42x)  open $-2.33  funding $+0.00  vol 20% top 20
            rebal 2026-09-29
  DATA      on time  prices 15s  funding booked  book today  shadow 07:00  carry today
            spot pot today
  SESSION   $+0.13 +0.05%  peak $241.50  dd 0.01%
  CURVE     ++====++++++=+=+===+++++++
  MONTH     book guard $11.34 of $37.92 used  on marked equity  from $252.81  dial 15%
            ########..................
  RECORD    no closed trades yet this run
  LIFETIME  139tr 44W 95L 32% intraday  account $-6.20 realised
  FEES      no fills yet this run
  ------------------------------------------------------------------------------------------------



  13:30  up 3h28m  scan 0 ------------------------------------------------------------------------
  EQUITY    $241.47  unreal $-2.33
  OPEN      no intraday positions  book holds 8 (BOOK row)  free $220.68 after open P&L
  SHADOW    intraday M1 $256.53 (+1.69%)  M1g $253.10 (+0.33%)  5d paper only
  CARRY     $252.18 (-0.03%)  8 held  paper only
  SPOT      $250.35 (+0.14%)  16 held  24% invested  cash earns 7.63%  paper pot
  SAVINGS   idle $172.41 (71%)  at 7.63% +$0.04 so far  ~$1.10/month  paper
  BOOK      8 pos gross $102.46 (0.42x)  open $-2.33  funding $+0.01  vol 20% top 20
            rebal 2026-09-29
  DATA      on time  prices 8s  funding booked  book today  shadow 07:00  carry today
            spot pot today
  SESSION   $+0.13 +0.05%  peak $241.50  dd 0.01%
  CURVE     ++====++++++=+=+===++++++++
  MONTH     book guard $11.34 of $37.92 used  on marked equity  from $252.81  dial 15%
            ########..................
  RECORD    no closed trades yet this run
  LIFETIME  139tr 44W 95L 32% intraday  account $-6.20 realised
  FEES      no fills yet this run
  ------------------------------------------------------------------------------------------------



  13:38  up 3h36m  scan 0 ------------------------------------------------------------------------
  EQUITY    $241.36  unreal $-2.44
  OPEN      no intraday positions  book holds 8 (BOOK row)  free $220.57 after open P&L
  SHADOW    intraday M1 $255.95 (+1.46%)  M1g $252.34 (+0.03%)  5d paper only
  CARRY     $252.18 (-0.03%)  8 held  paper only
  SPOT      $250.21 (+0.08%)  16 held  24% invested  cash earns 7.63%  paper pot
  SAVINGS   idle $172.30 (71%)  at 7.63% +$0.04 so far  ~$1.10/month  paper
  BOOK      8 pos gross $102.35 (0.42x)  open $-2.44  funding $+0.01  vol 20% top 20
            rebal 2026-09-29
  DATA      on time  prices 36s  funding booked  book today  shadow 08:00  carry today
            spot pot today
  SESSION   $+0.02 +0.01%  peak $241.50  dd 0.06%
  CURVE     ++====++++++=+=+===+++++++++
  MONTH     book guard $11.45 of $37.92 used  on marked equity  from $252.81  dial 15%
            ########..................
  RECORD    no closed trades yet this run
  LIFETIME  139tr 44W 95L 32% intraday  account $-6.20 realised
  FEES      no fills yet this run
  ------------------------------------------------------------------------------------------------



  13:46  up 3h44m  scan 0 ------------------------------------------------------------------------
  EQUITY    $241.44  unreal $-2.36
  OPEN      no intraday positions  book holds 8 (BOOK row)  free $220.65 after open P&L
  SHADOW    intraday M1 $255.95 (+1.46%)  M1g $252.34 (+0.03%)  5d paper only
  CARRY     $252.18 (-0.03%)  8 held  paper only
  SPOT      $250.38 (+0.15%)  16 held  24% invested  cash earns 7.63%  paper pot
  SAVINGS   idle $172.36 (71%)  at 7.63% +$0.04 so far  ~$1.10/month  paper
  BOOK      8 pos gross $102.53 (0.42x)  open $-2.36  funding $+0.01  vol 20% top 20
            rebal 2026-09-29
  DATA      on time  prices 30s  funding booked  book today  shadow 08:00  carry today
            spot pot today
  SESSION   $+0.10 +0.04%  peak $241.50  dd 0.02%
  CURVE     ++====++++++=+=+===++++++++++
  MONTH     book guard $11.37 of $37.92 used  on marked equity  from $252.81  dial 15%
            ########..................
  RECORD    no closed trades yet this run
  LIFETIME  139tr 44W 95L 32% intraday  account $-6.20 realised
  FEES      no fills yet this run
  ------------------------------------------------------------------------------------------------



  13:54  up 3h52m  scan 0 ------------------------------------------------------------------------
  EQUITY    $241.49  unreal $-2.31
  OPEN      no intraday positions  book holds 8 (BOOK row)  free $220.70 after open P&L
  SHADOW    intraday M1 $255.95 (+1.46%)  M1g $252.34 (+0.03%)  5d paper only
  CARRY     $252.18 (-0.03%)  8 held  paper only
  SPOT      $250.64 (+0.26%)  16 held  24% invested  cash earns 7.63%  paper pot
  SAVINGS   idle $172.40 (71%)  at 7.63% +$0.04 so far  ~$1.10/month  paper
  BOOK      8 pos gross $102.89 (0.43x)  open $-2.31  funding $+0.01  vol 20% top 20
            rebal 2026-09-29
  DATA      on time  prices 24s  funding booked  book today  shadow 08:00  carry today
            spot pot today
  SESSION   $+0.15 +0.06%  peak $241.50
  CURVE     ++====++++++=+=+===+++++++++++
  MONTH     book guard $11.32 of $37.92 used  on marked equity  from $252.81  dial 15%
            ########..................
  RECORD    no closed trades yet this run
  LIFETIME  139tr 44W 95L 32% intraday  account $-6.20 realised
  FEES      no fills yet this run
  ------------------------------------------------------------------------------------------------



  14:02  up 4h00m  scan 0 ------------------------------------------------------------------------
  EQUITY    $241.44  unreal $-2.36
  OPEN      no intraday positions  book holds 8 (BOOK row)  free $220.65 after open P&L
  SHADOW    intraday M1 $255.95 (+1.46%)  M1g $252.34 (+0.03%)  5d paper only
  CARRY     $252.18 (-0.03%)  8 held  paper only
  SPOT      $250.42 (+0.17%)  16 held  24% invested  cash earns 7.63%  paper pot
  SAVINGS   idle $172.36 (71%)  at 7.63% +$0.04 so far  ~$1.10/month  paper
  BOOK      8 pos gross $102.55 (0.42x)  open $-2.36  funding $+0.01  vol 20% top 20
            rebal 2026-09-29
  DATA      on time  prices 18s  funding booked  book today  shadow 08:00  carry today
            spot pot today
  SESSION   $+0.10 +0.04%  peak $241.50  dd 0.02%
  CURVE     ++====++++++=+=+===++++++++++++
  MONTH     book guard $11.37 of $37.92 used  on marked equity  from $252.81  dial 15%
            ########..................
  RECORD    no closed trades yet this run
  LIFETIME  139tr 44W 95L 32% intraday  account $-6.20 realised
  FEES      no fills yet this run
  ------------------------------------------------------------------------------------------------



  14:10  up 4h08m  scan 0 ------------------------------------------------------------------------
  EQUITY    $241.36  unreal $-2.44
  OPEN      no intraday positions  book holds 8 (BOOK row)  free $220.57 after open P&L
  SHADOW    intraday M1 $255.95 (+1.46%)  M1g $252.34 (+0.03%)  5d paper only
  CARRY     $252.18 (-0.03%)  8 held  paper only
  SPOT      $250.29 (+0.12%)  16 held  24% invested  cash earns 7.63%  paper pot
  SAVINGS   idle $172.29 (71%)  at 7.63% +$0.04 so far  ~$1.10/month  paper
  BOOK      8 pos gross $102.27 (0.42x)  open $-2.44  funding $+0.01  vol 20% top 20
            rebal 2026-09-29
  DATA      on time  prices 13s  funding booked  book today  shadow 08:00  carry today
            spot pot today
  SESSION   $+0.02 +0.01%  peak $241.50  dd 0.06%
  CURVE     ++====++++++=+=+===+++++++++++++
  MONTH     book guard $11.45 of $37.92 used  on marked equity  from $252.81  dial 15%
            ########..................
  RECORD    no closed trades yet this run
  LIFETIME  139tr 44W 95L 32% intraday  account $-6.20 realised
  FEES      no fills yet this run
  ------------------------------------------------------------------------------------------------


  SESSION SUMMARY --------------------------------------------------------------------------------
  RAN       4h11m  0 scans  0 pair-analyses  0 closed trades
  P&L       $+0.02 (+0.01%)  $241.34 > $241.36  maxDD 0.11%
  CURVE     +*.-.-+#+###=*=*--=#@*#@@@@*#@#*
  COST      fees $0.00  maker 0 / taker 0 fills
  ------------------------------------------------------------------------------------------------

