10:02:11 | 📊 Paper Mode
10:02:13 | ✅ Connected | 804 futures markets
 
  ================================================================================================
  OMEGA C506  PAPER  Bitget perps
  29 Sep 2026   10:02
  start $243.80 realised  risk dial 15%/month
  ================================================================================================
 
  RISK FRAME -------------------------------------------------------------------------------------
  EQUITY    $243.80 realised  804 markets
  MONTH     dial 15% = $37.92 this month  used $9.01 realised
  BOOK      daily trend + momentum + carry, rebalanced 00:05 UTC
            month guard on MARKED equity (open P&L counts)  intraday scanner idle
  ------------------------------------------------------------------------------------------------
 
10:02:13 | 🌐 Remote control on http://0.0.0.0:8138 — TOKEN REQUIRED
10:02:13 |    📱 Local network: http://10.0.0.160:8138/?t=<your token> (this machine's own address)
10:02:13 |    🌍 Internet: put a Cloudflare Tunnel in front of this port.
10:02:13 |        See deploy/DEPLOY.md — one command, no open ports, free.
10:02:13 | 📊 C503 WHAT IS RUNNING -- the portfolio book trades:
10:02:13 |    BOOK   trend (C1) + momentum (C2) + carry (C3), equal risk; vol target 20% from the
    15% dial; gross <= 3x equity; top 20 crypto; $6 minimum; 30% band
10:02:13 |           rebalanced daily 00:05 UTC with market orders (paper fills at the ask/bid,
    taker 0.06%); 5x cross margin; funding at each coin's own interval; its one limit is the month
    guard on MARKED equity
10:02:13 |    PAPER  never touches the account: intraday shadow (C489) hourly · carry (C490) 00:10
    UTC · spot pot (C501/C502) $250, spot minimum $1, 00:20 UTC · idle cash -> Savings at 7.63%
    every minute · allostatic shadow (K4) at each rebalance
10:02:13 |    IDLE   the intraday scanner (OMEGA_ENGINE=intraday restores it): every block below, to
    the 'stop safely' line, describes it
10:02:13 |    🛡️ Session drawdown breaker: off | Guardian: report only (C482)
10:02:13 | 💡 Stop safely: sudo systemctl stop omega (Ctrl+C only when run by hand)
 
  10:10  up 0h08m  scan 0 ------------------------------------------------------------------------
  EQUITY    $241.35  unreal $-2.45
  OPEN      no intraday positions  book holds 8 (BOOK row)  free $220.56 after open P&L
  SHADOW    intraday M1 $257.09 (+1.91%)  M1g $253.68 (+0.56%)  5d paper only
  CARRY     $252.18 (-0.03%)  8 held  paper only
  SPOT      $249.01 (-0.40%)  16 held  24% invested  cash earns 7.63%  paper pot
  SAVINGS   idle $172.31 (71%)  at 7.63% +$0.03 so far  ~$1.10/month  paper
  BOOK      8 pos gross $100.81 (0.42x)  open $-2.45  funding $+0.00  vol 20% top 20
            rebal 2026-09-29
  DATA      on time  prices 32s  funding booked  book today  shadow 04:00  carry today
            spot pot today
  SESSION   $+0.01 +0.00%
  MONTH     book guard $11.46 of $37.92 used  on marked equity  from $252.81  dial 15%
            ########..................
  RECORD    no closed trades yet this run
  LIFETIME  139tr 44W 95L 32% intraday  account $-6.20 realised
  FEES      no fills yet this run
  ------------------------------------------------------------------------------------------------
 
 
  10:18  up 0h16m  scan 0 ------------------------------------------------------------------------
  EQUITY    $241.08  unreal $-2.72
  OPEN      no intraday positions  book holds 8 (BOOK row)  free $220.29 after open P&L
  SHADOW    intraday M1 $257.09 (+1.91%)  M1g $253.68 (+0.56%)  5d paper only
  CARRY     $252.18 (-0.03%)  8 held  paper only
  SPOT      $248.69 (-0.52%)  16 held  24% invested  cash earns 7.63%  paper pot
  SAVINGS   idle $172.15 (71%)  at 7.63% +$0.03 so far  ~$1.09/month  paper
  BOOK      8 pos gross $100.41 (0.42x)  open $-2.72  funding $+0.00  vol 20% top 20
            rebal 2026-09-29
  DATA      on time  prices 27s  funding booked  book today  shadow 04:00  carry today
            spot pot today
  SESSION   $-0.26 -0.11%  peak $241.35  dd 0.11%
  MONTH     book guard $11.73 of $37.92 used  on marked equity  from $252.81  dial 15%
            ########..................
  RECORD    no closed trades yet this run
  LIFETIME  139tr 44W 95L 32% intraday  account $-6.20 realised
  FEES      no fills yet this run
  ------------------------------------------------------------------------------------------------
 
 
  10:26  up 0h24m  scan 0 ------------------------------------------------------------------------
  EQUITY    $241.21  unreal $-2.59
  OPEN      no intraday positions  book holds 8 (BOOK row)  free $220.42 after open P&L
  SHADOW    intraday M1 $257.09 (+1.91%)  M1g $253.68 (+0.56%)  5d paper only
  CARRY     $252.18 (-0.03%)  8 held  paper only
  SPOT      $248.93 (-0.43%)  16 held  24% invested  cash earns 7.63%  paper pot
  SAVINGS   idle $172.16 (71%)  at 7.63% +$0.03 so far  ~$1.09/month  paper
  BOOK      8 pos gross $100.69 (0.42x)  open $-2.59  funding $+0.00  vol 20% top 20
            rebal 2026-09-29
  DATA      on time  prices 22s  funding booked  book today  shadow 04:00  carry today
            spot pot today
  SESSION   $-0.13 -0.05%  peak $241.35  dd 0.06%
  MONTH     book guard $11.60 of $37.92 used  on marked equity  from $252.81  dial 15%
            ########..................
  RECORD    no closed trades yet this run
  LIFETIME  139tr 44W 95L 32% intraday  account $-6.20 realised
  FEES      no fills yet this run
  ------------------------------------------------------------------------------------------------
 
10:32:40 |    👻 C489 shadow hour 05:00 UTC: 39 coins scored (warm-up (14, no flow)), gate OPEN | M1
    $256.93 (+1.85%) M1g $253.63 (+0.54%) over 5d [29s]
 
  10:34  up 0h32m  scan 0 ------------------------------------------------------------------------
  EQUITY    $241.09  unreal $-2.71
  OPEN      no intraday positions  book holds 8 (BOOK row)  free $220.30 after open P&L
  SHADOW    intraday M1 $256.93 (+1.85%)  M1g $253.63 (+0.54%)  5d paper only
  CARRY     $252.18 (-0.03%)  8 held  paper only
  SPOT      $249.05 (-0.38%)  16 held  24% invested  cash earns 7.63%  paper pot
  SAVINGS   idle $172.15 (71%)  at 7.63% +$0.03 so far  ~$1.09/month  paper
  BOOK      8 pos gross $100.63 (0.42x)  open $-2.71  funding $+0.00  vol 20% top 20
            rebal 2026-09-29
  DATA      on time  prices 10s  funding booked  book today  shadow 05:00  carry today
            spot pot today
  SESSION   $-0.25 -0.10%  peak $241.35  dd 0.11%
  MONTH     book guard $11.72 of $37.92 used  on marked equity  from $252.81  dial 15%
            ########..................
  RECORD    no closed trades yet this run
  LIFETIME  139tr 44W 95L 32% intraday  account $-6.20 realised
  FEES      no fills yet this run
  ------------------------------------------------------------------------------------------------
 
 
  10:42  up 0h40m  scan 0 ------------------------------------------------------------------------
  EQUITY    $241.22  unreal $-2.58
  OPEN      no intraday positions  book holds 8 (BOOK row)  free $220.43 after open P&L
  SHADOW    intraday M1 $256.93 (+1.85%)  M1g $253.63 (+0.54%)  5d paper only
  CARRY     $252.18 (-0.03%)  8 held  paper only
  SPOT      $248.97 (-0.41%)  16 held  24% invested  cash earns 7.63%  paper pot
  SAVINGS   idle $172.15 (71%)  at 7.63% +$0.03 so far  ~$1.09/month  paper
  BOOK      8 pos gross $100.77 (0.42x)  open $-2.58  funding $+0.00  vol 20% top 20
            rebal 2026-09-29
  DATA      on time  prices 5s  funding booked  book today  shadow 05:00  carry today
            spot pot today
  SESSION   $-0.12 -0.05%  peak $241.35  dd 0.05%
  CURVE     ++===+
  MONTH     book guard $11.59 of $37.92 used  on marked equity  from $252.81  dial 15%
            ########..................
  RECORD    no closed trades yet this run
  LIFETIME  139tr 44W 95L 32% intraday  account $-6.20 realised
  FEES      no fills yet this run
  ------------------------------------------------------------------------------------------------
 
 
  10:50  up 0h48m  scan 0 ------------------------------------------------------------------------
  EQUITY    $241.34  unreal $-2.46
  OPEN      no intraday positions  book holds 8 (BOOK row)  free $220.55 after open P&L
  SHADOW    intraday M1 $256.93 (+1.85%)  M1g $253.63 (+0.54%)  5d paper only
  CARRY     $252.18 (-0.03%)  8 held  paper only
  SPOT      $249.21 (-0.31%)  16 held  24% invested  cash earns 7.63%  paper pot
  SAVINGS   idle $172.28 (71%)  at 7.63% +$0.03 so far  ~$1.10/month  paper
  BOOK      8 pos gross $101.07 (0.42x)  open $-2.46  funding $+0.00  vol 20% top 20
            rebal 2026-09-29
  DATA      on time  prices 40s  funding booked  book today  shadow 05:00  carry today
            spot pot today
  SESSION   $-0.00 -0.00%  peak $241.35
  CURVE     ++===++
  MONTH     book guard $11.47 of $37.92 used  on marked equity  from $252.81  dial 15%
            ########..................
  RECORD    no closed trades yet this run
  LIFETIME  139tr 44W 95L 32% intraday  account $-6.20 realised
  FEES      no fills yet this run
  ------------------------------------------------------------------------------------------------
 
 
  10:58  up 0h56m  scan 0 ------------------------------------------------------------------------
  EQUITY    $241.43  unreal $-2.37
  OPEN      no intraday positions  book holds 8 (BOOK row)  free $220.64 after open P&L
  SHADOW    intraday M1 $256.93 (+1.85%)  M1g $253.63 (+0.54%)  5d paper only
  CARRY     $252.18 (-0.03%)  8 held  paper only
  SPOT      $249.24 (-0.30%)  16 held  24% invested  cash earns 7.63%  paper pot
  SAVINGS   idle $172.35 (71%)  at 7.63% +$0.03 so far  ~$1.10/month  paper
  BOOK      8 pos gross $101.06 (0.42x)  open $-2.37  funding $+0.00  vol 20% top 20
            rebal 2026-09-29
  DATA      on time  prices 33s  funding booked  book today  shadow 05:00  carry today
            spot pot today
  SESSION   $+0.09 +0.04%
  CURVE     ++====++
  MONTH     book guard $11.38 of $37.92 used  on marked equity  from $252.81  dial 15%
            ########..................
  RECORD    no closed trades yet this run
  LIFETIME  139tr 44W 95L 32% intraday  account $-6.20 realised
  FEES      no fills yet this run
  ------------------------------------------------------------------------------------------------
 
 
  11:06  up 1h04m  scan 0 ------------------------------------------------------------------------
  EQUITY    $241.32  unreal $-2.48
  OPEN      no intraday positions  book holds 8 (BOOK row)  free $220.53 after open P&L
  SHADOW    intraday M1 $256.93 (+1.85%)  M1g $253.63 (+0.54%)  5d paper only
  CARRY     $252.18 (-0.03%)  8 held  paper only
  SPOT      $248.76 (-0.50%)  16 held  24% invested  cash earns 7.63%  paper pot
  SAVINGS   idle $172.27 (71%)  at 7.63% +$0.03 so far  ~$1.10/month  paper
  BOOK      8 pos gross $100.52 (0.42x)  open $-2.48  funding $+0.00  vol 20% top 20
            rebal 2026-09-29
  DATA      on time  prices 24s  funding booked  book today  shadow 05:00  carry today
            spot pot today
  SESSION   $-0.02 -0.01%  peak $241.43  dd 0.05%
  CURVE     ++====+++
  MONTH     book guard $11.49 of $37.92 used  on marked equity  from $252.81  dial 15%
            ########..................
  RECORD    no closed trades yet this run
  LIFETIME  139tr 44W 95L 32% intraday  account $-6.20 realised
  FEES      no fills yet this run
  ------------------------------------------------------------------------------------------------
 
 
  11:14  up 1h12m  scan 0 ------------------------------------------------------------------------
  EQUITY    $241.41  unreal $-2.39
  OPEN      no intraday positions  book holds 8 (BOOK row)  free $220.62 after open P&L
  SHADOW    intraday M1 $256.93 (+1.85%)  M1g $253.63 (+0.54%)  5d paper only
  CARRY     $252.18 (-0.03%)  8 held  paper only
  SPOT      $249.12 (-0.35%)  16 held  24% invested  cash earns 7.63%  paper pot
  SAVINGS   idle $172.31 (71%)  at 7.63% +$0.03 so far  ~$1.10/month  paper
  BOOK      8 pos gross $101.02 (0.42x)  open $-2.39  funding $+0.00  vol 20% top 20
            rebal 2026-09-29
  DATA      on time  prices 17s  funding booked  book today  shadow 05:00  carry today
            spot pot today
  SESSION   $+0.07 +0.03%  peak $241.43  dd 0.01%
  CURVE     ++====++++
  MONTH     book guard $11.40 of $37.92 used  on marked equity  from $252.81  dial 15%
            ########..................
  RECORD    no closed trades yet this run
  LIFETIME  139tr 44W 95L 32% intraday  account $-6.20 realised
  FEES      no fills yet this run
  ------------------------------------------------------------------------------------------------
 
