13:36:29 | 📊 Paper Mode
13:36:31 | ✅ Connected | 804 futures markets
 
  ================================================================================================
  OMEGA C502  PAPER  Bitget perps
  28 Sep 2026   13:36
  start $250.39  risk dial 15%/month
  ================================================================================================
 
  RISK FRAME -------------------------------------------------------------------------------------
  EQUITY    $250.39  804 markets
  MONTH     dial 15% = $37.92 this month  used $2.42 realised
  BOOK      daily trend + momentum + carry, rebalanced 00:05 UTC
            month guard on MARKED equity (open P&L counts)  intraday scanner idle
  ------------------------------------------------------------------------------------------------
 
13:36:31 | 🌐 Remote control on http://0.0.0.0:8138 — TOKEN REQUIRED
13:36:31 |    📱 Same WiFi: http://10.0.0.160:8138/?t=<your token>
13:36:31 |    🌍 Internet: put a Cloudflare Tunnel in front of this port.
13:36:31 |        See deploy/DEPLOY.md — one command, no open ports, free.
13:36:31 |   4 EXIT       4 questions: HARD STOP · THESIS DEAD (C399 retention)
13:36:31 |    🛡️ Session drawdown breaker: off | Guardian: report only (C482)
13:36:31 | 💡 Press Ctrl+C to stop safely
 
  13:44  up 0h08m  scan 0 ------------------------------------------------------------------------
  EQUITY    $244.61  unreal $-5.78
  OPEN      no intraday positions  book holds 9 (BOOK row)  free $226.45
  SHADOW    intraday M1 $262.65 (+4.12%)  M1g $253.98 (+0.68%)  4d paper only
  CARRY     $252.12 (-0.06%)  8 held  paper only
  SPOT      $250.02 (+0.01%)  3 held  10% invested  cash earns 7.63%  paper pot
  SAVINGS   idle $171.76 (70%)  at 7.63% +$0.00 so far  ~$1.09/month  paper
  BOOK      9 pos gross $121.25 (0.50x)  open $-5.78  funding $+0.02  vol 20% top 20
            rebal 2026-09-28
  SESSION   $+0.03 +0.01%
  MONTH     book guard $8.20 of $37.92 used  on marked equity  from $252.81  dial 15%
            ######....................
  RECORD    no closed trades yet this run
  LIFETIME  139tr 44W 95L 32%  $+0.39
  FEES      no fills yet this run
  MARKET    bias +0.00  breadth +0.00
  ------------------------------------------------------------------------------------------------
 
 
  13:52  up 0h16m  scan 0 ------------------------------------------------------------------------
  EQUITY    $244.65  unreal $-5.74
  OPEN      no intraday positions  book holds 9 (BOOK row)  free $226.45
  SHADOW    intraday M1 $262.65 (+4.12%)  M1g $253.98 (+0.68%)  4d paper only
  CARRY     $252.12 (-0.06%)  8 held  paper only
  SPOT      $250.01 (+0.00%)  3 held  10% invested  cash earns 7.63%  paper pot
  SAVINGS   idle $171.77 (70%)  at 7.63% +$0.00 so far  ~$1.09/month  paper
  BOOK      9 pos gross $121.15 (0.49x)  open $-5.74  funding $+0.02  vol 20% top 20
            rebal 2026-09-28
  SESSION   $+0.07 +0.03%
  MONTH     book guard $8.16 of $37.92 used  on marked equity  from $252.81  dial 15%
            ######....................
  RECORD    no closed trades yet this run
  LIFETIME  139tr 44W 95L 32%  $+0.39
  FEES      no fills yet this run
  MARKET    bias +0.00  breadth +0.00
  ------------------------------------------------------------------------------------------------
 
 
  14:00  up 0h24m  scan 0 ------------------------------------------------------------------------
  EQUITY    $244.70  unreal $-5.69
  OPEN      no intraday positions  book holds 9 (BOOK row)  free $226.45
  SHADOW    intraday M1 $262.65 (+4.12%)  M1g $253.98 (+0.68%)  4d paper only
  CARRY     $252.12 (-0.06%)  8 held  paper only
  SPOT      $249.99 (-0.00%)  3 held  10% invested  cash earns 7.63%  paper pot
  SAVINGS   idle $171.80 (70%)  at 7.63% +$0.00 so far  ~$1.09/month  paper
  BOOK      9 pos gross $121.16 (0.49x)  open $-5.69  funding $+0.02  vol 20% top 20
            rebal 2026-09-28
  SESSION   $+0.12 +0.05%
  MONTH     book guard $8.11 of $37.92 used  on marked equity  from $252.81  dial 15%
            ######....................
  RECORD    no closed trades yet this run
  LIFETIME  139tr 44W 95L 32%  $+0.39
  FEES      no fills yet this run
  MARKET    bias +0.00  breadth +0.00
  ------------------------------------------------------------------------------------------------
 
 
  14:08  up 0h32m  scan 0 ------------------------------------------------------------------------
  EQUITY    $244.65  unreal $-5.74
  OPEN      no intraday positions  book holds 9 (BOOK row)  free $226.45
  SHADOW    intraday M1 $262.65 (+4.12%)  M1g $253.98 (+0.68%)  4d paper only
  CARRY     $252.12 (-0.06%)  8 held  paper only
  SPOT      $249.97 (-0.01%)  3 held  10% invested  cash earns 7.63%  paper pot
  SAVINGS   idle $171.81 (70%)  at 7.63% +$0.00 so far  ~$1.09/month  paper
  BOOK      9 pos gross $120.58 (0.49x)  open $-5.74  funding $+0.02  vol 20% top 20
            rebal 2026-09-28
  SESSION   $+0.07 +0.03%  peak $244.70  dd 0.02%
  MONTH     book guard $8.16 of $37.92 used  on marked equity  from $252.81  dial 15%
            ######....................
  RECORD    no closed trades yet this run
  LIFETIME  139tr 44W 95L 32%  $+0.39
  FEES      no fills yet this run
  MARKET    bias +0.00  breadth +0.00
  ------------------------------------------------------------------------------------------------
 
 
  14:16  up 0h40m  scan 0 ------------------------------------------------------------------------
  EQUITY    $244.60  unreal $-5.79
  OPEN      no intraday positions  book holds 9 (BOOK row)  free $226.45
  SHADOW    intraday M1 $262.65 (+4.12%)  M1g $253.98 (+0.68%)  4d paper only
  CARRY     $252.12 (-0.06%)  8 held  paper only
  SPOT      $249.98 (-0.01%)  3 held  10% invested  cash earns 7.63%  paper pot
  SAVINGS   idle $171.76 (70%)  at 7.63% +$0.00 so far  ~$1.09/month  paper
  BOOK      9 pos gross $120.64 (0.49x)  open $-5.79  funding $+0.02  vol 20% top 20
            rebal 2026-09-28
  SESSION   $+0.02 +0.01%  peak $244.70  dd 0.04%
  MONTH     book guard $8.21 of $37.92 used  on marked equity  from $252.81  dial 15%
            ######....................
  RECORD    no closed trades yet this run
  LIFETIME  139tr 44W 95L 32%  $+0.39
  FEES      no fills yet this run
  MARKET    bias +0.00  breadth +0.00
  ------------------------------------------------------------------------------------------------
 
 
  14:24  up 0h48m  scan 0 ------------------------------------------------------------------------
  EQUITY    $244.59  unreal $-5.80
  OPEN      no intraday positions  book holds 9 (BOOK row)  free $226.45
  SHADOW    intraday M1 $262.65 (+4.12%)  M1g $253.98 (+0.68%)  4d paper only
  CARRY     $252.12 (-0.06%)  8 held  paper only
  SPOT      $250.02 (+0.01%)  3 held  10% invested  cash earns 7.63%  paper pot
  SAVINGS   idle $171.71 (70%)  at 7.63% +$0.00 so far  ~$1.09/month  paper
  BOOK      9 pos gross $120.93 (0.49x)  open $-5.79  funding $+0.02  vol 20% top 20
            rebal 2026-09-28
  SESSION   $+0.01 +0.01%  peak $244.70  dd 0.04%
  CURVE     =+++==
  MONTH     book guard $8.22 of $37.92 used  on marked equity  from $252.81  dial 15%
            ######....................
  RECORD    no closed trades yet this run
  LIFETIME  139tr 44W 95L 32%  $+0.39
  FEES      no fills yet this run
  MARKET    bias +0.00  breadth +0.00
  ------------------------------------------------------------------------------------------------
 
14:32:48 |    👻 C489 shadow hour 09:00 UTC: 37 coins scored (warm-up (14, no flow)), gate OPEN | M1
    $259.43 (+2.84%) M1g $253.93 (+0.66%) over 4d [28s]
 
  14:32  up 0h56m  scan 0 ------------------------------------------------------------------------
  EQUITY    $244.67  unreal $-5.72
  OPEN      no intraday positions  book holds 9 (BOOK row)  free $226.45
  SHADOW    intraday M1 $259.43 (+2.84%)  M1g $253.93 (+0.66%)  4d paper only
  CARRY     $252.12 (-0.06%)  8 held  paper only
  SPOT      $250.00 (+0.00%)  3 held  10% invested  cash earns 7.63%  paper pot
  SAVINGS   idle $171.80 (70%)  at 7.63% +$0.00 so far  ~$1.09/month  paper
  BOOK      9 pos gross $120.65 (0.49x)  open $-5.72  funding $+0.02  vol 20% top 20
            rebal 2026-09-28
  SESSION   $+0.09 +0.04%  peak $244.70  dd 0.01%
  CURVE     =+++==+
  MONTH     book guard $8.14 of $37.92 used  on marked equity  from $252.81  dial 15%
            ######....................
  RECORD    no closed trades yet this run
  LIFETIME  139tr 44W 95L 32%  $+0.39
  FEES      no fills yet this run
  MARKET    bias +0.00  breadth +0.00
  ------------------------------------------------------------------------------------------------
 
 
  14:40  up 1h04m  scan 0 ------------------------------------------------------------------------
  EQUITY    $244.57  unreal $-5.82
  OPEN      no intraday positions  book holds 9 (BOOK row)  free $226.45
  SHADOW    intraday M1 $259.43 (+2.84%)  M1g $253.93 (+0.66%)  4d paper only
  CARRY     $252.12 (-0.06%)  8 held  paper only
  SPOT      $249.90 (-0.04%)  3 held  10% invested  cash earns 7.63%  paper pot
  SAVINGS   idle $171.69 (70%)  at 7.63% +$0.00 so far  ~$1.09/month  paper
  BOOK      9 pos gross $119.70 (0.49x)  open $-5.82  funding $+0.02  vol 20% top 20
            rebal 2026-09-28
  SESSION   $-0.01 -0.00%  peak $244.70  dd 0.05%
  CURVE     =+++==+=
  MONTH     book guard $8.24 of $37.92 used  on marked equity  from $252.81  dial 15%
            ######....................
  RECORD    no closed trades yet this run
  LIFETIME  139tr 44W 95L 32%  $+0.39
  FEES      no fills yet this run
  MARKET    bias +0.00  breadth +0.00
  ------------------------------------------------------------------------------------------------
 

============================================================
📝 Log saved: 2026-09-28 14:46:34
============================================================
 
  SESSION SUMMARY --------------------------------------------------------------------------------
  RAN       1h10m  0 scans  0 pair-analyses  0 closed trades
  P&L       $-0.04 (-0.02%)  $244.61 > $244.57  maxDD 0.05%
  CURVE     -+@+__#.
  COST      fees $0.00  maker 0 / taker 0 fills
  ------------------------------------------------------------------------------------------------
 

============================================================
📝 Log saved: 2026-09-28 14:46:34
============================================================
