08:36:22 | 📊 Paper Mode
08:36:24 | ✅ Connected | 805 futures markets
08:36:24 | 📐 RISK @ $250.14: monthly dial 15% = $37.92/month  |  per-trade risk 0.341% = $0.85  |
    break-even win rate 51% at the measured 0.97 payoff [C482]
08:36:24 |    today's loss limit is 25% of what the month has left, fixed at midnight (C482)
 
  ================================================================================================
  OMEGA C486  PAPER  Bitget perps
  25 Sep 2026   08:36
  start $250.14  risk dial 15%/month
  ================================================================================================
 
  RISK FRAME -------------------------------------------------------------------------------------
  EQUITY    $250.14  805 markets
  MONTH     dial 15% = $37.92 this month  used $2.66
  DAY       limit $9.44  25% of what the month has left, fixed at midnight
  RISK      0.341% = $0.85/trade  trades/day NO CAP
  EDGE      +0.0067 blended  40W 89L realised
  NEED      51% win at 0.97 payoff
  ------------------------------------------------------------------------------------------------
 
08:36:24 | 🌐 Remote control on http://0.0.0.0:8138 — TOKEN REQUIRED
08:36:24 |    📱 Same WiFi: http://10.0.0.160:8138/?t=<your token>
08:36:24 |    🌍 Internet: put a Cloudflare Tunnel in front of this port.
08:36:24 |        See deploy/DEPLOY.md — one command, no open ports, free.
08:36:24 |   4 EXIT       4 questions: HARD STOP · THESIS DEAD (C399 retention)
08:36:24 |    🎚️ Loss control: monthly risk dial 15% — today may lose 25% of what the month has left
    (C482)
08:36:24 |    🛡️ Session drawdown breaker: off | Guardian: report only (C482)
08:36:24 | 💡 Press Ctrl+C to stop safely
08:36:31 |    🪞 C266 board-parity (top movers vs screen): ONDO +27%[#3] | QNT +27%[Live=0.35<cut] |
    XPL +23%[Live=0.46<cut] | NIL -22%[#11] | 龙虾 -21%[#32]
08:37:03 |    🎢→⚖️ FET: C292 stands down — parabola BROKEN (range 16×ATR, 3.1 ATR off the day
    extreme): the 24h 'trend' already failed structurally; counter-trend entry re-enters the TURNING
    path [C299]
08:37:21 |    🎢→⚖️ XAI: C292 stands down — parabola BROKEN (range 27×ATR, 17.2 ATR off the day
    extreme): the 24h 'trend' already failed structurally; counter-trend entry re-enters the TURNING
    path [C299]
08:37:22 |    🎢→⚖️ LDO: C292 stands down — parabola BROKEN (range 17×ATR, 4.0 ATR off the day
    extreme): the 24h 'trend' already failed structurally; counter-trend entry re-enters the TURNING
    path [C299]
08:37:33 |    🎢→⚖️ H: C292 stands down — parabola BROKEN (range 21×ATR, 8.7 ATR off the day
    extreme): the 24h 'trend' already failed structurally; counter-trend entry re-enters the TURNING
    path [C299]
08:37:33 |    ⚖️ C462-7 H: penalties 0.50→0.22 (×0.45) vs bar 0.49 — the stack decided
08:37:42 | 📊 Step 3 result: 78 analyzed → 0 passed | low_confidence=9, low_score=42,
    poor_reward_risk=6, flat_projection=7, no_structural_room=8, low_agreement=1,
    post_penalty_quality=1, capitulation=4
08:37:42 |    📌 Nearest miss: MUBARAK score=0.611 (pre-pen 1.02) conf=0.499 quality=0.305/0.26
    reason=low_agreement 53%<55%
 
  08:44  up 0h08m  scan 1 ------------------------------------------------------------------------
  EQUITY    $250.14
  OPEN      flat  free $250.14
  SESSION   $-0.00 -0.00%
  DAY       real $-2.49  limit $9.44 (3.74%)  26% used
            #######...................
  MONTH     dial 15%  used $2.66 of $37.92  from $252.81
  RECORD    no closed trades yet this run
  LIFETIME  129tr 40W 89L 31%  $+0.14
  FEES      no fills yet this run
  SCAN      805 > 78 > 0 passed  top MUBARAK 0.61 (low_agreement 53%<)  1 scan, 78 analysed
  MARKET    MIXED  bias +0.01  breadth -0.17  taker flow -0.24
  NEWS      65 articles  + tone +0.17  XRP +0.53  LTC +0.26  ARB -0.25
  MOVERS    ONDO +27% #3  QNT +27% cut  XPL +23% cut  NIL -22% #11
  ------------------------------------------------------------------------------------------------
 
08:48:04 |    🪞 C266 board-parity (top movers vs screen): QNT +27%[Live=0.30<cut] | ONDO +26%[#3] |
    XPL +22%[Live=0.22<cut] | NIL -22%[#11] | BROCCOLI +22%[#24]
08:48:39 |    🎢→⚖️ FET: C292 stands down — parabola BROKEN (range 16×ATR, 3.4 ATR off the day
    extreme): the 24h 'trend' already failed structurally; counter-trend entry re-enters the TURNING
    path [C299]
08:48:40 |    ⚖️ C462-7 WLD: penalties 0.51→0.31 (×0.60) vs bar 0.50 — the stack decided
08:48:52 |    🎢→⚖️ XAI: C292 stands down — parabola BROKEN (range 28×ATR, 18.2 ATR off the day
    extreme): the 24h 'trend' already failed structurally; counter-trend entry re-enters the TURNING
    path [C299]
08:48:57 |    ⚖️ C462-7 RENDER: penalties 0.55→0.34 (×0.61) vs bar 0.55 — the stack decided
08:49:04 |    ⚖️ C462-7 TIA: penalties 0.61→0.37 (×0.60) vs bar 0.50 — the stack decided
08:49:04 |    🎢→⚖️ PHA: C292 stands down — parabola BROKEN (range 19×ATR, 7.4 ATR off the day
    extreme): the 24h 'trend' already failed structurally; counter-trend entry re-enters the TURNING
    path [C299]
08:49:11 |    🎢→⚖️ H: C292 stands down — parabola BROKEN (range 20×ATR, 8.5 ATR off the day
    extreme): the 24h 'trend' already failed structurally; counter-trend entry re-enters the TURNING
    path [C299]
08:49:20 | 📊 Step 3 result: 78 analyzed → 0 passed | low_confidence=9, low_score=40,
    flat_projection=4, no_structural_room=5, capitulation=5, reward_conviction=1,
    poor_reward_risk=2, micro_exhaustion=4, capitulation_short=1, session_short=6, vol_floor=1
08:49:20 |    📌 Nearest miss: PEPE score=0.512 conf=0.785 quality=0.402/0.26
    reason=reward_conviction needs 63%
  .. 08:52  flat  $250.14  $-0.00 -0.00%  0W 0L  78 analysed
08:59:41 |    🪞 C266 board-parity (top movers vs screen): QNT +29%[Live=0.31<cut] | XPL
    +25%[Live=0.23<cut] | ONDO +25%[#5] | 龙虾 -22%[#29] | BROCCOLI +20%[#25]
09:00:08 | 📊 Step 3 result: 10 analyzed (+68 cached this 15m candle) → 0 passed | low_confidence=9,
    low_score=41, flat_projection=5, no_structural_room=4, capitulation=5, reward_conviction=1,
    poor_reward_risk=2, micro_exhaustion=4, capitulation_short=1, vol_floor=1, session_short=5
09:00:08 |    📌 Nearest miss: RED score=0.232 conf=0.616 quality=0.143/0.26 reason=score 0.232 <
    0.474
  .. 09:00  flat  $250.14  $-0.00 -0.00%  0W 0L  10 analysed
09:05:41 |    🎢→⚖️ FET: C292 stands down — parabola BROKEN (range 16×ATR, 3.4 ATR off the day
    extreme): the 24h 'trend' already failed structurally; counter-trend entry re-enters the TURNING
    path [C299]
09:05:56 |    🎢→⚖️ XAI: C292 stands down — parabola BROKEN (range 29×ATR, 19.0 ATR off the day
    extreme): the 24h 'trend' already failed structurally; counter-trend entry re-enters the TURNING
    path [C299]
09:06:04 |    ⚖️ C462-7 RENDER: penalties 0.54→0.32 (×0.60) vs bar 0.43 — the stack decided
09:06:09 |    🎢→⚖️ ARX: C292 stands down — parabola BROKEN (range 11×ATR, 3.7 ATR off the day
    extreme): the 24h 'trend' already failed structurally; counter-trend entry re-enters the TURNING
    path [C299]
09:06:20 |    🎢→⚖️ H: C292 stands down — parabola BROKEN (range 20×ATR, 9.1 ATR off the day
    extreme): the 24h 'trend' already failed structurally; counter-trend entry re-enters the TURNING
    path [C299]
09:06:23 | 📊 Step 3 result: 69 analyzed (+9 cached this 15m candle) → 0 passed | low_confidence=4,
    low_score=39, flat_projection=6, ct_noisy_block=15, late_leg_no_forward=3, micro_exhaustion=2,
    capitulation=1, capitulation_short=1, no_structural_room=1, low_quality=1, session_short=5
09:06:23 |    📌 Nearest miss: MUBARAK score=1.127 conf=0.621 quality=0.700/0.26 reason=pending
  .. 09:08  flat  $250.14  $-0.00 -0.00%  0W 0L  69 analysed
09:11:32 |    🪞 C266 board-parity (top movers vs screen): QNT +30%[#27] | ONDO +27%[#5] | XPL
    +26%[Live=0.19<cut] | 龙虾 -21%[#31] | BROCCOLI +20%[#25]
09:11:55 |    ⚖️ C462-7 OP: penalties 0.51→0.30 (×0.60) vs bar 0.43 — the stack decided
09:11:56 |    ⚖️ C462-7 KAITO: penalties 0.54→0.33 (×0.60) vs bar 0.43 — the stack decided
09:11:58 | 📊 Step 3 result: 11 analyzed (+67 cached this 15m candle) → 0 passed | low_confidence=5,
    low_score=34, flat_projection=5, ct_noisy_block=17, late_leg_no_forward=4, capitulation=3,
    micro_exhaustion=2, capitulation_short=1, no_structural_room=1, low_quality=1, session_short=5
09:11:58 |    📌 Nearest miss: BTW score=0.476 conf=0.277 quality=0.132/0.26 reason=confidence 0.277
    < 0.325
 
 
  09:16  up 0h40m  scan 5 ------------------------------------------------------------------------
  EQUITY    $250.14
  OPEN      flat  free $250.14
  SESSION   $-0.00 -0.00%
  CURVE     +=====
  DAY       real $-2.49  limit $9.44 (3.74%)  26% used
            #######...................
  MONTH     dial 15%  used $2.66 of $37.92  from $252.81
  RECORD    no closed trades yet this run
  LIFETIME  129tr 40W 89L 31%  $+0.14
  FEES      no fills yet this run
  SCAN      805 > 11 > 0 passed  top BTW 0.48 (confidence 0.277 <)  5 scans, 246 analysed
  MARKET    TRENDING  bias -0.22  breadth -0.14  taker flow +0.06
  NEWS      65 articles  ~ tone +0.03  XRP +0.53  LTC +0.26  ARB -0.25
  MOVERS    QNT +30% #27  ONDO +27% #5  XPL +26% cut  龙虾 -21% #31
  ------------------------------------------------------------------------------------------------
 
09:17:32 |    🎢→⚖️ FET: C292 stands down — parabola BROKEN (range 17×ATR, 3.2 ATR off the day
    extreme): the 24h 'trend' already failed structurally; counter-trend entry re-enters the TURNING
    path [C299]
09:17:49 |    🎢→⚖️ XAI: C292 stands down — parabola BROKEN (range 32×ATR, 21.0 ATR off the day
    extreme): the 24h 'trend' already failed structurally; counter-trend entry re-enters the TURNING
    path [C299]
09:18:04 |    ⚖️ C462-7 OP: penalties 0.69→0.42 (×0.60) vs bar 0.47 — the stack decided
09:18:08 |    ⚖️ C462-7 KAITO: penalties 0.59→0.27 (×0.45) vs bar 0.47 — the stack decided
09:18:16 | 📊 Step 3 result: 78 analyzed → 0 passed | low_confidence=7, low_score=30,
    ct_noisy_block=25, late_leg_no_forward=2, low_agreement=1, flat_projection=3,
    no_structural_room=2, capitulation=1, session_short=6, poor_reward_risk=1
09:18:16 |    📌 Nearest miss: MUBARAK score=0.677 (pre-pen 1.13) conf=0.484 quality=0.327/0.26
    reason=low_agreement 46%<53%
09:23:22 |    🪞 C266 board-parity (top movers vs screen): QNT +31%[#24] | XPL +28%[#15] | ONDO
    +26%[#5] | 龙虾 -22%[#29] | BROCCOLI +21%[#23]
09:23:48 |    ⚖️ C462-7 CYS: penalties 0.49→0.22 (×0.45) vs bar 0.47 — the stack decided
09:23:49 | 📊 Step 3 result: 17 analyzed (+54 cached this 15m candle) → 0 passed | low_confidence=6,
    low_score=29, ct_noisy_block=28, late_leg_no_forward=1, low_agreement=1, no_structural_room=2,
    capitulation=1, flat_projection=2, poor_reward_risk=1
09:23:49 |    📌 Nearest miss: CYS score=0.293 (pre-pen 0.49) conf=0.520 quality=0.152/0.26
    reason=score 0.220 < 0.473
  .. 09:24  flat  $250.14  $-0.00 -0.00%  0W 0L  17 analysed
  .. 09:32  flat  $250.14  $-0.00 -0.00%  0W 0L  17 analysed
09:34:10 |    🪞 C266 board-parity (top movers vs screen): QNT +32%[#23] | XPL +29%[#11] | ONDO
    +24%[#5] | 龙虾 -23%[#28] | BROCCOLI +21%[#24]
09:34:54 |    🎢→⚖️ XAI: C292 stands down — parabola BROKEN (range 33×ATR, 20.9 ATR off the day
    extreme): the 24h 'trend' already failed structurally; counter-trend entry re-enters the TURNING
    path [C299]
09:35:21 | 📊 Step 3 result: 71 analyzed → 2 viable → Step 4 DRI/DSI
09:40:45 | 📊 Step 3 result: 2 analyzed (+69 cached) → 1 viable → Step 4 DRI/DSI
  .. 09:40  flat  $250.14  $-0.00 -0.00%  0W 0L  2 analysed
09:40:46 |    ⚖️ C427 LEDGER CORRECTED at position_summary: available $312.6810 → $250.1448 (equity
    $250.1448 − locked $0.0000 = $250.1448); discrepancy $+62.5362. Money that does not exist would
    have been sized against [correction #1]
09:45:54 |    🪞 C266 board-parity (top movers vs screen): QNT +33%[#22] | XPL +29%[#10] | ONDO
    +25%[#5] | BROCCOLI +21%[#24] | ARK +20%[Live=0.10<cut]
09:46:54 | 📊 Step 3 result: 71 analyzed → 0 passed | low_confidence=5, low_score=20,
    late_leg_no_forward=4, ct_noisy_block=27, flat_projection=7, no_structural_room=1,
    low_quality=1, absorption_at_extreme=2, micro_exhaustion=1, poor_reward_risk=1, capitulation=1,
    proj_confirms_trend=1
09:46:54 |    📌 Nearest miss: MUBARAK score=0.478 conf=0.407 quality=0.195/0.26 reason=quality 0.195
    < 0.272
 
 
  09:48  up 1h12m  scan 10 -----------------------------------------------------------------------
  EQUITY    $250.14
  OPEN      flat  free $250.14
  SESSION   $-0.00 -0.00%
  CURVE     +=========
  DAY       real $-2.49  limit $9.44 (3.74%)  26% used
            #######...................
  MONTH     dial 15%  used $2.66 of $37.92  from $252.81
  RECORD    no closed trades yet this run
  LIFETIME  129tr 40W 89L 31%  $+0.14
  FEES      no fills yet this run
  SCAN      805 > 71 > 0 passed  top MUBARAK 0.48 (quality 0.195 < 0.)  10 scans, 485 analysed
  MARKET    TRENDING  bias -0.28  breadth +0.00  taker flow +0.05
  NEWS      65 articles  + tone +0.10  PEPE +0.25  XLM -0.17  JST +0.15
  INFO      1 tilted  flow/fund/news/oi on 121
  MOVERS    QNT +33% #22  XPL +29% #10  ONDO +25% #5  BROCCOLI +21% #24
  ------------------------------------------------------------------------------------------------
 
  .. 09:56  flat  $250.14  $-0.00 -0.00%  0W 0L  71 analysed
09:57:14 |    🪞 C266 board-parity (top movers vs screen): QNT +34%[#22] | XPL +29%[#10] | ONDO
    +26%[#5] | BROCCOLI +22%[#23] | 龙虾 -20%[#29]
09:57:32 | 📊 Step 3 result: 2 analyzed (+69 cached this 15m candle) → 0 passed | low_confidence=5,
    low_score=20, late_leg_no_forward=4, ct_noisy_block=27, flat_projection=6, no_structural_room=1,
    low_quality=1, absorption_at_extreme=2, micro_exhaustion=1, poor_reward_risk=1, capitulation=2,
    proj_confirms_trend=1
09:57:32 |    📌 Nearest miss: CROSS score=0.396 conf=0.641 quality=0.254/0.26 reason=capitulation
    rej vs RSI81
10:03:42 | 📊 Step 3 result: 71 analyzed → 0 passed | low_confidence=7, low_score=17,
    late_leg_no_forward=1, ct_noisy_block=41, flat_projection=2, capitulation_short=1,
    capitulation=1, no_structural_room=1
10:03:42 |    📌 Nearest miss: MARSCOIN score=0.554 (pre-pen 0.74) conf=0.716 quality=0.397/0.26
    reason=pending
  .. 10:04  flat  $250.14  $-0.00 -0.00%  0W 0L  71 analysed
10:08:48 |    🪞 C266 board-parity (top movers vs screen): QNT +35%[#20] | ONDO +28%[#3] | XPL
    +27%[#11] | BROCCOLI +22%[#21] | 龙虾 -20%[#27]
10:09:05 |    ⚖️ C462-7 NEAR: penalties 0.50→0.28 (×0.57) vs bar 0.47 — the stack decided
10:09:14 | 📊 Step 3 result: 16 analyzed (+55 cached this 15m candle) → 0 passed | low_confidence=5,
    low_score=17, late_leg_no_forward=1, ct_noisy_block=44, flat_projection=1, capitulation=2,
    capitulation_short=1
10:09:14 |    📌 Nearest miss: NEAR score=0.379 (pre-pen 0.50) conf=0.709 quality=0.269/0.26
    reason=score 0.284 < 0.470
  .. 10:12  flat  $250.14  $-0.00 -0.00%  0W 0L  16 analysed
