18:16:24 | 📊 Paper Mode
18:16:27 | ✅ Connected | 812 futures markets
 
  ================================================================================================
  OMEGA C513  PAPER  Bitget perps
  30 Sep 2026   18:16
  start $249.93 realised  risk dial 20%/month
  ================================================================================================
 
  RISK FRAME -------------------------------------------------------------------------------------
  EQUITY    $249.93 realised  812 markets
  MONTH     dial 20% = $50.00 this month  used $0.07 realised
  BOOK      daily trend + momentum + carry, rebalanced 00:05 UTC
            month guard on MARKED equity (open P&L counts)  intraday scanner idle
  ------------------------------------------------------------------------------------------------
 
18:16:27 | 🌐 Remote control on http://0.0.0.0:8138 — TOKEN REQUIRED
18:16:27 |    📱 Local network: http://10.0.0.160:8138/?t=<your token> (this machine's own address)
18:16:27 |    🌍 Internet: put a Cloudflare Tunnel in front of this port.
18:16:27 |        See deploy/DEPLOY.md — one command, no open ports, free.
18:16:27 | 📊 C503 WHAT IS RUNNING -- the portfolio book trades:
18:16:27 |    RULE   C2 N2+N3: C2 = residual momentum, no crowded shorts (N2+N3) -- a FORWARD TEST
    in paper (C510); the admitted rule is scored beside it in the rule tournament
18:16:27 |    BOOK   trend (C1) + momentum (C2) + carry (C3), equal risk; vol target 27% from the
    20% dial; gross <= 3x equity; top 20 crypto; $6 minimum; 30% band
18:16:27 |           rebalanced daily 00:05 UTC with market orders (paper fills at the ask/bid,
    taker 0.06%); 5x cross margin; funding at each coin's own interval; its one limit is the month
    guard on MARKED equity
18:16:27 |    PAPER  never touches the account: intraday shadow (C489) hourly · carry (C490) 00:10
    UTC · spot pot (C501/C502) $250, spot minimum $1, 00:20 UTC · idle cash -> Savings at 7.63%
    every minute · rule tournament (C510, 7 rules on the same prices) at each rebalance
18:16:27 |    IDLE   the intraday scanner, the OLD strategy (139 trades, 44W/95L before the 29 Sep
    2026 fresh start; it lost after fees): it opens nothing, and its boot description is not printed
    (OMEGA_ENGINE=intraday runs and describes it)
18:16:27 | 💡 Stop safely: sudo systemctl stop omega (Ctrl+C only when run by hand)
 
  18:24  up 0h08m  daily book --------------------------------------------------------------------
  EQUITY    $251.69  unreal $+1.76
  OPEN      no intraday positions  book holds 12 (BOOK row)  free $228.83 after open P&L
  SHADOW    intraday M1 $251.23 (+0.52%)  M1g $250.57 (+0.25%)  2d paper only
  CARRY     $249.61 (-0.13%)  8 held  paper only
  SPOT      $251.75 (+0.70%)  14 held  20% invested  cash earns 7.63%  paper pot
  SAVINGS   idle $165.96 (66%)  at 7.63% +$0.04 so far  ~$1.06/month  paper
  BOOK      12 pos gross $118.05 (0.47x)  open $+1.76  funding $-0.00  vol 27% top 20
            rebal 2026-09-30
  CONTEXT   since 29 Sep $+1.69 (+0.68%) in 1.2d  normal -1.3% to +1.9%  top 27%: normal
  RULE      C2 N2+N3  forward test (paper)
  TOURNEY   7 rules held  first score at the next rebalance, for 2026-09-30
  DATA      on time  prices 30s  funding booked  book today  shadow 12:00  carry today
            spot pot today
  SESSION   $+0.00 +0.00%
  MONTH     book guard $0.00 of $50.00 used  on marked equity  from $250.00  dial 20%
            ..........................
  RECORD    book closed 0  0W 0L  net $+0.00  fees and funding in
  FEES      no fills yet this run (the book trades at 00:05 UTC)
  ------------------------------------------------------------------------------------------------
 
18:24:24 | 🎯 C510 Book (what trades): 12 positions, gross 0.47x, open $+1.76 | rule C2 N2+N3 |
    closed 0: 0W/0L $+0.00 | since 29 Sep +0.68% (normal)
18:32:48 |    👻 C489 shadow hour 13:00 UTC: 38 coins scored (warm-up (14, no flow)), gate shut | M1
    $251.46 (+0.61%) M1g $250.57 (+0.25%) over 2d [31s]
 
  18:32  up 0h16m  daily book --------------------------------------------------------------------
  EQUITY    $251.50  unreal $+1.57
  OPEN      no intraday positions  book holds 12 (BOOK row)  free $228.64 after open P&L
  SHADOW    intraday M1 $251.46 (+0.61%)  M1g $250.57 (+0.25%)  2d paper only
  CARRY     $249.61 (-0.13%)  8 held  paper only
  SPOT      $251.65 (+0.66%)  14 held  20% invested  cash earns 7.63%  paper pot
  SAVINGS   idle $165.76 (66%)  at 7.63% +$0.04 so far  ~$1.05/month  paper
  BOOK      12 pos gross $117.71 (0.47x)  open $+1.57  funding $-0.00  vol 27% top 20
            rebal 2026-09-30
  CONTEXT   since 29 Sep $+1.50 (+0.60%) in 1.2d  normal -1.3% to +1.9%  top 30%: normal
  RULE      C2 N2+N3  forward test (paper)
  TOURNEY   7 rules held  first score at the next rebalance, for 2026-09-30
  DATA      on time  prices 49s  funding booked  book today  shadow 13:00  carry today
            spot pot today
  SESSION   $-0.19 -0.08%  peak $251.69  dd 0.08%
  MONTH     book guard $0.00 of $50.00 used  on marked equity  from $250.00  dial 20%
            ..........................
  RECORD    book closed 0  0W 0L  net $+0.00  fees and funding in
  FEES      no fills yet this run (the book trades at 00:05 UTC)
  ------------------------------------------------------------------------------------------------
 
18:32:48 | 🎯 C510 Book (what trades): 12 positions, gross 0.47x, open $+1.57 | rule C2 N2+N3 |
    closed 0: 0W/0L $+0.00 | since 29 Sep +0.60% (normal)
 
  18:40  up 0h24m  daily book --------------------------------------------------------------------
  EQUITY    $252.04  unreal $+2.11
  OPEN      no intraday positions  book holds 12 (BOOK row)  free $229.18 after open P&L
  SHADOW    intraday M1 $251.46 (+0.61%)  M1g $250.57 (+0.25%)  2d paper only
  CARRY     $249.61 (-0.13%)  8 held  paper only
  SPOT      $252.11 (+0.84%)  14 held  21% invested  cash earns 7.63%  paper pot
  SAVINGS   idle $166.18 (66%)  at 7.63% +$0.04 so far  ~$1.06/month  paper
  BOOK      12 pos gross $118.45 (0.47x)  open $+2.11  funding $-0.00  vol 27% top 20
            rebal 2026-09-30
  CONTEXT   since 29 Sep $+2.04 (+0.82%) in 1.2d  normal -1.3% to +1.9%  top 24%: normal
  RULE      C2 N2+N3  forward test (paper)
  TOURNEY   7 rules held  first score at the next rebalance, for 2026-09-30
  DATA      on time  prices 34s  funding booked  book today  shadow 13:00  carry today
            spot pot today
  SESSION   $+0.35 +0.14%
  MONTH     book guard $0.00 of $50.00 used  on marked equity  from $250.00  dial 20%
            ..........................
  RECORD    book closed 0  0W 0L  net $+0.00  fees and funding in
  FEES      no fills yet this run (the book trades at 00:05 UTC)
  ------------------------------------------------------------------------------------------------
 
18:40:49 | 🎯 C510 Book (what trades): 12 positions, gross 0.47x, open $+2.11 | rule C2 N2+N3 |
    closed 0: 0W/0L $+0.00 | since 29 Sep +0.82% (normal)
 
  18:48  up 0h32m  daily book --------------------------------------------------------------------
  EQUITY    $252.33  unreal $+2.40
  OPEN      no intraday positions  book holds 12 (BOOK row)  free $229.47 after open P&L
  SHADOW    intraday M1 $251.46 (+0.61%)  M1g $250.57 (+0.25%)  2d paper only
  CARRY     $249.61 (-0.13%)  8 held  paper only
  SPOT      $251.94 (+0.77%)  14 held  20% invested  cash earns 7.63%  paper pot
  SAVINGS   idle $166.37 (66%)  at 7.63% +$0.04 so far  ~$1.06/month  paper
  BOOK      12 pos gross $118.64 (0.47x)  open $+2.40  funding $-0.00  vol 27% top 20
            rebal 2026-09-30
  CONTEXT   since 29 Sep $+2.33 (+0.93%) in 1.2d  normal -1.4% to +1.9%  top 22%: normal
  RULE      C2 N2+N3  forward test (paper)
  TOURNEY   7 rules held  first score at the next rebalance, for 2026-09-30
  DATA      on time  prices 26s  funding booked  book today  shadow 13:00  carry today
            spot pot today
  SESSION   $+0.64 +0.25%
  MONTH     book guard $0.00 of $50.00 used  on marked equity  from $250.00  dial 20%
            ..........................
  RECORD    book closed 0  0W 0L  net $+0.00  fees and funding in
  FEES      no fills yet this run (the book trades at 00:05 UTC)
  ------------------------------------------------------------------------------------------------
 
18:48:49 | 🎯 C510 Book (what trades): 12 positions, gross 0.47x, open $+2.40 | rule C2 N2+N3 |
    closed 0: 0W/0L $+0.00 | since 29 Sep +0.93% (normal)
 
  18:56  up 0h40m  daily book --------------------------------------------------------------------
  EQUITY    $252.39  unreal $+2.46
  OPEN      no intraday positions  book holds 12 (BOOK row)  free $229.53 after open P&L
  SHADOW    intraday M1 $251.46 (+0.61%)  M1g $250.57 (+0.25%)  2d paper only
  CARRY     $249.61 (-0.13%)  8 held  paper only
  SPOT      $251.98 (+0.79%)  14 held  20% invested  cash earns 7.63%  paper pot
  SAVINGS   idle $166.43 (66%)  at 7.63% +$0.04 so far  ~$1.06/month  paper
  BOOK      12 pos gross $118.91 (0.47x)  open $+2.46  funding $-0.00  vol 27% top 20
            rebal 2026-09-30
  CONTEXT   since 29 Sep $+2.39 (+0.96%) in 1.2d  normal -1.4% to +1.9%  top 22%: normal
  RULE      C2 N2+N3  forward test (paper)
  TOURNEY   7 rules held  first score at the next rebalance, for 2026-09-30
  DATA      on time  prices 20s  funding booked  book today  shadow 13:00  carry today
            spot pot today
  SESSION   $+0.70 +0.28%
  CURVE     ===+++
  MONTH     book guard $0.00 of $50.00 used  on marked equity  from $250.00  dial 20%
            ..........................
  RECORD    book closed 0  0W 0L  net $+0.00  fees and funding in
  FEES      no fills yet this run (the book trades at 00:05 UTC)
  ------------------------------------------------------------------------------------------------
 
18:56:50 | 🎯 C510 Book (what trades): 12 positions, gross 0.47x, open $+2.46 | rule C2 N2+N3 |
    closed 0: 0W/0L $+0.00 | since 29 Sep +0.96% (normal)
 
  19:04  up 0h48m  daily book --------------------------------------------------------------------
  EQUITY    $252.47  unreal $+2.54
  OPEN      no intraday positions  book holds 12 (BOOK row)  free $229.61 after open P&L
  SHADOW    intraday M1 $251.46 (+0.61%)  M1g $250.57 (+0.25%)  2d paper only
  CARRY     $249.61 (-0.13%)  8 held  paper only
  SPOT      $251.90 (+0.76%)  14 held  20% invested  cash earns 7.63%  paper pot
  SAVINGS   idle $166.51 (66%)  at 7.63% +$0.04 so far  ~$1.06/month  paper
  BOOK      12 pos gross $118.72 (0.47x)  open $+2.54  funding $-0.00  vol 27% top 20
            rebal 2026-09-30
  CONTEXT   since 29 Sep $+2.47 (+0.99%) in 1.2d  normal -1.4% to +1.9%  top 22%: normal
  RULE      C2 N2+N3  forward test (paper)
  TOURNEY   7 rules held  first score at the next rebalance, for 2026-09-30
  DATA      on time  prices 13s  funding booked  book today  shadow 13:00  carry today
            spot pot today
  SESSION   $+0.78 +0.31%
  CURVE     ===++++
  MONTH     book guard $0.00 of $50.00 used  on marked equity  from $250.00  dial 20%
            ..........................
  RECORD    book closed 0  0W 0L  net $+0.00  fees and funding in
  FEES      no fills yet this run (the book trades at 00:05 UTC)
  ------------------------------------------------------------------------------------------------
 
19:04:50 | 🎯 C510 Book (what trades): 12 positions, gross 0.47x, open $+2.54 | rule C2 N2+N3 |
    closed 0: 0W/0L $+0.00 | since 29 Sep +0.99% (normal)
 
  19:12  up 0h56m  daily book --------------------------------------------------------------------
  EQUITY    $252.19  unreal $+2.26
  OPEN      no intraday positions  book holds 12 (BOOK row)  free $229.33 after open P&L
  SHADOW    intraday M1 $251.46 (+0.61%)  M1g $250.57 (+0.25%)  2d paper only
  CARRY     $249.61 (-0.13%)  8 held  paper only
  SPOT      $251.19 (+0.47%)  14 held  20% invested  cash earns 7.63%  paper pot
  SAVINGS   idle $166.18 (66%)  at 7.63% +$0.04 so far  ~$1.06/month  paper
  BOOK      12 pos gross $117.06 (0.46x)  open $+2.26  funding $-0.00  vol 27% top 20
            rebal 2026-09-30
  CONTEXT   since 29 Sep $+2.19 (+0.88%) in 1.2d  normal -1.4% to +1.9%  top 23%: normal
  RULE      C2 N2+N3  forward test (paper)
  TOURNEY   7 rules held  first score at the next rebalance, for 2026-09-30
  DATA      on time  prices 6s  funding booked  book today  shadow 13:00  carry today
            spot pot today
  SESSION   $+0.50 +0.20%  peak $252.47  dd 0.11%
  CURVE     ===+++++
  MONTH     book guard $0.00 of $50.00 used  on marked equity  from $250.00  dial 20%
            ..........................
  RECORD    book closed 0  0W 0L  net $+0.00  fees and funding in
  FEES      no fills yet this run (the book trades at 00:05 UTC)
  ------------------------------------------------------------------------------------------------
 
19:12:50 | 🎯 C510 Book (what trades): 12 positions, gross 0.46x, open $+2.26 | rule C2 N2+N3 |
    closed 0: 0W/0L $+0.00 | since 29 Sep +0.88% (normal)
 
  19:20  up 1h04m  daily book --------------------------------------------------------------------
  EQUITY    $252.45  unreal $+2.52
  OPEN      no intraday positions  book holds 12 (BOOK row)  free $229.59 after open P&L
  SHADOW    intraday M1 $251.46 (+0.61%)  M1g $250.57 (+0.25%)  2d paper only
  CARRY     $249.61 (-0.13%)  8 held  paper only
  SPOT      $251.47 (+0.59%)  14 held  20% invested  cash earns 7.63%  paper pot
  SAVINGS   idle $166.52 (66%)  at 7.63% +$0.04 so far  ~$1.06/month  paper
  BOOK      12 pos gross $117.53 (0.47x)  open $+2.52  funding $-0.00  vol 27% top 20
            rebal 2026-09-30
  CONTEXT   since 29 Sep $+2.45 (+0.98%) in 1.2d  normal -1.4% to +1.9%  top 22%: normal
  RULE      C2 N2+N3  forward test (paper)
  TOURNEY   7 rules held  first score at the next rebalance, for 2026-09-30
  DATA      on time  prices 39s  funding booked  book today  shadow 13:00  carry today
            spot pot today
  SESSION   $+0.76 +0.30%  peak $252.47  dd 0.01%
  CURVE     ===++++++
  MONTH     book guard $0.00 of $50.00 used  on marked equity  from $250.00  dial 20%
            ..........................
  RECORD    book closed 0  0W 0L  net $+0.00  fees and funding in
  FEES      no fills yet this run (the book trades at 00:05 UTC)
  ------------------------------------------------------------------------------------------------
 
19:20:51 | 🎯 C510 Book (what trades): 12 positions, gross 0.47x, open $+2.52 | rule C2 N2+N3 |
    closed 0: 0W/0L $+0.00 | since 29 Sep +0.98% (normal)
 
  19:28  up 1h12m  daily book --------------------------------------------------------------------
  EQUITY    $252.76  unreal $+2.83
  OPEN      no intraday positions  book holds 12 (BOOK row)  free $229.90 after open P&L
  SHADOW    intraday M1 $251.46 (+0.61%)  M1g $250.57 (+0.25%)  2d paper only
  CARRY     $249.61 (-0.13%)  8 held  paper only
  SPOT      $251.32 (+0.53%)  14 held  20% invested  cash earns 7.63%  paper pot
  SAVINGS   idle $166.70 (66%)  at 7.63% +$0.04 so far  ~$1.06/month  paper
  BOOK      12 pos gross $117.53 (0.47x)  open $+2.83  funding $-0.00  vol 27% top 20
            rebal 2026-09-30
  CONTEXT   since 29 Sep $+2.76 (+1.10%) in 1.2d  normal -1.4% to +1.9%  top 20%: normal
  RULE      C2 N2+N3  forward test (paper)
  TOURNEY   7 rules held  first score at the next rebalance, for 2026-09-30
  DATA      on time  prices 32s  funding booked  book today  shadow 13:00  carry today
            spot pot today
  SESSION   $+1.07 +0.43%
  CURVE     ====++++++
  MONTH     book guard $0.00 of $50.00 used  on marked equity  from $250.00  dial 20%
            ..........................
  RECORD    book closed 0  0W 0L  net $+0.00  fees and funding in
  FEES      no fills yet this run (the book trades at 00:05 UTC)
  ------------------------------------------------------------------------------------------------
 
19:28:51 | 🎯 C510 Book (what trades): 12 positions, gross 0.47x, open $+2.83 | rule C2 N2+N3 |
    closed 0: 0W/0L $+0.00 | since 29 Sep +1.10% (normal)
19:32:32 |    👻 C489 shadow hour 14:00 UTC: 38 coins scored (warm-up (14, no flow)), gate OPEN | M1
    $249.56 (-0.15%) M1g $250.52 (+0.23%) over 2d [20s]
 
  19:36  up 1h20m  daily book --------------------------------------------------------------------
  EQUITY    $253.14  unreal $+3.21
  OPEN      no intraday positions  book holds 12 (BOOK row)  free $230.28 after open P&L
  SHADOW    intraday M1 $249.56 (-0.15%)  M1g $250.52 (+0.23%)  2d paper only
  CARRY     $249.61 (-0.13%)  8 held  paper only
  SPOT      $251.61 (+0.64%)  14 held  20% invested  cash earns 7.63%  paper pot
  SAVINGS   idle $166.95 (66%)  at 7.63% +$0.04 so far  ~$1.06/month  paper
  BOOK      12 pos gross $118.61 (0.47x)  open $+3.21  funding $-0.00  vol 27% top 20
            rebal 2026-09-30
  CONTEXT   since 29 Sep $+3.14 (+1.26%) in 1.2d  normal -1.4% to +1.9%  top 18%: normal
  RULE      C2 N2+N3  forward test (paper)
  TOURNEY   7 rules held  first score at the next rebalance, for 2026-09-30
  DATA      on time  prices 36s  funding booked  book today  shadow 14:00  carry today
            spot pot today
  SESSION   $+1.45 +0.58%
  CURVE     ====+++=+++
  MONTH     book guard $0.00 of $50.00 used  on marked equity  from $250.00  dial 20%
            ..........................
  RECORD    book closed 0  0W 0L  net $+0.00  fees and funding in
  FEES      no fills yet this run (the book trades at 00:05 UTC)
  ------------------------------------------------------------------------------------------------
 
19:36:52 | 🎯 C510 Book (what trades): 12 positions, gross 0.47x, open $+3.21 | rule C2 N2+N3 |
    closed 0: 0W/0L $+0.00 | since 29 Sep +1.26% (normal)
 
  19:44  up 1h28m  daily book --------------------------------------------------------------------
  EQUITY    $252.78  unreal $+2.85
  OPEN      no intraday positions  book holds 12 (BOOK row)  free $229.92 after open P&L
  SHADOW    intraday M1 $249.56 (-0.15%)  M1g $250.52 (+0.23%)  2d paper only
  CARRY     $249.61 (-0.13%)  8 held  paper only
  SPOT      $251.28 (+0.51%)  14 held  20% invested  cash earns 7.63%  paper pot
  SAVINGS   idle $166.71 (66%)  at 7.63% +$0.04 so far  ~$1.06/month  paper
  BOOK      12 pos gross $117.69 (0.47x)  open $+2.85  funding $-0.00  vol 27% top 20
            rebal 2026-09-30
  CONTEXT   since 29 Sep $+2.78 (+1.11%) in 1.2d  normal -1.4% to +1.9%  top 20%: normal
  RULE      C2 N2+N3  forward test (paper)
  TOURNEY   7 rules held  first score at the next rebalance, for 2026-09-30
  DATA      on time  prices 30s  funding booked  book today  shadow 14:00  carry today
            spot pot today
  SESSION   $+1.09 +0.43%  peak $253.14  dd 0.14%
  CURVE     ====+++=++++
  MONTH     book guard $0.00 of $50.00 used  on marked equity  from $250.00  dial 20%
            ..........................
  RECORD    book closed 0  0W 0L  net $+0.00  fees and funding in
  FEES      no fills yet this run (the book trades at 00:05 UTC)
  ------------------------------------------------------------------------------------------------
 
19:44:52 | 🎯 C510 Book (what trades): 12 positions, gross 0.47x, open $+2.85 | rule C2 N2+N3 |
    closed 0: 0W/0L $+0.00 | since 29 Sep +1.11% (normal)
 
  19:52  up 1h36m  daily book --------------------------------------------------------------------
  EQUITY    $252.50  unreal $+2.57
  OPEN      no intraday positions  book holds 12 (BOOK row)  free $229.64 after open P&L
  SHADOW    intraday M1 $249.56 (-0.15%)  M1g $250.52 (+0.23%)  2d paper only
  CARRY     $249.61 (-0.13%)  8 held  paper only
  SPOT      $250.83 (+0.33%)  14 held  20% invested  cash earns 7.63%  paper pot
  SAVINGS   idle $166.60 (66%)  at 7.63% +$0.04 so far  ~$1.06/month  paper
  BOOK      12 pos gross $116.24 (0.46x)  open $+2.57  funding $-0.00  vol 27% top 20
            rebal 2026-09-30
  CONTEXT   since 29 Sep $+2.50 (+1.00%) in 1.2d  normal -1.4% to +1.9%  top 22%: normal
  RULE      C2 N2+N3  forward test (paper)
  TOURNEY   7 rules held  first score at the next rebalance, for 2026-09-30
  DATA      on time  prices 23s  funding booked  book today  shadow 14:00  carry today
            spot pot today
  SESSION   $+0.81 +0.32%  peak $253.14  dd 0.25%
  CURVE     ====+++=+++++
  MONTH     book guard $0.00 of $50.00 used  on marked equity  from $250.00  dial 20%
            ..........................
  RECORD    book closed 0  0W 0L  net $+0.00  fees and funding in
  FEES      no fills yet this run (the book trades at 00:05 UTC)
  ------------------------------------------------------------------------------------------------
 
19:52:52 | 🎯 C510 Book (what trades): 12 positions, gross 0.46x, open $+2.57 | rule C2 N2+N3 |
    closed 0: 0W/0L $+0.00 | since 29 Sep +1.00% (normal)
 
  20:00  up 1h44m  daily book --------------------------------------------------------------------
  EQUITY    $252.24  unreal $+2.31
  OPEN      no intraday positions  book holds 12 (BOOK row)  free $229.38 after open P&L
  SHADOW    intraday M1 $249.56 (-0.15%)  M1g $250.52 (+0.23%)  2d paper only
  CARRY     $249.61 (-0.13%)  8 held  paper only
  SPOT      $250.44 (+0.18%)  14 held  20% invested  cash earns 7.63%  paper pot
  SAVINGS   idle $166.25 (66%)  at 7.63% +$0.04 so far  ~$1.06/month  paper
  BOOK      12 pos gross $115.86 (0.46x)  open $+2.31  funding $-0.00  vol 27% top 20
            rebal 2026-09-30
  CONTEXT   since 29 Sep $+2.24 (+0.90%) in 1.2d  normal -1.4% to +1.9%  top 23%: normal
  RULE      C2 N2+N3  forward test (paper)
  TOURNEY   7 rules held  first score at the next rebalance, for 2026-09-30
  DATA      on time  prices 18s  funding booked  book today  shadow 14:00  carry today
            spot pot today
  SESSION   $+0.55 +0.22%  peak $253.14  dd 0.36%
  CURVE     ====+++=+++++=
  MONTH     book guard $0.00 of $50.00 used  on marked equity  from $250.00  dial 20%
            ..........................
  RECORD    book closed 0  0W 0L  net $+0.00  fees and funding in
  FEES      no fills yet this run (the book trades at 00:05 UTC)
  ------------------------------------------------------------------------------------------------
 
20:00:53 | 🎯 C510 Book (what trades): 12 positions, gross 0.46x, open $+2.31 | rule C2 N2+N3 |
    closed 0: 0W/0L $+0.00 | since 29 Sep +0.90% (normal)
 
  20:08  up 1h52m  daily book --------------------------------------------------------------------
  EQUITY    $252.26  unreal $+2.33
  OPEN      no intraday positions  book holds 12 (BOOK row)  free $229.40 after open P&L
  SHADOW    intraday M1 $249.56 (-0.15%)  M1g $250.52 (+0.23%)  2d paper only
  CARRY     $249.61 (-0.13%)  8 held  paper only
  SPOT      $250.53 (+0.21%)  14 held  20% invested  cash earns 7.63%  paper pot
  SAVINGS   idle $166.38 (66%)  at 7.63% +$0.04 so far  ~$1.06/month  paper
  BOOK      12 pos gross $115.75 (0.46x)  open $+2.33  funding $-0.00  vol 27% top 20
            rebal 2026-09-30
  CONTEXT   since 29 Sep $+2.26 (+0.90%) in 1.2d  normal -1.4% to +1.9%  top 23%: normal
  RULE      C2 N2+N3  forward test (paper)
  TOURNEY   7 rules held  first score at the next rebalance, for 2026-09-30
  DATA      on time  prices 13s  funding booked  book today  shadow 14:00  carry today
            spot pot today
  SESSION   $+0.57 +0.23%  peak $253.14  dd 0.35%
  CURVE     ====+++=+++++==
  MONTH     book guard $0.00 of $50.00 used  on marked equity  from $250.00  dial 20%
            ..........................
  RECORD    book closed 0  0W 0L  net $+0.00  fees and funding in
  FEES      no fills yet this run (the book trades at 00:05 UTC)
  ------------------------------------------------------------------------------------------------
 
20:08:53 | 🎯 C510 Book (what trades): 12 positions, gross 0.46x, open $+2.33 | rule C2 N2+N3 |
    closed 0: 0W/0L $+0.00 | since 29 Sep +0.90% (normal)
 
  20:16  up 2h00m  daily book --------------------------------------------------------------------
  EQUITY    $252.04  unreal $+2.11
  OPEN      no intraday positions  book holds 12 (BOOK row)  free $229.18 after open P&L
  SHADOW    intraday M1 $249.56 (-0.15%)  M1g $250.52 (+0.23%)  2d paper only
  CARRY     $249.61 (-0.13%)  8 held  paper only
  SPOT      $250.36 (+0.14%)  14 held  20% invested  cash earns 7.63%  paper pot
  SAVINGS   idle $166.12 (66%)  at 7.63% +$0.04 so far  ~$1.06/month  paper
  BOOK      12 pos gross $115.33 (0.46x)  open $+2.11  funding $-0.00  vol 27% top 20
            rebal 2026-09-30
  CONTEXT   since 29 Sep $+2.04 (+0.82%) in 1.2d  normal -1.4% to +1.9%  top 24%: normal
  RULE      C2 N2+N3  forward test (paper)
  TOURNEY   7 rules held  first score at the next rebalance, for 2026-09-30
  DATA      on time  prices 7s  funding booked  book today  shadow 14:00  carry today
            spot pot today
  SESSION   $+0.35 +0.14%  peak $253.14  dd 0.43%
  CURVE     ====+++=+++++===
  MONTH     book guard $0.00 of $50.00 used  on marked equity  from $250.00  dial 20%
            ..........................
  RECORD    book closed 0  0W 0L  net $+0.00  fees and funding in
  FEES      no fills yet this run (the book trades at 00:05 UTC)
  ------------------------------------------------------------------------------------------------
 
20:16:53 | 🎯 C510 Book (what trades): 12 positions, gross 0.46x, open $+2.11 | rule C2 N2+N3 |
    closed 0: 0W/0L $+0.00 | since 29 Sep +0.82% (normal)
 
  20:24  up 2h08m  daily book --------------------------------------------------------------------
  EQUITY    $252.12  unreal $+2.19
  OPEN      no intraday positions  book holds 12 (BOOK row)  free $229.26 after open P&L
  SHADOW    intraday M1 $249.56 (-0.15%)  M1g $250.52 (+0.23%)  2d paper only
  CARRY     $249.61 (-0.13%)  8 held  paper only
  SPOT      $250.54 (+0.22%)  14 held  20% invested  cash earns 7.63%  paper pot
  SAVINGS   idle $166.21 (66%)  at 7.63% +$0.04 so far  ~$1.06/month  paper
  BOOK      12 pos gross $115.88 (0.46x)  open $+2.19  funding $-0.00  vol 27% top 20
            rebal 2026-09-30
  CONTEXT   since 29 Sep $+2.12 (+0.85%) in 1.3d  normal -1.4% to +1.9%  top 24%: normal
  RULE      C2 N2+N3  forward test (paper)
  TOURNEY   7 rules held  first score at the next rebalance, for 2026-09-30
  DATA      on time  prices 1s  funding booked  book today  shadow 14:00  carry today
            spot pot today
  SESSION   $+0.43 +0.17%  peak $253.14  dd 0.40%
  CURVE     ====+++=+++++====
  MONTH     book guard $0.00 of $50.00 used  on marked equity  from $250.00  dial 20%
            ..........................
  RECORD    book closed 0  0W 0L  net $+0.00  fees and funding in
  FEES      no fills yet this run (the book trades at 00:05 UTC)
  ------------------------------------------------------------------------------------------------
 
20:24:53 | 🎯 C510 Book (what trades): 12 positions, gross 0.46x, open $+2.19 | rule C2 N2+N3 |
    closed 0: 0W/0L $+0.00 | since 29 Sep +0.85% (normal)
20:32:27 |    👻 C489 shadow hour 15:00 UTC: 38 coins scored (warm-up (14, no flow)), gate shut | M1
    $252.54 (+1.04%) M1g $251.27 (+0.53%) over 2d [18s]
 
  20:32  up 2h16m  daily book --------------------------------------------------------------------
  EQUITY    $252.26  unreal $+2.33
  OPEN      no intraday positions  book holds 12 (BOOK row)  free $229.40 after open P&L
  SHADOW    intraday M1 $252.54 (+1.04%)  M1g $251.27 (+0.53%)  2d paper only
  CARRY     $249.61 (-0.13%)  8 held  paper only
  SPOT      $250.64 (+0.26%)  14 held  20% invested  cash earns 7.63%  paper pot
  SAVINGS   idle $166.40 (66%)  at 7.63% +$0.04 so far  ~$1.06/month  paper
  BOOK      12 pos gross $116.07 (0.46x)  open $+2.33  funding $-0.00  vol 27% top 20
            rebal 2026-09-30
  CONTEXT   since 29 Sep $+2.26 (+0.90%) in 1.3d  normal -1.4% to +1.9%  top 23%: normal
  RULE      C2 N2+N3  forward test (paper)
  TOURNEY   7 rules held  first score at the next rebalance, for 2026-09-30
  DATA      on time  prices 6s  funding booked  book today  shadow 15:00  carry today
            spot pot today
  SESSION   $+0.57 +0.23%  peak $253.14  dd 0.35%
  CURVE     ====+++=+++++=====
  MONTH     book guard $0.00 of $50.00 used  on marked equity  from $250.00  dial 20%
            ..........................
  RECORD    book closed 0  0W 0L  net $+0.00  fees and funding in
  FEES      no fills yet this run (the book trades at 00:05 UTC)
  ------------------------------------------------------------------------------------------------
 
20:32:54 | 🎯 C510 Book (what trades): 12 positions, gross 0.46x, open $+2.33 | rule C2 N2+N3 |
    closed 0: 0W/0L $+0.00 | since 29 Sep +0.90% (normal)
 
  20:40  up 2h24m  daily book --------------------------------------------------------------------
  EQUITY    $252.19  unreal $+2.26
  OPEN      no intraday positions  book holds 12 (BOOK row)  free $229.33 after open P&L
  SHADOW    intraday M1 $252.54 (+1.04%)  M1g $251.27 (+0.53%)  2d paper only
  CARRY     $249.61 (-0.13%)  8 held  paper only
  SPOT      $250.67 (+0.27%)  14 held  20% invested  cash earns 7.63%  paper pot
  SAVINGS   idle $166.31 (66%)  at 7.63% +$0.04 so far  ~$1.06/month  paper
  BOOK      12 pos gross $116.21 (0.46x)  open $+2.26  funding $-0.00  vol 27% top 20
            rebal 2026-09-30
  CONTEXT   since 29 Sep $+2.19 (+0.88%) in 1.3d  normal -1.4% to +1.9%  top 24%: normal
  RULE      C2 N2+N3  forward test (paper)
  TOURNEY   7 rules held  first score at the next rebalance, for 2026-09-30
  DATA      on time  prices 0s  funding booked  book today  shadow 15:00  carry today
            spot pot today
  SESSION   $+0.50 +0.20%  peak $253.14  dd 0.38%
  CURVE     ====+++=+++++======
  MONTH     book guard $0.00 of $50.00 used  on marked equity  from $250.00  dial 20%
            ..........................
  RECORD    book closed 0  0W 0L  net $+0.00  fees and funding in
  FEES      no fills yet this run (the book trades at 00:05 UTC)
  ------------------------------------------------------------------------------------------------
 
20:40:55 | 🎯 C510 Book (what trades): 12 positions, gross 0.46x, open $+2.26 | rule C2 N2+N3 |
    closed 0: 0W/0L $+0.00 | since 29 Sep +0.88% (normal)
 
  20:48  up 2h32m  daily book --------------------------------------------------------------------
  EQUITY    $251.95  unreal $+2.02
  OPEN      no intraday positions  book holds 12 (BOOK row)  free $229.09 after open P&L
  SHADOW    intraday M1 $252.54 (+1.04%)  M1g $251.27 (+0.53%)  2d paper only
  CARRY     $249.61 (-0.13%)  8 held  paper only
  SPOT      $250.34 (+0.14%)  14 held  20% invested  cash earns 7.63%  paper pot
  SAVINGS   idle $166.10 (66%)  at 7.63% +$0.04 so far  ~$1.06/month  paper
  BOOK      12 pos gross $115.58 (0.46x)  open $+2.02  funding $-0.00  vol 27% top 20
            rebal 2026-09-30
  CONTEXT   since 29 Sep $+1.95 (+0.78%) in 1.3d  normal -1.4% to +1.9%  top 25%: normal
  RULE      C2 N2+N3  forward test (paper)
  TOURNEY   7 rules held  first score at the next rebalance, for 2026-09-30
  DATA      on time  prices 35s  funding booked  book today  shadow 15:00  carry today
            spot pot today
  SESSION   $+0.26 +0.10%  peak $253.14  dd 0.47%
  CURVE     ====+++=+++++=======
  MONTH     book guard $0.00 of $50.00 used  on marked equity  from $250.00  dial 20%
            ..........................
  RECORD    book closed 0  0W 0L  net $+0.00  fees and funding in
  FEES      no fills yet this run (the book trades at 00:05 UTC)
  ------------------------------------------------------------------------------------------------
 
20:48:55 | 🎯 C510 Book (what trades): 12 positions, gross 0.46x, open $+2.02 | rule C2 N2+N3 |
    closed 0: 0W/0L $+0.00 | since 29 Sep +0.78% (normal)
 
  20:56  up 2h40m  daily book --------------------------------------------------------------------
  EQUITY    $251.71  unreal $+1.78
  OPEN      no intraday positions  book holds 12 (BOOK row)  free $228.85 after open P&L
  SHADOW    intraday M1 $252.54 (+1.04%)  M1g $251.27 (+0.53%)  2d paper only
  CARRY     $249.61 (-0.13%)  8 held  paper only
  SPOT      $250.15 (+0.06%)  14 held  20% invested  cash earns 7.63%  paper pot
  SAVINGS   idle $165.92 (66%)  at 7.63% +$0.04 so far  ~$1.05/month  paper
  BOOK      12 pos gross $114.85 (0.46x)  open $+1.78  funding $-0.00  vol 27% top 20
            rebal 2026-09-30
  CONTEXT   since 29 Sep $+1.71 (+0.68%) in 1.3d  normal -1.4% to +1.9%  top 28%: normal
  RULE      C2 N2+N3  forward test (paper)
  TOURNEY   7 rules held  first score at the next rebalance, for 2026-09-30
  DATA      on time  prices 29s  funding booked  book today  shadow 15:00  carry today
            spot pot today
  SESSION   $+0.02 +0.01%  peak $253.14  dd 0.56%
  CURVE     ====+++=+++++========
  MONTH     book guard $0.00 of $50.00 used  on marked equity  from $250.00  dial 20%
            ..........................
  RECORD    book closed 0  0W 0L  net $+0.00  fees and funding in
  FEES      no fills yet this run (the book trades at 00:05 UTC)
  ------------------------------------------------------------------------------------------------
 
20:56:56 | 🎯 C510 Book (what trades): 12 positions, gross 0.46x, open $+1.78 | rule C2 N2+N3 |
    closed 0: 0W/0L $+0.00 | since 29 Sep +0.68% (normal)
 
  21:04  up 2h48m  daily book --------------------------------------------------------------------
  EQUITY    $252.34  unreal $+2.41
  OPEN      no intraday positions  book holds 12 (BOOK row)  free $229.48 after open P&L
  SHADOW    intraday M1 $252.54 (+1.04%)  M1g $251.27 (+0.53%)  2d paper only
  CARRY     $249.61 (-0.13%)  8 held  paper only
  SPOT      $250.64 (+0.26%)  14 held  20% invested  cash earns 7.63%  paper pot
  SAVINGS   idle $166.39 (66%)  at 7.63% +$0.04 so far  ~$1.06/month  paper
  BOOK      12 pos gross $116.39 (0.46x)  open $+2.41  funding $-0.00  vol 27% top 20
            rebal 2026-09-30
  CONTEXT   since 29 Sep $+2.34 (+0.94%) in 1.3d  normal -1.4% to +1.9%  top 23%: normal
  RULE      C2 N2+N3  forward test (paper)
  TOURNEY   7 rules held  first score at the next rebalance, for 2026-09-30
  DATA      on time  prices 22s  funding booked  book today  shadow 15:00  carry today
            spot pot today
  SESSION   $+0.65 +0.26%  peak $253.14  dd 0.32%
  CURVE     ====+++=+++++========+
  MONTH     book guard $0.00 of $50.00 used  on marked equity  from $250.00  dial 20%
            ..........................
  RECORD    book closed 0  0W 0L  net $+0.00  fees and funding in
  FEES      no fills yet this run (the book trades at 00:05 UTC)
  ------------------------------------------------------------------------------------------------
 
21:04:56 | 🎯 C510 Book (what trades): 12 positions, gross 0.46x, open $+2.41 | rule C2 N2+N3 |
    closed 0: 0W/0L $+0.00 | since 29 Sep +0.94% (normal)
 
  21:12  up 2h56m  daily book --------------------------------------------------------------------
  EQUITY    $252.31  unreal $+2.38
  OPEN      no intraday positions  book holds 12 (BOOK row)  free $229.45 after open P&L
  SHADOW    intraday M1 $252.54 (+1.04%)  M1g $251.27 (+0.53%)  2d paper only
  CARRY     $249.61 (-0.13%)  8 held  paper only
  SPOT      $250.64 (+0.26%)  14 held  20% invested  cash earns 7.63%  paper pot
  SAVINGS   idle $166.37 (66%)  at 7.63% +$0.04 so far  ~$1.06/month  paper
  BOOK      12 pos gross $116.37 (0.46x)  open $+2.38  funding $-0.00  vol 27% top 20
            rebal 2026-09-30
  CONTEXT   since 29 Sep $+2.31 (+0.92%) in 1.3d  normal -1.4% to +1.9%  top 23%: normal
  RULE      C2 N2+N3  forward test (paper)
  TOURNEY   7 rules held  first score at the next rebalance, for 2026-09-30
  DATA      on time  prices 16s  funding booked  book today  shadow 15:00  carry today
            spot pot today
  SESSION   $+0.62 +0.25%  peak $253.14  dd 0.33%
  CURVE     ====+++=+++++========+=
  MONTH     book guard $0.00 of $50.00 used  on marked equity  from $250.00  dial 20%
            ..........................
  RECORD    book closed 0  0W 0L  net $+0.00  fees and funding in
  FEES      no fills yet this run (the book trades at 00:05 UTC)
  ------------------------------------------------------------------------------------------------
 
21:12:57 | 🎯 C510 Book (what trades): 12 positions, gross 0.46x, open $+2.38 | rule C2 N2+N3 |
    closed 0: 0W/0L $+0.00 | since 29 Sep +0.92% (normal)
