18:43:11 | 📊 Paper Mode
18:43:14 | ✅ Connected | 805 futures markets
18:43:14 | 📐 RISK @ $252.26: monthly dial 15% = $37.92/month  |  per-trade risk 0.341% = $0.86  |
    break-even win rate 32% at the measured 2.10 payoff [C482]
18:43:14 |    today's loss limit is 25% of what the month has left, fixed at midnight (C482)
 
  ================================================================================================
  OMEGA C489  PAPER  Bitget perps
  25 Sep 2026   18:43
  start $252.26  risk dial 15%/month
  ================================================================================================
 
  RISK FRAME -------------------------------------------------------------------------------------
  EQUITY    $252.26  805 markets
  MONTH     dial 15% = $37.92 this month  used $0.54
  DAY       limit $9.44  25% of what the month has left, fixed at midnight
  RISK      0.341% = $0.86/trade  trades/day NO CAP
  EDGE      +0.0474 blended  44W 95L realised
  NEED      32% win at 2.10 payoff
  ------------------------------------------------------------------------------------------------
 
18:43:14 | 🌐 Remote control on http://0.0.0.0:8138 — TOKEN REQUIRED
18:43:14 |    📱 Same WiFi: http://10.0.0.160:8138/?t=<your token>
18:43:14 |    🌍 Internet: put a Cloudflare Tunnel in front of this port.
18:43:14 |        See deploy/DEPLOY.md — one command, no open ports, free.
18:43:14 |   4 EXIT       4 questions: HARD STOP · THESIS DEAD (C399 retention)
18:43:14 |    🎚️ Loss control: monthly risk dial 15% — today may lose 25% of what the month has left
    (C482)
18:43:14 |    🛡️ Session drawdown breaker: off | Guardian: report only (C482)
18:43:14 | 💡 Press Ctrl+C to stop safely
 
  18:51  up 0h08m  scan 0 ------------------------------------------------------------------------
  EQUITY    $252.63  unreal $+0.37
  OPEN      flat  free $228.54
  SHADOW    intraday M1 +0.00%  M1g +0.00%  1d paper only
  BOOK      9 pos gross $119.53 (0.47x)  open $+0.37  funding $+0.00  vol 20% top 20
            rebal 2026-09-25
  SESSION   $+0.37 +0.15%
  DAY       real $-0.37  limit $9.44 (3.74%)  4% used
            #.........................
  MONTH     dial 15%  used $0.54 of $37.92  from $252.81
  RECORD    no closed trades yet this run
  LIFETIME  139tr 44W 95L 32%  $+2.26
  FEES      no fills yet this run
  MARKET    bias +0.00  breadth +0.00
  ------------------------------------------------------------------------------------------------
 
 
  18:59  up 0h16m  scan 0 ------------------------------------------------------------------------
  EQUITY    $252.54  unreal $+0.28
  OPEN      flat  free $228.54
  SHADOW    intraday M1 +0.00%  M1g +0.00%  1d paper only
  BOOK      9 pos gross $119.60 (0.47x)  open $+0.28  funding $+0.00  vol 20% top 20
            rebal 2026-09-25
  SESSION   $+0.28 +0.11%  peak $252.63  dd 0.04%
  DAY       real $-0.37  limit $9.44 (3.74%)  4% used
            #.........................
  MONTH     dial 15%  used $0.54 of $37.92  from $252.81
  RECORD    no closed trades yet this run
  LIFETIME  139tr 44W 95L 32%  $+2.26
  FEES      no fills yet this run
  MARKET    bias +0.00  breadth +0.00
  ------------------------------------------------------------------------------------------------
 
 
  19:07  up 0h24m  scan 0 ------------------------------------------------------------------------
  EQUITY    $252.62  unreal $+0.36
  OPEN      flat  free $228.54
  SHADOW    intraday M1 +0.00%  M1g +0.00%  1d paper only
  BOOK      9 pos gross $119.95 (0.47x)  open $+0.36  funding $+0.00  vol 20% top 20
            rebal 2026-09-25
  SESSION   $+0.36 +0.14%  peak $252.63
  DAY       real $-0.37  limit $9.44 (3.74%)  4% used
            #.........................
  MONTH     dial 15%  used $0.54 of $37.92  from $252.81
  RECORD    no closed trades yet this run
  LIFETIME  139tr 44W 95L 32%  $+2.26
  FEES      no fills yet this run
  MARKET    bias +0.00  breadth +0.00
  ------------------------------------------------------------------------------------------------
 
 
  19:15  up 0h32m  scan 0 ------------------------------------------------------------------------
  EQUITY    $252.56  unreal $+0.30
  OPEN      flat  free $228.54
  SHADOW    intraday M1 +0.00%  M1g +0.00%  1d paper only
  BOOK      9 pos gross $119.17 (0.47x)  open $+0.30  funding $+0.00  vol 20% top 20
            rebal 2026-09-25
  SESSION   $+0.30 +0.12%  peak $252.63  dd 0.03%
  DAY       real $-0.37  limit $9.44 (3.74%)  4% used
            #.........................
  MONTH     dial 15%  used $0.54 of $37.92  from $252.81
  RECORD    no closed trades yet this run
  LIFETIME  139tr 44W 95L 32%  $+2.26
  FEES      no fills yet this run
  MARKET    bias +0.00  breadth +0.00
  ------------------------------------------------------------------------------------------------
 
 
  19:23  up 0h40m  scan 0 ------------------------------------------------------------------------
  EQUITY    $252.60  unreal $+0.34
  OPEN      flat  free $228.54
  SHADOW    intraday M1 +0.00%  M1g +0.00%  1d paper only
  BOOK      9 pos gross $119.17 (0.47x)  open $+0.34  funding $+0.00  vol 20% top 20
            rebal 2026-09-25
  SESSION   $+0.34 +0.13%  peak $252.63  dd 0.01%
  CURVE     =+++++
  DAY       real $-0.37  limit $9.44 (3.74%)  4% used
            #.........................
  MONTH     dial 15%  used $0.54 of $37.92  from $252.81
  RECORD    no closed trades yet this run
  LIFETIME  139tr 44W 95L 32%  $+2.26
  FEES      no fills yet this run
  MARKET    bias +0.00  breadth +0.00
  ------------------------------------------------------------------------------------------------
 
 
  19:31  up 0h48m  scan 0 ------------------------------------------------------------------------
  EQUITY    $252.49  unreal $+0.23
  OPEN      flat  free $228.54
  SHADOW    intraday M1 +0.00%  M1g +0.00%  1d paper only
  BOOK      9 pos gross $119.21 (0.47x)  open $+0.23  funding $+0.00  vol 20% top 20
            rebal 2026-09-25
  SESSION   $+0.23 +0.09%  peak $252.63  dd 0.06%
  CURVE     =++++++
  DAY       real $-0.37  limit $9.44 (3.74%)  4% used
            #.........................
  MONTH     dial 15%  used $0.54 of $37.92  from $252.81
  RECORD    no closed trades yet this run
  LIFETIME  139tr 44W 95L 32%  $+2.26
  FEES      no fills yet this run
  MARKET    bias +0.00  breadth +0.00
  ------------------------------------------------------------------------------------------------
 
19:32:42 |    👻 C489 shadow hour 14:00 UTC: 0 coins scored, gate shut | M1 +0.00% M1g +0.00% over 1d
    [30s]
 
  19:39  up 0h56m  scan 0 ------------------------------------------------------------------------
  EQUITY    $252.38  unreal $+0.12
  OPEN      flat  free $228.54
  SHADOW    intraday M1 +0.00%  M1g +0.00%  1d paper only
  BOOK      9 pos gross $118.42 (0.47x)  open $+0.12  funding $+0.00  vol 20% top 20
            rebal 2026-09-25
  SESSION   $+0.12 +0.05%  peak $252.63  dd 0.10%
  CURVE     =++++++=
  DAY       real $-0.37  limit $9.44 (3.74%)  4% used
            #.........................
  MONTH     dial 15%  used $0.54 of $37.92  from $252.81
  RECORD    no closed trades yet this run
  LIFETIME  139tr 44W 95L 32%  $+2.26
  FEES      no fills yet this run
  MARKET    bias +0.00  breadth +0.00
  ------------------------------------------------------------------------------------------------
 
 
  19:47  up 1h04m  scan 0 ------------------------------------------------------------------------
  EQUITY    $252.52  unreal $+0.26
  OPEN      flat  free $228.54
  SHADOW    intraday M1 +0.00%  M1g +0.00%  1d paper only
  BOOK      9 pos gross $118.48 (0.47x)  open $+0.26  funding $+0.00  vol 20% top 20
            rebal 2026-09-25
  SESSION   $+0.26 +0.10%  peak $252.63  dd 0.04%
  CURVE     =++++++=+
  DAY       real $-0.37  limit $9.44 (3.74%)  4% used
            #.........................
  MONTH     dial 15%  used $0.54 of $37.92  from $252.81
  RECORD    no closed trades yet this run
  LIFETIME  139tr 44W 95L 32%  $+2.26
  FEES      no fills yet this run
  MARKET    bias +0.00  breadth +0.00
  ------------------------------------------------------------------------------------------------
 
 
  19:55  up 1h12m  scan 0 ------------------------------------------------------------------------
  EQUITY    $252.57  unreal $+0.31
  OPEN      flat  free $228.54
  SHADOW    intraday M1 +0.00%  M1g +0.00%  1d paper only
  BOOK      9 pos gross $118.35 (0.47x)  open $+0.31  funding $+0.00  vol 20% top 20
            rebal 2026-09-25
  SESSION   $+0.31 +0.12%  peak $252.63  dd 0.02%
  CURVE     =++++++=++
  DAY       real $-0.37  limit $9.44 (3.74%)  4% used
            #.........................
  MONTH     dial 15%  used $0.54 of $37.92  from $252.81
  RECORD    no closed trades yet this run
  LIFETIME  139tr 44W 95L 32%  $+2.26
  FEES      no fills yet this run
  MARKET    bias +0.00  breadth +0.00
  ------------------------------------------------------------------------------------------------
 
 
  20:03  up 1h20m  scan 0 ------------------------------------------------------------------------
  EQUITY    $252.82  unreal $+0.56
  OPEN      flat  free $228.54
  SHADOW    intraday M1 +0.00%  M1g +0.00%  1d paper only
  BOOK      9 pos gross $118.93 (0.47x)  open $+0.56  funding $+0.00  vol 20% top 20
            rebal 2026-09-25
  SESSION   $+0.56 +0.22%
  CURVE     =+=+++===++
  DAY       real $-0.37  limit $9.44 (3.74%)  4% used
            #.........................
  MONTH     dial 15%  used $0.54 of $37.92  from $252.81
  RECORD    no closed trades yet this run
  LIFETIME  139tr 44W 95L 32%  $+2.26
  FEES      no fills yet this run
  MARKET    bias +0.00  breadth +0.00
  ------------------------------------------------------------------------------------------------
 
 
  20:11  up 1h28m  scan 0 ------------------------------------------------------------------------
  EQUITY    $252.76  unreal $+0.50
  OPEN      flat  free $228.54
  SHADOW    intraday M1 +0.00%  M1g +0.00%  1d paper only
  BOOK      9 pos gross $118.41 (0.47x)  open $+0.50  funding $+0.00  vol 20% top 20
            rebal 2026-09-25
  SESSION   $+0.50 +0.20%  peak $252.82  dd 0.02%
  CURVE     =+=+++===+++
  DAY       real $-0.37  limit $9.44 (3.74%)  4% used
            #.........................
  MONTH     dial 15%  used $0.54 of $37.92  from $252.81
  RECORD    no closed trades yet this run
  LIFETIME  139tr 44W 95L 32%  $+2.26
  FEES      no fills yet this run
  MARKET    bias +0.00  breadth +0.00
  ------------------------------------------------------------------------------------------------
 
 
  20:19  up 1h36m  scan 0 ------------------------------------------------------------------------
  EQUITY    $252.64  unreal $+0.38
  OPEN      flat  free $228.54
  SHADOW    intraday M1 +0.00%  M1g +0.00%  1d paper only
  BOOK      9 pos gross $118.51 (0.47x)  open $+0.38  funding $+0.00  vol 20% top 20
            rebal 2026-09-25
  SESSION   $+0.38 +0.15%  peak $252.82  dd 0.07%
  CURVE     =+=+++===++++
  DAY       real $-0.37  limit $9.44 (3.74%)  4% used
            #.........................
  MONTH     dial 15%  used $0.54 of $37.92  from $252.81
  RECORD    no closed trades yet this run
  LIFETIME  139tr 44W 95L 32%  $+2.26
  FEES      no fills yet this run
  MARKET    bias +0.00  breadth +0.00
  ------------------------------------------------------------------------------------------------
 
 
  20:27  up 1h44m  scan 0 ------------------------------------------------------------------------
  EQUITY    $252.59  unreal $+0.33
  OPEN      flat  free $228.54
  SHADOW    intraday M1 +0.00%  M1g +0.00%  1d paper only
  BOOK      9 pos gross $119.14 (0.47x)  open $+0.33  funding $+0.00  vol 20% top 20
            rebal 2026-09-25
  SESSION   $+0.33 +0.13%  peak $252.82  dd 0.09%
  CURVE     =+=+++===+++++
  DAY       real $-0.37  limit $9.44 (3.74%)  4% used
            #.........................
  MONTH     dial 15%  used $0.54 of $37.92  from $252.81
  RECORD    no closed trades yet this run
  LIFETIME  139tr 44W 95L 32%  $+2.26
  FEES      no fills yet this run
  MARKET    bias +0.00  breadth +0.00
  ------------------------------------------------------------------------------------------------
 
20:32:41 |    👻 C489 shadow hour 15:00 UTC: 0 coins scored, gate shut | M1 +0.00% M1g +0.00% over 1d
    [20s]
 
  20:35  up 1h52m  scan 0 ------------------------------------------------------------------------
  EQUITY    $252.64  unreal $+0.38
  OPEN      flat  free $228.54
  SHADOW    intraday M1 +0.00%  M1g +0.00%  1d paper only
  BOOK      9 pos gross $119.05 (0.47x)  open $+0.38  funding $+0.00  vol 20% top 20
            rebal 2026-09-25
  SESSION   $+0.38 +0.15%  peak $252.82  dd 0.07%
  CURVE     =+=+++===++++++
  DAY       real $-0.37  limit $9.44 (3.74%)  4% used
            #.........................
  MONTH     dial 15%  used $0.54 of $37.92  from $252.81
  RECORD    no closed trades yet this run
  LIFETIME  139tr 44W 95L 32%  $+2.26
  FEES      no fills yet this run
  MARKET    bias +0.00  breadth +0.00
  ------------------------------------------------------------------------------------------------
 
 
  20:43  up 2h00m  scan 0 ------------------------------------------------------------------------
  EQUITY    $252.81  unreal $+0.55
  OPEN      flat  free $228.54
  SHADOW    intraday M1 +0.00%  M1g +0.00%  1d paper only
  BOOK      9 pos gross $119.49 (0.47x)  open $+0.55  funding $+0.00  vol 20% top 20
            rebal 2026-09-25
  SESSION   $+0.55 +0.22%  peak $252.82
  CURVE     =+=+++===+++++++
  DAY       real $-0.37  limit $9.44 (3.74%)  4% used
            #.........................
  MONTH     dial 15%  used $0.54 of $37.92  from $252.81
  RECORD    no closed trades yet this run
  LIFETIME  139tr 44W 95L 32%  $+2.26
  FEES      no fills yet this run
  MARKET    bias +0.00  breadth +0.00
  ------------------------------------------------------------------------------------------------
 
 
  20:51  up 2h08m  scan 0 ------------------------------------------------------------------------
  EQUITY    $252.67  unreal $+0.41
  OPEN      flat  free $228.54
  SHADOW    intraday M1 +0.00%  M1g +0.00%  1d paper only
  BOOK      9 pos gross $118.96 (0.47x)  open $+0.41  funding $+0.00  vol 20% top 20
            rebal 2026-09-25
  SESSION   $+0.41 +0.16%  peak $252.82  dd 0.06%
  CURVE     =+=+++===++++++++
  DAY       real $-0.37  limit $9.44 (3.74%)  4% used
            #.........................
  MONTH     dial 15%  used $0.54 of $37.92  from $252.81
  RECORD    no closed trades yet this run
  LIFETIME  139tr 44W 95L 32%  $+2.26
  FEES      no fills yet this run
  MARKET    bias +0.00  breadth +0.00
  ------------------------------------------------------------------------------------------------
 
 
  20:59  up 2h16m  scan 0 ------------------------------------------------------------------------
  EQUITY    $252.45  unreal $+0.19
  OPEN      flat  free $228.54
  SHADOW    intraday M1 +0.00%  M1g +0.00%  1d paper only
  BOOK      9 pos gross $118.79 (0.47x)  open $+0.19  funding $+0.00  vol 20% top 20
            rebal 2026-09-25
  SESSION   $+0.19 +0.07%  peak $252.82  dd 0.15%
  CURVE     =+=+++===++++++++=
  DAY       real $-0.37  limit $9.44 (3.74%)  4% used
            #.........................
  MONTH     dial 15%  used $0.54 of $37.92  from $252.81
  RECORD    no closed trades yet this run
  LIFETIME  139tr 44W 95L 32%  $+2.26
  FEES      no fills yet this run
  MARKET    bias +0.00  breadth +0.00
  ------------------------------------------------------------------------------------------------
 
 
  21:07  up 2h24m  scan 0 ------------------------------------------------------------------------
  EQUITY    $252.34  unreal $+0.08
  OPEN      flat  free $228.54
  SHADOW    intraday M1 +0.00%  M1g +0.00%  1d paper only
  BOOK      9 pos gross $118.48 (0.47x)  open $+0.08  funding $+0.00  vol 20% top 20
            rebal 2026-09-25
  SESSION   $+0.08 +0.03%  peak $252.82  dd 0.19%
  CURVE     =+=+++===++++++++==
  DAY       real $-0.37  limit $9.44 (3.74%)  4% used
            #.........................
  MONTH     dial 15%  used $0.54 of $37.92  from $252.81
  RECORD    no closed trades yet this run
  LIFETIME  139tr 44W 95L 32%  $+2.26
  FEES      no fills yet this run
  MARKET    bias +0.00  breadth +0.00
  ------------------------------------------------------------------------------------------------
 
 
  21:15  up 2h32m  scan 0 ------------------------------------------------------------------------
  EQUITY    $252.27  unreal $+0.01
  OPEN      flat  free $228.54
  SHADOW    intraday M1 +0.00%  M1g +0.00%  1d paper only
  BOOK      9 pos gross $118.04 (0.47x)  open $+0.01  funding $+0.00  vol 20% top 20
            rebal 2026-09-25
  SESSION   $+0.01 +0.00%  peak $252.82  dd 0.22%
  CURVE     =+=+++===++++++++===
  DAY       real $-0.37  limit $9.44 (3.74%)  4% used
            #.........................
  MONTH     dial 15%  used $0.54 of $37.92  from $252.81
  RECORD    no closed trades yet this run
  LIFETIME  139tr 44W 95L 32%  $+2.26
  FEES      no fills yet this run
  MARKET    bias +0.00  breadth +0.00
  ------------------------------------------------------------------------------------------------
 
 
  21:23  up 2h40m  scan 0 ------------------------------------------------------------------------
  EQUITY    $252.22  unreal $-0.04
  OPEN      flat  free $228.54
  SHADOW    intraday M1 +0.00%  M1g +0.00%  1d paper only
  BOOK      9 pos gross $117.67 (0.47x)  open $-0.04  funding $+0.00  vol 20% top 20
            rebal 2026-09-25
  SESSION   $-0.04 -0.02%  peak $252.82  dd 0.24%
  CURVE     =+++++===++++++++====
  DAY       real $-0.37  limit $9.44 (3.74%)  4% used
            #.........................
  MONTH     dial 15%  used $0.54 of $37.92  from $252.81
  RECORD    no closed trades yet this run
  LIFETIME  139tr 44W 95L 32%  $+2.26
  FEES      no fills yet this run
  MARKET    bias +0.00  breadth +0.00
  ------------------------------------------------------------------------------------------------
 
 
  21:31  up 2h48m  scan 0 ------------------------------------------------------------------------
  EQUITY    $252.44  unreal $+0.18
  OPEN      flat  free $228.53
  SHADOW    intraday M1 +0.00%  M1g +0.00%  1d paper only
  BOOK      9 pos gross $118.76 (0.47x)  open $+0.18  funding $-0.00  vol 20% top 20
            rebal 2026-09-25
  SESSION   $+0.18 +0.07%  peak $252.82  dd 0.15%
  CURVE     =+++++===++++++++=====
  DAY       real $-0.37  limit $9.44 (3.74%)  4% used
            #.........................
  MONTH     dial 15%  used $0.55 of $37.92  from $252.81
  RECORD    no closed trades yet this run
  LIFETIME  139tr 44W 95L 32%  $+2.26
  FEES      no fills yet this run
  MARKET    bias +0.00  breadth +0.00
  ------------------------------------------------------------------------------------------------
 
21:32:48 |    👻 C489 shadow hour 16:00 UTC: 0 coins scored, gate shut | M1 +0.00% M1g +0.00% over 1d
    [18s]
 
  21:39  up 2h56m  scan 0 ------------------------------------------------------------------------
  EQUITY    $252.46  unreal $+0.20
  OPEN      flat  free $228.53
  SHADOW    intraday M1 +0.00%  M1g +0.00%  1d paper only
  BOOK      9 pos gross $118.93 (0.47x)  open $+0.20  funding $-0.00  vol 20% top 20
            rebal 2026-09-25
  SESSION   $+0.20 +0.08%  peak $252.82  dd 0.14%
  CURVE     =+++++===++++++++======
  DAY       real $-0.37  limit $9.44 (3.74%)  4% used
            #.........................
  MONTH     dial 15%  used $0.55 of $37.92  from $252.81
  RECORD    no closed trades yet this run
  LIFETIME  139tr 44W 95L 32%  $+2.26
  FEES      no fills yet this run
  MARKET    bias +0.00  breadth +0.00
  ------------------------------------------------------------------------------------------------
 
 
  21:47  up 3h04m  scan 0 ------------------------------------------------------------------------
  EQUITY    $252.45  unreal $+0.19
  OPEN      flat  free $228.53
  SHADOW    intraday M1 +0.00%  M1g +0.00%  1d paper only
  BOOK      9 pos gross $119.58 (0.47x)  open $+0.19  funding $-0.00  vol 20% top 20
            rebal 2026-09-25
  SESSION   $+0.19 +0.07%  peak $252.82  dd 0.15%
  CURVE     =+++++===++++++++=======
  DAY       real $-0.37  limit $9.44 (3.74%)  4% used
            #.........................
  MONTH     dial 15%  used $0.55 of $37.92  from $252.81
  RECORD    no closed trades yet this run
  LIFETIME  139tr 44W 95L 32%  $+2.26
  FEES      no fills yet this run
  MARKET    bias +0.00  breadth +0.00
  ------------------------------------------------------------------------------------------------
 
 
  21:55  up 3h12m  scan 0 ------------------------------------------------------------------------
  EQUITY    $252.44  unreal $+0.18
  OPEN      flat  free $228.53
  SHADOW    intraday M1 +0.00%  M1g +0.00%  1d paper only
  BOOK      9 pos gross $119.10 (0.47x)  open $+0.17  funding $-0.00  vol 20% top 20
            rebal 2026-09-25
  SESSION   $+0.18 +0.07%  peak $252.82  dd 0.15%
  CURVE     =+++++===++++++++========
  DAY       real $-0.37  limit $9.44 (3.74%)  4% used
            #.........................
  MONTH     dial 15%  used $0.55 of $37.92  from $252.81
  RECORD    no closed trades yet this run
  LIFETIME  139tr 44W 95L 32%  $+2.26
  FEES      no fills yet this run
  MARKET    bias +0.00  breadth +0.00
  ------------------------------------------------------------------------------------------------
 
 
  22:03  up 3h20m  scan 0 ------------------------------------------------------------------------
  EQUITY    $252.42  unreal $+0.16
  OPEN      flat  free $228.53
  SHADOW    intraday M1 +0.00%  M1g +0.00%  1d paper only
  BOOK      9 pos gross $119.84 (0.47x)  open $+0.16  funding $-0.00  vol 20% top 20
            rebal 2026-09-25
  SESSION   $+0.16 +0.06%  peak $252.82  dd 0.16%
  CURVE     =+++++===++++++++=========
  DAY       real $-0.37  limit $9.44 (3.74%)  4% used
            #.........................
  MONTH     dial 15%  used $0.55 of $37.92  from $252.81
  RECORD    no closed trades yet this run
  LIFETIME  139tr 44W 95L 32%  $+2.26
  FEES      no fills yet this run
  MARKET    bias +0.00  breadth +0.00
  ------------------------------------------------------------------------------------------------
 
 
  22:11  up 3h28m  scan 0 ------------------------------------------------------------------------
  EQUITY    $252.14  unreal $-0.12
  OPEN      flat  free $228.53
  SHADOW    intraday M1 +0.00%  M1g +0.00%  1d paper only
  BOOK      9 pos gross $119.38 (0.47x)  open $-0.12  funding $-0.00  vol 20% top 20
            rebal 2026-09-25
  SESSION   $-0.12 -0.05%  peak $252.82  dd 0.27%
  CURVE     =++++++=+++++++++==========
  DAY       real $-0.37  limit $9.44 (3.74%)  4% used
            #.........................
  MONTH     dial 15%  used $0.55 of $37.92  from $252.81
  RECORD    no closed trades yet this run
  LIFETIME  139tr 44W 95L 32%  $+2.26
  FEES      no fills yet this run
  MARKET    bias +0.00  breadth +0.00
  ------------------------------------------------------------------------------------------------
 
 
  22:19  up 3h36m  scan 0 ------------------------------------------------------------------------
  EQUITY    $252.21  unreal $-0.05
  OPEN      flat  free $228.53
  SHADOW    intraday M1 +0.00%  M1g +0.00%  1d paper only
  BOOK      9 pos gross $118.64 (0.47x)  open $-0.05  funding $-0.00  vol 20% top 20
            rebal 2026-09-25
  SESSION   $-0.05 -0.02%  peak $252.82  dd 0.24%
  CURVE     =++++++=+++++++++===========
  DAY       real $-0.37  limit $9.44 (3.74%)  4% used
            #.........................
  MONTH     dial 15%  used $0.55 of $37.92  from $252.81
  RECORD    no closed trades yet this run
  LIFETIME  139tr 44W 95L 32%  $+2.26
  FEES      no fills yet this run
  MARKET    bias +0.00  breadth +0.00
  ------------------------------------------------------------------------------------------------
 
 
  22:27  up 3h44m  scan 0 ------------------------------------------------------------------------
  EQUITY    $252.32  unreal $+0.06
  OPEN      flat  free $228.53
  SHADOW    intraday M1 +0.00%  M1g +0.00%  1d paper only
  BOOK      9 pos gross $118.69 (0.47x)  open $+0.07  funding $-0.00  vol 20% top 20
            rebal 2026-09-25
  SESSION   $+0.06 +0.02%  peak $252.82  dd 0.20%
  CURVE     =++++++=+++++++++============
  DAY       real $-0.37  limit $9.44 (3.74%)  4% used
            #.........................
  MONTH     dial 15%  used $0.55 of $37.92  from $252.81
  RECORD    no closed trades yet this run
  LIFETIME  139tr 44W 95L 32%  $+2.26
  FEES      no fills yet this run
  MARKET    bias +0.00  breadth +0.00
  ------------------------------------------------------------------------------------------------
 
22:32:22 |    👻 C489 shadow hour 17:00 UTC: 0 coins scored, gate shut | M1 +0.00% M1g +0.00% over 1d
    [16s]
 
  22:35  up 3h52m  scan 0 ------------------------------------------------------------------------
  EQUITY    $252.38  unreal $+0.12
  OPEN      flat  free $228.53
  SHADOW    intraday M1 +0.00%  M1g +0.00%  1d paper only
  BOOK      9 pos gross $119.27 (0.47x)  open $+0.12  funding $-0.00  vol 20% top 20
            rebal 2026-09-25
  SESSION   $+0.12 +0.05%  peak $252.82  dd 0.17%
  CURVE     =++++++=+++++++++=============
  DAY       real $-0.37  limit $9.44 (3.74%)  4% used
            #.........................
  MONTH     dial 15%  used $0.55 of $37.92  from $252.81
  RECORD    no closed trades yet this run
  LIFETIME  139tr 44W 95L 32%  $+2.26
  FEES      no fills yet this run
  MARKET    bias +0.00  breadth +0.00
  ------------------------------------------------------------------------------------------------
 
 
  22:43  up 4h00m  scan 0 ------------------------------------------------------------------------
  EQUITY    $252.28  unreal $+0.02
  OPEN      flat  free $228.53
  SHADOW    intraday M1 +0.00%  M1g +0.00%  1d paper only
  BOOK      9 pos gross $119.29 (0.47x)  open $+0.02  funding $-0.00  vol 20% top 20
            rebal 2026-09-25
  SESSION   $+0.02 +0.01%  peak $252.82  dd 0.21%
  CURVE     =++++++=+++++++++==============
  DAY       real $-0.37  limit $9.44 (3.74%)  4% used
            #.........................
  MONTH     dial 15%  used $0.55 of $37.92  from $252.81
  RECORD    no closed trades yet this run
  LIFETIME  139tr 44W 95L 32%  $+2.26
  FEES      no fills yet this run
  MARKET    bias +0.00  breadth +0.00
  ------------------------------------------------------------------------------------------------
 
 
  22:51  up 4h08m  scan 0 ------------------------------------------------------------------------
  EQUITY    $252.32  unreal $+0.06
  OPEN      flat  free $228.53
  SHADOW    intraday M1 +0.00%  M1g +0.00%  1d paper only
  BOOK      9 pos gross $119.18 (0.47x)  open $+0.06  funding $-0.00  vol 20% top 20
            rebal 2026-09-25
  SESSION   $+0.06 +0.02%  peak $252.82  dd 0.20%
  CURVE     =++++++=+++++++++===============
  DAY       real $-0.37  limit $9.44 (3.74%)  4% used
            #.........................
  MONTH     dial 15%  used $0.55 of $37.92  from $252.81
  RECORD    no closed trades yet this run
  LIFETIME  139tr 44W 95L 32%  $+2.26
  FEES      no fills yet this run
  MARKET    bias +0.00  breadth +0.00
  ------------------------------------------------------------------------------------------------
 
 
  22:59  up 4h16m  scan 0 ------------------------------------------------------------------------
  EQUITY    $252.09  unreal $-0.17
  OPEN      flat  free $228.53
  SHADOW    intraday M1 +0.00%  M1g +0.00%  1d paper only
  BOOK      9 pos gross $118.60 (0.47x)  open $-0.17  funding $-0.00  vol 20% top 20
            rebal 2026-09-25
  SESSION   $-0.17 -0.07%  peak $252.82  dd 0.29%
  CURVE     =++++++=+++++++++=====+==========
  DAY       real $-0.37  limit $9.44 (3.74%)  4% used
            #.........................
  MONTH     dial 15%  used $0.55 of $37.92  from $252.81
  RECORD    no closed trades yet this run
  LIFETIME  139tr 44W 95L 32%  $+2.26
  FEES      no fills yet this run
  MARKET    bias +0.00  breadth +0.00
  ------------------------------------------------------------------------------------------------
 
 
  23:07  up 4h24m  scan 0 ------------------------------------------------------------------------
  EQUITY    $252.01  unreal $-0.25
  OPEN      flat  free $228.53
  SHADOW    intraday M1 +0.00%  M1g +0.00%  1d paper only
  BOOK      9 pos gross $118.45 (0.47x)  open $-0.25  funding $-0.00  vol 20% top 20
            rebal 2026-09-25
  SESSION   $-0.25 -0.10%  peak $252.82  dd 0.32%
  CURVE     =++++++=++++++++++===+++++========
  DAY       real $-0.37  limit $9.44 (3.74%)  4% used
            #.........................
  MONTH     dial 15%  used $0.55 of $37.92  from $252.81
  RECORD    no closed trades yet this run
  LIFETIME  139tr 44W 95L 32%  $+2.26
  FEES      no fills yet this run
  MARKET    bias +0.00  breadth +0.00
  ------------------------------------------------------------------------------------------------
 
 
  23:15  up 4h32m  scan 0 ------------------------------------------------------------------------
  EQUITY    $252.21  unreal $-0.05
  OPEN      flat  free $228.53
  SHADOW    intraday M1 +0.00%  M1g +0.00%  1d paper only
  BOOK      9 pos gross $118.93 (0.47x)  open $-0.05  funding $-0.00  vol 20% top 20
            rebal 2026-09-25
  SESSION   $-0.05 -0.02%  peak $252.82  dd 0.24%
  CURVE     =++++++=++++++++++===+++++=========
  DAY       real $-0.37  limit $9.44 (3.74%)  4% used
            #.........................
  MONTH     dial 15%  used $0.55 of $37.92  from $252.81
  RECORD    no closed trades yet this run
  LIFETIME  139tr 44W 95L 32%  $+2.26
  FEES      no fills yet this run
  MARKET    bias +0.00  breadth +0.00
  ------------------------------------------------------------------------------------------------
 
 
  23:23  up 4h40m  scan 0 ------------------------------------------------------------------------
  EQUITY    $252.11  unreal $-0.15
  OPEN      flat  free $228.53
  SHADOW    intraday M1 +0.00%  M1g +0.00%  1d paper only
  BOOK      9 pos gross $118.57 (0.47x)  open $-0.15  funding $-0.00  vol 20% top 20
            rebal 2026-09-25
  SESSION   $-0.15 -0.06%  peak $252.82  dd 0.28%
  CURVE     =++++++=++++++++++===+++++==========
  DAY       real $-0.37  limit $9.44 (3.74%)  4% used
            #.........................
  MONTH     dial 15%  used $0.55 of $37.92  from $252.81
  RECORD    no closed trades yet this run
  LIFETIME  139tr 44W 95L 32%  $+2.26
  FEES      no fills yet this run
  MARKET    bias +0.00  breadth +0.00
  ------------------------------------------------------------------------------------------------
 
 
  23:31  up 4h48m  scan 0 ------------------------------------------------------------------------
  EQUITY    $252.10  unreal $-0.16
  OPEN      flat  free $228.53
  SHADOW    intraday M1 +0.00%  M1g +0.00%  1d paper only
  BOOK      9 pos gross $119.09 (0.47x)  open $-0.16  funding $-0.00  vol 20% top 20
            rebal 2026-09-25
  SESSION   $-0.16 -0.06%  peak $252.82  dd 0.28%
  CURVE     =++++++=++++++++++===+++++===========
  DAY       real $-0.37  limit $9.44 (3.74%)  4% used
            #.........................
  MONTH     dial 15%  used $0.55 of $37.92  from $252.81
  RECORD    no closed trades yet this run
  LIFETIME  139tr 44W 95L 32%  $+2.26
  FEES      no fills yet this run
  MARKET    bias +0.00  breadth +0.00
  ------------------------------------------------------------------------------------------------
 
23:32:34 |    👻 C489 shadow hour 18:00 UTC: 0 coins scored, gate shut | M1 +0.00% M1g +0.00% over 1d
    [18s]
 
  23:39  up 4h56m  scan 0 ------------------------------------------------------------------------
  EQUITY    $252.22  unreal $-0.04
  OPEN      flat  free $228.53
  SHADOW    intraday M1 +0.00%  M1g +0.00%  1d paper only
  BOOK      9 pos gross $118.97 (0.47x)  open $-0.04  funding $-0.00  vol 20% top 20
            rebal 2026-09-25
  SESSION   $-0.04 -0.02%  peak $252.82  dd 0.24%
  CURVE     =++++++=++++++++++===+++++============
  DAY       real $-0.37  limit $9.44 (3.74%)  4% used
            #.........................
  MONTH     dial 15%  used $0.55 of $37.92  from $252.81
  RECORD    no closed trades yet this run
  LIFETIME  139tr 44W 95L 32%  $+2.26
  FEES      no fills yet this run
  MARKET    bias +0.00  breadth +0.00
  ------------------------------------------------------------------------------------------------
 
 
  23:47  up 5h04m  scan 0 ------------------------------------------------------------------------
  EQUITY    $252.37  unreal $+0.11
  OPEN      flat  free $228.53
  SHADOW    intraday M1 +0.00%  M1g +0.00%  1d paper only
  BOOK      9 pos gross $119.72 (0.47x)  open $+0.11  funding $-0.00  vol 20% top 20
            rebal 2026-09-25
  SESSION   $+0.11 +0.04%  peak $252.82  dd 0.18%
  CURVE     =++++++=++++++++++===+++++=============
  DAY       real $-0.37  limit $9.44 (3.74%)  4% used
            #.........................
  MONTH     dial 15%  used $0.55 of $37.92  from $252.81
  RECORD    no closed trades yet this run
  LIFETIME  139tr 44W 95L 32%  $+2.26
  FEES      no fills yet this run
  MARKET    bias +0.00  breadth +0.00
  ------------------------------------------------------------------------------------------------
 
 
  23:55  up 5h12m  scan 0 ------------------------------------------------------------------------
  EQUITY    $252.38  unreal $+0.12
  OPEN      flat  free $228.53
  SHADOW    intraday M1 +0.00%  M1g +0.00%  1d paper only
  BOOK      9 pos gross $119.84 (0.47x)  open $+0.12  funding $-0.00  vol 20% top 20
            rebal 2026-09-25
  SESSION   $+0.12 +0.05%  peak $252.82  dd 0.17%
  CURVE     =++++++=++++++++++===+++++==============
  DAY       real $-0.37  limit $9.44 (3.74%)  4% used
            #.........................
  MONTH     dial 15%  used $0.55 of $37.92  from $252.81
  RECORD    no closed trades yet this run
  LIFETIME  139tr 44W 95L 32%  $+2.26
  FEES      no fills yet this run
  MARKET    bias +0.00  breadth +0.00
  ------------------------------------------------------------------------------------------------
 
 
  00:03  up 5h20m  scan 0 ------------------------------------------------------------------------
  EQUITY    $252.32  unreal $+0.06
  OPEN      flat  free $228.53
  SHADOW    intraday M1 +0.00%  M1g +0.00%  1d paper only
  BOOK      9 pos gross $119.42 (0.47x)  open $+0.06  funding $-0.00  vol 20% top 20
            rebal 2026-09-25
  SESSION   $+0.06 +0.02%  peak $252.82  dd 0.20%
  CURVE     =++++++=++++++++++===+++++===============
  DAY       real $+0.00  limit $9.34 (3.70%)  0% used
            ..........................
  MONTH     dial 15%  used $0.55 of $37.92  from $252.81
  RECORD    no closed trades yet this run
  LIFETIME  139tr 44W 95L 32%  $+2.26
  FEES      no fills yet this run
  MARKET    bias +0.00  breadth +0.00
  ------------------------------------------------------------------------------------------------
 

============================================================
📝 Log saved: 2026-09-26 00:08:09
============================================================
 
  SESSION SUMMARY --------------------------------------------------------------------------------
  RAN       5h24m  0 scans  0 pair-analyses  0 closed trades
  P&L       $+0.06 (+0.02%)  $252.26 > $252.32  maxDD 0.32%
  CURVE     -#*#**+=**@@#*#@#+=--+++++__==-=.._..-===
  COST      fees $0.00  maker 0 / taker 0 fills
  ------------------------------------------------------------------------------------------------
 

============================================================
📝 Log saved: 2026-09-26 00:08:09
============================================================
