06:50:50 | 📊 Paper Mode
06:50:53 | ✅ Connected | 804 futures markets
06:50:53 | 📊 Bitget Fees: Maker 0.02% | Taker 0.06%
06:50:53 | 📊 Market type: PERPETUAL FUTURES (swap) — verified
06:50:53 | 📋 Limit Orders: ENABLED (offset 0.1%) -- the idle intraday scanner's; the book trades with market orders
06:50:53 | 📂 Loaded state: $249.93 realised | 0 intraday positions | available $227.06 before open P&L (locked $22.86)
06:50:53 | 📐 RISK @ $249.93: monthly dial 20% = $50.00/month (20% of this month's anchor $250.00)  |  the portfolio book trades: its month guard closes the book if MARKED equity falls that far below the month's anchor [C497]
 
  ================================================================================================
  OMEGA C511  PAPER  Bitget perps
  30 Sep 2026   06:50
  start $249.93 realised  risk dial 20%/month
  ================================================================================================
 
  RISK FRAME -------------------------------------------------------------------------------------
  EQUITY    $249.93 realised  804 markets
  MONTH     dial 20% = $50.00 this month  used $0.07 realised
  BOOK      daily trend + momentum + carry, rebalanced 00:05 UTC
            month guard on MARKED equity (open P&L counts)  intraday scanner idle
  ------------------------------------------------------------------------------------------------
 
06:50:53 |    (legacy Flask page not installed — the dashboard is the control panel)
06:50:53 | 🌐 Remote control on http://0.0.0.0:8138 — TOKEN REQUIRED
06:50:53 |    📱 Local network: http://10.0.0.160:8138/?t=<your token> (this machine's own address)
06:50:53 |    🌍 Internet: put a Cloudflare Tunnel in front of this port.
06:50:53 |        See deploy/DEPLOY.md — one command, no open ports, free.
06:50:53 | ============================================================
06:50:53 | 🤖 OMEGA V60 — INFORMATION ENGINE (C466)
06:50:53 | 📊 C503 WHAT IS RUNNING -- the portfolio book trades:
06:50:53 |    RULE   C2 N2+N3: C2 = residual momentum, no crowded shorts (N2+N3) -- a FORWARD TEST in paper (C510); the admitted rule is scored beside it in the rule tournament
06:50:53 |    BOOK   trend (C1) + momentum (C2) + carry (C3), equal risk; vol target 27% from the 20% dial; gross <= 3x equity; top 20 crypto; $6 minimum; 30% band
06:50:53 |           rebalanced daily 00:05 UTC with market orders (paper fills at the ask/bid, taker 0.06%); 5x cross margin; funding at each coin's own interval; its one limit is the month guard on MARKED equity
06:50:53 |    PAPER  never touches the account: intraday shadow (C489) hourly · carry (C490) 00:10 UTC · spot pot (C501/C502) $250, spot minimum $1, 00:20 UTC · idle cash -> Savings at 7.63% every minute · rule tournament (C510, 7 rules on the same prices) at each rebalance
06:50:53 |    IDLE   the intraday scanner, the OLD strategy (139 trades, 44W/95L before the 29 Sep 2026 fresh start; it lost after fees): it opens nothing, and its boot description is not printed (OMEGA_ENGINE=intraday runs and describes it)
06:50:53 | 💡 Stop safely: sudo systemctl stop omega (Ctrl+C only when run by hand)
06:50:53 | ============================================================
06:50:53 | 🔄 Monitoring thread started — SPLIT LOOP [C397]: FAST leg every 0.8s (prices in PARALLEL → hard stop, trailing floor, peak floor, capture floor); SLOW leg every 20s (OHLCV/DRI) and 90s (BTC/ETH regime, AFTER positions are checked, never before) -- it watches INTRADAY positions; the book has no stops, its one limit is the month guard
06:50:56 | 💼 C488: portfolio engine ON -- the intraday scanner opens no new positions (OMEGA_ENGINE=intraday restores it); the book holds 12 positions
 
  06:58  up 0h08m  daily book --------------------------------------------------------------------
  EQUITY    $250.68  unreal $+0.75
  OPEN      no intraday positions  book holds 12 (BOOK row)  free $227.82 after open P&L
  SHADOW    intraday M1 $251.88 (+0.78%)  M1g $250.79 (+0.34%)  2d paper only
  CARRY     $249.61 (-0.13%)  8 held  paper only
  SPOT      $250.31 (+0.12%)  14 held  20% invested  cash earns 7.63%  paper pot
  SAVINGS   idle $165.16 (66%)  at 7.63% +$0.02 so far  ~$1.05/month  paper
  BOOK      12 pos gross $115.05 (0.46x)  open $+0.75  funding $-0.00  vol 27% top 20
            rebal 2026-09-30
  CONTEXT   since 29 Sep +0.27%  under a day: too early to judge
  RULE      C2 N2+N3  forward test (paper)
  TOURNEY   1d since 2026-09-29  base -0.18%  N2 -0.17%  N3 -0.19%  N2+N3* -0.18%  +K4 -0.31%
            +GK -0.19%  +K4+GK -0.32%
  DATA      on time  prices 31s  funding booked  book today  shadow 01:00  carry today
            spot pot today
  SESSION   $+0.06 +0.02%
  MONTH     book guard $0.00 of $50.00 used  on marked equity  from $250.00  dial 20%
            ..........................
  RECORD    book closed 0  0W 0L  net $+0.00  fees and funding in
  FEES      no fills yet this run (the book trades at 00:05 UTC)
  ------------------------------------------------------------------------------------------------
 
06:58:50 | 
06:58:50 | ============================================================
06:58:50 | 📊 POSITION SUMMARY (8-MIN UPDATE)
06:58:50 | 💰 Equity: $249.93 | Unrealized: $+0.75
06:58:50 | 💵 Available: $227.82 after open P&L | Locked: $22.86
06:58:50 | 📈 Session: $+0.06 (+0.0%)
06:58:50 | 🎯 C510 Book (what trades): 12 positions, gross 0.46x, open $+0.75 | rule C2 N2+N3 | closed 0: 0W/0L $+0.00
06:58:50 | ============================================================
06:58:50 | ============================================================
06:58:50 | 🔻 Book guard: $0.00 of $50.00 used this month on marked equity (0%, from $250.00) · realised today -0.00% [C497]
06:58:50 | ============================================================
06:58:50 | 
 
  07:06  up 0h16m  daily book --------------------------------------------------------------------
  EQUITY    $250.59  unreal $+0.66
  OPEN      no intraday positions  book holds 12 (BOOK row)  free $227.73 after open P&L
  SHADOW    intraday M1 $251.88 (+0.78%)  M1g $250.79 (+0.34%)  2d paper only
  CARRY     $249.61 (-0.13%)  8 held  paper only
  SPOT      $250.12 (+0.05%)  14 held  20% invested  cash earns 7.63%  paper pot
  SAVINGS   idle $165.13 (66%)  at 7.63% +$0.02 so far  ~$1.05/month  paper
  BOOK      12 pos gross $114.57 (0.46x)  open $+0.66  funding $-0.00  vol 27% top 20
            rebal 2026-09-30
  CONTEXT   since 29 Sep +0.24%  under a day: too early to judge
  RULE      C2 N2+N3  forward test (paper)
  TOURNEY   1d since 2026-09-29  base -0.18%  N2 -0.17%  N3 -0.19%  N2+N3* -0.18%  +K4 -0.31%
            +GK -0.19%  +K4+GK -0.32%
  DATA      on time  prices 25s  funding booked  book today  shadow 01:00  carry today
            spot pot today
  SESSION   $-0.03 -0.01%  peak $250.68  dd 0.04%
  MONTH     book guard $0.00 of $50.00 used  on marked equity  from $250.00  dial 20%
            ..........................
  RECORD    book closed 0  0W 0L  net $+0.00  fees and funding in
  FEES      no fills yet this run (the book trades at 00:05 UTC)
  ------------------------------------------------------------------------------------------------
 
07:06:50 | 
07:06:50 | ============================================================
07:06:50 | 📊 POSITION SUMMARY (8-MIN UPDATE)
07:06:50 | 💰 Equity: $249.93 | Unrealized: $+0.66
07:06:50 | 💵 Available: $227.73 after open P&L | Locked: $22.86
07:06:50 | 📈 Session: $-0.03 (-0.0%)
07:06:50 | 🎯 C510 Book (what trades): 12 positions, gross 0.46x, open $+0.66 | rule C2 N2+N3 | closed 0: 0W/0L $+0.00
07:06:50 | ============================================================
07:06:50 | ============================================================
07:06:50 | 🔻 Book guard: $0.00 of $50.00 used this month on marked equity (0%, from $250.00) · realised today -0.00% [C497]
07:06:50 | ============================================================
07:06:50 | 
 
  07:14  up 0h24m  daily book --------------------------------------------------------------------
  EQUITY    $250.65  unreal $+0.72
  OPEN      no intraday positions  book holds 12 (BOOK row)  free $227.79 after open P&L
  SHADOW    intraday M1 $251.88 (+0.78%)  M1g $250.79 (+0.34%)  2d paper only
  CARRY     $249.61 (-0.13%)  8 held  paper only
  SPOT      $250.23 (+0.09%)  14 held  20% invested  cash earns 7.63%  paper pot
  SAVINGS   idle $165.13 (66%)  at 7.63% +$0.02 so far  ~$1.05/month  paper
  BOOK      12 pos gross $114.96 (0.46x)  open $+0.72  funding $-0.00  vol 27% top 20
            rebal 2026-09-30
  CONTEXT   since 29 Sep +0.26%  under a day: too early to judge
  RULE      C2 N2+N3  forward test (paper)
  TOURNEY   1d since 2026-09-29  base -0.18%  N2 -0.17%  N3 -0.19%  N2+N3* -0.18%  +K4 -0.31%
            +GK -0.19%  +K4+GK -0.32%
  DATA      on time  prices 19s  funding booked  book today  shadow 01:00  carry today
            spot pot today
  SESSION   $+0.03 +0.01%  peak $250.68  dd 0.01%
  MONTH     book guard $0.00 of $50.00 used  on marked equity  from $250.00  dial 20%
            ..........................
  RECORD    book closed 0  0W 0L  net $+0.00  fees and funding in
  FEES      no fills yet this run (the book trades at 00:05 UTC)
  ------------------------------------------------------------------------------------------------
 
07:14:51 | 
07:14:51 | ============================================================
07:14:51 | 📊 POSITION SUMMARY (8-MIN UPDATE)
07:14:51 | 💰 Equity: $249.93 | Unrealized: $+0.72
07:14:51 | 💵 Available: $227.79 after open P&L | Locked: $22.86
07:14:51 | 📈 Session: $+0.03 (+0.0%)
07:14:51 | 🎯 C510 Book (what trades): 12 positions, gross 0.46x, open $+0.72 | rule C2 N2+N3 | closed 0: 0W/0L $+0.00
07:14:51 | ============================================================
07:14:51 | ============================================================
07:14:51 | 🔻 Book guard: $0.00 of $50.00 used this month on marked equity (0%, from $250.00) · realised today -0.00% [C497]
07:14:51 | ============================================================
07:14:51 | 
 
  07:22  up 0h32m  daily book --------------------------------------------------------------------
  EQUITY    $250.72  unreal $+0.79
  OPEN      no intraday positions  book holds 12 (BOOK row)  free $227.86 after open P&L
  SHADOW    intraday M1 $251.88 (+0.78%)  M1g $250.79 (+0.34%)  2d paper only
  CARRY     $249.61 (-0.13%)  8 held  paper only
  SPOT      $250.32 (+0.13%)  14 held  20% invested  cash earns 7.63%  paper pot
  SAVINGS   idle $165.18 (66%)  at 7.63% +$0.02 so far  ~$1.05/month  paper
  BOOK      12 pos gross $115.11 (0.46x)  open $+0.79  funding $-0.00  vol 27% top 20
            rebal 2026-09-30
  CONTEXT   since 29 Sep +0.29%  under a day: too early to judge
  RULE      C2 N2+N3  forward test (paper)
  TOURNEY   1d since 2026-09-29  base -0.18%  N2 -0.17%  N3 -0.19%  N2+N3* -0.18%  +K4 -0.31%
            +GK -0.19%  +K4+GK -0.32%
  DATA      on time  prices 14s  funding booked  book today  shadow 01:00  carry today
            spot pot today
  SESSION   $+0.10 +0.04%
  MONTH     book guard $0.00 of $50.00 used  on marked equity  from $250.00  dial 20%
            ..........................
  RECORD    book closed 0  0W 0L  net $+0.00  fees and funding in
  FEES      no fills yet this run (the book trades at 00:05 UTC)
  ------------------------------------------------------------------------------------------------
 
07:22:52 | 
07:22:52 | ============================================================
07:22:52 | 📊 POSITION SUMMARY (8-MIN UPDATE)
07:22:52 | 💰 Equity: $249.93 | Unrealized: $+0.79
07:22:52 | 💵 Available: $227.86 after open P&L | Locked: $22.86
07:22:52 | 📈 Session: $+0.10 (+0.0%)
07:22:52 | 🎯 C510 Book (what trades): 12 positions, gross 0.46x, open $+0.79 | rule C2 N2+N3 | closed 0: 0W/0L $+0.00
07:22:52 | ============================================================
07:22:52 | ============================================================
07:22:52 | 🔻 Book guard: $0.00 of $50.00 used this month on marked equity (0%, from $250.00) · realised today -0.00% [C497]
07:22:52 | ============================================================
07:22:52 | 
 
  07:30  up 0h40m  daily book --------------------------------------------------------------------
  EQUITY    $250.72  unreal $+0.79
  OPEN      no intraday positions  book holds 12 (BOOK row)  free $227.86 after open P&L
  SHADOW    intraday M1 $251.88 (+0.78%)  M1g $250.79 (+0.34%)  2d paper only
  CARRY     $249.61 (-0.13%)  8 held  paper only
  SPOT      $250.14 (+0.06%)  14 held  20% invested  cash earns 7.63%  paper pot
  SAVINGS   idle $165.16 (66%)  at 7.63% +$0.02 so far  ~$1.05/month  paper
  BOOK      12 pos gross $114.88 (0.46x)  open $+0.79  funding $-0.00  vol 27% top 20
            rebal 2026-09-30
  CONTEXT   since 29 Sep +0.29%  under a day: too early to judge
  RULE      C2 N2+N3  forward test (paper)
  TOURNEY   1d since 2026-09-29  base -0.18%  N2 -0.17%  N3 -0.19%  N2+N3* -0.18%  +K4 -0.31%
            +GK -0.19%  +K4+GK -0.32%
  DATA      on time  prices 8s  funding booked  book today  shadow 01:00  carry today
            spot pot today
  SESSION   $+0.10 +0.04%
  CURVE     =+==++
  MONTH     book guard $0.00 of $50.00 used  on marked equity  from $250.00  dial 20%
            ..........................
  RECORD    book closed 0  0W 0L  net $+0.00  fees and funding in
  FEES      no fills yet this run (the book trades at 00:05 UTC)
  ------------------------------------------------------------------------------------------------
 
07:30:52 | 
07:30:52 | ============================================================
07:30:52 | 📊 POSITION SUMMARY (8-MIN UPDATE)
07:30:52 | 💰 Equity: $249.93 | Unrealized: $+0.79
07:30:52 | 💵 Available: $227.86 after open P&L | Locked: $22.86
07:30:52 | 📈 Session: $+0.10 (+0.0%)
07:30:52 | 🎯 C510 Book (what trades): 12 positions, gross 0.46x, open $+0.79 | rule C2 N2+N3 | closed 0: 0W/0L $+0.00
07:30:52 | ============================================================
07:30:52 | ============================================================
07:30:52 | 🔻 Book guard: $0.00 of $50.00 used this month on marked equity (0%, from $250.00) · realised today -0.00% [C497]
07:30:52 | ============================================================
07:30:52 | 
07:32:35 |    👻 C489 shadow hour 02:00 UTC: 38 coins scored (warm-up (14, no flow)), gate shut | M1 $251.43 (+0.60%) M1g $250.79 (+0.34%) over 2d [30s]
 
  07:38  up 0h48m  daily book --------------------------------------------------------------------
  EQUITY    $250.60  unreal $+0.67
  OPEN      no intraday positions  book holds 12 (BOOK row)  free $227.74 after open P&L
  SHADOW    intraday M1 $251.43 (+0.60%)  M1g $250.79 (+0.34%)  2d paper only
  CARRY     $249.61 (-0.13%)  8 held  paper only
  SPOT      $250.33 (+0.13%)  14 held  20% invested  cash earns 7.63%  paper pot
  SAVINGS   idle $165.12 (66%)  at 7.63% +$0.03 so far  ~$1.05/month  paper
  BOOK      12 pos gross $115.23 (0.46x)  open $+0.67  funding $-0.00  vol 27% top 20
            rebal 2026-09-30
  CONTEXT   since 29 Sep +0.24%  under a day: too early to judge
  RULE      C2 N2+N3  forward test (paper)
  TOURNEY   1d since 2026-09-29  base -0.18%  N2 -0.17%  N3 -0.19%  N2+N3* -0.18%  +K4 -0.31%
            +GK -0.19%  +K4+GK -0.32%
  DATA      on time  prices 11s  funding booked  book today  shadow 02:00  carry today
            spot pot today
  SESSION   $-0.02 -0.01%  peak $250.72  dd 0.05%
  CURVE     =+==++=
  MONTH     book guard $0.00 of $50.00 used  on marked equity  from $250.00  dial 20%
            ..........................
  RECORD    book closed 0  0W 0L  net $+0.00  fees and funding in
  FEES      no fills yet this run (the book trades at 00:05 UTC)
  ------------------------------------------------------------------------------------------------
 
07:38:52 | 
07:38:52 | ============================================================
07:38:52 | 📊 POSITION SUMMARY (8-MIN UPDATE)
07:38:52 | 💰 Equity: $249.93 | Unrealized: $+0.67
07:38:52 | 💵 Available: $227.74 after open P&L | Locked: $22.86
07:38:52 | 📈 Session: $-0.02 (-0.0%)
07:38:52 | 🎯 C510 Book (what trades): 12 positions, gross 0.46x, open $+0.67 | rule C2 N2+N3 | closed 0: 0W/0L $+0.00
07:38:52 | ============================================================
07:38:52 | ============================================================
07:38:52 | 🔻 Book guard: $0.00 of $50.00 used this month on marked equity (0%, from $250.00) · realised today -0.00% [C497]
07:38:52 | ============================================================
07:38:52 | 
 
  07:46  up 0h56m  daily book --------------------------------------------------------------------
  EQUITY    $250.63  unreal $+0.70
  OPEN      no intraday positions  book holds 12 (BOOK row)  free $227.77 after open P&L
  SHADOW    intraday M1 $251.43 (+0.60%)  M1g $250.79 (+0.34%)  2d paper only
  CARRY     $249.61 (-0.13%)  8 held  paper only
  SPOT      $250.07 (+0.03%)  14 held  20% invested  cash earns 7.63%  paper pot
  SAVINGS   idle $165.13 (66%)  at 7.63% +$0.03 so far  ~$1.05/month  paper
  BOOK      12 pos gross $114.70 (0.46x)  open $+0.70  funding $-0.00  vol 27% top 20
            rebal 2026-09-30
  CONTEXT   since 29 Sep +0.25%  under a day: too early to judge
  RULE      C2 N2+N3  forward test (paper)
  TOURNEY   1d since 2026-09-29  base -0.18%  N2 -0.17%  N3 -0.19%  N2+N3* -0.18%  +K4 -0.31%
            +GK -0.19%  +K4+GK -0.32%
  DATA      on time  prices 6s  funding booked  book today  shadow 02:00  carry today
            spot pot today
  SESSION   $+0.01 +0.00%  peak $250.72  dd 0.04%
  CURVE     =+==++==
  MONTH     book guard $0.00 of $50.00 used  on marked equity  from $250.00  dial 20%
            ..........................
  RECORD    book closed 0  0W 0L  net $+0.00  fees and funding in
  FEES      no fills yet this run (the book trades at 00:05 UTC)
  ------------------------------------------------------------------------------------------------
 
07:46:52 | 
07:46:52 | ============================================================
07:46:52 | 📊 POSITION SUMMARY (8-MIN UPDATE)
07:46:52 | 💰 Equity: $249.93 | Unrealized: $+0.70
07:46:52 | 💵 Available: $227.77 after open P&L | Locked: $22.86
07:46:52 | 📈 Session: $+0.01 (+0.0%)
07:46:52 | 🎯 C510 Book (what trades): 12 positions, gross 0.46x, open $+0.70 | rule C2 N2+N3 | closed 0: 0W/0L $+0.00
07:46:52 | ============================================================
07:46:52 | ============================================================
07:46:52 | 🔻 Book guard: $0.00 of $50.00 used this month on marked equity (0%, from $250.00) · realised today -0.00% [C497]
07:46:52 | ============================================================
07:46:52 | 
 
  07:54  up 1h04m  daily book --------------------------------------------------------------------
  EQUITY    $250.55  unreal $+0.62
  OPEN      no intraday positions  book holds 12 (BOOK row)  free $227.69 after open P&L
  SHADOW    intraday M1 $251.43 (+0.60%)  M1g $250.79 (+0.34%)  2d paper only
  CARRY     $249.61 (-0.13%)  8 held  paper only
  SPOT      $250.08 (+0.03%)  14 held  20% invested  cash earns 7.63%  paper pot
  SAVINGS   idle $165.07 (66%)  at 7.63% +$0.03 so far  ~$1.05/month  paper
  BOOK      12 pos gross $114.60 (0.46x)  open $+0.62  funding $-0.00  vol 27% top 20
            rebal 2026-09-30
  CONTEXT   since 29 Sep +0.22%  under a day: too early to judge
  RULE      C2 N2+N3  forward test (paper)
  TOURNEY   1d since 2026-09-29  base -0.18%  N2 -0.17%  N3 -0.19%  N2+N3* -0.18%  +K4 -0.31%
            +GK -0.19%  +K4+GK -0.32%
  DATA      on time  prices 0s  funding booked  book today  shadow 02:00  carry today
            spot pot today
  SESSION   $-0.07 -0.03%  peak $250.72  dd 0.07%
  CURVE     =+=+++===
  MONTH     book guard $0.00 of $50.00 used  on marked equity  from $250.00  dial 20%
            ..........................
  RECORD    book closed 0  0W 0L  net $+0.00  fees and funding in
  FEES      no fills yet this run (the book trades at 00:05 UTC)
  ------------------------------------------------------------------------------------------------
 
07:54:53 | 
07:54:53 | ============================================================
07:54:53 | 📊 POSITION SUMMARY (8-MIN UPDATE)
07:54:53 | 💰 Equity: $249.93 | Unrealized: $+0.62
07:54:53 | 💵 Available: $227.69 after open P&L | Locked: $22.86
07:54:53 | 📈 Session: $-0.07 (-0.0%)
07:54:53 | 🎯 C510 Book (what trades): 12 positions, gross 0.46x, open $+0.62 | rule C2 N2+N3 | closed 0: 0W/0L $+0.00
07:54:53 | ============================================================
07:54:53 | ============================================================
07:54:53 | 🔻 Book guard: $0.00 of $50.00 used this month on marked equity (0%, from $250.00) · realised today -0.00% [C497]
07:54:53 | ============================================================
07:54:53 | 
 
  08:02  up 1h12m  daily book --------------------------------------------------------------------
  EQUITY    $250.58  unreal $+0.65
  OPEN      no intraday positions  book holds 12 (BOOK row)  free $227.72 after open P&L
  SHADOW    intraday M1 $251.43 (+0.60%)  M1g $250.79 (+0.34%)  2d paper only
  CARRY     $249.61 (-0.13%)  8 held  paper only
  SPOT      $250.05 (+0.02%)  14 held  20% invested  cash earns 7.63%  paper pot
  SAVINGS   idle $165.08 (66%)  at 7.63% +$0.03 so far  ~$1.05/month  paper
  BOOK      12 pos gross $114.54 (0.46x)  open $+0.65  funding $-0.00  vol 27% top 20
            rebal 2026-09-30
  CONTEXT   since 29 Sep +0.23%  under a day: too early to judge
  RULE      C2 N2+N3  forward test (paper)
  TOURNEY   1d since 2026-09-29  base -0.18%  N2 -0.17%  N3 -0.19%  N2+N3* -0.18%  +K4 -0.31%
            +GK -0.19%  +K4+GK -0.32%
  DATA      on time  prices 34s  funding booked  book today  shadow 02:00  carry today
            spot pot today
  SESSION   $-0.04 -0.02%  peak $250.72  dd 0.06%
  CURVE     =+=+++====
  MONTH     book guard $0.00 of $50.00 used  on marked equity  from $250.00  dial 20%
            ..........................
  RECORD    book closed 0  0W 0L  net $+0.00  fees and funding in
  FEES      no fills yet this run (the book trades at 00:05 UTC)
  ------------------------------------------------------------------------------------------------
 
08:02:53 | 
08:02:53 | ============================================================
08:02:53 | 📊 POSITION SUMMARY (8-MIN UPDATE)
08:02:53 | 💰 Equity: $249.93 | Unrealized: $+0.65
08:02:53 | 💵 Available: $227.72 after open P&L | Locked: $22.86
08:02:53 | 📈 Session: $-0.04 (-0.0%)
08:02:53 | 🎯 C510 Book (what trades): 12 positions, gross 0.46x, open $+0.65 | rule C2 N2+N3 | closed 0: 0W/0L $+0.00
08:02:53 | ============================================================
08:02:53 | ============================================================
08:02:53 | 🔻 Book guard: $0.00 of $50.00 used this month on marked equity (0%, from $250.00) · realised today -0.00% [C497]
08:02:53 | ============================================================
08:02:53 | 
 
  08:10  up 1h20m  daily book --------------------------------------------------------------------
  EQUITY    $250.60  unreal $+0.67
  OPEN      no intraday positions  book holds 12 (BOOK row)  free $227.74 after open P&L
  SHADOW    intraday M1 $251.43 (+0.60%)  M1g $250.79 (+0.34%)  2d paper only
  CARRY     $249.61 (-0.13%)  8 held  paper only
  SPOT      $250.04 (+0.01%)  14 held  20% invested  cash earns 7.63%  paper pot
  SAVINGS   idle $165.09 (66%)  at 7.63% +$0.03 so far  ~$1.05/month  paper
  BOOK      12 pos gross $114.66 (0.46x)  open $+0.67  funding $-0.00  vol 27% top 20
            rebal 2026-09-30
  CONTEXT   since 29 Sep +0.24%  under a day: too early to judge
  RULE      C2 N2+N3  forward test (paper)
  TOURNEY   1d since 2026-09-29  base -0.18%  N2 -0.17%  N3 -0.19%  N2+N3* -0.18%  +K4 -0.31%
            +GK -0.19%  +K4+GK -0.32%
  DATA      on time  prices 28s  funding booked  book today  shadow 02:00  carry today
            spot pot today
  SESSION   $-0.02 -0.01%  peak $250.72  dd 0.05%
  CURVE     =+=+++=====
  MONTH     book guard $0.00 of $50.00 used  on marked equity  from $250.00  dial 20%
            ..........................
  RECORD    book closed 0  0W 0L  net $+0.00  fees and funding in
  FEES      no fills yet this run (the book trades at 00:05 UTC)
  ------------------------------------------------------------------------------------------------
 
08:10:53 | 
08:10:53 | ============================================================
08:10:53 | 📊 POSITION SUMMARY (8-MIN UPDATE)
08:10:53 | 💰 Equity: $249.93 | Unrealized: $+0.67
08:10:53 | 💵 Available: $227.74 after open P&L | Locked: $22.86
08:10:53 | 📈 Session: $-0.02 (-0.0%)
08:10:53 | 🎯 C510 Book (what trades): 12 positions, gross 0.46x, open $+0.67 | rule C2 N2+N3 | closed 0: 0W/0L $+0.00
08:10:53 | ============================================================
08:10:53 | ============================================================
08:10:53 | 🔻 Book guard: $0.00 of $50.00 used this month on marked equity (0%, from $250.00) · realised today -0.00% [C497]
08:10:53 | ============================================================
08:10:53 | 
 
  08:18  up 1h28m  daily book --------------------------------------------------------------------
  EQUITY    $250.64  unreal $+0.71
  OPEN      no intraday positions  book holds 12 (BOOK row)  free $227.78 after open P&L
  SHADOW    intraday M1 $251.43 (+0.60%)  M1g $250.79 (+0.34%)  2d paper only
  CARRY     $249.61 (-0.13%)  8 held  paper only
  SPOT      $250.17 (+0.07%)  14 held  20% invested  cash earns 7.63%  paper pot
  SAVINGS   idle $165.12 (66%)  at 7.63% +$0.03 so far  ~$1.05/month  paper
  BOOK      12 pos gross $114.82 (0.46x)  open $+0.71  funding $-0.00  vol 27% top 20
            rebal 2026-09-30
  CONTEXT   since 29 Sep +0.26%  under a day: too early to judge
  RULE      C2 N2+N3  forward test (paper)
  TOURNEY   1d since 2026-09-29  base -0.18%  N2 -0.17%  N3 -0.19%  N2+N3* -0.18%  +K4 -0.31%
            +GK -0.19%  +K4+GK -0.32%
  DATA      on time  prices 23s  funding booked  book today  shadow 02:00  carry today
            spot pot today
  SESSION   $+0.02 +0.01%  peak $250.72  dd 0.03%
  CURVE     =+=+++=====+
  MONTH     book guard $0.00 of $50.00 used  on marked equity  from $250.00  dial 20%
            ..........................
  RECORD    book closed 0  0W 0L  net $+0.00  fees and funding in
  FEES      no fills yet this run (the book trades at 00:05 UTC)
  ------------------------------------------------------------------------------------------------
 
08:18:53 | 
08:18:53 | ============================================================
08:18:53 | 📊 POSITION SUMMARY (8-MIN UPDATE)
08:18:53 | 💰 Equity: $249.93 | Unrealized: $+0.71
08:18:53 | 💵 Available: $227.78 after open P&L | Locked: $22.86
08:18:53 | 📈 Session: $+0.02 (+0.0%)
08:18:53 | 🎯 C510 Book (what trades): 12 positions, gross 0.46x, open $+0.71 | rule C2 N2+N3 | closed 0: 0W/0L $+0.00
08:18:53 | ============================================================
08:18:53 | ============================================================
08:18:53 | 🔻 Book guard: $0.00 of $50.00 used this month on marked equity (0%, from $250.00) · realised today -0.00% [C497]
08:18:53 | ============================================================
08:18:53 | 
 
  08:26  up 1h36m  daily book --------------------------------------------------------------------
  EQUITY    $250.59  unreal $+0.66
  OPEN      no intraday positions  book holds 12 (BOOK row)  free $227.73 after open P&L
  SHADOW    intraday M1 $251.43 (+0.60%)  M1g $250.79 (+0.34%)  2d paper only
  CARRY     $249.61 (-0.13%)  8 held  paper only
  SPOT      $250.05 (+0.02%)  14 held  20% invested  cash earns 7.63%  paper pot
  SAVINGS   idle $165.10 (66%)  at 7.63% +$0.03 so far  ~$1.05/month  paper
  BOOK      12 pos gross $114.55 (0.46x)  open $+0.66  funding $-0.00  vol 27% top 20
            rebal 2026-09-30
  CONTEXT   since 29 Sep +0.24%  under a day: too early to judge
  RULE      C2 N2+N3  forward test (paper)
  TOURNEY   1d since 2026-09-29  base -0.18%  N2 -0.17%  N3 -0.19%  N2+N3* -0.18%  +K4 -0.31%
            +GK -0.19%  +K4+GK -0.32%
  DATA      on time  prices 17s  funding booked  book today  shadow 02:00  carry today
            spot pot today
  SESSION   $-0.03 -0.01%  peak $250.72  dd 0.05%
  CURVE     =+=+++=====+=
  MONTH     book guard $0.00 of $50.00 used  on marked equity  from $250.00  dial 20%
            ..........................
  RECORD    book closed 0  0W 0L  net $+0.00  fees and funding in
  FEES      no fills yet this run (the book trades at 00:05 UTC)
  ------------------------------------------------------------------------------------------------
 
08:26:53 | 
08:26:53 | ============================================================
08:26:53 | 📊 POSITION SUMMARY (8-MIN UPDATE)
08:26:53 | 💰 Equity: $249.93 | Unrealized: $+0.66
08:26:53 | 💵 Available: $227.73 after open P&L | Locked: $22.86
08:26:53 | 📈 Session: $-0.03 (-0.0%)
08:26:53 | 🎯 C510 Book (what trades): 12 positions, gross 0.46x, open $+0.66 | rule C2 N2+N3 | closed 0: 0W/0L $+0.00
08:26:53 | ============================================================
08:26:53 | ============================================================
08:26:53 | 🔻 Book guard: $0.00 of $50.00 used this month on marked equity (0%, from $250.00) · realised today -0.00% [C497]
08:26:53 | ============================================================
08:26:53 | 
08:32:47 |    👻 C489 shadow hour 03:00 UTC: 38 coins scored (warm-up (14, no flow)), gate shut | M1 $251.44 (+0.60%) M1g $250.79 (+0.34%) over 2d [18s]
 
  08:34  up 1h44m  daily book --------------------------------------------------------------------
  EQUITY    $250.52  unreal $+0.59
  OPEN      no intraday positions  book holds 12 (BOOK row)  free $227.66 after open P&L
  SHADOW    intraday M1 $251.44 (+0.60%)  M1g $250.79 (+0.34%)  2d paper only
  CARRY     $249.61 (-0.13%)  8 held  paper only
  SPOT      $250.04 (+0.02%)  14 held  20% invested  cash earns 7.63%  paper pot
  SAVINGS   idle $165.00 (66%)  at 7.63% +$0.03 so far  ~$1.05/month  paper
  BOOK      12 pos gross $114.34 (0.46x)  open $+0.59  funding $-0.00  vol 27% top 20
            rebal 2026-09-30
  CONTEXT   since 29 Sep +0.21%  under a day: too early to judge
  RULE      C2 N2+N3  forward test (paper)
  TOURNEY   1d since 2026-09-29  base -0.18%  N2 -0.17%  N3 -0.19%  N2+N3* -0.18%  +K4 -0.31%
            +GK -0.19%  +K4+GK -0.32%
  DATA      on time  prices 4s  funding booked  book today  shadow 03:00  carry today
            spot pot today
  SESSION   $-0.10 -0.04%  peak $250.72  dd 0.08%
  CURVE     =+=+++=+===+==
  MONTH     book guard $0.00 of $50.00 used  on marked equity  from $250.00  dial 20%
            ..........................
  RECORD    book closed 0  0W 0L  net $+0.00  fees and funding in
  FEES      no fills yet this run (the book trades at 00:05 UTC)
  ------------------------------------------------------------------------------------------------
 
08:34:54 | 
08:34:54 | ============================================================
08:34:54 | 📊 POSITION SUMMARY (8-MIN UPDATE)
08:34:54 | 💰 Equity: $249.93 | Unrealized: $+0.59
08:34:54 | 💵 Available: $227.66 after open P&L | Locked: $22.86
08:34:54 | 📈 Session: $-0.10 (-0.0%)
08:34:54 | 🎯 C510 Book (what trades): 12 positions, gross 0.46x, open $+0.59 | rule C2 N2+N3 | closed 0: 0W/0L $+0.00
08:34:54 | ============================================================
08:34:54 | ============================================================
08:34:54 | 🔻 Book guard: $0.00 of $50.00 used this month on marked equity (0%, from $250.00) · realised today -0.00% [C497]
08:34:54 | ============================================================
08:34:54 | 
 
  08:42  up 1h52m  daily book --------------------------------------------------------------------
  EQUITY    $250.54  unreal $+0.61
  OPEN      no intraday positions  book holds 12 (BOOK row)  free $227.68 after open P&L
  SHADOW    intraday M1 $251.44 (+0.60%)  M1g $250.79 (+0.34%)  2d paper only
  CARRY     $249.61 (-0.13%)  8 held  paper only
  SPOT      $249.95 (-0.02%)  14 held  20% invested  cash earns 7.63%  paper pot
  SAVINGS   idle $165.04 (66%)  at 7.63% +$0.03 so far  ~$1.05/month  paper
  BOOK      12 pos gross $114.13 (0.46x)  open $+0.61  funding $-0.00  vol 27% top 20
            rebal 2026-09-30
  CONTEXT   since 29 Sep +0.22%  under a day: too early to judge
  RULE      C2 N2+N3  forward test (paper)
  TOURNEY   1d since 2026-09-29  base -0.18%  N2 -0.17%  N3 -0.19%  N2+N3* -0.18%  +K4 -0.31%
            +GK -0.19%  +K4+GK -0.32%
  DATA      on time  prices 38s  funding booked  book today  shadow 03:00  carry today
            spot pot today
  SESSION   $-0.08 -0.03%  peak $250.72  dd 0.07%
  CURVE     =+=+++=+===+===
  MONTH     book guard $0.00 of $50.00 used  on marked equity  from $250.00  dial 20%
            ..........................
  RECORD    book closed 0  0W 0L  net $+0.00  fees and funding in
  FEES      no fills yet this run (the book trades at 00:05 UTC)
  ------------------------------------------------------------------------------------------------
 
08:42:54 | 
08:42:54 | ============================================================
08:42:54 | 📊 POSITION SUMMARY (8-MIN UPDATE)
08:42:54 | 💰 Equity: $249.93 | Unrealized: $+0.61
08:42:54 | 💵 Available: $227.68 after open P&L | Locked: $22.86
08:42:54 | 📈 Session: $-0.08 (-0.0%)
08:42:54 | 🎯 C510 Book (what trades): 12 positions, gross 0.46x, open $+0.61 | rule C2 N2+N3 | closed 0: 0W/0L $+0.00
08:42:54 | ============================================================
08:42:54 | ============================================================
08:42:54 | 🔻 Book guard: $0.00 of $50.00 used this month on marked equity (0%, from $250.00) · realised today -0.00% [C497]
08:42:54 | ============================================================
08:42:54 | 
 
  08:50  up 2h00m  daily book --------------------------------------------------------------------
  EQUITY    $250.40  unreal $+0.47
  OPEN      no intraday positions  book holds 12 (BOOK row)  free $227.54 after open P&L
  SHADOW    intraday M1 $251.44 (+0.60%)  M1g $250.79 (+0.34%)  2d paper only
  CARRY     $249.61 (-0.13%)  8 held  paper only
  SPOT      $249.71 (-0.12%)  14 held  20% invested  cash earns 7.63%  paper pot
  SAVINGS   idle $164.91 (66%)  at 7.63% +$0.03 so far  ~$1.05/month  paper
  BOOK      12 pos gross $113.47 (0.45x)  open $+0.47  funding $-0.00  vol 27% top 20
            rebal 2026-09-30
  CONTEXT   since 29 Sep +0.16%  under a day: too early to judge
  RULE      C2 N2+N3  forward test (paper)
  TOURNEY   1d since 2026-09-29  base -0.18%  N2 -0.17%  N3 -0.19%  N2+N3* -0.18%  +K4 -0.31%
            +GK -0.19%  +K4+GK -0.32%
  DATA      on time  prices 32s  funding booked  book today  shadow 03:00  carry today
            spot pot today
  SESSION   $-0.22 -0.09%  peak $250.72  dd 0.13%
  CURVE     ++++++++=++++===
  MONTH     book guard $0.00 of $50.00 used  on marked equity  from $250.00  dial 20%
            ..........................
  RECORD    book closed 0  0W 0L  net $+0.00  fees and funding in
  FEES      no fills yet this run (the book trades at 00:05 UTC)
  ------------------------------------------------------------------------------------------------
 
08:50:54 | 
08:50:54 | ============================================================
08:50:54 | 📊 POSITION SUMMARY (8-MIN UPDATE)
08:50:54 | 💰 Equity: $249.93 | Unrealized: $+0.47
08:50:54 | 💵 Available: $227.54 after open P&L | Locked: $22.86
08:50:54 | 📈 Session: $-0.22 (-0.1%)
08:50:54 | 🎯 C510 Book (what trades): 12 positions, gross 0.45x, open $+0.47 | rule C2 N2+N3 | closed 0: 0W/0L $+0.00
08:50:54 | ============================================================
08:50:54 | ============================================================
08:50:54 | 🔻 Book guard: $0.00 of $50.00 used this month on marked equity (0%, from $250.00) · realised today -0.00% [C497]
08:50:54 | ============================================================
08:50:54 | 
 
  08:58  up 2h08m  daily book --------------------------------------------------------------------
  EQUITY    $250.38  unreal $+0.45
  OPEN      no intraday positions  book holds 12 (BOOK row)  free $227.52 after open P&L
  SHADOW    intraday M1 $251.44 (+0.60%)  M1g $250.79 (+0.34%)  2d paper only
  CARRY     $249.61 (-0.13%)  8 held  paper only
  SPOT      $249.81 (-0.07%)  14 held  20% invested  cash earns 7.63%  paper pot
  SAVINGS   idle $164.92 (66%)  at 7.63% +$0.03 so far  ~$1.05/month  paper
  BOOK      12 pos gross $113.68 (0.45x)  open $+0.45  funding $-0.00  vol 27% top 20
            rebal 2026-09-30
  CONTEXT   since 29 Sep +0.15%  under a day: too early to judge
  RULE      C2 N2+N3  forward test (paper)
  TOURNEY   1d since 2026-09-29  base -0.18%  N2 -0.17%  N3 -0.19%  N2+N3* -0.18%  +K4 -0.31%
            +GK -0.19%  +K4+GK -0.32%
  DATA      on time  prices 26s  funding booked  book today  shadow 03:00  carry today
            spot pot today
  SESSION   $-0.24 -0.10%  peak $250.72  dd 0.14%
  CURVE     ++++++++=++++====
  MONTH     book guard $0.00 of $50.00 used  on marked equity  from $250.00  dial 20%
            ..........................
  RECORD    book closed 0  0W 0L  net $+0.00  fees and funding in
  FEES      no fills yet this run (the book trades at 00:05 UTC)
  ------------------------------------------------------------------------------------------------
 
08:58:55 | 
08:58:55 | ============================================================
08:58:55 | 📊 POSITION SUMMARY (8-MIN UPDATE)
08:58:55 | 💰 Equity: $249.93 | Unrealized: $+0.45
08:58:55 | 💵 Available: $227.52 after open P&L | Locked: $22.86
08:58:55 | 📈 Session: $-0.24 (-0.1%)
08:58:55 | 🎯 C510 Book (what trades): 12 positions, gross 0.45x, open $+0.45 | rule C2 N2+N3 | closed 0: 0W/0L $+0.00
08:58:55 | ============================================================
08:58:55 | ============================================================
08:58:55 | 🔻 Book guard: $0.00 of $50.00 used this month on marked equity (0%, from $250.00) · realised today -0.00% [C497]
08:58:55 | ============================================================
08:58:55 | 
 
  09:06  up 2h16m  daily book --------------------------------------------------------------------
  EQUITY    $250.32  unreal $+0.39
  OPEN      no intraday positions  book holds 12 (BOOK row)  free $227.46 after open P&L
  SHADOW    intraday M1 $251.44 (+0.60%)  M1g $250.79 (+0.34%)  2d paper only
  CARRY     $249.61 (-0.13%)  8 held  paper only
  SPOT      $249.74 (-0.10%)  14 held  20% invested  cash earns 7.63%  paper pot
  SAVINGS   idle $164.89 (66%)  at 7.63% +$0.03 so far  ~$1.05/month  paper
  BOOK      12 pos gross $113.34 (0.45x)  open $+0.39  funding $-0.00  vol 27% top 20
            rebal 2026-09-30
  CONTEXT   since 29 Sep +0.13%  under a day: too early to judge
  RULE      C2 N2+N3  forward test (paper)
  TOURNEY   1d since 2026-09-29  base -0.18%  N2 -0.17%  N3 -0.19%  N2+N3* -0.18%  +K4 -0.31%
            +GK -0.19%  +K4+GK -0.32%
  DATA      on time  prices 21s  funding booked  book today  shadow 03:00  carry today
            spot pot today
  SESSION   $-0.30 -0.12%  peak $250.72  dd 0.16%
  CURVE     +++++++++++++=+===
  MONTH     book guard $0.00 of $50.00 used  on marked equity  from $250.00  dial 20%
            ..........................
  RECORD    book closed 0  0W 0L  net $+0.00  fees and funding in
  FEES      no fills yet this run (the book trades at 00:05 UTC)
  ------------------------------------------------------------------------------------------------
 
09:06:56 | 
09:06:56 | ============================================================
09:06:56 | 📊 POSITION SUMMARY (8-MIN UPDATE)
09:06:56 | 💰 Equity: $249.93 | Unrealized: $+0.39
09:06:56 | 💵 Available: $227.46 after open P&L | Locked: $22.86
09:06:56 | 📈 Session: $-0.30 (-0.1%)
09:06:56 | 🎯 C510 Book (what trades): 12 positions, gross 0.45x, open $+0.39 | rule C2 N2+N3 | closed 0: 0W/0L $+0.00
09:06:56 | ============================================================
09:06:56 | ============================================================
09:06:56 | 🔻 Book guard: $0.00 of $50.00 used this month on marked equity (0%, from $250.00) · realised today -0.00% [C497]
09:06:56 | ============================================================
09:06:56 | 
 
  09:14  up 2h24m  daily book --------------------------------------------------------------------
  EQUITY    $250.30  unreal $+0.37
  OPEN      no intraday positions  book holds 12 (BOOK row)  free $227.44 after open P&L
  SHADOW    intraday M1 $251.44 (+0.60%)  M1g $250.79 (+0.34%)  2d paper only
  CARRY     $249.61 (-0.13%)  8 held  paper only
  SPOT      $249.83 (-0.07%)  14 held  20% invested  cash earns 7.63%  paper pot
  SAVINGS   idle $164.88 (66%)  at 7.63% +$0.03 so far  ~$1.05/month  paper
  BOOK      12 pos gross $113.69 (0.45x)  open $+0.37  funding $-0.00  vol 27% top 20
            rebal 2026-09-30
  CONTEXT   since 29 Sep +0.12%  under a day: too early to judge
  RULE      C2 N2+N3  forward test (paper)
  TOURNEY   1d since 2026-09-29  base -0.18%  N2 -0.17%  N3 -0.19%  N2+N3* -0.18%  +K4 -0.31%
            +GK -0.19%  +K4+GK -0.32%
  DATA      on time  prices 14s  funding booked  book today  shadow 03:00  carry today
            spot pot today
  SESSION   $-0.32 -0.13%  peak $250.72  dd 0.17%
  CURVE     +++++++++++++++====
  MONTH     book guard $0.00 of $50.00 used  on marked equity  from $250.00  dial 20%
            ..........................
  RECORD    book closed 0  0W 0L  net $+0.00  fees and funding in
  FEES      no fills yet this run (the book trades at 00:05 UTC)
  ------------------------------------------------------------------------------------------------
 
09:14:56 | 
09:14:56 | ============================================================
09:14:56 | 📊 POSITION SUMMARY (8-MIN UPDATE)
09:14:56 | 💰 Equity: $249.93 | Unrealized: $+0.37
09:14:56 | 💵 Available: $227.44 after open P&L | Locked: $22.86
09:14:56 | 📈 Session: $-0.32 (-0.1%)
09:14:56 | 🎯 C510 Book (what trades): 12 positions, gross 0.45x, open $+0.37 | rule C2 N2+N3 | closed 0: 0W/0L $+0.00
09:14:56 | ============================================================
09:14:56 | ============================================================
09:14:56 | 🔻 Book guard: $0.00 of $50.00 used this month on marked equity (0%, from $250.00) · realised today -0.00% [C497]
09:14:56 | ============================================================
09:14:56 | 
