17:53:04 | 📊 Paper Mode
17:53:06 | ✅ Connected | 805 futures markets
17:53:06 | 📊 Bitget Fees: Maker 0.02% | Taker 0.06%
17:53:06 | 📊 Market type: PERPETUAL FUTURES (swap) — verified
17:53:06 | 📋 Limit Orders: ENABLED (offset 0.1%)
17:53:06 | 📂 Loaded state: $252.22 | 0 positions | available $233.88 (locked $18.34)
17:53:06 | 📐 RISK @ $252.22: monthly dial 15% = $37.92/month  |  per-trade risk 0.341% = $0.86  |  break-even win rate 32% at the measured 2.10 payoff [C482]
17:53:06 |    today's loss limit is 25% of what the month has left, fixed at midnight (C482)
 
  ================================================================================================
  OMEGA C492  PAPER  Bitget perps
  26 Sep 2026   17:53
  start $252.22  risk dial 15%/month
  ================================================================================================
 
  RISK FRAME -------------------------------------------------------------------------------------
  EQUITY    $252.22  805 markets
  MONTH     dial 15% = $37.92 this month  used $0.59
  DAY       limit $9.34  25% of what the month has left, fixed at midnight
  RISK      0.341% = $0.86/trade  trades/day NO CAP
  EDGE      +0.0474 blended  44W 95L realised
  NEED      32% win at 2.10 payoff
  ------------------------------------------------------------------------------------------------
 
17:53:06 |    (legacy Flask page not installed — the dashboard is the control panel)
17:53:06 | 🌐 Remote control on http://0.0.0.0:8138 — TOKEN REQUIRED
17:53:06 |    📱 Same WiFi: http://10.0.0.160:8138/?t=<your token>
17:53:06 |    🌍 Internet: put a Cloudflare Tunnel in front of this port.
17:53:06 |        See deploy/DEPLOY.md — one command, no open ports, free.
17:53:06 | ============================================================
17:53:06 | 🤖 OMEGA V60 — INFORMATION ENGINE (C466)
17:53:06 |    🧪 C364 PAPER=LIVE PARITY — costs modelled in paper:
17:53:06 |       • entries: post-only, REJECTED if the limit would cross (mirrors C363 live)
17:53:06 |       • market fills: lift the ASK / hit the BID — never the last price
17:53:06 |       • exit fee: taker on current notional
17:53:06 |       • funding: charged per 8h settlement crossed
17:53:06 |       NOT modelled: partial fills, API outages, queue position.
17:53:06 | ============================================================
17:53:06 | 🔒 Score floor reset: 0.32 (single mode — HP retired at C403-3)
17:53:06 | 🧮 C458 EDGE STATE — what the ledger permits today:
17:53:06 |    realised 6W/14L → shrunk base rate 0.400; fair odds for a 2.00R target are 0.333
17:53:06 |    blended edge +0.0474  (prior +0.0467 x0.60 + realised +0.0485 x0.40 (n=20; anchored on realised payoff 2.10 (7W/13L in R) (break-even wr 0.322 vs realised 0.400 = e +0.0776) x extrapolation shrink 0.63 to T 1.41R))
17:53:06 |    ✅ edge is positive — the expectancy gate is open on merit, and exploration should stay idle.
17:53:06 | 📋 Version history: see CHANGELOG.md (auto-updated each revision)
17:53:06 | ============================================================
17:53:06 | 📊 ARCHITECTURE — what is actually running:
17:53:06 |   1 SCANNER    756 markets → volume floor → top 30 by liveliness
17:53:06 |   2 ENTRY      11 signal components → one score; only 3 hard vetoes
17:53:06 |                (can't pay fees / no room to stop / not tradeable).
17:53:06 |                Everything else is a weighted penalty [C403-5].
17:53:06 |                EXPECTANCY GATE [C404/C405]: R = proj×√t ÷ stop,
17:53:06 |                E = p(R×0.60)−(1−p); E must clear 0 AND the live percentile bar.
17:53:06 |                TRADES/DAY [C467]: NO CAP. No count target, no hard cap, no per-scan limit. 2/pair still applies (that is concentration, not pace).
17:53:06 |                What refuses a trade now: the three hard vetoes only — can't pay fees, no room to stop, not tradeable. E<0 is a PENALTY while p has no measured skill [C467].
17:53:06 |   3 MONITOR    SPLIT LOOP [C397]: prices every 0.8s (stop, floors);
17:53:06 |                OHLCV/DRI every 20s; regime every 90s, AFTER positions.
17:53:06 |   4 EXIT       4 questions: HARD STOP · THESIS DEAD (C399 retention)
17:53:06 |                · PROFIT FLOOR (C397 runner floor binds) · TIME.
17:53:06 |                Loss patience is BOUNDED at 1.35× the soft limit [C404-2].
17:53:06 |   SESSIONS     when each market DISCOVERS its price, in IST (US is currently on EDT):
17:53:06 |                crypto        24/7        · metals+energy  Globex ~24/5
17:53:06 |                US equity     19:00–01:30 IST  (a NIGHT session from India)
17:53:06 |                index futures Globex ~24/5 (SP500/NDX100 are futures, not cash)
17:53:06 |                Korea (KRX)   05:30–12:00 IST · HK  07:00–13:30 IST (lunch 09:30–10:30)
17:53:06 |                ● OPEN  crypto        24/7
17:53:06 |                ○ shut  us_equity     US cash closed (weekend)
17:53:06 |                ○ shut  index_future  Globex closed (Sat)
17:53:06 |                ○ shut  metal         Globex closed (Sat)
17:53:06 |                ○ shut  korea_equity  KRX closed (weekend)
17:53:06 |                ○ shut  hk_equity     HKEX closed (weekend)
17:53:06 |   UNIVERSE     crypto + 294 RWA perps (stocks/metals/energy/ETFs),
17:53:06 |                session-gated; leverage scaled to each instrument's own ATR;
17:53:06 |                fee burden inside E. ONE POOL, no per-class quota [C409].
17:53:06 |                WHY: crypto alive 39.3% of bars, ANY asset alive 59.8%
17:53:06 |                (+20.5pp). Cross-class aliveness corr +0.04/+0.14 vs
17:53:06 |                crypto's OWN internal factor corr +0.925 — real diversification.
17:53:06 |   EDGES        C398 capitulation tilt (down-side only, +4.67pp measured)
17:53:06 |                C396 session tilt · C401 taker-flow (instrumented)
17:53:06 |                C403-7 flow term ±10% on direction
17:53:06 |   RETIRED      HP phase ladder (C403-3: 5 incident classes, 0 benefit)
17:53:06 |                Guardian + C329 (C403-4: 4 controllers, none knew the risk)
17:53:06 |                per-symbol learning (C403-2: needs ~10 months of trades)
17:53:06 |                DSI+DRI divergence / DRI HARD (C399: unreachable by construction)
17:53:06 | ============================================================
17:53:06 | ============================================================
17:53:06 | ✅ DRI SYSTEM (11 components, renormalised to exactly 1.0 [C400]):
17:53:06 |    Threshold: 0.3 | Hard: 0.5
17:53:06 |    Weights: Mom=0.18 Tech=0.16 Vol=0.11
17:53:06 |    ML=0.04 Wave=0.04 OFI=0.06
17:53:06 |    Fund=0.05 MTF=0.06 RVS=0.07
17:53:06 |    PA=0.15(dyn→0.45) Time=0.10 — nominal sum 1.02, rescaled to 1.00 at runtime [C400: was 1.113]
17:53:06 |    DSI = 6 of those 11 (Mom/Vol/Tech/ML/Wave/MTF, sum 0.59) inverted, Hurst-modulated, now unit-scaled [C400]
17:53:06 |    READ THEM AS: DRI negative = reversal thesis STRONG; DRI→0 = thesis DYING. DSI positive = sustainable; DSI→0 = spent.
17:53:06 |    Updates: every 20s (15m candles do not move faster; prices stay on the 0.8s leg)
17:53:06 | ============================================================
17:53:06 | 📋 CONFIGURATION:
17:53:06 |    💰 Equity: $252.22 | Available: $233.88
17:53:06 |    📊 Position Sizing: Dynamic allocation, min $5.0 | 3-5 positions
17:53:06 |    🎲 Leverage: 1x-10x  (single mode — HP retired, C403-3)
17:53:06 |    📋 Limit Orders: ON | Maker 0.02% Taker 0.06%
17:53:06 |    🎚️ Loss control: monthly risk dial 15% — today may lose 25% of what the month has left (C482)
17:53:06 |    🛡️ Session drawdown breaker: off | Guardian: report only (C482)
17:53:06 |    ⏱️ Prices 0.8s | DRI 20s | Summary 480s | Min age 15min
17:53:06 |    🧠 Shared learning ON (Markov chains, calibration). Per-symbol memory OFF [C403-2].
17:53:06 | ============================================================
17:53:06 | 📊 MODE: NORMAL
17:53:06 |    Normal start: $250.00
17:53:06 | ============================================================
17:53:06 | 💡 Press Ctrl+C to stop safely
17:53:06 | ============================================================
17:53:06 | 🔄 Monitoring thread started — SPLIT LOOP [C397]: FAST leg every 0.8s (prices in PARALLEL → hard stop, trailing floor, peak floor, capture floor); SLOW leg every 20s (OHLCV/DRI) and 90s (BTC/ETH regime, AFTER positions are checked, never before)
17:53:08 | 💼 C488: portfolio engine ON -- the intraday scanner opens no new positions (OMEGA_ENGINE=intraday restores it)
 
  18:01  up 0h08m  scan 0 ------------------------------------------------------------------------
  EQUITY    $249.25  unreal $-2.97
  OPEN      flat  free $233.88
  SHADOW    intraday M1 $254.10 (+0.73%)  M1g $252.26 (+0.00%)  2d paper only
  CARRY     $251.86 (-0.16%)  8 held  paper only
  BOOK      8 pos gross $94.18 (0.38x)  open $-2.97  funding $+0.01  vol 20% top 20
            rebal 2026-09-26
  SESSION   $-2.97 -1.18%  peak $252.22  dd 1.18%
  DAY       real $-0.04  limit $9.34 (3.70%)  0% used
            ..........................
  MONTH     dial 15%  used $0.59 of $37.92  from $252.81
  RECORD    no closed trades yet this run
  LIFETIME  139tr 44W 95L 32%  $+2.22
  FEES      no fills yet this run
  MARKET    bias +0.00  breadth +0.00
  ------------------------------------------------------------------------------------------------
 
18:01:04 | 
18:01:04 | ============================================================
18:01:04 | 📊 POSITION SUMMARY (8-MIN UPDATE)
18:01:04 | 💰 Equity: $252.22 | Unrealized: $-2.97
18:01:04 | 💵 Available: $233.88 | Locked: $18.34
18:01:04 | 📈 Session: $-2.97 (-1.2%)
18:01:04 | 🎯 Win Rate: Overall 32% | Session 0% | Open 0%
18:01:04 | ============================================================
18:01:04 | ============================================================
18:01:04 | 🔻 Day: -0.02% realised (loss limit $9.34, 0% used · dial 15%/month) [C483]
18:01:04 | ============================================================
18:01:04 | 
 
  18:09  up 0h16m  scan 0 ------------------------------------------------------------------------
  EQUITY    $249.29  unreal $-2.93
  OPEN      flat  free $233.88
  SHADOW    intraday M1 $254.10 (+0.73%)  M1g $252.26 (+0.00%)  2d paper only
  CARRY     $251.86 (-0.16%)  8 held  paper only
  BOOK      8 pos gross $93.84 (0.38x)  open $-2.93  funding $+0.01  vol 20% top 20
            rebal 2026-09-26
  SESSION   $-2.93 -1.16%  peak $252.22  dd 1.16%
  DAY       real $-0.04  limit $9.34 (3.70%)  0% used
            ..........................
  MONTH     dial 15%  used $0.59 of $37.92  from $252.81
  RECORD    no closed trades yet this run
  LIFETIME  139tr 44W 95L 32%  $+2.22
  FEES      no fills yet this run
  MARKET    bias +0.00  breadth +0.00
  ------------------------------------------------------------------------------------------------
 
18:09:04 | 
18:09:04 | ============================================================
18:09:04 | 📊 POSITION SUMMARY (8-MIN UPDATE)
18:09:04 | 💰 Equity: $252.22 | Unrealized: $-2.93
18:09:04 | 💵 Available: $233.88 | Locked: $18.34
18:09:04 | 📈 Session: $-2.93 (-1.2%)
18:09:04 | 🎯 Win Rate: Overall 32% | Session 0% | Open 0%
18:09:04 | ============================================================
18:09:04 | ============================================================
18:09:04 | 🔻 Day: -0.02% realised (loss limit $9.34, 0% used · dial 15%/month) [C483]
18:09:04 | ============================================================
18:09:04 | 
 
  18:17  up 0h24m  scan 0 ------------------------------------------------------------------------
  EQUITY    $249.25  unreal $-2.97
  OPEN      flat  free $233.88
  SHADOW    intraday M1 $254.10 (+0.73%)  M1g $252.26 (+0.00%)  2d paper only
  CARRY     $251.86 (-0.16%)  8 held  paper only
  BOOK      8 pos gross $93.71 (0.38x)  open $-2.97  funding $+0.01  vol 20% top 20
            rebal 2026-09-26
  SESSION   $-2.97 -1.18%  peak $252.22  dd 1.18%
  DAY       real $-0.04  limit $9.34 (3.70%)  0% used
            ..........................
  MONTH     dial 15%  used $0.59 of $37.92  from $252.81
  RECORD    no closed trades yet this run
  LIFETIME  139tr 44W 95L 32%  $+2.22
  FEES      no fills yet this run
  MARKET    bias +0.00  breadth +0.00
  ------------------------------------------------------------------------------------------------
 
18:17:05 | 
18:17:05 | ============================================================
18:17:05 | 📊 POSITION SUMMARY (8-MIN UPDATE)
18:17:05 | 💰 Equity: $252.22 | Unrealized: $-2.97
18:17:05 | 💵 Available: $233.88 | Locked: $18.34
18:17:05 | 📈 Session: $-2.97 (-1.2%)
18:17:05 | 🎯 Win Rate: Overall 32% | Session 0% | Open 0%
18:17:05 | ============================================================
18:17:05 | ============================================================
18:17:05 | 🔻 Day: -0.02% realised (loss limit $9.34, 0% used · dial 15%/month) [C483]
18:17:05 | ============================================================
18:17:05 | 
 
  18:25  up 0h32m  scan 0 ------------------------------------------------------------------------
  EQUITY    $249.46  unreal $-2.76
  OPEN      flat  free $233.88
  SHADOW    intraday M1 $254.10 (+0.73%)  M1g $252.26 (+0.00%)  2d paper only
  CARRY     $251.86 (-0.16%)  8 held  paper only
  BOOK      8 pos gross $93.70 (0.38x)  open $-2.76  funding $+0.01  vol 20% top 20
            rebal 2026-09-26
  SESSION   $-2.76 -1.09%  peak $252.22  dd 1.09%
  DAY       real $-0.04  limit $9.34 (3.70%)  0% used
            ..........................
  MONTH     dial 15%  used $0.59 of $37.92  from $252.81
  RECORD    no closed trades yet this run
  LIFETIME  139tr 44W 95L 32%  $+2.22
  FEES      no fills yet this run
  MARKET    bias +0.00  breadth +0.00
  ------------------------------------------------------------------------------------------------
 
18:25:05 | 
18:25:05 | ============================================================
18:25:05 | 📊 POSITION SUMMARY (8-MIN UPDATE)
18:25:05 | 💰 Equity: $252.22 | Unrealized: $-2.76
18:25:05 | 💵 Available: $233.88 | Locked: $18.34
18:25:05 | 📈 Session: $-2.76 (-1.1%)
18:25:05 | 🎯 Win Rate: Overall 32% | Session 0% | Open 0%
18:25:05 | ============================================================
18:25:05 | ============================================================
18:25:05 | 🔻 Day: -0.02% realised (loss limit $9.34, 0% used · dial 15%/month) [C483]
18:25:05 | ============================================================
18:25:05 | 
18:32:51 |    👻 C489 shadow hour 13:00 UTC: 0 coins scored (warm-up (14, no flow)), gate shut | M1 $254.10 (+0.73%) M1g $252.26 (+0.00%) over 2d [31s]
 
  18:33  up 0h40m  scan 0 ------------------------------------------------------------------------
  EQUITY    $249.50  unreal $-2.72
  OPEN      flat  free $233.88
  SHADOW    intraday M1 $254.10 (+0.73%)  M1g $252.26 (+0.00%)  2d paper only
  CARRY     $251.86 (-0.16%)  8 held  paper only
  BOOK      8 pos gross $93.90 (0.38x)  open $-2.72  funding $+0.01  vol 20% top 20
            rebal 2026-09-26
  SESSION   $-2.72 -1.08%  peak $252.22  dd 1.08%
  CURVE     +=====
  DAY       real $-0.04  limit $9.34 (3.70%)  0% used
            ..........................
  MONTH     dial 15%  used $0.59 of $37.92  from $252.81
  RECORD    no closed trades yet this run
  LIFETIME  139tr 44W 95L 32%  $+2.22
  FEES      no fills yet this run
  MARKET    bias +0.00  breadth +0.00
  ------------------------------------------------------------------------------------------------
 
18:33:05 | 
18:33:05 | ============================================================
18:33:05 | 📊 POSITION SUMMARY (8-MIN UPDATE)
18:33:05 | 💰 Equity: $252.22 | Unrealized: $-2.72
18:33:05 | 💵 Available: $233.88 | Locked: $18.34
18:33:05 | 📈 Session: $-2.72 (-1.1%)
18:33:05 | 🎯 Win Rate: Overall 32% | Session 0% | Open 0%
18:33:05 | ============================================================
18:33:05 | ============================================================
18:33:05 | 🔻 Day: -0.02% realised (loss limit $9.34, 0% used · dial 15%/month) [C483]
18:33:05 | ============================================================
18:33:05 | 
 
  18:41  up 0h48m  scan 0 ------------------------------------------------------------------------
  EQUITY    $249.47  unreal $-2.75
  OPEN      flat  free $233.88
  SHADOW    intraday M1 $254.10 (+0.73%)  M1g $252.26 (+0.00%)  2d paper only
  CARRY     $251.86 (-0.16%)  8 held  paper only
  BOOK      8 pos gross $93.85 (0.38x)  open $-2.75  funding $+0.01  vol 20% top 20
            rebal 2026-09-26
  SESSION   $-2.75 -1.09%  peak $252.22  dd 1.09%
  CURVE     +======
  DAY       real $-0.04  limit $9.34 (3.70%)  0% used
            ..........................
  MONTH     dial 15%  used $0.59 of $37.92  from $252.81
  RECORD    no closed trades yet this run
  LIFETIME  139tr 44W 95L 32%  $+2.22
  FEES      no fills yet this run
  MARKET    bias +0.00  breadth +0.00
  ------------------------------------------------------------------------------------------------
 
18:41:05 | 
18:41:05 | ============================================================
18:41:05 | 📊 POSITION SUMMARY (8-MIN UPDATE)
18:41:05 | 💰 Equity: $252.22 | Unrealized: $-2.75
18:41:05 | 💵 Available: $233.88 | Locked: $18.34
18:41:05 | 📈 Session: $-2.75 (-1.1%)
18:41:05 | 🎯 Win Rate: Overall 32% | Session 0% | Open 0%
18:41:05 | ============================================================
18:41:05 | ============================================================
18:41:05 | 🔻 Day: -0.02% realised (loss limit $9.34, 0% used · dial 15%/month) [C483]
18:41:05 | ============================================================
18:41:05 | 
 
  18:49  up 0h56m  scan 0 ------------------------------------------------------------------------
  EQUITY    $249.45  unreal $-2.77
  OPEN      flat  free $233.88
  SHADOW    intraday M1 $254.10 (+0.73%)  M1g $252.26 (+0.00%)  2d paper only
  CARRY     $251.86 (-0.16%)  8 held  paper only
  BOOK      8 pos gross $93.44 (0.38x)  open $-2.77  funding $+0.01  vol 20% top 20
            rebal 2026-09-26
  SESSION   $-2.77 -1.10%  peak $252.22  dd 1.10%
  CURVE     +=======
  DAY       real $-0.04  limit $9.34 (3.70%)  0% used
            ..........................
  MONTH     dial 15%  used $0.59 of $37.92  from $252.81
  RECORD    no closed trades yet this run
  LIFETIME  139tr 44W 95L 32%  $+2.22
  FEES      no fills yet this run
  MARKET    bias +0.00  breadth +0.00
  ------------------------------------------------------------------------------------------------
 
18:49:06 | 
18:49:06 | ============================================================
18:49:06 | 📊 POSITION SUMMARY (8-MIN UPDATE)
18:49:06 | 💰 Equity: $252.22 | Unrealized: $-2.77
18:49:06 | 💵 Available: $233.88 | Locked: $18.34
18:49:06 | 📈 Session: $-2.77 (-1.1%)
18:49:06 | 🎯 Win Rate: Overall 32% | Session 0% | Open 0%
18:49:06 | ============================================================
18:49:06 | ============================================================
18:49:06 | 🔻 Day: -0.02% realised (loss limit $9.34, 0% used · dial 15%/month) [C483]
18:49:06 | ============================================================
18:49:06 | 
 
  18:57  up 1h04m  scan 0 ------------------------------------------------------------------------
  EQUITY    $249.33  unreal $-2.89
  OPEN      flat  free $233.88
  SHADOW    intraday M1 $254.10 (+0.73%)  M1g $252.26 (+0.00%)  2d paper only
  CARRY     $251.86 (-0.16%)  8 held  paper only
  BOOK      8 pos gross $93.38 (0.38x)  open $-2.89  funding $+0.01  vol 20% top 20
            rebal 2026-09-26
  SESSION   $-2.89 -1.15%  peak $252.22  dd 1.15%
  CURVE     +========
  DAY       real $-0.04  limit $9.34 (3.70%)  0% used
            ..........................
  MONTH     dial 15%  used $0.59 of $37.92  from $252.81
  RECORD    no closed trades yet this run
  LIFETIME  139tr 44W 95L 32%  $+2.22
  FEES      no fills yet this run
  MARKET    bias +0.00  breadth +0.00
  ------------------------------------------------------------------------------------------------
 
18:57:06 | 
18:57:06 | ============================================================
18:57:06 | 📊 POSITION SUMMARY (8-MIN UPDATE)
18:57:06 | 💰 Equity: $252.22 | Unrealized: $-2.89
18:57:06 | 💵 Available: $233.88 | Locked: $18.34
18:57:06 | 📈 Session: $-2.89 (-1.1%)
18:57:06 | 🎯 Win Rate: Overall 32% | Session 0% | Open 0%
18:57:06 | ============================================================
18:57:06 | ============================================================
18:57:06 | 🔻 Day: -0.02% realised (loss limit $9.34, 0% used · dial 15%/month) [C483]
18:57:06 | ============================================================
18:57:06 | 
 
  19:05  up 1h12m  scan 0 ------------------------------------------------------------------------
  EQUITY    $249.32  unreal $-2.90
  OPEN      flat  free $233.88
  SHADOW    intraday M1 $254.10 (+0.73%)  M1g $252.26 (+0.00%)  2d paper only
  CARRY     $251.86 (-0.16%)  8 held  paper only
  BOOK      8 pos gross $93.45 (0.38x)  open $-2.90  funding $+0.01  vol 20% top 20
            rebal 2026-09-26
  SESSION   $-2.90 -1.15%  peak $252.22  dd 1.15%
  CURVE     +=========
  DAY       real $-0.04  limit $9.34 (3.70%)  0% used
            ..........................
  MONTH     dial 15%  used $0.59 of $37.92  from $252.81
  RECORD    no closed trades yet this run
  LIFETIME  139tr 44W 95L 32%  $+2.22
  FEES      no fills yet this run
  MARKET    bias +0.00  breadth +0.00
  ------------------------------------------------------------------------------------------------
 
19:05:06 | 
19:05:06 | ============================================================
19:05:06 | 📊 POSITION SUMMARY (8-MIN UPDATE)
19:05:06 | 💰 Equity: $252.22 | Unrealized: $-2.90
19:05:06 | 💵 Available: $233.88 | Locked: $18.34
19:05:06 | 📈 Session: $-2.90 (-1.1%)
19:05:06 | 🎯 Win Rate: Overall 32% | Session 0% | Open 0%
19:05:06 | ============================================================
19:05:06 | ============================================================
19:05:06 | 🔻 Day: -0.02% realised (loss limit $9.34, 0% used · dial 15%/month) [C483]
19:05:06 | ============================================================
19:05:06 | 
 
  19:13  up 1h20m  scan 0 ------------------------------------------------------------------------
  EQUITY    $249.39  unreal $-2.83
  OPEN      flat  free $233.88
  SHADOW    intraday M1 $254.10 (+0.73%)  M1g $252.26 (+0.00%)  2d paper only
  CARRY     $251.86 (-0.16%)  8 held  paper only
  BOOK      8 pos gross $93.48 (0.38x)  open $-2.83  funding $+0.01  vol 20% top 20
            rebal 2026-09-26
  SESSION   $-2.83 -1.12%  peak $252.22  dd 1.12%
  CURVE     +==========
  DAY       real $-0.04  limit $9.34 (3.70%)  0% used
            ..........................
  MONTH     dial 15%  used $0.59 of $37.92  from $252.81
  RECORD    no closed trades yet this run
  LIFETIME  139tr 44W 95L 32%  $+2.22
  FEES      no fills yet this run
  MARKET    bias +0.00  breadth +0.00
  ------------------------------------------------------------------------------------------------
 
19:13:07 | 
19:13:07 | ============================================================
19:13:07 | 📊 POSITION SUMMARY (8-MIN UPDATE)
19:13:07 | 💰 Equity: $252.22 | Unrealized: $-2.83
19:13:07 | 💵 Available: $233.88 | Locked: $18.34
19:13:07 | 📈 Session: $-2.83 (-1.1%)
19:13:07 | 🎯 Win Rate: Overall 32% | Session 0% | Open 0%
19:13:07 | ============================================================
19:13:07 | ============================================================
19:13:07 | 🔻 Day: -0.02% realised (loss limit $9.34, 0% used · dial 15%/month) [C483]
19:13:07 | ============================================================
19:13:07 | 
 
  19:21  up 1h28m  scan 0 ------------------------------------------------------------------------
  EQUITY    $249.29  unreal $-2.93
  OPEN      flat  free $233.88
  SHADOW    intraday M1 $254.10 (+0.73%)  M1g $252.26 (+0.00%)  2d paper only
  CARRY     $251.86 (-0.16%)  8 held  paper only
  BOOK      8 pos gross $93.88 (0.38x)  open $-2.93  funding $+0.01  vol 20% top 20
            rebal 2026-09-26
  SESSION   $-2.93 -1.16%  peak $252.22  dd 1.16%
  CURVE     +===========
  DAY       real $-0.04  limit $9.34 (3.70%)  0% used
            ..........................
  MONTH     dial 15%  used $0.59 of $37.92  from $252.81
  RECORD    no closed trades yet this run
  LIFETIME  139tr 44W 95L 32%  $+2.22
  FEES      no fills yet this run
  MARKET    bias +0.00  breadth +0.00
  ------------------------------------------------------------------------------------------------
 
19:21:07 | 
19:21:07 | ============================================================
19:21:07 | 📊 POSITION SUMMARY (8-MIN UPDATE)
19:21:07 | 💰 Equity: $252.22 | Unrealized: $-2.93
19:21:07 | 💵 Available: $233.88 | Locked: $18.34
19:21:07 | 📈 Session: $-2.93 (-1.2%)
19:21:07 | 🎯 Win Rate: Overall 32% | Session 0% | Open 0%
19:21:07 | ============================================================
19:21:07 | ============================================================
19:21:07 | 🔻 Day: -0.02% realised (loss limit $9.34, 0% used · dial 15%/month) [C483]
19:21:07 | ============================================================
19:21:07 | 
 
  19:29  up 1h36m  scan 0 ------------------------------------------------------------------------
  EQUITY    $249.29  unreal $-2.93
  OPEN      flat  free $233.88
  SHADOW    intraday M1 $254.10 (+0.73%)  M1g $252.26 (+0.00%)  2d paper only
  CARRY     $251.86 (-0.16%)  8 held  paper only
  BOOK      8 pos gross $94.02 (0.38x)  open $-2.93  funding $+0.01  vol 20% top 20
            rebal 2026-09-26
  SESSION   $-2.93 -1.16%  peak $252.22  dd 1.16%
  CURVE     +============
  DAY       real $-0.04  limit $9.34 (3.70%)  0% used
            ..........................
  MONTH     dial 15%  used $0.59 of $37.92  from $252.81
  RECORD    no closed trades yet this run
  LIFETIME  139tr 44W 95L 32%  $+2.22
  FEES      no fills yet this run
  MARKET    bias +0.00  breadth +0.00
  ------------------------------------------------------------------------------------------------
 
19:29:07 | 
19:29:07 | ============================================================
19:29:07 | 📊 POSITION SUMMARY (8-MIN UPDATE)
19:29:07 | 💰 Equity: $252.22 | Unrealized: $-2.93
19:29:07 | 💵 Available: $233.88 | Locked: $18.34
19:29:07 | 📈 Session: $-2.93 (-1.2%)
19:29:07 | 🎯 Win Rate: Overall 32% | Session 0% | Open 0%
19:29:07 | ============================================================
19:29:07 | ============================================================
19:29:07 | 🔻 Day: -0.02% realised (loss limit $9.34, 0% used · dial 15%/month) [C483]
19:29:07 | ============================================================
19:29:07 | 
19:32:47 |    👻 C489 shadow hour 14:00 UTC: 0 coins scored (warm-up (14, no flow)), gate shut | M1 $254.10 (+0.73%) M1g $252.26 (+0.00%) over 2d [19s]
 
  19:37  up 1h44m  scan 0 ------------------------------------------------------------------------
  EQUITY    $249.17  unreal $-3.05
  OPEN      flat  free $233.88
  SHADOW    intraday M1 $254.10 (+0.73%)  M1g $252.26 (+0.00%)  2d paper only
  CARRY     $251.86 (-0.16%)  8 held  paper only
  BOOK      8 pos gross $93.84 (0.38x)  open $-3.05  funding $+0.01  vol 20% top 20
            rebal 2026-09-26
  SESSION   $-3.05 -1.21%  peak $252.22  dd 1.21%
  CURVE     +=============
  DAY       real $-0.04  limit $9.34 (3.70%)  0% used
            ..........................
  MONTH     dial 15%  used $0.59 of $37.92  from $252.81
  RECORD    no closed trades yet this run
  LIFETIME  139tr 44W 95L 32%  $+2.22
  FEES      no fills yet this run
  MARKET    bias +0.00  breadth +0.00
  ------------------------------------------------------------------------------------------------
 
19:37:08 | 
19:37:08 | ============================================================
19:37:08 | 📊 POSITION SUMMARY (8-MIN UPDATE)
19:37:08 | 💰 Equity: $252.22 | Unrealized: $-3.05
19:37:08 | 💵 Available: $233.88 | Locked: $18.34
19:37:08 | 📈 Session: $-3.05 (-1.2%)
19:37:08 | 🎯 Win Rate: Overall 32% | Session 0% | Open 0%
19:37:08 | ============================================================
19:37:08 | ============================================================
19:37:08 | 🔻 Day: -0.02% realised (loss limit $9.34, 0% used · dial 15%/month) [C483]
19:37:08 | ============================================================
19:37:08 | 
 
  19:45  up 1h52m  scan 0 ------------------------------------------------------------------------
  EQUITY    $249.04  unreal $-3.18
  OPEN      flat  free $233.88
  SHADOW    intraday M1 $254.10 (+0.73%)  M1g $252.26 (+0.00%)  2d paper only
  CARRY     $251.86 (-0.16%)  8 held  paper only
  BOOK      8 pos gross $94.29 (0.38x)  open $-3.18  funding $+0.01  vol 20% top 20
            rebal 2026-09-26
  SESSION   $-3.18 -1.26%  peak $252.22  dd 1.26%
  CURVE     +==============
  DAY       real $-0.04  limit $9.34 (3.70%)  0% used
            ..........................
  MONTH     dial 15%  used $0.59 of $37.92  from $252.81
  RECORD    no closed trades yet this run
  LIFETIME  139tr 44W 95L 32%  $+2.22
  FEES      no fills yet this run
  MARKET    bias +0.00  breadth +0.00
  ------------------------------------------------------------------------------------------------
 
19:45:08 | 
19:45:08 | ============================================================
19:45:08 | 📊 POSITION SUMMARY (8-MIN UPDATE)
19:45:08 | 💰 Equity: $252.22 | Unrealized: $-3.18
19:45:08 | 💵 Available: $233.88 | Locked: $18.34
19:45:08 | 📈 Session: $-3.18 (-1.3%)
19:45:08 | 🎯 Win Rate: Overall 32% | Session 0% | Open 0%
19:45:08 | ============================================================
19:45:08 | ============================================================
19:45:08 | 🔻 Day: -0.02% realised (loss limit $9.34, 0% used · dial 15%/month) [C483]
19:45:08 | ============================================================
19:45:08 | 
 
  19:53  up 2h00m  scan 0 ------------------------------------------------------------------------
  EQUITY    $248.98  unreal $-3.24
  OPEN      flat  free $233.88
  SHADOW    intraday M1 $254.10 (+0.73%)  M1g $252.26 (+0.00%)  2d paper only
  CARRY     $251.86 (-0.16%)  8 held  paper only
  BOOK      8 pos gross $94.30 (0.38x)  open $-3.24  funding $+0.01  vol 20% top 20
            rebal 2026-09-26
  SESSION   $-3.24 -1.28%  peak $252.22  dd 1.28%
  CURVE     +===============
  DAY       real $-0.04  limit $9.34 (3.70%)  0% used
            ..........................
  MONTH     dial 15%  used $0.59 of $37.92  from $252.81
  RECORD    no closed trades yet this run
  LIFETIME  139tr 44W 95L 32%  $+2.22
  FEES      no fills yet this run
  MARKET    bias +0.00  breadth +0.00
  ------------------------------------------------------------------------------------------------
 
19:53:08 | 
19:53:08 | ============================================================
19:53:08 | 📊 POSITION SUMMARY (8-MIN UPDATE)
19:53:08 | 💰 Equity: $252.22 | Unrealized: $-3.24
19:53:08 | 💵 Available: $233.88 | Locked: $18.34
19:53:08 | 📈 Session: $-3.24 (-1.3%)
19:53:08 | 🎯 Win Rate: Overall 32% | Session 0% | Open 0%
19:53:08 | ============================================================
19:53:08 | ============================================================
19:53:08 | 🔻 Day: -0.02% realised (loss limit $9.34, 0% used · dial 15%/month) [C483]
19:53:08 | ============================================================
19:53:08 | 
 
  20:01  up 2h08m  scan 0 ------------------------------------------------------------------------
  EQUITY    $248.75  unreal $-3.47
  OPEN      flat  free $233.88
  SHADOW    intraday M1 $254.10 (+0.73%)  M1g $252.26 (+0.00%)  2d paper only
  CARRY     $251.86 (-0.16%)  8 held  paper only
  BOOK      8 pos gross $94.56 (0.38x)  open $-3.47  funding $+0.01  vol 20% top 20
            rebal 2026-09-26
  SESSION   $-3.47 -1.38%  peak $252.22  dd 1.38%
  CURVE     +================
  DAY       real $-0.04  limit $9.34 (3.70%)  0% used
            ..........................
  MONTH     dial 15%  used $0.59 of $37.92  from $252.81
  RECORD    no closed trades yet this run
  LIFETIME  139tr 44W 95L 32%  $+2.22
  FEES      no fills yet this run
  MARKET    bias +0.00  breadth +0.00
  ------------------------------------------------------------------------------------------------
 
20:01:09 | 
20:01:09 | ============================================================
20:01:09 | 📊 POSITION SUMMARY (8-MIN UPDATE)
20:01:09 | 💰 Equity: $252.22 | Unrealized: $-3.47
20:01:09 | 💵 Available: $233.88 | Locked: $18.34
20:01:09 | 📈 Session: $-3.47 (-1.4%)
20:01:09 | 🎯 Win Rate: Overall 32% | Session 0% | Open 0%
20:01:09 | ============================================================
20:01:09 | ============================================================
20:01:09 | 🔻 Day: -0.02% realised (loss limit $9.34, 0% used · dial 15%/month) [C483]
20:01:09 | ============================================================
20:01:09 | 
 
  20:09  up 2h16m  scan 0 ------------------------------------------------------------------------
  EQUITY    $248.65  unreal $-3.57
  OPEN      flat  free $233.88
  SHADOW    intraday M1 $254.10 (+0.73%)  M1g $252.26 (+0.00%)  2d paper only
  CARRY     $251.86 (-0.16%)  8 held  paper only
  BOOK      8 pos gross $94.85 (0.38x)  open $-3.57  funding $+0.01  vol 20% top 20
            rebal 2026-09-26
  SESSION   $-3.57 -1.41%  peak $252.22  dd 1.41%
  CURVE     +=================
  DAY       real $-0.04  limit $9.34 (3.70%)  0% used
            ..........................
  MONTH     dial 15%  used $0.59 of $37.92  from $252.81
  RECORD    no closed trades yet this run
  LIFETIME  139tr 44W 95L 32%  $+2.22
  FEES      no fills yet this run
  MARKET    bias +0.00  breadth +0.00
  ------------------------------------------------------------------------------------------------
 
20:09:09 | 
20:09:09 | ============================================================
20:09:09 | 📊 POSITION SUMMARY (8-MIN UPDATE)
20:09:09 | 💰 Equity: $252.22 | Unrealized: $-3.57
20:09:09 | 💵 Available: $233.88 | Locked: $18.34
20:09:09 | 📈 Session: $-3.57 (-1.4%)
20:09:09 | 🎯 Win Rate: Overall 32% | Session 0% | Open 0%
20:09:09 | ============================================================
20:09:09 | ============================================================
20:09:09 | 🔻 Day: -0.02% realised (loss limit $9.34, 0% used · dial 15%/month) [C483]
20:09:09 | ============================================================
20:09:09 | 
 
  20:17  up 2h24m  scan 0 ------------------------------------------------------------------------
  EQUITY    $248.63  unreal $-3.59
  OPEN      flat  free $233.88
  SHADOW    intraday M1 $254.10 (+0.73%)  M1g $252.26 (+0.00%)  2d paper only
  CARRY     $251.86 (-0.16%)  8 held  paper only
  BOOK      8 pos gross $95.01 (0.38x)  open $-3.59  funding $+0.01  vol 20% top 20
            rebal 2026-09-26
  SESSION   $-3.59 -1.42%  peak $252.22  dd 1.42%
  CURVE     +==================
  DAY       real $-0.04  limit $9.34 (3.70%)  0% used
            ..........................
  MONTH     dial 15%  used $0.59 of $37.92  from $252.81
  RECORD    no closed trades yet this run
  LIFETIME  139tr 44W 95L 32%  $+2.22
  FEES      no fills yet this run
  MARKET    bias +0.00  breadth +0.00
  ------------------------------------------------------------------------------------------------
 
20:17:09 | 
20:17:09 | ============================================================
20:17:09 | 📊 POSITION SUMMARY (8-MIN UPDATE)
20:17:09 | 💰 Equity: $252.22 | Unrealized: $-3.59
20:17:09 | 💵 Available: $233.88 | Locked: $18.34
20:17:09 | 📈 Session: $-3.59 (-1.4%)
20:17:09 | 🎯 Win Rate: Overall 32% | Session 0% | Open 0%
20:17:09 | ============================================================
20:17:09 | ============================================================
20:17:09 | 🔻 Day: -0.02% realised (loss limit $9.34, 0% used · dial 15%/month) [C483]
20:17:09 | ============================================================
20:17:09 | 
 
  20:25  up 2h32m  scan 0 ------------------------------------------------------------------------
  EQUITY    $248.67  unreal $-3.55
  OPEN      flat  free $233.88
  SHADOW    intraday M1 $254.10 (+0.73%)  M1g $252.26 (+0.00%)  2d paper only
  CARRY     $251.86 (-0.16%)  8 held  paper only
  BOOK      8 pos gross $95.11 (0.38x)  open $-3.55  funding $+0.01  vol 20% top 20
            rebal 2026-09-26
  SESSION   $-3.55 -1.41%  peak $252.22  dd 1.41%
  CURVE     +===================
  DAY       real $-0.04  limit $9.34 (3.70%)  0% used
            ..........................
  MONTH     dial 15%  used $0.59 of $37.92  from $252.81
  RECORD    no closed trades yet this run
  LIFETIME  139tr 44W 95L 32%  $+2.22
  FEES      no fills yet this run
  MARKET    bias +0.00  breadth +0.00
  ------------------------------------------------------------------------------------------------
 
20:25:09 | 
20:25:09 | ============================================================
20:25:09 | 📊 POSITION SUMMARY (8-MIN UPDATE)
20:25:09 | 💰 Equity: $252.22 | Unrealized: $-3.55
20:25:09 | 💵 Available: $233.88 | Locked: $18.34
20:25:09 | 📈 Session: $-3.55 (-1.4%)
20:25:09 | 🎯 Win Rate: Overall 32% | Session 0% | Open 0%
20:25:09 | ============================================================
20:25:09 | ============================================================
20:25:09 | 🔻 Day: -0.02% realised (loss limit $9.34, 0% used · dial 15%/month) [C483]
20:25:09 | ============================================================
20:25:09 | 
20:32:23 |    👻 C489 shadow hour 15:00 UTC: 0 coins scored (warm-up (14, no flow)), gate shut | M1 $254.10 (+0.73%) M1g $252.26 (+0.00%) over 2d [18s]
 
  20:33  up 2h40m  scan 0 ------------------------------------------------------------------------
  EQUITY    $248.49  unreal $-3.73
  OPEN      flat  free $233.88
  SHADOW    intraday M1 $254.10 (+0.73%)  M1g $252.26 (+0.00%)  2d paper only
  CARRY     $251.86 (-0.16%)  8 held  paper only
  BOOK      8 pos gross $95.36 (0.38x)  open $-3.73  funding $+0.01  vol 20% top 20
            rebal 2026-09-26
  SESSION   $-3.73 -1.48%  peak $252.22  dd 1.48%
  CURVE     +====================
  DAY       real $-0.04  limit $9.34 (3.70%)  0% used
            ..........................
  MONTH     dial 15%  used $0.59 of $37.92  from $252.81
  RECORD    no closed trades yet this run
  LIFETIME  139tr 44W 95L 32%  $+2.22
  FEES      no fills yet this run
  MARKET    bias +0.00  breadth +0.00
  ------------------------------------------------------------------------------------------------
 
20:33:10 | 
20:33:10 | ============================================================
20:33:10 | 📊 POSITION SUMMARY (8-MIN UPDATE)
20:33:10 | 💰 Equity: $252.22 | Unrealized: $-3.73
20:33:10 | 💵 Available: $233.88 | Locked: $18.34
20:33:10 | 📈 Session: $-3.73 (-1.5%)
20:33:10 | 🎯 Win Rate: Overall 32% | Session 0% | Open 0%
20:33:10 | ============================================================
20:33:10 | ============================================================
20:33:10 | 🔻 Day: -0.02% realised (loss limit $9.34, 0% used · dial 15%/month) [C483]
20:33:10 | ============================================================
20:33:10 | 
 
  20:41  up 2h48m  scan 0 ------------------------------------------------------------------------
  EQUITY    $248.16  unreal $-4.06
  OPEN      flat  free $233.88
  SHADOW    intraday M1 $254.10 (+0.73%)  M1g $252.26 (+0.00%)  2d paper only
  CARRY     $251.86 (-0.16%)  8 held  paper only
  BOOK      8 pos gross $95.78 (0.39x)  open $-4.06  funding $+0.01  vol 20% top 20
            rebal 2026-09-26
  SESSION   $-4.06 -1.61%  peak $252.22  dd 1.61%
  CURVE     +=====================
  DAY       real $-0.04  limit $9.34 (3.70%)  0% used
            ..........................
  MONTH     dial 15%  used $0.59 of $37.92  from $252.81
  RECORD    no closed trades yet this run
  LIFETIME  139tr 44W 95L 32%  $+2.22
  FEES      no fills yet this run
  MARKET    bias +0.00  breadth +0.00
  ------------------------------------------------------------------------------------------------
 
20:41:10 | 
20:41:10 | ============================================================
20:41:10 | 📊 POSITION SUMMARY (8-MIN UPDATE)
20:41:10 | 💰 Equity: $252.22 | Unrealized: $-4.06
20:41:10 | 💵 Available: $233.88 | Locked: $18.34
20:41:10 | 📈 Session: $-4.06 (-1.6%)
20:41:10 | 🎯 Win Rate: Overall 32% | Session 0% | Open 0%
20:41:10 | ============================================================
20:41:10 | ============================================================
20:41:10 | 🔻 Day: -0.02% realised (loss limit $9.34, 0% used · dial 15%/month) [C483]
20:41:10 | ============================================================
20:41:10 | 
 
  20:49  up 2h56m  scan 0 ------------------------------------------------------------------------
  EQUITY    $248.21  unreal $-4.01
  OPEN      flat  free $233.88
  SHADOW    intraday M1 $254.10 (+0.73%)  M1g $252.26 (+0.00%)  2d paper only
  CARRY     $251.86 (-0.16%)  8 held  paper only
  BOOK      8 pos gross $96.11 (0.39x)  open $-4.01  funding $+0.01  vol 20% top 20
            rebal 2026-09-26
  SESSION   $-4.01 -1.59%  peak $252.22  dd 1.59%
  CURVE     +======================
  DAY       real $-0.04  limit $9.34 (3.70%)  0% used
            ..........................
  MONTH     dial 15%  used $0.59 of $37.92  from $252.81
  RECORD    no closed trades yet this run
  LIFETIME  139tr 44W 95L 32%  $+2.22
  FEES      no fills yet this run
  MARKET    bias +0.00  breadth +0.00
  ------------------------------------------------------------------------------------------------
 
20:49:10 | 
20:49:10 | ============================================================
20:49:10 | 📊 POSITION SUMMARY (8-MIN UPDATE)
20:49:10 | 💰 Equity: $252.22 | Unrealized: $-4.01
20:49:10 | 💵 Available: $233.88 | Locked: $18.34
20:49:10 | 📈 Session: $-4.01 (-1.6%)
20:49:10 | 🎯 Win Rate: Overall 32% | Session 0% | Open 0%
20:49:10 | ============================================================
20:49:10 | ============================================================
20:49:10 | 🔻 Day: -0.02% realised (loss limit $9.34, 0% used · dial 15%/month) [C483]
20:49:10 | ============================================================
20:49:10 | 
 
  20:57  up 3h04m  scan 0 ------------------------------------------------------------------------
  EQUITY    $248.26  unreal $-3.96
  OPEN      flat  free $233.88
  SHADOW    intraday M1 $254.10 (+0.73%)  M1g $252.26 (+0.00%)  2d paper only
  CARRY     $251.86 (-0.16%)  8 held  paper only
  BOOK      8 pos gross $96.09 (0.39x)  open $-3.96  funding $+0.01  vol 20% top 20
            rebal 2026-09-26
  SESSION   $-3.96 -1.57%  peak $252.22  dd 1.57%
  CURVE     +=======================
  DAY       real $-0.04  limit $9.34 (3.70%)  0% used
            ..........................
  MONTH     dial 15%  used $0.59 of $37.92  from $252.81
  RECORD    no closed trades yet this run
  LIFETIME  139tr 44W 95L 32%  $+2.22
  FEES      no fills yet this run
  MARKET    bias +0.00  breadth +0.00
  ------------------------------------------------------------------------------------------------
 
20:57:10 | 
20:57:10 | ============================================================
20:57:10 | 📊 POSITION SUMMARY (8-MIN UPDATE)
20:57:10 | 💰 Equity: $252.22 | Unrealized: $-3.96
20:57:10 | 💵 Available: $233.88 | Locked: $18.34
20:57:10 | 📈 Session: $-3.96 (-1.6%)
20:57:10 | 🎯 Win Rate: Overall 32% | Session 0% | Open 0%
20:57:10 | ============================================================
20:57:10 | ============================================================
20:57:10 | 🔻 Day: -0.02% realised (loss limit $9.34, 0% used · dial 15%/month) [C483]
20:57:10 | ============================================================
20:57:10 | 
 
  21:05  up 3h12m  scan 0 ------------------------------------------------------------------------
  EQUITY    $248.12  unreal $-4.10
  OPEN      flat  free $233.88
  SHADOW    intraday M1 $254.10 (+0.73%)  M1g $252.26 (+0.00%)  2d paper only
  CARRY     $251.86 (-0.16%)  8 held  paper only
  BOOK      8 pos gross $96.33 (0.39x)  open $-4.10  funding $+0.01  vol 20% top 20
            rebal 2026-09-26
  SESSION   $-4.10 -1.63%  peak $252.22  dd 1.63%
  CURVE     +========================
  DAY       real $-0.04  limit $9.34 (3.70%)  0% used
            ..........................
  MONTH     dial 15%  used $0.59 of $37.92  from $252.81
  RECORD    no closed trades yet this run
  LIFETIME  139tr 44W 95L 32%  $+2.22
  FEES      no fills yet this run
  MARKET    bias +0.00  breadth +0.00
  ------------------------------------------------------------------------------------------------
 
21:05:10 | 
21:05:10 | ============================================================
21:05:10 | 📊 POSITION SUMMARY (8-MIN UPDATE)
21:05:10 | 💰 Equity: $252.22 | Unrealized: $-4.10
21:05:10 | 💵 Available: $233.88 | Locked: $18.34
21:05:10 | 📈 Session: $-4.10 (-1.6%)
21:05:10 | 🎯 Win Rate: Overall 32% | Session 0% | Open 0%
21:05:10 | ============================================================
21:05:10 | ============================================================
21:05:10 | 🔻 Day: -0.02% realised (loss limit $9.34, 0% used · dial 15%/month) [C483]
21:05:10 | ============================================================
21:05:10 | 
 
  21:13  up 3h20m  scan 0 ------------------------------------------------------------------------
  EQUITY    $247.93  unreal $-4.29
  OPEN      flat  free $233.88
  SHADOW    intraday M1 $254.10 (+0.73%)  M1g $252.26 (+0.00%)  2d paper only
  CARRY     $251.86 (-0.16%)  8 held  paper only
  BOOK      8 pos gross $96.24 (0.39x)  open $-4.29  funding $+0.01  vol 20% top 20
            rebal 2026-09-26
  SESSION   $-4.29 -1.70%  peak $252.22  dd 1.70%
  CURVE     +=========================
  DAY       real $-0.04  limit $9.34 (3.70%)  0% used
            ..........................
  MONTH     dial 15%  used $0.59 of $37.92  from $252.81
  RECORD    no closed trades yet this run
  LIFETIME  139tr 44W 95L 32%  $+2.22
  FEES      no fills yet this run
  MARKET    bias +0.00  breadth +0.00
  ------------------------------------------------------------------------------------------------
 
21:13:11 | 
21:13:11 | ============================================================
21:13:11 | 📊 POSITION SUMMARY (8-MIN UPDATE)
21:13:11 | 💰 Equity: $252.22 | Unrealized: $-4.29
21:13:11 | 💵 Available: $233.88 | Locked: $18.34
21:13:11 | 📈 Session: $-4.29 (-1.7%)
21:13:11 | 🎯 Win Rate: Overall 32% | Session 0% | Open 0%
21:13:11 | ============================================================
21:13:11 | ============================================================
21:13:11 | 🔻 Day: -0.02% realised (loss limit $9.34, 0% used · dial 15%/month) [C483]
21:13:11 | ============================================================
21:13:11 | 
