
  ================================================================================================
  OMEGA C528  PAPER  Binance perps
  03 Oct 2026   22:46
  start $499.71 realised  risk dial 20%/month
  ================================================================================================

  RISK FRAME -------------------------------------------------------------------------------------
  EQUITY    $499.71 realised  740 markets
  MONTH     dial 20% = $100.00 this month  used $0.29 realised
  BOOK      daily trend + momentum + carry, rebalanced 00:05 UTC
            month guard on MARKED equity (open P&L counts)  intraday scanner idle
  ------------------------------------------------------------------------------------------------



  22:54  up 0h08m  daily book --------------------------------------------------------------------
  EQUITY    $501.43  unreal $+1.72
  OPEN      no intraday positions  book holds 9 (BOOK row)  free $438.73 after open P&L
  SHADOW    intraday M1 $504.11 (+0.88%)  M1g $501.87 (+0.43%)  2d paper only
  CARRY     $499.11 (-0.15%)  8 held  paper only
  SPOT      $249.79 (-0.09%)  1 held  4% invested  cash earns 6.66%  paper pot
  SAVINGS   idle $313.38 (62%)  at 6.66% +$0.15 so far  ~$1.74/month  paper
  BFUSD     wallet $501.44 at 7.66%  +$0.15 so far  ~$3.20/month  vs Savings $1.74  paper
  DELTA     $502.19 (+0.44%)  9 held  fees $0.20  funding $+0.01  paper, same plan
  XVENUE    $499.35 (-0.13%)  10 pairs  funding $+0.00  fees $0.74  paper, Delta vs Binance
  TOTAL     planned $1,002.63 of $1,000.00 ($+2.63)  all 6 accounts $2,253.03 of $2,249.83 ($+3.20)
            paper
  BOOK      9 pos gross $312.35 (0.62x)  open $+1.72  funding $-0.05  vol 27% top 20
            rebal 2026-10-03
  CONTEXT   since 01 Oct $+1.43 (+0.29%) in 2.6d  normal -1.9% to +2.9%  top 46%: normal
  RULE      C2 N2+N3 + range vol (GK)  forward test (paper)
  TOURNEY   2d from 2026-10-01  base -0.60%  N2 -0.66%  N3 -0.37%  N2+N3 -0.37%  +K4 -0.42%
            +GK* -0.30%  +K4+GK -0.38%  +GK+DD new  +GK+XA new
  DATA      on time  prices 33s  funding booked  book today  shadow 17:00  carry today
            spot pot today
  SESSION   $-0.34 -0.07%  peak $501.78  dd 0.07%
  MONTH     book guard $0.00 of $100.00 used  on marked equity  from $500.00  dial 20%
            ..........................
  RECORD    book closed 3  2W 1L  net $-0.09  fees and funding in
  FEES      no fills yet this run (the book trades at 00:05 UTC)
  ------------------------------------------------------------------------------------------------



  23:02  up 0h16m  daily book --------------------------------------------------------------------
  EQUITY    $501.49  unreal $+1.78
  OPEN      no intraday positions  book holds 9 (BOOK row)  free $438.79 after open P&L
  SHADOW    intraday M1 $504.11 (+0.88%)  M1g $501.87 (+0.43%)  2d paper only
  CARRY     $499.11 (-0.15%)  8 held  paper only
  SPOT      $249.78 (-0.09%)  1 held  4% invested  cash earns 6.66%  paper pot
  SAVINGS   idle $313.41 (62%)  at 6.66% +$0.15 so far  ~$1.74/month  paper
  BFUSD     wallet $501.48 at 7.66%  +$0.15 so far  ~$3.20/month  vs Savings $1.74  paper
  DELTA     $502.15 (+0.43%)  9 held  fees $0.20  funding $+0.01  paper, same plan
  XVENUE    $499.35 (-0.13%)  10 pairs  funding $+0.00  fees $0.74  paper, Delta vs Binance
  TOTAL     planned $1,002.60 of $1,000.00 ($+2.60)  all 6 accounts $2,252.97 of $2,249.83 ($+3.14)
            paper
  BOOK      9 pos gross $311.70 (0.62x)  open $+1.78  funding $-0.05  vol 27% top 20
            rebal 2026-10-03
  CONTEXT   since 01 Oct $+1.49 (+0.30%) in 2.6d  normal -1.9% to +2.9%  top 46%: normal
  RULE      C2 N2+N3 + range vol (GK)  forward test (paper)
  TOURNEY   2d from 2026-10-01  base -0.60%  N2 -0.66%  N3 -0.37%  N2+N3 -0.37%  +K4 -0.42%
            +GK* -0.30%  +K4+GK -0.38%  +GK+DD new  +GK+XA new
  DATA      on time  prices 28s  funding booked  book today  shadow 17:00  carry today
            spot pot today
  SESSION   $-0.28 -0.06%  peak $501.78  dd 0.06%
  MONTH     book guard $0.00 of $100.00 used  on marked equity  from $500.00  dial 20%
            ..........................
  RECORD    book closed 3  2W 1L  net $-0.09  fees and funding in
  FEES      no fills yet this run (the book trades at 00:05 UTC)
  ------------------------------------------------------------------------------------------------



  23:10  up 0h24m  daily book --------------------------------------------------------------------
  EQUITY    $501.61  unreal $+1.90
  OPEN      no intraday positions  book holds 9 (BOOK row)  free $438.91 after open P&L
  SHADOW    intraday M1 $504.11 (+0.88%)  M1g $501.87 (+0.43%)  2d paper only
  CARRY     $499.11 (-0.15%)  8 held  paper only
  SPOT      $249.79 (-0.09%)  1 held  4% invested  cash earns 6.66%  paper pot
  SAVINGS   idle $313.48 (62%)  at 6.66% +$0.15 so far  ~$1.74/month  paper
  BFUSD     wallet $501.58 at 7.66%  +$0.15 so far  ~$3.20/month  vs Savings $1.74  paper
  DELTA     $502.18 (+0.44%)  9 held  fees $0.20  funding $+0.01  paper, same plan
  XVENUE    $499.35 (-0.13%)  10 pairs  funding $+0.00  fees $0.74  paper, Delta vs Binance
  TOTAL     planned $1,002.49 of $1,000.00 ($+2.49)  all 6 accounts $2,253.24 of $2,249.83 ($+3.41)
            paper
  BOOK      9 pos gross $311.89 (0.62x)  open $+1.90  funding $-0.05  vol 27% top 20
            rebal 2026-10-03
  CONTEXT   since 01 Oct $+1.61 (+0.32%) in 2.6d  normal -1.9% to +2.9%  top 45%: normal
  RULE      C2 N2+N3 + range vol (GK)  forward test (paper)
  TOURNEY   2d from 2026-10-01  base -0.60%  N2 -0.66%  N3 -0.37%  N2+N3 -0.37%  +K4 -0.42%
            +GK* -0.30%  +K4+GK -0.38%  +GK+DD new  +GK+XA new
  DATA      on time  prices 20s  funding booked  book today  shadow 17:00  carry today
            spot pot today
  SESSION   $-0.16 -0.03%  peak $501.78  dd 0.03%
  MONTH     book guard $0.00 of $100.00 used  on marked equity  from $500.00  dial 20%
            ..........................
  RECORD    book closed 3  2W 1L  net $-0.09  fees and funding in
  FEES      no fills yet this run (the book trades at 00:05 UTC)
  ------------------------------------------------------------------------------------------------

