14:46:36 | 📊 Paper Mode
14:46:39 | ✅ Connected | 804 futures markets
14:46:39 | 📊 Bitget Fees: Maker 0.02% | Taker 0.06%
14:46:39 | 📊 Market type: PERPETUAL FUTURES (swap) — verified
14:46:39 | 📋 Limit Orders: ENABLED (offset 0.1%) -- the idle intraday scanner's; the book trades with market orders
14:46:39 | 📂 Loaded state: $250.39 realised | 0 intraday positions | available $226.45 before open P&L (locked $23.94)
14:46:39 | 📐 RISK @ $250.39: monthly dial 15% = $37.92/month (15% of this month's anchor $252.81)  |  the portfolio book trades: its month guard closes the book if MARKED equity falls that far below the month's anchor [C497]
 
  ================================================================================================
  OMEGA C503  PAPER  Bitget perps
  28 Sep 2026   14:46
  start $250.39 realised  risk dial 15%/month
  ================================================================================================
 
  RISK FRAME -------------------------------------------------------------------------------------
  EQUITY    $250.39 realised  804 markets
  MONTH     dial 15% = $37.92 this month  used $2.42 realised
  BOOK      daily trend + momentum + carry, rebalanced 00:05 UTC
            month guard on MARKED equity (open P&L counts)  intraday scanner idle
  ------------------------------------------------------------------------------------------------
 
14:46:39 |    (legacy Flask page not installed — the dashboard is the control panel)
14:46:39 | 🌐 Remote control on http://0.0.0.0:8138 — TOKEN REQUIRED
14:46:39 |    📱 Local network: http://10.0.0.160:8138/?t=<your token> (this machine's own address)
14:46:39 |    🌍 Internet: put a Cloudflare Tunnel in front of this port.
14:46:39 |        See deploy/DEPLOY.md — one command, no open ports, free.
14:46:39 | ============================================================
14:46:39 | 🤖 OMEGA V60 — INFORMATION ENGINE (C466)
14:46:39 |    ℹ️ C497: the portfolio book trades. The blocks below describe the INTRADAY SCANNER, which is idle (OMEGA_ENGINE=intraday restores it); the book is summarised in the RISK FRAME above and the BOOK row every 8 min
14:46:39 | 📊 C503 WHAT IS RUNNING -- the portfolio book trades:
14:46:39 |    BOOK   trend (C1) + momentum (C2) + carry (C3), equal risk; vol target 20% from the 15% dial; gross <= 3x equity; top 20 crypto; $6 minimum; 30% band
14:46:39 |           rebalanced daily 00:05 UTC with market orders (paper fills at the ask/bid, taker 0.06%); 5x cross margin; funding at each coin's own interval; its one limit is the month guard on MARKED equity
14:46:39 |    PAPER  never touches the account: intraday shadow (C489) hourly · carry (C490) 00:10 UTC · spot pot (C501/C502) $250, spot minimum $1, 00:20 UTC · idle cash -> Savings at 7.63% every minute · allostatic shadow (K4) at each rebalance
14:46:39 |    IDLE   the intraday scanner (OMEGA_ENGINE=intraday restores it): every block below, to the 'stop safely' line, describes it
14:46:39 |    🧪 C364 PAPER=LIVE PARITY — costs modelled in paper (the idle scanner's; the book's are in the summary above):
14:46:39 |       • entries: post-only, REJECTED if the limit would cross (mirrors C363 live)
14:46:39 |       • market fills: lift the ASK / hit the BID — never the last price
14:46:39 |       • exit fee: taker on current notional
14:46:39 |       • funding: charged per 8h settlement crossed
14:46:39 |       NOT modelled: partial fills, API outages, queue position.
14:46:39 | ============================================================
14:46:39 | 🔒 Score floor reset: 0.32 (single mode — HP retired at C403-3) -- the idle scanner's
14:46:39 | 🧮 C458 EDGE STATE (the idle scanner's own trade record) — what it would permit today:
14:46:39 |    realised 6W/14L → shrunk base rate 0.400; fair odds for a 2.00R target are 0.333
14:46:39 |    blended edge +0.0474  (prior +0.0467 x0.60 + realised +0.0485 x0.40 (n=20; anchored on realised payoff 2.10 (7W/13L in R) (break-even wr 0.322 vs realised 0.400 = e +0.0776) x extrapolation shrink 0.63 to T 1.41R))
14:46:39 |    ✅ edge is positive — the expectancy gate is open on merit, and exploration should stay idle.
14:46:39 | 📋 Version history: OMEGA_CODE_ATLAS.md in the repo; CHANGELOG.md here records up to C466
14:46:39 | ============================================================
14:46:39 | 📊 INTRADAY SCANNER — IDLE while the book trades; what OMEGA_ENGINE=intraday would run:
14:46:39 |   1 SCANNER    804 markets → volume floor → top 30 by liveliness
14:46:39 |   2 ENTRY      11 signal components → one score; only 3 hard vetoes
14:46:39 |                (can't pay fees / no room to stop / not tradeable).
14:46:39 |                Everything else is a weighted penalty [C403-5].
14:46:39 |                EXPECTANCY GATE [C404/C405]: R = proj×√t ÷ stop,
14:46:39 |                E = p(R×0.60)−(1−p); E must clear 0 AND the live percentile bar.
14:46:39 |                TRADES/DAY [C467]: NO CAP. No count target, no hard cap, no per-scan limit. 2/pair still applies (that is concentration, not pace).
14:46:39 |                What refuses a trade now: the three hard vetoes only — can't pay fees, no room to stop, not tradeable. E<0 is a PENALTY while p has no measured skill [C467].
14:46:39 |   3 MONITOR    SPLIT LOOP [C397]: prices every 0.8s (stop, floors);
14:46:39 |                OHLCV/DRI every 20s; regime every 90s, AFTER positions.
14:46:39 |   4 EXIT       4 questions: hard stop · thesis dead (C399 retention)
14:46:39 |                · profit floor (C397 runner floor binds) · time.
14:46:39 |                Loss patience is BOUNDED at 1.35× the soft limit [C404-2].
14:46:39 |   SESSIONS     when each market DISCOVERS its price, in IST (US is currently on EDT):
14:46:39 |                crypto        24/7        · metals+energy  Globex ~24/5
14:46:39 |                US equity     19:00–01:30 IST  (a NIGHT session from India)
14:46:39 |                index futures Globex ~24/5 (SP500/NDX100 are futures, not cash)
14:46:39 |                Korea (KRX)   05:30–12:00 IST · HK  07:00–13:30 IST (lunch 09:30–10:30)
14:46:39 |                ● OPEN  crypto        24/7
14:46:39 |                ○ shut  us_equity     US cash closed
14:46:39 |                ● OPEN  index_future  Globex index
14:46:39 |                ● OPEN  metal         Globex
14:46:39 |                ○ shut  korea_equity  KRX closed
14:46:39 |                ○ shut  hk_equity     HKEX closed
14:46:39 |   UNIVERSE     464 crypto + 340 RWA perps (stocks/metals/energy/ETFs) today,
14:46:39 |                session-gated; leverage scaled to each instrument's own ATR;
14:46:39 |                fee burden inside E. ONE POOL, no per-class quota [C409].
14:46:39 |                WHY (measured at C409): crypto alive 39.3% of bars, ANY asset alive 59.8%
14:46:39 |                (+20.5pp). Cross-class aliveness corr +0.04/+0.14 vs
14:46:39 |                crypto's OWN internal factor corr +0.925 — real diversification.
14:46:39 |   EDGES        C398 capitulation tilt (down-side only, +4.67pp measured)
14:46:39 |                C396 session tilt · C401 taker-flow (instrumented)
14:46:39 |                C403-7 flow term ±10% on direction
14:46:39 |   RETIRED      HP phase ladder (C403-3: 5 incident classes, 0 benefit)
14:46:39 |                Guardian + C329 (C403-4: 4 controllers, none knew the risk)
14:46:39 |                per-symbol learning (C403-2: needs ~10 months of trades)
14:46:39 |                DSI+DRI divergence / DRI HARD (C399: unreachable by construction)
14:46:39 | ============================================================
14:46:39 | ============================================================
14:46:39 | ✅ DRI SYSTEM (11 components, renormalised to exactly 1.0 [C400]) -- the idle scanner's exit model:
14:46:39 |    Threshold: 0.3 | Hard: 0.5
14:46:39 |    Weights: Mom=0.18 Tech=0.16 Vol=0.11
14:46:39 |    ML=0.04 Wave=0.04 OFI=0.06
14:46:39 |    Fund=0.05 MTF=0.06 RVS=0.07
14:46:39 |    PA=0.15(dyn→0.45) Time=0.10 — nominal sum 1.02, rescaled to 1.00 at runtime [C400: was 1.113]
14:46:39 |    DSI = 6 of those 11 (Mom/Vol/Tech/ML/Wave/MTF, sum 0.59) inverted, Hurst-modulated, now unit-scaled [C400]
14:46:39 |    READ THEM AS: DRI negative = reversal thesis STRONG; DRI→0 = thesis DYING. DSI positive = sustainable; DSI→0 = spent.
14:46:39 |    Updates: every 20s (15m candles do not move faster; prices stay on the 0.8s leg)
14:46:39 | ============================================================
14:46:39 | 📋 CONFIGURATION:
14:46:39 |    💰 Equity: $250.39 realised | Available: $226.45 before open P&L
14:46:39 |    📊 Position Sizing (idle scanner): Dynamic allocation, min $5.0 | 3-5 positions
14:46:39 |    🎲 Leverage (idle scanner): 1x-10x  (single mode — HP retired, C403-3)
14:46:39 |    📋 Limit Orders (idle scanner): ON | Maker 0.02% Taker 0.06%
14:46:39 |    🎚️ Loss control: monthly risk dial 15% — the book's month guard on marked equity; no day limit applies to the book (C497)
14:46:39 |    🛡️ Session drawdown breaker: off | Guardian: report only (C482)
14:46:39 |    ⏱️ Prices 0.8s | DRI 20s | Summary 480s | Min age 15min (the summary is the 8-min block; the rest are the scanner's)
14:46:39 |    🧠 Shared learning ON (Markov chains, calibration). Per-symbol memory OFF [C403-2]. -- the idle scanner's
14:46:39 | ============================================================
14:46:39 | 📊 MODE: NORMAL
14:46:39 | ============================================================
14:46:39 | 💡 Stop safely: sudo systemctl stop omega (Ctrl+C only when run by hand)
14:46:39 | ============================================================
14:46:39 | 🔄 Monitoring thread started — SPLIT LOOP [C397]: FAST leg every 0.8s (prices in PARALLEL → hard stop, trailing floor, peak floor, capture floor); SLOW leg every 20s (OHLCV/DRI) and 90s (BTC/ETH regime, AFTER positions are checked, never before) -- it watches INTRADAY positions; the book has no stops, its one limit is the month guard
14:46:41 | 💼 C488: portfolio engine ON -- the intraday scanner opens no new positions (OMEGA_ENGINE=intraday restores it); the book holds 9 positions
 
  14:54  up 0h08m  scan 0 ------------------------------------------------------------------------
  EQUITY    $244.86  unreal $-5.53
  OPEN      no intraday positions  book holds 9 (BOOK row)  free $220.92 after open P&L
  SHADOW    intraday M1 $259.43 (+2.84%)  M1g $253.93 (+0.66%)  4d paper only
  CARRY     $252.12 (-0.06%)  8 held  paper only
  SPOT      $250.00 (+0.00%)  3 held  10% invested  cash earns 7.63%  paper pot
  SAVINGS   idle $171.94 (70%)  at 7.63% +$0.00 so far  ~$1.09/month  paper
  BOOK      9 pos gross $120.55 (0.49x)  open $-5.53  funding $+0.02  vol 20% top 20
            rebal 2026-09-28
  SESSION   $+0.16 +0.07%
  MONTH     book guard $7.95 of $37.92 used  on marked equity  from $252.81  dial 15%
            #####.....................
  RECORD    no closed trades yet this run
  LIFETIME  139tr 44W 95L 32% intraday  account $+0.39 realised
  FEES      no fills yet this run
  ------------------------------------------------------------------------------------------------
 
14:54:37 | 
14:54:37 | ============================================================
14:54:37 | 📊 POSITION SUMMARY (8-MIN UPDATE)
14:54:37 | 💰 Equity: $250.39 | Unrealized: $-5.53
14:54:37 | 💵 Available: $220.92 after open P&L | Locked: $23.94
14:54:37 | 📈 Session: $+0.16 (+0.1%)
14:54:37 | 🎯 Win Rate (intraday trades): Overall 32% | Session no trades yet | Open none open
14:54:37 | ============================================================
14:54:37 | ============================================================
14:54:37 | 🔻 Book guard: $7.95 of $37.92 used this month on marked equity (21%, from $252.81) · realised today -0.71% [C497]
14:54:37 | ============================================================
14:54:37 | 
 
  15:02  up 0h16m  scan 0 ------------------------------------------------------------------------
  EQUITY    $244.81  unreal $-5.58
  OPEN      no intraday positions  book holds 9 (BOOK row)  free $220.87 after open P&L
  SHADOW    intraday M1 $259.43 (+2.84%)  M1g $253.93 (+0.66%)  4d paper only
  CARRY     $252.12 (-0.06%)  8 held  paper only
  SPOT      $249.97 (-0.01%)  3 held  10% invested  cash earns 7.63%  paper pot
  SAVINGS   idle $171.88 (70%)  at 7.63% +$0.00 so far  ~$1.09/month  paper
  BOOK      9 pos gross $120.21 (0.49x)  open $-5.58  funding $+0.02  vol 20% top 20
            rebal 2026-09-28
  SESSION   $+0.11 +0.04%  peak $244.86  dd 0.02%
  MONTH     book guard $8.00 of $37.92 used  on marked equity  from $252.81  dial 15%
            #####.....................
  RECORD    no closed trades yet this run
  LIFETIME  139tr 44W 95L 32% intraday  account $+0.39 realised
  FEES      no fills yet this run
  ------------------------------------------------------------------------------------------------
 
15:02:37 | 
15:02:37 | ============================================================
15:02:37 | 📊 POSITION SUMMARY (8-MIN UPDATE)
15:02:37 | 💰 Equity: $250.39 | Unrealized: $-5.58
15:02:37 | 💵 Available: $220.87 after open P&L | Locked: $23.94
15:02:37 | 📈 Session: $+0.11 (+0.0%)
15:02:37 | 🎯 Win Rate (intraday trades): Overall 32% | Session no trades yet | Open none open
15:02:37 | ============================================================
15:02:37 | ============================================================
15:02:37 | 🔻 Book guard: $8.00 of $37.92 used this month on marked equity (21%, from $252.81) · realised today -0.71% [C497]
15:02:37 | ============================================================
15:02:37 | 
 
  15:10  up 0h24m  scan 0 ------------------------------------------------------------------------
  EQUITY    $244.64  unreal $-5.75
  OPEN      no intraday positions  book holds 9 (BOOK row)  free $220.70 after open P&L
  SHADOW    intraday M1 $259.43 (+2.84%)  M1g $253.93 (+0.66%)  4d paper only
  CARRY     $252.12 (-0.06%)  8 held  paper only
  SPOT      $249.91 (-0.04%)  3 held  10% invested  cash earns 7.63%  paper pot
  SAVINGS   idle $171.76 (70%)  at 7.63% +$0.00 so far  ~$1.09/month  paper
  BOOK      9 pos gross $119.72 (0.49x)  open $-5.75  funding $+0.02  vol 20% top 20
            rebal 2026-09-28
  SESSION   $-0.06 -0.02%  peak $244.86  dd 0.09%
  MONTH     book guard $8.17 of $37.92 used  on marked equity  from $252.81  dial 15%
            ######....................
  RECORD    no closed trades yet this run
  LIFETIME  139tr 44W 95L 32% intraday  account $+0.39 realised
  FEES      no fills yet this run
  ------------------------------------------------------------------------------------------------
 
15:10:37 | 
15:10:37 | ============================================================
15:10:37 | 📊 POSITION SUMMARY (8-MIN UPDATE)
15:10:37 | 💰 Equity: $250.39 | Unrealized: $-5.75
15:10:37 | 💵 Available: $220.70 after open P&L | Locked: $23.94
15:10:37 | 📈 Session: $-0.06 (-0.0%)
15:10:37 | 🎯 Win Rate (intraday trades): Overall 32% | Session no trades yet | Open none open
15:10:37 | ============================================================
15:10:37 | ============================================================
15:10:37 | 🔻 Book guard: $8.17 of $37.92 used this month on marked equity (22%, from $252.81) · realised today -0.71% [C497]
15:10:37 | ============================================================
15:10:37 | 
