14:46:36 | 📊 Paper Mode
14:46:39 | ✅ Connected | 804 futures markets
 
  ================================================================================================
  OMEGA C503  PAPER  Bitget perps
  28 Sep 2026   14:46
  start $250.39 realised  risk dial 15%/month
  ================================================================================================
 
  RISK FRAME -------------------------------------------------------------------------------------
  EQUITY    $250.39 realised  804 markets
  MONTH     dial 15% = $37.92 this month  used $2.42 realised
  BOOK      daily trend + momentum + carry, rebalanced 00:05 UTC
            month guard on MARKED equity (open P&L counts)  intraday scanner idle
  ------------------------------------------------------------------------------------------------
 
14:46:39 | 🌐 Remote control on http://0.0.0.0:8138 — TOKEN REQUIRED
14:46:39 |    📱 Local network: http://10.0.0.160:8138/?t=<your token> (this machine's own address)
14:46:39 |    🌍 Internet: put a Cloudflare Tunnel in front of this port.
14:46:39 |        See deploy/DEPLOY.md — one command, no open ports, free.
14:46:39 | 📊 C503 WHAT IS RUNNING -- the portfolio book trades:
14:46:39 |    BOOK   trend (C1) + momentum (C2) + carry (C3), equal risk; vol target 20% from the
    15% dial; gross <= 3x equity; top 20 crypto; $6 minimum; 30% band
14:46:39 |           rebalanced daily 00:05 UTC with market orders (paper fills at the ask/bid,
    taker 0.06%); 5x cross margin; funding at each coin's own interval; its one limit is the month
    guard on MARKED equity
14:46:39 |    PAPER  never touches the account: intraday shadow (C489) hourly · carry (C490) 00:10
    UTC · spot pot (C501/C502) $250, spot minimum $1, 00:20 UTC · idle cash -> Savings at 7.63%
    every minute · allostatic shadow (K4) at each rebalance
14:46:39 |    IDLE   the intraday scanner (OMEGA_ENGINE=intraday restores it): every block below, to
    the 'stop safely' line, describes it
14:46:39 |    🛡️ Session drawdown breaker: off | Guardian: report only (C482)
14:46:39 | 💡 Stop safely: sudo systemctl stop omega (Ctrl+C only when run by hand)
 
  14:54  up 0h08m  scan 0 ------------------------------------------------------------------------
  EQUITY    $244.86  unreal $-5.53
  OPEN      no intraday positions  book holds 9 (BOOK row)  free $220.92 after open P&L
  SHADOW    intraday M1 $259.43 (+2.84%)  M1g $253.93 (+0.66%)  4d paper only
  CARRY     $252.12 (-0.06%)  8 held  paper only
  SPOT      $250.00 (+0.00%)  3 held  10% invested  cash earns 7.63%  paper pot
  SAVINGS   idle $171.94 (70%)  at 7.63% +$0.00 so far  ~$1.09/month  paper
  BOOK      9 pos gross $120.55 (0.49x)  open $-5.53  funding $+0.02  vol 20% top 20
            rebal 2026-09-28
  SESSION   $+0.16 +0.07%
  MONTH     book guard $7.95 of $37.92 used  on marked equity  from $252.81  dial 15%
            #####.....................
  RECORD    no closed trades yet this run
  LIFETIME  139tr 44W 95L 32% intraday  account $+0.39 realised
  FEES      no fills yet this run
  ------------------------------------------------------------------------------------------------
 
 
  15:02  up 0h16m  scan 0 ------------------------------------------------------------------------
  EQUITY    $244.81  unreal $-5.58
  OPEN      no intraday positions  book holds 9 (BOOK row)  free $220.87 after open P&L
  SHADOW    intraday M1 $259.43 (+2.84%)  M1g $253.93 (+0.66%)  4d paper only
  CARRY     $252.12 (-0.06%)  8 held  paper only
  SPOT      $249.97 (-0.01%)  3 held  10% invested  cash earns 7.63%  paper pot
  SAVINGS   idle $171.88 (70%)  at 7.63% +$0.00 so far  ~$1.09/month  paper
  BOOK      9 pos gross $120.21 (0.49x)  open $-5.58  funding $+0.02  vol 20% top 20
            rebal 2026-09-28
  SESSION   $+0.11 +0.04%  peak $244.86  dd 0.02%
  MONTH     book guard $8.00 of $37.92 used  on marked equity  from $252.81  dial 15%
            #####.....................
  RECORD    no closed trades yet this run
  LIFETIME  139tr 44W 95L 32% intraday  account $+0.39 realised
  FEES      no fills yet this run
  ------------------------------------------------------------------------------------------------
 
 
  15:10  up 0h24m  scan 0 ------------------------------------------------------------------------
  EQUITY    $244.64  unreal $-5.75
  OPEN      no intraday positions  book holds 9 (BOOK row)  free $220.70 after open P&L
  SHADOW    intraday M1 $259.43 (+2.84%)  M1g $253.93 (+0.66%)  4d paper only
  CARRY     $252.12 (-0.06%)  8 held  paper only
  SPOT      $249.91 (-0.04%)  3 held  10% invested  cash earns 7.63%  paper pot
  SAVINGS   idle $171.76 (70%)  at 7.63% +$0.00 so far  ~$1.09/month  paper
  BOOK      9 pos gross $119.72 (0.49x)  open $-5.75  funding $+0.02  vol 20% top 20
            rebal 2026-09-28
  SESSION   $-0.06 -0.02%  peak $244.86  dd 0.09%
  MONTH     book guard $8.17 of $37.92 used  on marked equity  from $252.81  dial 15%
            ######....................
  RECORD    no closed trades yet this run
  LIFETIME  139tr 44W 95L 32% intraday  account $+0.39 realised
  FEES      no fills yet this run
  ------------------------------------------------------------------------------------------------
 
 
  15:18  up 0h32m  scan 0 ------------------------------------------------------------------------
  EQUITY    $244.49  unreal $-5.90
  OPEN      no intraday positions  book holds 9 (BOOK row)  free $220.55 after open P&L
  SHADOW    intraday M1 $259.43 (+2.84%)  M1g $253.93 (+0.66%)  4d paper only
  CARRY     $252.12 (-0.06%)  8 held  paper only
  SPOT      $249.91 (-0.04%)  3 held  10% invested  cash earns 7.63%  paper pot
  SAVINGS   idle $171.67 (70%)  at 7.63% +$0.00 so far  ~$1.09/month  paper
  BOOK      9 pos gross $119.69 (0.49x)  open $-5.90  funding $+0.02  vol 20% top 20
            rebal 2026-09-28
  SESSION   $-0.21 -0.09%  peak $244.86  dd 0.15%
  MONTH     book guard $8.32 of $37.92 used  on marked equity  from $252.81  dial 15%
            ######....................
  RECORD    no closed trades yet this run
  LIFETIME  139tr 44W 95L 32% intraday  account $+0.39 realised
  FEES      no fills yet this run
  ------------------------------------------------------------------------------------------------
 
 
  15:26  up 0h40m  scan 0 ------------------------------------------------------------------------
  EQUITY    $244.58  unreal $-5.81
  OPEN      no intraday positions  book holds 9 (BOOK row)  free $220.64 after open P&L
  SHADOW    intraday M1 $259.43 (+2.84%)  M1g $253.93 (+0.66%)  4d paper only
  CARRY     $252.12 (-0.06%)  8 held  paper only
  SPOT      $249.91 (-0.04%)  3 held  10% invested  cash earns 7.63%  paper pot
  SAVINGS   idle $171.74 (70%)  at 7.63% +$0.00 so far  ~$1.09/month  paper
  BOOK      9 pos gross $119.35 (0.49x)  open $-5.81  funding $+0.02  vol 20% top 20
            rebal 2026-09-28
  SESSION   $-0.12 -0.05%  peak $244.86  dd 0.11%
  CURVE     +++===
  MONTH     book guard $8.23 of $37.92 used  on marked equity  from $252.81  dial 15%
            ######....................
  RECORD    no closed trades yet this run
  LIFETIME  139tr 44W 95L 32% intraday  account $+0.39 realised
  FEES      no fills yet this run
  ------------------------------------------------------------------------------------------------
 
15:32:56 |    👻 C489 shadow hour 10:00 UTC: 37 coins scored (warm-up (14, no flow)), gate shut | M1
    $258.17 (+2.34%) M1g $253.80 (+0.61%) over 4d [29s]
 
  15:34  up 0h48m  scan 0 ------------------------------------------------------------------------
  EQUITY    $244.74  unreal $-5.65
  OPEN      no intraday positions  book holds 9 (BOOK row)  free $220.80 after open P&L
  SHADOW    intraday M1 $258.17 (+2.34%)  M1g $253.80 (+0.61%)  4d paper only
  CARRY     $252.12 (-0.06%)  8 held  paper only
  SPOT      $249.99 (-0.01%)  3 held  10% invested  cash earns 7.63%  paper pot
  SAVINGS   idle $171.87 (70%)  at 7.63% +$0.00 so far  ~$1.09/month  paper
  BOOK      9 pos gross $120.21 (0.49x)  open $-5.65  funding $+0.02  vol 20% top 20
            rebal 2026-09-28
  SESSION   $+0.04 +0.02%  peak $244.86  dd 0.05%
  CURVE     +++===+
  MONTH     book guard $8.07 of $37.92 used  on marked equity  from $252.81  dial 15%
            ######....................
  RECORD    no closed trades yet this run
  LIFETIME  139tr 44W 95L 32% intraday  account $+0.39 realised
  FEES      no fills yet this run
  ------------------------------------------------------------------------------------------------
 
 
  15:42  up 0h56m  scan 0 ------------------------------------------------------------------------
  EQUITY    $244.64  unreal $-5.75
  OPEN      no intraday positions  book holds 9 (BOOK row)  free $220.70 after open P&L
  SHADOW    intraday M1 $258.17 (+2.34%)  M1g $253.80 (+0.61%)  4d paper only
  CARRY     $252.12 (-0.06%)  8 held  paper only
  SPOT      $249.95 (-0.02%)  3 held  10% invested  cash earns 7.63%  paper pot
  SAVINGS   idle $171.79 (70%)  at 7.63% +$0.00 so far  ~$1.09/month  paper
  BOOK      9 pos gross $119.71 (0.49x)  open $-5.75  funding $+0.02  vol 20% top 20
            rebal 2026-09-28
  SESSION   $-0.06 -0.02%  peak $244.86  dd 0.09%
  CURVE     +++===+=
  MONTH     book guard $8.17 of $37.92 used  on marked equity  from $252.81  dial 15%
            ######....................
  RECORD    no closed trades yet this run
  LIFETIME  139tr 44W 95L 32% intraday  account $+0.39 realised
  FEES      no fills yet this run
  ------------------------------------------------------------------------------------------------
 
 
  15:50  up 1h04m  scan 0 ------------------------------------------------------------------------
  EQUITY    $244.67  unreal $-5.72
  OPEN      no intraday positions  book holds 9 (BOOK row)  free $220.73 after open P&L
  SHADOW    intraday M1 $258.17 (+2.34%)  M1g $253.80 (+0.61%)  4d paper only
  CARRY     $252.12 (-0.06%)  8 held  paper only
  SPOT      $249.95 (-0.02%)  3 held  10% invested  cash earns 7.63%  paper pot
  SAVINGS   idle $171.80 (70%)  at 7.63% +$0.00 so far  ~$1.09/month  paper
  BOOK      9 pos gross $119.70 (0.49x)  open $-5.72  funding $+0.02  vol 20% top 20
            rebal 2026-09-28
  SESSION   $-0.03 -0.01%  peak $244.86  dd 0.08%
  CURVE     +++===+==
  MONTH     book guard $8.14 of $37.92 used  on marked equity  from $252.81  dial 15%
            ######....................
  RECORD    no closed trades yet this run
  LIFETIME  139tr 44W 95L 32% intraday  account $+0.39 realised
  FEES      no fills yet this run
  ------------------------------------------------------------------------------------------------
 
 
  15:58  up 1h12m  scan 0 ------------------------------------------------------------------------
  EQUITY    $244.65  unreal $-5.74
  OPEN      no intraday positions  book holds 9 (BOOK row)  free $220.71 after open P&L
  SHADOW    intraday M1 $258.17 (+2.34%)  M1g $253.80 (+0.61%)  4d paper only
  CARRY     $252.12 (-0.06%)  8 held  paper only
  SPOT      $249.97 (-0.01%)  3 held  10% invested  cash earns 7.63%  paper pot
  SAVINGS   idle $171.77 (70%)  at 7.63% +$0.00 so far  ~$1.09/month  paper
  BOOK      9 pos gross $120.10 (0.49x)  open $-5.75  funding $+0.02  vol 20% top 20
            rebal 2026-09-28
  SESSION   $-0.05 -0.02%  peak $244.86  dd 0.09%
  CURVE     +++===+===
  MONTH     book guard $8.16 of $37.92 used  on marked equity  from $252.81  dial 15%
            ######....................
  RECORD    no closed trades yet this run
  LIFETIME  139tr 44W 95L 32% intraday  account $+0.39 realised
  FEES      no fills yet this run
  ------------------------------------------------------------------------------------------------
 
 
  16:06  up 1h20m  scan 0 ------------------------------------------------------------------------
  EQUITY    $244.60  unreal $-5.79
  OPEN      no intraday positions  book holds 9 (BOOK row)  free $220.66 after open P&L
  SHADOW    intraday M1 $258.17 (+2.34%)  M1g $253.80 (+0.61%)  4d paper only
  CARRY     $252.12 (-0.06%)  8 held  paper only
  SPOT      $250.01 (+0.00%)  3 held  10% invested  cash earns 7.63%  paper pot
  SAVINGS   idle $171.74 (70%)  at 7.63% +$0.00 so far  ~$1.09/month  paper
  BOOK      9 pos gross $120.57 (0.49x)  open $-5.79  funding $+0.02  vol 20% top 20
            rebal 2026-09-28
  SESSION   $-0.10 -0.04%  peak $244.86  dd 0.11%
  CURVE     +++===+====
  MONTH     book guard $8.21 of $37.92 used  on marked equity  from $252.81  dial 15%
            ######....................
  RECORD    no closed trades yet this run
  LIFETIME  139tr 44W 95L 32% intraday  account $+0.39 realised
  FEES      no fills yet this run
  ------------------------------------------------------------------------------------------------
 
 
  16:14  up 1h28m  scan 0 ------------------------------------------------------------------------
  EQUITY    $244.66  unreal $-5.73
  OPEN      no intraday positions  book holds 9 (BOOK row)  free $220.72 after open P&L
  SHADOW    intraday M1 $258.17 (+2.34%)  M1g $253.80 (+0.61%)  4d paper only
  CARRY     $252.12 (-0.06%)  8 held  paper only
  SPOT      $250.03 (+0.01%)  3 held  10% invested  cash earns 7.63%  paper pot
  SAVINGS   idle $171.79 (70%)  at 7.63% +$0.00 so far  ~$1.09/month  paper
  BOOK      9 pos gross $120.88 (0.49x)  open $-5.72  funding $+0.02  vol 20% top 20
            rebal 2026-09-28
  SESSION   $-0.04 -0.02%  peak $244.86  dd 0.08%
  CURVE     +++===+=====
  MONTH     book guard $8.15 of $37.92 used  on marked equity  from $252.81  dial 15%
            ######....................
  RECORD    no closed trades yet this run
  LIFETIME  139tr 44W 95L 32% intraday  account $+0.39 realised
  FEES      no fills yet this run
  ------------------------------------------------------------------------------------------------
 
 
  16:22  up 1h36m  scan 0 ------------------------------------------------------------------------
  EQUITY    $244.63  unreal $-5.76
  OPEN      no intraday positions  book holds 9 (BOOK row)  free $220.69 after open P&L
  SHADOW    intraday M1 $258.17 (+2.34%)  M1g $253.80 (+0.61%)  4d paper only
  CARRY     $252.12 (-0.06%)  8 held  paper only
  SPOT      $250.03 (+0.01%)  3 held  10% invested  cash earns 7.63%  paper pot
  SAVINGS   idle $171.76 (70%)  at 7.63% +$0.00 so far  ~$1.09/month  paper
  BOOK      9 pos gross $120.87 (0.49x)  open $-5.76  funding $+0.02  vol 20% top 20
            rebal 2026-09-28
  SESSION   $-0.07 -0.03%  peak $244.86  dd 0.09%
  CURVE     +++===+======
  MONTH     book guard $8.18 of $37.92 used  on marked equity  from $252.81  dial 15%
            ######....................
  RECORD    no closed trades yet this run
  LIFETIME  139tr 44W 95L 32% intraday  account $+0.39 realised
  FEES      no fills yet this run
  ------------------------------------------------------------------------------------------------
 
 
  16:30  up 1h44m  scan 0 ------------------------------------------------------------------------
  EQUITY    $244.53  unreal $-5.86
  OPEN      no intraday positions  book holds 9 (BOOK row)  free $220.59 after open P&L
  SHADOW    intraday M1 $258.17 (+2.34%)  M1g $253.80 (+0.61%)  4d paper only
  CARRY     $252.12 (-0.06%)  8 held  paper only
  SPOT      $250.02 (+0.01%)  3 held  10% invested  cash earns 7.63%  paper pot
  SAVINGS   idle $171.68 (70%)  at 7.63% +$0.01 so far  ~$1.09/month  paper
  BOOK      9 pos gross $121.13 (0.49x)  open $-5.86  funding $+0.02  vol 20% top 20
            rebal 2026-09-28
  SESSION   $-0.17 -0.07%  peak $244.86  dd 0.13%
  CURVE     +++===+=======
  MONTH     book guard $8.28 of $37.92 used  on marked equity  from $252.81  dial 15%
            ######....................
  RECORD    no closed trades yet this run
  LIFETIME  139tr 44W 95L 32% intraday  account $+0.39 realised
  FEES      no fills yet this run
  ------------------------------------------------------------------------------------------------
 
16:32:40 |    👻 C489 shadow hour 11:00 UTC: 37 coins scored (warm-up (14, no flow)), gate shut | M1
    $259.24 (+2.77%) M1g $253.94 (+0.67%) over 4d [17s]
 
  16:38  up 1h52m  scan 0 ------------------------------------------------------------------------
  EQUITY    $244.51  unreal $-5.88
  OPEN      no intraday positions  book holds 9 (BOOK row)  free $220.57 after open P&L
  SHADOW    intraday M1 $259.24 (+2.77%)  M1g $253.94 (+0.67%)  4d paper only
  CARRY     $252.12 (-0.06%)  8 held  paper only
  SPOT      $250.07 (+0.03%)  3 held  10% invested  cash earns 7.63%  paper pot
  SAVINGS   idle $171.67 (70%)  at 7.63% +$0.01 so far  ~$1.09/month  paper
  BOOK      9 pos gross $121.24 (0.50x)  open $-5.88  funding $+0.02  vol 20% top 20
            rebal 2026-09-28
  SESSION   $-0.19 -0.08%  peak $244.86  dd 0.14%
  CURVE     +++===+========
  MONTH     book guard $8.30 of $37.92 used  on marked equity  from $252.81  dial 15%
            ######....................
  RECORD    no closed trades yet this run
  LIFETIME  139tr 44W 95L 32% intraday  account $+0.39 realised
  FEES      no fills yet this run
  ------------------------------------------------------------------------------------------------
 
 
  16:46  up 2h00m  scan 0 ------------------------------------------------------------------------
  EQUITY    $244.53  unreal $-5.86
  OPEN      no intraday positions  book holds 9 (BOOK row)  free $220.59 after open P&L
  SHADOW    intraday M1 $259.24 (+2.77%)  M1g $253.94 (+0.67%)  4d paper only
  CARRY     $252.12 (-0.06%)  8 held  paper only
  SPOT      $250.05 (+0.02%)  3 held  10% invested  cash earns 7.63%  paper pot
  SAVINGS   idle $171.68 (70%)  at 7.63% +$0.01 so far  ~$1.09/month  paper
  BOOK      9 pos gross $121.11 (0.49x)  open $-5.86  funding $+0.02  vol 20% top 20
            rebal 2026-09-28
  SESSION   $-0.17 -0.07%  peak $244.86  dd 0.13%
  CURVE     +++===+=========
  MONTH     book guard $8.28 of $37.92 used  on marked equity  from $252.81  dial 15%
            ######....................
  RECORD    no closed trades yet this run
  LIFETIME  139tr 44W 95L 32% intraday  account $+0.39 realised
  FEES      no fills yet this run
  ------------------------------------------------------------------------------------------------
 
 
  16:54  up 2h08m  scan 0 ------------------------------------------------------------------------
  EQUITY    $244.64  unreal $-5.75
  OPEN      no intraday positions  book holds 9 (BOOK row)  free $220.70 after open P&L
  SHADOW    intraday M1 $259.24 (+2.77%)  M1g $253.94 (+0.67%)  4d paper only
  CARRY     $252.12 (-0.06%)  8 held  paper only
  SPOT      $250.07 (+0.03%)  3 held  10% invested  cash earns 7.63%  paper pot
  SAVINGS   idle $171.76 (70%)  at 7.63% +$0.01 so far  ~$1.09/month  paper
  BOOK      9 pos gross $121.37 (0.50x)  open $-5.75  funding $+0.02  vol 20% top 20
            rebal 2026-09-28
  SESSION   $-0.06 -0.02%  peak $244.86  dd 0.09%
  CURVE     +++===+==========
  MONTH     book guard $8.17 of $37.92 used  on marked equity  from $252.81  dial 15%
            ######....................
  RECORD    no closed trades yet this run
  LIFETIME  139tr 44W 95L 32% intraday  account $+0.39 realised
  FEES      no fills yet this run
  ------------------------------------------------------------------------------------------------
 
 
  17:02  up 2h16m  scan 0 ------------------------------------------------------------------------
  EQUITY    $244.35  unreal $-6.04
  OPEN      no intraday positions  book holds 9 (BOOK row)  free $220.41 after open P&L
  SHADOW    intraday M1 $259.24 (+2.77%)  M1g $253.94 (+0.67%)  4d paper only
  CARRY     $252.12 (-0.06%)  8 held  paper only
  SPOT      $250.07 (+0.03%)  3 held  10% invested  cash earns 7.63%  paper pot
  SAVINGS   idle $171.52 (70%)  at 7.63% +$0.01 so far  ~$1.09/month  paper
  BOOK      9 pos gross $121.51 (0.50x)  open $-6.04  funding $+0.02  vol 20% top 20
            rebal 2026-09-28
  SESSION   $-0.35 -0.14%  peak $244.86  dd 0.21%
  CURVE     ++++==++++=++===+=
  MONTH     book guard $8.46 of $37.92 used  on marked equity  from $252.81  dial 15%
            ######....................
  RECORD    no closed trades yet this run
  LIFETIME  139tr 44W 95L 32% intraday  account $+0.39 realised
  FEES      no fills yet this run
  ------------------------------------------------------------------------------------------------
 
 
  17:10  up 2h24m  scan 0 ------------------------------------------------------------------------
  EQUITY    $244.23  unreal $-6.16
  OPEN      no intraday positions  book holds 9 (BOOK row)  free $220.29 after open P&L
  SHADOW    intraday M1 $259.24 (+2.77%)  M1g $253.94 (+0.67%)  4d paper only
  CARRY     $252.12 (-0.06%)  8 held  paper only
  SPOT      $250.08 (+0.03%)  3 held  10% invested  cash earns 7.63%  paper pot
  SAVINGS   idle $171.48 (70%)  at 7.63% +$0.01 so far  ~$1.09/month  paper
  BOOK      9 pos gross $121.81 (0.50x)  open $-6.16  funding $+0.02  vol 20% top 20
            rebal 2026-09-28
  SESSION   $-0.47 -0.19%  peak $244.86  dd 0.26%
  CURVE     ++++=++++++++===+==
  MONTH     book guard $8.58 of $37.92 used  on marked equity  from $252.81  dial 15%
            ######....................
  RECORD    no closed trades yet this run
  LIFETIME  139tr 44W 95L 32% intraday  account $+0.39 realised
  FEES      no fills yet this run
  ------------------------------------------------------------------------------------------------
 

============================================================
📝 Log saved: 2026-09-28 17:12:32
============================================================
 
  SESSION SUMMARY --------------------------------------------------------------------------------
  RAN       2h25m  0 scans  0 pair-analyses  0 closed trades
  P&L       $-0.47 (-0.19%)  $244.70 > $244.23  maxDD 0.26%
  CURVE     *@@*=+#***+**===*_.
  COST      fees $0.00  maker 0 / taker 0 fills
  ------------------------------------------------------------------------------------------------
 
