17:46:32 | 📊 Paper Mode
17:46:35 | ✅ Connected | 805 futures markets
17:46:35 | 📐 RISK @ $253.13: monthly dial 15% = $37.92/month  |  per-trade risk 0.341% = $0.86  |
    break-even win rate 35% at the measured 1.87 payoff [C482]
17:46:35 |    today's loss limit is 25% of what the month has left, fixed at midnight (C482)
 
  ================================================================================================
  OMEGA C489  PAPER  Bitget perps
  25 Sep 2026   17:46
  start $253.13  risk dial 15%/month
  ================================================================================================
 
  RISK FRAME -------------------------------------------------------------------------------------
  EQUITY    $253.13  805 markets
  MONTH     dial 15% = $37.92 this month  used $0.00
  DAY       limit $9.44  25% of what the month has left, fixed at midnight
  RISK      0.341% = $0.86/trade  trades/day NO CAP
  EDGE      +0.0496 blended  44W 94L realised
  NEED      35% win at 1.87 payoff
  ------------------------------------------------------------------------------------------------
 
17:46:35 |    🔒 C378 stop level $0.2364 recorded (paper — C377 enforces it in-process) [C397
    tick-legal]
17:46:35 | 🌐 Remote control on http://0.0.0.0:8138 — TOKEN REQUIRED
17:46:35 |    📱 Same WiFi: http://10.0.0.160:8138/?t=<your token>
17:46:35 |    🌍 Internet: put a Cloudflare Tunnel in front of this port.
17:46:35 |        See deploy/DEPLOY.md — one command, no open ports, free.
17:46:35 |   4 EXIT       4 questions: HARD STOP · THESIS DEAD (C399 retention)
17:46:35 |    🎚️ Loss control: monthly risk dial 15% — today may lose 25% of what the month has left
    (C482)
17:46:35 |    🛡️ Session drawdown breaker: off | Guardian: report only (C482)
17:46:35 | 💡 Press Ctrl+C to stop safely
17:46:56 |    💼 C488 first: BUY ARB 27.81 @ $0.222060 ($6.18; fee $0.004) -> holding +27.81
17:46:56 |    💼 C488 first: BUY ETH 0.01 @ $2691.98 ($26.92; fee $0.016) -> holding +0.01
17:46:56 |    💼 C488 first: SELL LINK 1 @ $13.9450 ($13.95; fee $0.008) -> holding -1
17:46:56 |    💼 C488 first: BUY NEAR 2 @ $4.9602 ($9.92; fee $0.006) -> holding +2
17:46:56 |    💼 C488 first: BUY PEPE 2.732e+06 @ $0.0000044713 ($12.22; fee $0.007) -> holding
    +2.732e+06
17:46:57 |    💼 C488 first: SELL PUMP 3046 @ $0.00413800 ($12.60; fee $0.008) -> holding -3046
17:46:57 |    💼 C488 first: BUY SOL 0.1 @ $119.03 ($11.90; fee $0.007) -> holding +0.1
17:46:57 |    💼 C488 first: BUY UNI 1 @ $9.6440 ($9.64; fee $0.006) -> holding +1
17:46:57 |    💼 C488 first: SELL WLD 34 @ $0.450100 ($15.30; fee $0.009) -> holding -34
17:46:57 | 💼 C488 REBALANCE (first): 9 positions targeted, gross 0.41x of $252.63, 9 trades $118.63,
    top 20, vol target 20.0% [22s]
17:47:29 |    👻 C489 shadow hour 12:00 UTC: 0 coins scored, gate shut | M1 +0.00% M1g +0.00% over 1d
    [32s]
17:49:33 |    🛑 C377 HARD STOP FET: -1.62% <= -1.59% (0.8R, R=2.12%) — arithmetic, not opinion
17:49:33 | ❌ LOSS: FET/USDT:USDT | C377_RISK_STOP: -1.62% = -0.77R
  << 17:49  CLOSE  FET LONG @0.236300  -1.62% $-0.79  LOSS
       held 13m  C377_RISK_STOP: -1.62% =  round trip from +1.12%  -0.77R  TAKER
 
 
  17:54  up 0h08m  scan 0 ------------------------------------------------------------------------
  EQUITY    $252.45  unreal $+0.19
  OPEN      flat  free $228.54
  SHADOW    intraday M1 +0.00%  M1g +0.00%  1d paper only
  BOOK      9 pos gross $119.35 (0.47x)  open $+0.19  funding $+0.00  vol 20% top 20
            rebal 2026-09-25
  SESSION   $-0.68 -0.27%  peak $253.13  dd 0.27%
  DAY       real $-0.37  limit $9.44 (3.74%)  4% used
            #.........................
  MONTH     dial 15%  used $0.54 of $37.92  from $252.81
  RECORD    1 closed  0W 1L  win 0%  avg $-0.79/tr
  LIFETIME  139tr 44W 95L 32%  $+2.26
  FEES      $0.03  mk0/tk1  0.011% of eq
  MARKET    MIXED  bias +0.00  breadth +0.00  taker flow -0.21
  TAPE      -
  ------------------------------------------------------------------------------------------------
 
 
  18:02  up 0h16m  scan 0 ------------------------------------------------------------------------
  EQUITY    $252.61  unreal $+0.35
  OPEN      flat  free $228.54
  SHADOW    intraday M1 +0.00%  M1g +0.00%  1d paper only
  BOOK      9 pos gross $119.77 (0.47x)  open $+0.35  funding $+0.00  vol 20% top 20
            rebal 2026-09-25
  SESSION   $-0.52 -0.20%  peak $253.13  dd 0.20%
  DAY       real $-0.37  limit $9.44 (3.74%)  4% used
            #.........................
  MONTH     dial 15%  used $0.54 of $37.92  from $252.81
  RECORD    1 closed  0W 1L  win 0%  avg $-0.79/tr
  LIFETIME  139tr 44W 95L 32%  $+2.26
  FEES      $0.03  mk0/tk1  0.011% of eq
  MARKET    MIXED  bias +0.00  breadth +0.00  taker flow -0.21
  TAPE      -
  ------------------------------------------------------------------------------------------------
 
 
  18:10  up 0h24m  scan 0 ------------------------------------------------------------------------
  EQUITY    $252.62  unreal $+0.36
  OPEN      flat  free $228.54
  SHADOW    intraday M1 +0.00%  M1g +0.00%  1d paper only
  BOOK      9 pos gross $120.50 (0.48x)  open $+0.36  funding $+0.00  vol 20% top 20
            rebal 2026-09-25
  SESSION   $-0.51 -0.20%  peak $253.13  dd 0.20%
  DAY       real $-0.37  limit $9.44 (3.74%)  4% used
            #.........................
  MONTH     dial 15%  used $0.54 of $37.92  from $252.81
  RECORD    1 closed  0W 1L  win 0%  avg $-0.79/tr
  LIFETIME  139tr 44W 95L 32%  $+2.26
  FEES      $0.03  mk0/tk1  0.011% of eq
  MARKET    MIXED  bias +0.00  breadth +0.00  taker flow -0.21
  TAPE      -
  ------------------------------------------------------------------------------------------------
 
