
  ================================================================================================
  OMEGA C479  PAPER  Bitget perps
  20 Sep 2026   10:25
  start $250.00  day -0.68% loss
  ================================================================================================



  10:34  up 0h08m  scan 2 ------------------------------------------------------------------------
  EQUITY    $250.00
  SESSION   $+0.00 +0.00%
  DAY       real $+0.00  loss room $2.13 (0.85%)  0% used  vol x1.00  trust x1.25
            ..........................
  RECORD    no closed trades yet this run
  OPEN      flat  free $250.00
  FEES      no fills yet this run
  SCAN      797 > 60 > 0 passed  top CHIP 0.60 (pending)  2 scans, 120 analysed
  MARKET    TRENDING  bias -0.52  breadth -0.20  taker flow +0.14
  NEWS      65 articles  + tone +0.26  SOL +0.54  XRP +0.50  DOGE +0.38
  MOVERS    CELR +115% #13  ONE +64% #7  G +62% #6  AKE +38% cut
  ------------------------------------------------------------------------------------------------

  .. 10:42  flat  $250.00  $+0.00 +0.00%  0W 0L  13 analysed
  .. 10:50  flat  $250.00  $+0.00 +0.00%  0W 0L  60 analysed
  .. 10:58  flat  $250.00  $+0.00 +0.00%  0W 0L  11 analysed


  11:06  up 0h40m  scan 6 ------------------------------------------------------------------------
  EQUITY    $250.00
  SESSION   $+0.00 +0.00%
  CURVE     ======
  DAY       real $+0.00  loss room $1.69 (0.68%)  0% used  vol x0.80  trust x1.25
            ..........................
  RECORD    no closed trades yet this run
  OPEN      flat  free $312.50
  FEES      no fills yet this run
  SCAN      797 > 60 > 1 passed  top CELR 0.49 (viable)  6 scans, 264 analysed
  MARKET    TRENDING  bias -0.49  breadth +0.00  taker flow +0.22
  NEWS      65 articles  + tone +0.08  SOL +0.54  XRP +0.50  DOGE +0.38
  INFO      1 tilted  flow/fund/news/oi on 88
  MOVERS    CELR +108% #12  ONE +82% #6  G +69% #7  M +37% #48
  ------------------------------------------------------------------------------------------------

  .. 11:14  flat  $250.00  $+0.00 +0.00%  0W 0L  1 analysed
  .. 11:22  flat  $250.00  $+0.00 +0.00%  0W 0L  60 analysed

  SESSION SUMMARY --------------------------------------------------------------------------------
  RAN       1h01m  8 scans  325 pair-analyses  0 closed trades
  P&L       $+0.00 (+0.00%)  $250.00 > $250.00  maxDD 0.00%
  CURVE     =========
  COST      fees $0.00  maker 0 / taker 0 fills
  ------------------------------------------------------------------------------------------------

