12:18:43 | 📊 Paper Mode
12:18:44 | ✅ Connected | 740 futures markets (Binance USDⓈ-M)
 
  ================================================================================================
  OMEGA C521  PAPER  Binance perps
  02 Oct 2026   12:18
  start $499.72 realised  risk dial 20%/month
  ================================================================================================
 
  RISK FRAME -------------------------------------------------------------------------------------
  EQUITY    $499.72 realised  740 markets
  MONTH     dial 20% = $100.00 this month  used $0.28 realised
  BOOK      daily trend + momentum + carry, rebalanced 00:05 UTC
            month guard on MARKED equity (open P&L counts)  intraday scanner idle
  ------------------------------------------------------------------------------------------------
 
12:18:44 | 🌐 Remote control on http://0.0.0.0:8138 — TOKEN REQUIRED
12:18:44 |    📱 Local network: http://10.0.0.160:8138/?t=<your token> (this machine's own address)
12:18:44 |    🌍 Internet: put a Cloudflare Tunnel in front of this port.
12:18:44 |        See deploy/DEPLOY.md — one command, no open ports, free.
12:18:44 | 📊 C503 WHAT IS RUNNING -- the portfolio book trades:
12:18:44 |    RULE   C2 N2+N3 + range vol (GK): C2 = residual momentum, no crowded shorts (N2+N3) --
    a FORWARD TEST in paper (C510); the admitted rule is scored beside it in the rule tournament
12:18:44 |    BOOK   trend (C1) + momentum (C2) + carry (C3), equal risk; vol target 27% from the
    20% dial; gross <= 3x equity; top 20 crypto; $6 minimum; 30% band
12:18:44 |           rebalanced daily 00:05 UTC with market orders (paper fills at the ask/bid,
    taker 0.05%); 5x cross margin; funding at each coin's own interval; its one limit is the month
    guard on MARKED equity
12:18:44 |    PAPER  never touches the account: intraday shadow (C489) hourly · carry (C490) 00:10
    UTC · spot pot (C501/C502) $250, spot minimum $5, 00:20 UTC · idle cash -> Savings at 6.69%
    every minute · rule tournament (C510, 9 rules on the same prices) at each rebalance · BFUSD
    wallet at 7.66% (C521) · the same plan on Delta Exchange India, $500 (C521)
12:18:44 |    IDLE   the intraday scanner, the OLD strategy (139 trades, 44W/95L before the 29 Sep
    2026 fresh start; it lost after fees): it opens nothing, and its boot description is not printed
    (OMEGA_ENGINE=intraday runs and describes it)
12:18:44 | 💡 Stop safely: sudo systemctl stop omega (Ctrl+C only when run by hand)

============================================================
📝 Log saved: 2026-10-02 12:19:23
============================================================
 
  SESSION SUMMARY --------------------------------------------------------------------------------
  RAN       0h00m  daily book  0 book fills this run  book closed 1 in all
  P&L       $+0.00 (+0.00%)  $499.38 > $499.38  maxDD 0.00%
  COST      fees $0.00  maker 0 / taker 0 fills
  ------------------------------------------------------------------------------------------------
 
