10:05:26 | 📊 Paper Mode
10:05:29 | ✅ Connected | 804 futures markets
 
  ================================================================================================
  OMEGA C513  PAPER  Bitget perps
  30 Sep 2026   10:05
  start $249.93 realised  risk dial 20%/month
  ================================================================================================
 
  RISK FRAME -------------------------------------------------------------------------------------
  EQUITY    $249.93 realised  804 markets
  MONTH     dial 20% = $50.00 this month  used $0.07 realised
  BOOK      daily trend + momentum + carry, rebalanced 00:05 UTC
            month guard on MARKED equity (open P&L counts)  intraday scanner idle
  ------------------------------------------------------------------------------------------------
 
10:05:29 | 🌐 Remote control on http://0.0.0.0:8138 — TOKEN REQUIRED
10:05:29 |    📱 Local network: http://10.0.0.160:8138/?t=<your token> (this machine's own address)
10:05:29 |    🌍 Internet: put a Cloudflare Tunnel in front of this port.
10:05:29 |        See deploy/DEPLOY.md — one command, no open ports, free.
10:05:29 | 📊 C503 WHAT IS RUNNING -- the portfolio book trades:
10:05:29 |    RULE   C2 N2+N3: C2 = residual momentum, no crowded shorts (N2+N3) -- a FORWARD TEST
    in paper (C510); the admitted rule is scored beside it in the rule tournament
10:05:29 |    BOOK   trend (C1) + momentum (C2) + carry (C3), equal risk; vol target 27% from the
    20% dial; gross <= 3x equity; top 20 crypto; $6 minimum; 30% band
10:05:29 |           rebalanced daily 00:05 UTC with market orders (paper fills at the ask/bid,
    taker 0.06%); 5x cross margin; funding at each coin's own interval; its one limit is the month
    guard on MARKED equity
10:05:29 |    PAPER  never touches the account: intraday shadow (C489) hourly · carry (C490) 00:10
    UTC · spot pot (C501/C502) $250, spot minimum $1, 00:20 UTC · idle cash -> Savings at 7.63%
    every minute · rule tournament (C510, 7 rules on the same prices) at each rebalance
10:05:29 |    IDLE   the intraday scanner, the OLD strategy (139 trades, 44W/95L before the 29 Sep
    2026 fresh start; it lost after fees): it opens nothing, and its boot description is not printed
    (OMEGA_ENGINE=intraday runs and describes it)
10:05:29 | 💡 Stop safely: sudo systemctl stop omega (Ctrl+C only when run by hand)
 
  10:13  up 0h08m  daily book --------------------------------------------------------------------
  EQUITY    $250.43  unreal $+0.50
  OPEN      no intraday positions  book holds 12 (BOOK row)  free $227.57 after open P&L
  SHADOW    intraday M1 $250.50 (+0.23%)  M1g $250.79 (+0.34%)  2d paper only
  CARRY     $249.61 (-0.13%)  8 held  paper only
  SPOT      $249.91 (-0.03%)  14 held  20% invested  cash earns 7.63%  paper pot
  SAVINGS   idle $164.97 (66%)  at 7.63% +$0.03 so far  ~$1.05/month  paper
  BOOK      12 pos gross $114.09 (0.46x)  open $+0.50  funding $-0.00  vol 27% top 20
            rebal 2026-09-30
  CONTEXT   since 29 Sep +0.17%  under a day: too early to judge
  RULE      C2 N2+N3  forward test (paper)
  TOURNEY   7 rules held  first score at the next rebalance, for 2026-09-30
  DATA      on time  prices 31s  funding booked  book today  shadow 04:00  carry today
            spot pot today
  SESSION   $-0.01 -0.00%  peak $250.44
  MONTH     book guard $0.00 of $50.00 used  on marked equity  from $250.00  dial 20%
            ..........................
  RECORD    book closed 0  0W 0L  net $+0.00  fees and funding in
  FEES      no fills yet this run (the book trades at 00:05 UTC)
  ------------------------------------------------------------------------------------------------
 
10:13:27 | 🎯 C510 Book (what trades): 12 positions, gross 0.46x, open $+0.50 | rule C2 N2+N3 |
    closed 0: 0W/0L $+0.00
