22:46:53 | 📊 Paper Mode
22:46:53 | ✅ Connected | 740 futures markets (Binance USDⓈ-M)
22:46:53 | 📊 Binance Fees: Maker 0.02% | Taker 0.05%
22:46:53 | 📊 Market type: PERPETUAL FUTURES (swap) — verified
22:46:53 | 📋 Limit Orders: ENABLED (offset 0.1%) -- the idle intraday scanner's; the book trades with market orders
22:46:53 | 📂 Loaded state: $499.71 realised | 0 intraday positions | available $437.00 before open P&L (locked $62.70)
22:46:53 | 📐 RISK @ $499.71: monthly dial 20% = $100.00/month (20% of this month's anchor $500.00)  |  the portfolio book trades: its month guard closes the book if MARKED equity falls that far below the month's anchor [C497]
 
  ================================================================================================
  OMEGA C528  PAPER  Binance perps
  03 Oct 2026   22:46
  start $499.71 realised  risk dial 20%/month
  ================================================================================================
 
  RISK FRAME -------------------------------------------------------------------------------------
  EQUITY    $499.71 realised  740 markets
  MONTH     dial 20% = $100.00 this month  used $0.29 realised
  BOOK      daily trend + momentum + carry, rebalanced 00:05 UTC
            month guard on MARKED equity (open P&L counts)  intraday scanner idle
  ------------------------------------------------------------------------------------------------
 
22:46:53 |    (legacy Flask page not installed — the dashboard is the control panel)
22:46:53 | 🌐 Remote control on http://0.0.0.0:8138 — TOKEN REQUIRED
22:46:53 |    📱 Local network: http://10.0.0.160:8138/?t=<your token> (this machine's own address)
22:46:53 |    🌍 Internet: put a Cloudflare Tunnel in front of this port.
22:46:53 |        See deploy/DEPLOY.md — one command, no open ports, free.
22:46:53 | ============================================================
22:46:53 | 🤖 OMEGA V60 — INFORMATION ENGINE (C466)
22:46:53 | 📊 C503 WHAT IS RUNNING -- the portfolio book trades:
22:46:53 |    RULE   C2 N2+N3 + range vol (GK): C2 = residual momentum, no crowded shorts (N2+N3) -- a FORWARD TEST in paper (C510); the admitted rule is scored beside it in the rule tournament
22:46:53 |    BOOK   trend (C1) + momentum (C2) + carry (C3), equal risk; vol target 27% from the 20% dial; gross <= 3x equity; top 20 crypto; $6 minimum; 30% band
22:46:53 |           rebalanced daily 00:05 UTC with market orders (paper fills at the ask/bid, taker 0.05%); 5x cross margin; funding at each coin's own interval; its one limit is the month guard on MARKED equity
22:46:53 |    PAPER  never touches the account: intraday shadow (C489) hourly · carry (C490) 00:10 UTC · spot pot (C501/C502) $250, spot minimum $5, 00:20 UTC · idle cash -> Savings at 6.69% every minute · rule tournament (C510, 9 rules on the same prices) at each rebalance · BFUSD wallet at 7.66% (C521) · the same plan on Delta Exchange India, $500 (C521) · Delta vs Binance funding spread, both legs, $500 (C524)
22:46:53 |    IDLE   the intraday scanner, the OLD strategy (139 trades, 44W/95L before the 29 Sep 2026 fresh start; it lost after fees): it opens nothing, and its boot description is not printed (OMEGA_ENGINE=intraday runs and describes it)
22:46:53 | 💡 Stop safely: sudo systemctl stop omega (Ctrl+C only when run by hand)
22:46:53 | ============================================================
22:46:53 | 🔄 Monitoring thread started — SPLIT LOOP [C397]: FAST leg every 0.8s (prices in PARALLEL → hard stop, trailing floor, peak floor, capture floor); SLOW leg every 20s (OHLCV/DRI) and 90s (BTC/ETH regime, AFTER positions are checked, never before) -- it watches INTRADAY positions; the book has no stops, its one limit is the month guard
22:46:55 |    🏦 C527 Binance Flexible Savings USDT: 6.66% = 2.66% market + 4.00% on the first 1,000 USDT (read every 6 h)
22:46:59 | 💼 C488: portfolio engine ON -- the intraday scanner opens no new positions (OMEGA_ENGINE=intraday restores it); the book holds 9 positions
 
  22:54  up 0h08m  daily book --------------------------------------------------------------------
  EQUITY    $501.43  unreal $+1.72
  OPEN      no intraday positions  book holds 9 (BOOK row)  free $438.73 after open P&L
  SHADOW    intraday M1 $504.11 (+0.88%)  M1g $501.87 (+0.43%)  2d paper only
  CARRY     $499.11 (-0.15%)  8 held  paper only
  SPOT      $249.79 (-0.09%)  1 held  4% invested  cash earns 6.66%  paper pot
  SAVINGS   idle $313.38 (62%)  at 6.66% +$0.15 so far  ~$1.74/month  paper
  BFUSD     wallet $501.44 at 7.66%  +$0.15 so far  ~$3.20/month  vs Savings $1.74  paper
  DELTA     $502.19 (+0.44%)  9 held  fees $0.20  funding $+0.01  paper, same plan
  XVENUE    $499.35 (-0.13%)  10 pairs  funding $+0.00  fees $0.74  paper, Delta vs Binance
  TOTAL     planned $1,002.63 of $1,000.00 ($+2.63)  all 6 accounts $2,253.03 of $2,249.83 ($+3.20)
            paper
  BOOK      9 pos gross $312.35 (0.62x)  open $+1.72  funding $-0.05  vol 27% top 20
            rebal 2026-10-03
  CONTEXT   since 01 Oct $+1.43 (+0.29%) in 2.6d  normal -1.9% to +2.9%  top 46%: normal
  RULE      C2 N2+N3 + range vol (GK)  forward test (paper)
  TOURNEY   2d from 2026-10-01  base -0.60%  N2 -0.66%  N3 -0.37%  N2+N3 -0.37%  +K4 -0.42%
            +GK* -0.30%  +K4+GK -0.38%  +GK+DD new  +GK+XA new
  DATA      on time  prices 33s  funding booked  book today  shadow 17:00  carry today
            spot pot today
  SESSION   $-0.34 -0.07%  peak $501.78  dd 0.07%
  MONTH     book guard $0.00 of $100.00 used  on marked equity  from $500.00  dial 20%
            ..........................
  RECORD    book closed 3  2W 1L  net $-0.09  fees and funding in
  FEES      no fills yet this run (the book trades at 00:05 UTC)
  ------------------------------------------------------------------------------------------------
 
22:54:53 | 
22:54:53 | ============================================================
22:54:53 | 📊 POSITION SUMMARY (8-MIN UPDATE)
22:54:53 | 💰 Equity: $499.71 | Unrealized: $+1.72
22:54:53 | 💵 Available: $438.73 after open P&L | Locked: $62.70
22:54:53 | 📈 Session: $-0.34 (-0.1%)
22:54:53 | 🎯 C510 Book (what trades): 9 positions, gross 0.62x, open $+1.72 | rule C2 N2+N3 + range vol (GK) | closed 3: 2W/1L $-0.09 | since 01 Oct +0.29% (normal)
22:54:53 | ============================================================
22:54:53 | ============================================================
22:54:53 | 🔵 Book guard: $0.00 of $100.00 used this month on marked equity (0%, from $500.00) · realised today +0.00% [C497]
22:54:53 | ============================================================
22:54:53 | 
 
  23:02  up 0h16m  daily book --------------------------------------------------------------------
  EQUITY    $501.49  unreal $+1.78
  OPEN      no intraday positions  book holds 9 (BOOK row)  free $438.79 after open P&L
  SHADOW    intraday M1 $504.11 (+0.88%)  M1g $501.87 (+0.43%)  2d paper only
  CARRY     $499.11 (-0.15%)  8 held  paper only
  SPOT      $249.78 (-0.09%)  1 held  4% invested  cash earns 6.66%  paper pot
  SAVINGS   idle $313.41 (62%)  at 6.66% +$0.15 so far  ~$1.74/month  paper
  BFUSD     wallet $501.48 at 7.66%  +$0.15 so far  ~$3.20/month  vs Savings $1.74  paper
  DELTA     $502.15 (+0.43%)  9 held  fees $0.20  funding $+0.01  paper, same plan
  XVENUE    $499.35 (-0.13%)  10 pairs  funding $+0.00  fees $0.74  paper, Delta vs Binance
  TOTAL     planned $1,002.60 of $1,000.00 ($+2.60)  all 6 accounts $2,252.97 of $2,249.83 ($+3.14)
            paper
  BOOK      9 pos gross $311.70 (0.62x)  open $+1.78  funding $-0.05  vol 27% top 20
            rebal 2026-10-03
  CONTEXT   since 01 Oct $+1.49 (+0.30%) in 2.6d  normal -1.9% to +2.9%  top 46%: normal
  RULE      C2 N2+N3 + range vol (GK)  forward test (paper)
  TOURNEY   2d from 2026-10-01  base -0.60%  N2 -0.66%  N3 -0.37%  N2+N3 -0.37%  +K4 -0.42%
            +GK* -0.30%  +K4+GK -0.38%  +GK+DD new  +GK+XA new
  DATA      on time  prices 28s  funding booked  book today  shadow 17:00  carry today
            spot pot today
  SESSION   $-0.28 -0.06%  peak $501.78  dd 0.06%
  MONTH     book guard $0.00 of $100.00 used  on marked equity  from $500.00  dial 20%
            ..........................
  RECORD    book closed 3  2W 1L  net $-0.09  fees and funding in
  FEES      no fills yet this run (the book trades at 00:05 UTC)
  ------------------------------------------------------------------------------------------------
 
23:02:54 | 
23:02:54 | ============================================================
23:02:54 | 📊 POSITION SUMMARY (8-MIN UPDATE)
23:02:54 | 💰 Equity: $499.71 | Unrealized: $+1.78
23:02:54 | 💵 Available: $438.79 after open P&L | Locked: $62.70
23:02:54 | 📈 Session: $-0.28 (-0.1%)
23:02:54 | 🎯 C510 Book (what trades): 9 positions, gross 0.62x, open $+1.78 | rule C2 N2+N3 + range vol (GK) | closed 3: 2W/1L $-0.09 | since 01 Oct +0.30% (normal)
23:02:54 | ============================================================
23:02:54 | ============================================================
23:02:54 | 🔵 Book guard: $0.00 of $100.00 used this month on marked equity (0%, from $500.00) · realised today +0.00% [C497]
23:02:54 | ============================================================
23:02:54 | 
 
  23:10  up 0h24m  daily book --------------------------------------------------------------------
  EQUITY    $501.61  unreal $+1.90
  OPEN      no intraday positions  book holds 9 (BOOK row)  free $438.91 after open P&L
  SHADOW    intraday M1 $504.11 (+0.88%)  M1g $501.87 (+0.43%)  2d paper only
  CARRY     $499.11 (-0.15%)  8 held  paper only
  SPOT      $249.79 (-0.09%)  1 held  4% invested  cash earns 6.66%  paper pot
  SAVINGS   idle $313.48 (62%)  at 6.66% +$0.15 so far  ~$1.74/month  paper
  BFUSD     wallet $501.58 at 7.66%  +$0.15 so far  ~$3.20/month  vs Savings $1.74  paper
  DELTA     $502.18 (+0.44%)  9 held  fees $0.20  funding $+0.01  paper, same plan
  XVENUE    $499.35 (-0.13%)  10 pairs  funding $+0.00  fees $0.74  paper, Delta vs Binance
  TOTAL     planned $1,002.49 of $1,000.00 ($+2.49)  all 6 accounts $2,253.24 of $2,249.83 ($+3.41)
            paper
  BOOK      9 pos gross $311.89 (0.62x)  open $+1.90  funding $-0.05  vol 27% top 20
            rebal 2026-10-03
  CONTEXT   since 01 Oct $+1.61 (+0.32%) in 2.6d  normal -1.9% to +2.9%  top 45%: normal
  RULE      C2 N2+N3 + range vol (GK)  forward test (paper)
  TOURNEY   2d from 2026-10-01  base -0.60%  N2 -0.66%  N3 -0.37%  N2+N3 -0.37%  +K4 -0.42%
            +GK* -0.30%  +K4+GK -0.38%  +GK+DD new  +GK+XA new
  DATA      on time  prices 20s  funding booked  book today  shadow 17:00  carry today
            spot pot today
  SESSION   $-0.16 -0.03%  peak $501.78  dd 0.03%
  MONTH     book guard $0.00 of $100.00 used  on marked equity  from $500.00  dial 20%
            ..........................
  RECORD    book closed 3  2W 1L  net $-0.09  fees and funding in
  FEES      no fills yet this run (the book trades at 00:05 UTC)
  ------------------------------------------------------------------------------------------------
 
23:10:55 | 
23:10:55 | ============================================================
23:10:55 | 📊 POSITION SUMMARY (8-MIN UPDATE)
23:10:55 | 💰 Equity: $499.71 | Unrealized: $+1.90
23:10:55 | 💵 Available: $438.91 after open P&L | Locked: $62.70
23:10:55 | 📈 Session: $-0.16 (-0.0%)
23:10:55 | 🎯 C510 Book (what trades): 9 positions, gross 0.62x, open $+1.90 | rule C2 N2+N3 + range vol (GK) | closed 3: 2W/1L $-0.09 | since 01 Oct +0.32% (normal)
23:10:55 | ============================================================
23:10:55 | ============================================================
23:10:55 | 🔵 Book guard: $0.00 of $100.00 used this month on marked equity (0%, from $500.00) · realised today +0.00% [C497]
23:10:55 | ============================================================
23:10:55 | 
