13:09:01 | 📊 Paper Mode
13:09:03 | ✅ Connected | 804 futures markets
13:09:03 | 📊 Bitget Fees: Maker 0.02% | Taker 0.06%
13:09:03 | 📊 Market type: PERPETUAL FUTURES (swap) — verified
13:09:03 | 📋 Limit Orders: ENABLED (offset 0.1%)
13:09:03 | 📂 Loaded state: $250.39 | 0 positions | available $226.45 (locked $23.94)
13:09:03 | 📐 RISK @ $250.39: monthly dial 15% = $37.92/month  |  the portfolio book trades: its month guard closes the book if MARKED equity falls that far below the month's anchor [C497]
 
  ================================================================================================
  OMEGA C501  PAPER  Bitget perps
  28 Sep 2026   13:09
  start $250.39  risk dial 15%/month
  ================================================================================================
 
  RISK FRAME -------------------------------------------------------------------------------------
  EQUITY    $250.39  804 markets
  MONTH     dial 15% = $37.92 this month  used $2.41 realised
  BOOK      daily trend + momentum + carry, rebalanced 00:05 UTC
            month guard on MARKED equity (open P&L counts)  intraday scanner idle
  ------------------------------------------------------------------------------------------------
 
13:09:03 |    (legacy Flask page not installed — the dashboard is the control panel)
13:09:03 | 🌐 Remote control on http://0.0.0.0:8138 — TOKEN REQUIRED
13:09:03 |    📱 Same WiFi: http://10.0.0.160:8138/?t=<your token>
13:09:03 |    🌍 Internet: put a Cloudflare Tunnel in front of this port.
13:09:03 |        See deploy/DEPLOY.md — one command, no open ports, free.
13:09:03 | ============================================================
13:09:03 | 🤖 OMEGA V60 — INFORMATION ENGINE (C466)
13:09:03 |    ℹ️ C497: the portfolio book trades. The blocks below describe the INTRADAY SCANNER, which is idle (OMEGA_ENGINE=intraday restores it); the book is summarised in the RISK FRAME above and the BOOK row every 8 min
13:09:03 |    🧪 C364 PAPER=LIVE PARITY — costs modelled in paper:
13:09:03 |       • entries: post-only, REJECTED if the limit would cross (mirrors C363 live)
13:09:03 |       • market fills: lift the ASK / hit the BID — never the last price
13:09:03 |       • exit fee: taker on current notional
13:09:03 |       • funding: charged per 8h settlement crossed
13:09:03 |       NOT modelled: partial fills, API outages, queue position.
13:09:03 | ============================================================
13:09:03 | 🔒 Score floor reset: 0.32 (single mode — HP retired at C403-3)
13:09:03 | 🧮 C458 EDGE STATE — what the ledger permits today:
13:09:03 |    realised 6W/14L → shrunk base rate 0.400; fair odds for a 2.00R target are 0.333
13:09:03 |    blended edge +0.0474  (prior +0.0467 x0.60 + realised +0.0485 x0.40 (n=20; anchored on realised payoff 2.10 (7W/13L in R) (break-even wr 0.322 vs realised 0.400 = e +0.0776) x extrapolation shrink 0.63 to T 1.41R))
13:09:03 |    ✅ edge is positive — the expectancy gate is open on merit, and exploration should stay idle.
13:09:03 | 📋 Version history: see CHANGELOG.md (auto-updated each revision)
13:09:03 | ============================================================
13:09:03 | 📊 ARCHITECTURE — what is actually running:
13:09:03 |   1 SCANNER    756 markets → volume floor → top 30 by liveliness
13:09:03 |   2 ENTRY      11 signal components → one score; only 3 hard vetoes
13:09:03 |                (can't pay fees / no room to stop / not tradeable).
13:09:03 |                Everything else is a weighted penalty [C403-5].
13:09:03 |                EXPECTANCY GATE [C404/C405]: R = proj×√t ÷ stop,
13:09:03 |                E = p(R×0.60)−(1−p); E must clear 0 AND the live percentile bar.
13:09:03 |                TRADES/DAY [C467]: NO CAP. No count target, no hard cap, no per-scan limit. 2/pair still applies (that is concentration, not pace).
13:09:03 |                What refuses a trade now: the three hard vetoes only — can't pay fees, no room to stop, not tradeable. E<0 is a PENALTY while p has no measured skill [C467].
13:09:03 |   3 MONITOR    SPLIT LOOP [C397]: prices every 0.8s (stop, floors);
13:09:03 |                OHLCV/DRI every 20s; regime every 90s, AFTER positions.
13:09:03 |   4 EXIT       4 questions: HARD STOP · THESIS DEAD (C399 retention)
13:09:03 |                · PROFIT FLOOR (C397 runner floor binds) · TIME.
13:09:03 |                Loss patience is BOUNDED at 1.35× the soft limit [C404-2].
13:09:03 |   SESSIONS     when each market DISCOVERS its price, in IST (US is currently on EDT):
13:09:03 |                crypto        24/7        · metals+energy  Globex ~24/5
13:09:03 |                US equity     19:00–01:30 IST  (a NIGHT session from India)
13:09:03 |                index futures Globex ~24/5 (SP500/NDX100 are futures, not cash)
13:09:03 |                Korea (KRX)   05:30–12:00 IST · HK  07:00–13:30 IST (lunch 09:30–10:30)
13:09:03 |                ● OPEN  crypto        24/7
13:09:03 |                ○ shut  us_equity     US cash closed
13:09:03 |                ● OPEN  index_future  Globex index
13:09:03 |                ● OPEN  metal         Globex
13:09:03 |                ○ shut  korea_equity  KRX closed
13:09:03 |                ● OPEN  hk_equity     HKEX afternoon
13:09:03 |   UNIVERSE     crypto + 294 RWA perps (stocks/metals/energy/ETFs),
13:09:03 |                session-gated; leverage scaled to each instrument's own ATR;
13:09:03 |                fee burden inside E. ONE POOL, no per-class quota [C409].
13:09:03 |                WHY: crypto alive 39.3% of bars, ANY asset alive 59.8%
13:09:03 |                (+20.5pp). Cross-class aliveness corr +0.04/+0.14 vs
13:09:03 |                crypto's OWN internal factor corr +0.925 — real diversification.
13:09:03 |   EDGES        C398 capitulation tilt (down-side only, +4.67pp measured)
13:09:03 |                C396 session tilt · C401 taker-flow (instrumented)
13:09:03 |                C403-7 flow term ±10% on direction
13:09:03 |   RETIRED      HP phase ladder (C403-3: 5 incident classes, 0 benefit)
13:09:03 |                Guardian + C329 (C403-4: 4 controllers, none knew the risk)
13:09:03 |                per-symbol learning (C403-2: needs ~10 months of trades)
13:09:03 |                DSI+DRI divergence / DRI HARD (C399: unreachable by construction)
13:09:03 | ============================================================
13:09:03 | ============================================================
13:09:03 | ✅ DRI SYSTEM (11 components, renormalised to exactly 1.0 [C400]):
13:09:03 |    Threshold: 0.3 | Hard: 0.5
13:09:03 |    Weights: Mom=0.18 Tech=0.16 Vol=0.11
13:09:03 |    ML=0.04 Wave=0.04 OFI=0.06
13:09:03 |    Fund=0.05 MTF=0.06 RVS=0.07
13:09:03 |    PA=0.15(dyn→0.45) Time=0.10 — nominal sum 1.02, rescaled to 1.00 at runtime [C400: was 1.113]
13:09:03 |    DSI = 6 of those 11 (Mom/Vol/Tech/ML/Wave/MTF, sum 0.59) inverted, Hurst-modulated, now unit-scaled [C400]
13:09:03 |    READ THEM AS: DRI negative = reversal thesis STRONG; DRI→0 = thesis DYING. DSI positive = sustainable; DSI→0 = spent.
13:09:03 |    Updates: every 20s (15m candles do not move faster; prices stay on the 0.8s leg)
13:09:03 | ============================================================
13:09:03 | 📋 CONFIGURATION:
13:09:03 |    💰 Equity: $250.39 | Available: $226.45
13:09:03 |    📊 Position Sizing: Dynamic allocation, min $5.0 | 3-5 positions
13:09:03 |    🎲 Leverage: 1x-10x  (single mode — HP retired, C403-3)
13:09:03 |    📋 Limit Orders: ON | Maker 0.02% Taker 0.06%
13:09:03 |    🎚️ Loss control: monthly risk dial 15% — the book's month guard on marked equity; no day limit applies to the book (C497)
13:09:03 |    🛡️ Session drawdown breaker: off | Guardian: report only (C482)
13:09:03 |    ⏱️ Prices 0.8s | DRI 20s | Summary 480s | Min age 15min
13:09:03 |    🧠 Shared learning ON (Markov chains, calibration). Per-symbol memory OFF [C403-2].
13:09:03 | ============================================================
13:09:03 | 📊 MODE: NORMAL
13:09:03 |    Normal start: $250.00
13:09:03 | ============================================================
13:09:03 | 💡 Press Ctrl+C to stop safely
13:09:03 | ============================================================
13:09:03 | 🔄 Monitoring thread started — SPLIT LOOP [C397]: FAST leg every 0.8s (prices in PARALLEL → hard stop, trailing floor, peak floor, capture floor); SLOW leg every 20s (OHLCV/DRI) and 90s (BTC/ETH regime, AFTER positions are checked, never before)
13:09:45 |    🪙 C501 spot pot (paper) 2026-09-28: $249.98 (-0.01%) | 3 held, 10% invested, cash $224.21 earning 7.63% | 3 trades today [39s]
13:09:45 | 💼 C488: portfolio engine ON -- the intraday scanner opens no new positions (OMEGA_ENGINE=intraday restores it)
 
  13:17  up 0h08m  scan 0 ------------------------------------------------------------------------
  EQUITY    $244.60  unreal $-5.79
  OPEN      no intraday positions  book holds 9 (BOOK row)  free $226.45
  SHADOW    intraday M1 $262.51 (+4.06%)  M1g $253.98 (+0.68%)  4d paper only
  CARRY     $252.12 (-0.06%)  8 held  paper only
  SPOT      $249.97 (-0.01%)  3 held  10% invested  cash earns 7.63%  paper pot
  SAVINGS   idle $171.74 (70%)  at 7.63% +$0.00 so far  ~$1.09/month  paper
  BOOK      9 pos gross $120.61 (0.49x)  open $-5.79  funding $+0.02  vol 20% top 20
            rebal 2026-09-28
  SESSION   $+0.03 +0.01%
  MONTH     book guard $8.21 of $37.92 used  on marked equity  from $252.81  dial 15%
            ######....................
  RECORD    no closed trades yet this run
  LIFETIME  139tr 44W 95L 32%  $+0.39
  FEES      no fills yet this run
  MARKET    bias +0.00  breadth +0.00
  ------------------------------------------------------------------------------------------------
 
13:17:01 | 
13:17:01 | ============================================================
13:17:01 | 📊 POSITION SUMMARY (8-MIN UPDATE)
13:17:01 | 💰 Equity: $250.39 | Unrealized: $-5.79
13:17:01 | 💵 Available: $226.45 | Locked: $23.94
13:17:01 | 📈 Session: $+0.03 (+0.0%)
13:17:01 | 🎯 Win Rate: Overall 32% | Session 0% | Open 0%
13:17:01 | ============================================================
13:17:01 | ============================================================
13:17:01 | 🔻 Book guard: $8.21 of $37.92 used this month on marked equity (22%, from $252.81) · realised today -0.71% [C497]
13:17:01 | ============================================================
13:17:01 | 
