22:30:17 | 📊 Paper Mode
22:30:18 | ✅ Connected | 740 futures markets (Binance USDⓈ-M)
22:30:18 | 📊 Binance Fees: Maker 0.02% | Taker 0.05%
22:30:18 | 📊 Market type: PERPETUAL FUTURES (swap) — verified
22:30:18 | 📋 Limit Orders: ENABLED (offset 0.1%) -- the idle intraday scanner's; the book trades with market orders
22:30:18 | 📂 Loaded state: $499.70 realised | 0 intraday positions | available $434.34 before open P&L (locked $65.37)
22:30:18 | 📐 RISK @ $499.70: monthly dial 20% = $100.00/month (20% of this month's anchor $500.00)  |  the portfolio book trades: its month guard closes the book if MARKED equity falls that far below the month's anchor [C497]
 
  ================================================================================================
  OMEGA C523  PAPER  Binance perps
  02 Oct 2026   22:30
  start $499.70 realised  risk dial 20%/month
  ================================================================================================
 
  RISK FRAME -------------------------------------------------------------------------------------
  EQUITY    $499.70 realised  740 markets
  MONTH     dial 20% = $100.00 this month  used $0.30 realised
  BOOK      daily trend + momentum + carry, rebalanced 00:05 UTC
            month guard on MARKED equity (open P&L counts)  intraday scanner idle
  ------------------------------------------------------------------------------------------------
 
22:30:18 |    (legacy Flask page not installed — the dashboard is the control panel)
22:30:18 | 🌐 Remote control on http://0.0.0.0:8138 — TOKEN REQUIRED
22:30:18 |    📱 Local network: http://10.0.0.160:8138/?t=<your token> (this machine's own address)
22:30:18 |    🌍 Internet: put a Cloudflare Tunnel in front of this port.
22:30:18 |        See deploy/DEPLOY.md — one command, no open ports, free.
22:30:18 | ============================================================
22:30:18 | 🤖 OMEGA V60 — INFORMATION ENGINE (C466)
22:30:18 | 📊 C503 WHAT IS RUNNING -- the portfolio book trades:
22:30:18 |    RULE   C2 N2+N3 + range vol (GK): C2 = residual momentum, no crowded shorts (N2+N3) -- a FORWARD TEST in paper (C510); the admitted rule is scored beside it in the rule tournament
22:30:18 |    BOOK   trend (C1) + momentum (C2) + carry (C3), equal risk; vol target 27% from the 20% dial; gross <= 3x equity; top 20 crypto; $6 minimum; 30% band
22:30:18 |           rebalanced daily 00:05 UTC with market orders (paper fills at the ask/bid, taker 0.05%); 5x cross margin; funding at each coin's own interval; its one limit is the month guard on MARKED equity
22:30:18 |    PAPER  never touches the account: intraday shadow (C489) hourly · carry (C490) 00:10 UTC · spot pot (C501/C502) $250, spot minimum $5, 00:20 UTC · idle cash -> Savings at 6.69% every minute · rule tournament (C510, 9 rules on the same prices) at each rebalance · BFUSD wallet at 7.66% (C521) · the same plan on Delta Exchange India, $500 (C521)
22:30:18 |    IDLE   the intraday scanner, the OLD strategy (139 trades, 44W/95L before the 29 Sep 2026 fresh start; it lost after fees): it opens nothing, and its boot description is not printed (OMEGA_ENGINE=intraday runs and describes it)
22:30:18 | 💡 Stop safely: sudo systemctl stop omega (Ctrl+C only when run by hand)
22:30:18 | ============================================================
22:30:18 | 🔄 Monitoring thread started — SPLIT LOOP [C397]: FAST leg every 0.8s (prices in PARALLEL → hard stop, trailing floor, peak floor, capture floor); SLOW leg every 20s (OHLCV/DRI) and 90s (BTC/ETH regime, AFTER positions are checked, never before) -- it watches INTRADAY positions; the book has no stops, its one limit is the month guard
22:30:19 | 💼 C488: portfolio engine ON -- the intraday scanner opens no new positions (OMEGA_ENGINE=intraday restores it); the book holds 11 positions
22:32:25 |    👻 C489 shadow hour 17:00 UTC: 39 coins scored (full (16 features)), gate shut | M1 $497.10 (-0.52%) M1g $499.72 (+0.00%) over 1d [5s]
 
  22:38  up 0h08m  daily book --------------------------------------------------------------------
  EQUITY    $499.20  unreal $-0.50
  OPEN      no intraday positions  book holds 11 (BOOK row)  free $433.83 after open P&L
  SHADOW    intraday M1 $497.10 (-0.52%)  M1g $499.72 (+0.00%)  1d paper only
  CARRY     $499.12 (-0.14%)  7 held  paper only
  SPOT      $250.07 (+0.03%)  3 held  11% invested  cash earns 6.69%  paper pot
  SAVINGS   idle $309.07 (62%)  at 6.69% +$0.09 so far  ~$1.72/month  paper
  BFUSD     wallet $499.26 at 7.66%  +$0.04 so far  ~$3.19/month  vs Savings $1.72  paper
  DELTA     $499.69 (-0.06%)  10 held  fees $0.20  funding $+0.02  paper, same plan
  BOOK      11 pos gross $326.52 (0.65x)  open $-0.50  funding $-0.02  vol 27% top 20
            rebal 2026-10-02
  CONTEXT   since 01 Oct $-0.80 (-0.16%) in 1.6d  normal -1.5% to +2.1%  bottom 42%: normal
  RULE      C2 N2+N3 + range vol (GK)  forward test (paper)
  TOURNEY   1d from 2026-10-01  base -0.86%  N2 -0.91%  N3 -0.56%  N2+N3 -0.54%  +K4 -0.69%
            +GK* -0.44%  +K4+GK -0.64%
  DATA      on time  prices 34s  funding booked  book today  shadow 17:00  carry today
            spot pot today
  SESSION   $+0.19 +0.04%
  MONTH     book guard $0.80 of $100.00 used  on marked equity  from $500.00  dial 20%
            ..........................
  RECORD    book closed 1  0W 1L  net $-0.12  fees and funding in
  FEES      no fills yet this run (the book trades at 00:05 UTC)
  ------------------------------------------------------------------------------------------------
 
22:38:18 | 
22:38:18 | ============================================================
22:38:18 | 📊 POSITION SUMMARY (8-MIN UPDATE)
22:38:18 | 💰 Equity: $499.70 | Unrealized: $-0.50
22:38:18 | 💵 Available: $433.83 after open P&L | Locked: $65.37
22:38:18 | 📈 Session: $+0.19 (+0.0%)
22:38:18 | 🎯 C510 Book (what trades): 11 positions, gross 0.65x, open $-0.50 | rule C2 N2+N3 + range vol (GK) | closed 1: 0W/1L $-0.12 | since 01 Oct -0.16% (normal)
22:38:18 | ============================================================
22:38:18 | ============================================================
22:38:18 | 🔻 Book guard: $0.80 of $100.00 used this month on marked equity (1%, from $500.00) · realised today -0.03% [C497]
22:38:18 | ============================================================
22:38:18 | 
 
  22:46  up 0h16m  daily book --------------------------------------------------------------------
  EQUITY    $498.88  unreal $-0.82
  OPEN      no intraday positions  book holds 11 (BOOK row)  free $433.51 after open P&L
  SHADOW    intraday M1 $497.10 (-0.52%)  M1g $499.72 (+0.00%)  1d paper only
  CARRY     $499.12 (-0.14%)  7 held  paper only
  SPOT      $250.01 (+0.01%)  3 held  10% invested  cash earns 6.69%  paper pot
  SAVINGS   idle $308.89 (62%)  at 6.69% +$0.09 so far  ~$1.72/month  paper
  BFUSD     wallet $499.02 at 7.66%  +$0.05 so far  ~$3.19/month  vs Savings $1.72  paper
  DELTA     $499.43 (-0.11%)  10 held  fees $0.20  funding $+0.02  paper, same plan
  BOOK      11 pos gross $325.37 (0.65x)  open $-0.82  funding $-0.02  vol 27% top 20
            rebal 2026-10-02
  CONTEXT   since 01 Oct $-1.12 (-0.22%) in 1.6d  normal -1.5% to +2.1%  bottom 40%: normal
  RULE      C2 N2+N3 + range vol (GK)  forward test (paper)
  TOURNEY   1d from 2026-10-01  base -0.86%  N2 -0.91%  N3 -0.56%  N2+N3 -0.54%  +K4 -0.69%
            +GK* -0.44%  +K4+GK -0.64%
  DATA      on time  prices 26s  funding booked  book today  shadow 17:00  carry today
            spot pot today
  SESSION   $-0.13 -0.03%  peak $499.20  dd 0.06%
  MONTH     book guard $1.12 of $100.00 used  on marked equity  from $500.00  dial 20%
            ..........................
  RECORD    book closed 1  0W 1L  net $-0.12  fees and funding in
  FEES      no fills yet this run (the book trades at 00:05 UTC)
  ------------------------------------------------------------------------------------------------
 
22:46:18 | 
22:46:18 | ============================================================
22:46:18 | 📊 POSITION SUMMARY (8-MIN UPDATE)
22:46:18 | 💰 Equity: $499.70 | Unrealized: $-0.82
22:46:18 | 💵 Available: $433.51 after open P&L | Locked: $65.37
22:46:18 | 📈 Session: $-0.13 (-0.0%)
22:46:18 | 🎯 C510 Book (what trades): 11 positions, gross 0.65x, open $-0.82 | rule C2 N2+N3 + range vol (GK) | closed 1: 0W/1L $-0.12 | since 01 Oct -0.22% (normal)
22:46:18 | ============================================================
22:46:18 | ============================================================
22:46:18 | 🔻 Book guard: $1.12 of $100.00 used this month on marked equity (1%, from $500.00) · realised today -0.03% [C497]
22:46:18 | ============================================================
22:46:18 | 
 
  22:54  up 0h24m  daily book --------------------------------------------------------------------
  EQUITY    $499.05  unreal $-0.65
  OPEN      no intraday positions  book holds 11 (BOOK row)  free $433.68 after open P&L
  SHADOW    intraday M1 $497.10 (-0.52%)  M1g $499.72 (+0.00%)  1d paper only
  CARRY     $499.12 (-0.14%)  7 held  paper only
  SPOT      $250.02 (+0.01%)  3 held  10% invested  cash earns 6.69%  paper pot
  SAVINGS   idle $308.96 (62%)  at 6.69% +$0.09 so far  ~$1.72/month  paper
  BFUSD     wallet $499.11 at 7.66%  +$0.05 so far  ~$3.19/month  vs Savings $1.72  paper
  DELTA     $499.49 (-0.10%)  10 held  fees $0.20  funding $+0.02  paper, same plan
  BOOK      11 pos gross $325.87 (0.65x)  open $-0.65  funding $-0.02  vol 27% top 20
            rebal 2026-10-02
  CONTEXT   since 01 Oct $-0.95 (-0.19%) in 1.6d  normal -1.5% to +2.1%  bottom 41%: normal
  RULE      C2 N2+N3 + range vol (GK)  forward test (paper)
  TOURNEY   1d from 2026-10-01  base -0.86%  N2 -0.91%  N3 -0.56%  N2+N3 -0.54%  +K4 -0.69%
            +GK* -0.44%  +K4+GK -0.64%
  DATA      on time  prices 18s  funding booked  book today  shadow 17:00  carry today
            spot pot today
  SESSION   $+0.04 +0.01%  peak $499.20  dd 0.03%
  MONTH     book guard $0.95 of $100.00 used  on marked equity  from $500.00  dial 20%
            ..........................
  RECORD    book closed 1  0W 1L  net $-0.12  fees and funding in
  FEES      no fills yet this run (the book trades at 00:05 UTC)
  ------------------------------------------------------------------------------------------------
 
22:54:18 | 
22:54:18 | ============================================================
22:54:18 | 📊 POSITION SUMMARY (8-MIN UPDATE)
22:54:18 | 💰 Equity: $499.70 | Unrealized: $-0.65
22:54:18 | 💵 Available: $433.68 after open P&L | Locked: $65.37
22:54:18 | 📈 Session: $+0.04 (+0.0%)
22:54:18 | 🎯 C510 Book (what trades): 11 positions, gross 0.65x, open $-0.65 | rule C2 N2+N3 + range vol (GK) | closed 1: 0W/1L $-0.12 | since 01 Oct -0.19% (normal)
22:54:18 | ============================================================
22:54:18 | ============================================================
22:54:18 | 🔻 Book guard: $0.95 of $100.00 used this month on marked equity (1%, from $500.00) · realised today -0.03% [C497]
22:54:18 | ============================================================
22:54:18 | 
 
  23:02  up 0h32m  daily book --------------------------------------------------------------------
  EQUITY    $498.77  unreal $-0.93
  OPEN      no intraday positions  book holds 11 (BOOK row)  free $433.40 after open P&L
  SHADOW    intraday M1 $497.10 (-0.52%)  M1g $499.72 (+0.00%)  1d paper only
  CARRY     $499.12 (-0.14%)  7 held  paper only
  SPOT      $250.01 (+0.00%)  3 held  10% invested  cash earns 6.69%  paper pot
  SAVINGS   idle $308.77 (62%)  at 6.69% +$0.09 so far  ~$1.72/month  paper
  BFUSD     wallet $498.85 at 7.66%  +$0.05 so far  ~$3.18/month  vs Savings $1.72  paper
  DELTA     $499.05 (-0.19%)  10 held  fees $0.20  funding $+0.02  paper, same plan
  BOOK      11 pos gross $325.36 (0.65x)  open $-0.94  funding $-0.02  vol 27% top 20
            rebal 2026-10-02
  CONTEXT   since 01 Oct $-1.23 (-0.25%) in 1.6d  normal -1.5% to +2.1%  bottom 39%: normal
  RULE      C2 N2+N3 + range vol (GK)  forward test (paper)
  TOURNEY   1d from 2026-10-01  base -0.86%  N2 -0.91%  N3 -0.56%  N2+N3 -0.54%  +K4 -0.69%
            +GK* -0.44%  +K4+GK -0.64%
  DATA      on time  prices 10s  funding booked  book today  shadow 17:00  carry today
            spot pot today
  SESSION   $-0.24 -0.05%  peak $499.20  dd 0.09%
  MONTH     book guard $1.23 of $100.00 used  on marked equity  from $500.00  dial 20%
            ..........................
  RECORD    book closed 1  0W 1L  net $-0.12  fees and funding in
  FEES      no fills yet this run (the book trades at 00:05 UTC)
  ------------------------------------------------------------------------------------------------
 
23:02:18 | 
23:02:18 | ============================================================
23:02:18 | 📊 POSITION SUMMARY (8-MIN UPDATE)
23:02:18 | 💰 Equity: $499.70 | Unrealized: $-0.93
23:02:18 | 💵 Available: $433.40 after open P&L | Locked: $65.37
23:02:18 | 📈 Session: $-0.24 (-0.0%)
23:02:18 | 🎯 C510 Book (what trades): 11 positions, gross 0.65x, open $-0.94 | rule C2 N2+N3 + range vol (GK) | closed 1: 0W/1L $-0.12 | since 01 Oct -0.25% (normal)
23:02:18 | ============================================================
23:02:18 | ============================================================
23:02:18 | 🔻 Book guard: $1.23 of $100.00 used this month on marked equity (1%, from $500.00) · realised today -0.03% [C497]
23:02:18 | ============================================================
23:02:18 | 
 
  23:10  up 0h40m  daily book --------------------------------------------------------------------
  EQUITY    $498.76  unreal $-0.94
  OPEN      no intraday positions  book holds 11 (BOOK row)  free $433.39 after open P&L
  SHADOW    intraday M1 $497.10 (-0.52%)  M1g $499.72 (+0.00%)  1d paper only
  CARRY     $499.12 (-0.14%)  7 held  paper only
  SPOT      $249.94 (-0.02%)  3 held  10% invested  cash earns 6.69%  paper pot
  SAVINGS   idle $308.72 (62%)  at 6.69% +$0.09 so far  ~$1.72/month  paper
  BFUSD     wallet $498.79 at 7.66%  +$0.05 so far  ~$3.18/month  vs Savings $1.72  paper
  DELTA     $499.19 (-0.16%)  10 held  fees $0.20  funding $+0.02  paper, same plan
  BOOK      11 pos gross $324.30 (0.65x)  open $-0.94  funding $-0.02  vol 27% top 20
            rebal 2026-10-02
  CONTEXT   since 01 Oct $-1.24 (-0.25%) in 1.6d  normal -1.5% to +2.1%  bottom 39%: normal
  RULE      C2 N2+N3 + range vol (GK)  forward test (paper)
  TOURNEY   1d from 2026-10-01  base -0.86%  N2 -0.91%  N3 -0.56%  N2+N3 -0.54%  +K4 -0.69%
            +GK* -0.44%  +K4+GK -0.64%
  DATA      on time  prices 3s  funding booked  book today  shadow 17:00  carry today
            spot pot today
  SESSION   $-0.25 -0.05%  peak $499.20  dd 0.09%
  CURVE     ++=+==
  MONTH     book guard $1.24 of $100.00 used  on marked equity  from $500.00  dial 20%
            ..........................
  RECORD    book closed 1  0W 1L  net $-0.12  fees and funding in
  FEES      no fills yet this run (the book trades at 00:05 UTC)
  ------------------------------------------------------------------------------------------------
 
23:10:19 | 
23:10:19 | ============================================================
23:10:19 | 📊 POSITION SUMMARY (8-MIN UPDATE)
23:10:19 | 💰 Equity: $499.70 | Unrealized: $-0.94
23:10:19 | 💵 Available: $433.39 after open P&L | Locked: $65.37
23:10:19 | 📈 Session: $-0.25 (-0.0%)
23:10:19 | 🎯 C510 Book (what trades): 11 positions, gross 0.65x, open $-0.94 | rule C2 N2+N3 + range vol (GK) | closed 1: 0W/1L $-0.12 | since 01 Oct -0.25% (normal)
23:10:19 | ============================================================
23:10:19 | ============================================================
23:10:19 | 🔻 Book guard: $1.24 of $100.00 used this month on marked equity (1%, from $500.00) · realised today -0.03% [C497]
23:10:19 | ============================================================
23:10:19 | 
 
  23:18  up 0h48m  daily book --------------------------------------------------------------------
  EQUITY    $499.08  unreal $-0.62
  OPEN      no intraday positions  book holds 11 (BOOK row)  free $433.71 after open P&L
  SHADOW    intraday M1 $497.10 (-0.52%)  M1g $499.72 (+0.00%)  1d paper only
  CARRY     $499.12 (-0.14%)  7 held  paper only
  SPOT      $249.96 (-0.02%)  3 held  10% invested  cash earns 6.69%  paper pot
  SAVINGS   idle $308.94 (62%)  at 6.69% +$0.09 so far  ~$1.72/month  paper
  BFUSD     wallet $499.08 at 7.66%  +$0.05 so far  ~$3.19/month  vs Savings $1.72  paper
  DELTA     $499.37 (-0.13%)  10 held  fees $0.20  funding $+0.02  paper, same plan
  BOOK      11 pos gross $324.20 (0.65x)  open $-0.62  funding $-0.02  vol 27% top 20
            rebal 2026-10-02
  CONTEXT   since 01 Oct $-0.92 (-0.18%) in 1.6d  normal -1.5% to +2.2%  bottom 41%: normal
  RULE      C2 N2+N3 + range vol (GK)  forward test (paper)
  TOURNEY   1d from 2026-10-01  base -0.86%  N2 -0.91%  N3 -0.56%  N2+N3 -0.54%  +K4 -0.69%
            +GK* -0.44%  +K4+GK -0.64%
  DATA      on time  prices 39s  funding booked  book today  shadow 17:00  carry today
            spot pot today
  SESSION   $+0.07 +0.01%  peak $499.20  dd 0.02%
  CURVE     ++=+==+
  MONTH     book guard $0.92 of $100.00 used  on marked equity  from $500.00  dial 20%
            ..........................
  RECORD    book closed 1  0W 1L  net $-0.12  fees and funding in
  FEES      no fills yet this run (the book trades at 00:05 UTC)
  ------------------------------------------------------------------------------------------------
 
23:18:19 | 
23:18:19 | ============================================================
23:18:19 | 📊 POSITION SUMMARY (8-MIN UPDATE)
23:18:19 | 💰 Equity: $499.70 | Unrealized: $-0.62
23:18:19 | 💵 Available: $433.71 after open P&L | Locked: $65.37
23:18:19 | 📈 Session: $+0.07 (+0.0%)
23:18:19 | 🎯 C510 Book (what trades): 11 positions, gross 0.65x, open $-0.62 | rule C2 N2+N3 + range vol (GK) | closed 1: 0W/1L $-0.12 | since 01 Oct -0.18% (normal)
23:18:19 | ============================================================
23:18:19 | ============================================================
23:18:19 | 🔻 Book guard: $0.92 of $100.00 used this month on marked equity (1%, from $500.00) · realised today -0.03% [C497]
23:18:19 | ============================================================
23:18:19 | 
 
  23:26  up 0h56m  daily book --------------------------------------------------------------------
  EQUITY    $499.27  unreal $-0.43
  OPEN      no intraday positions  book holds 11 (BOOK row)  free $433.90 after open P&L
  SHADOW    intraday M1 $497.10 (-0.52%)  M1g $499.72 (+0.00%)  1d paper only
  CARRY     $499.12 (-0.14%)  7 held  paper only
  SPOT      $249.99 (-0.00%)  3 held  10% invested  cash earns 6.69%  paper pot
  SAVINGS   idle $309.08 (62%)  at 6.69% +$0.09 so far  ~$1.72/month  paper
  BFUSD     wallet $499.27 at 7.66%  +$0.05 so far  ~$3.19/month  vs Savings $1.72  paper
  DELTA     $499.65 (-0.07%)  10 held  fees $0.20  funding $+0.02  paper, same plan
  BOOK      11 pos gross $324.72 (0.65x)  open $-0.43  funding $-0.02  vol 27% top 20
            rebal 2026-10-02
  CONTEXT   since 01 Oct $-0.73 (-0.15%) in 1.6d  normal -1.5% to +2.2%  bottom 43%: normal
  RULE      C2 N2+N3 + range vol (GK)  forward test (paper)
  TOURNEY   1d from 2026-10-01  base -0.86%  N2 -0.91%  N3 -0.56%  N2+N3 -0.54%  +K4 -0.69%
            +GK* -0.44%  +K4+GK -0.64%
  DATA      on time  prices 31s  funding booked  book today  shadow 17:00  carry today
            spot pot today
  SESSION   $+0.26 +0.05%
  CURVE     =+=+==++
  MONTH     book guard $0.73 of $100.00 used  on marked equity  from $500.00  dial 20%
            ..........................
  RECORD    book closed 1  0W 1L  net $-0.12  fees and funding in
  FEES      no fills yet this run (the book trades at 00:05 UTC)
  ------------------------------------------------------------------------------------------------
 
23:26:19 | 
23:26:19 | ============================================================
23:26:19 | 📊 POSITION SUMMARY (8-MIN UPDATE)
23:26:19 | 💰 Equity: $499.70 | Unrealized: $-0.43
23:26:19 | 💵 Available: $433.90 after open P&L | Locked: $65.37
23:26:19 | 📈 Session: $+0.26 (+0.1%)
23:26:19 | 🎯 C510 Book (what trades): 11 positions, gross 0.65x, open $-0.43 | rule C2 N2+N3 + range vol (GK) | closed 1: 0W/1L $-0.12 | since 01 Oct -0.15% (normal)
23:26:19 | ============================================================
23:26:19 | ============================================================
23:26:19 | 🔻 Book guard: $0.73 of $100.00 used this month on marked equity (1%, from $500.00) · realised today -0.03% [C497]
23:26:19 | ============================================================
23:26:19 | 
23:32:17 |    👻 C489 shadow hour 18:00 UTC: 39 coins scored (full (16 features)), gate shut | M1 $496.40 (-0.66%) M1g $499.72 (+0.00%) over 1d [3s]
 
  23:34  up 1h04m  daily book --------------------------------------------------------------------
  EQUITY    $499.34  unreal $-0.36
  OPEN      no intraday positions  book holds 11 (BOOK row)  free $433.97 after open P&L
  SHADOW    intraday M1 $496.40 (-0.66%)  M1g $499.72 (+0.00%)  1d paper only
  CARRY     $499.12 (-0.14%)  7 held  paper only
  SPOT      $250.02 (+0.01%)  3 held  10% invested  cash earns 6.69%  paper pot
  SAVINGS   idle $309.13 (62%)  at 6.69% +$0.09 so far  ~$1.72/month  paper
  BFUSD     wallet $499.34 at 7.66%  +$0.05 so far  ~$3.19/month  vs Savings $1.72  paper
  DELTA     $499.71 (-0.06%)  10 held  fees $0.20  funding $+0.02  paper, same plan
  BOOK      11 pos gross $324.69 (0.65x)  open $-0.36  funding $-0.02  vol 27% top 20
            rebal 2026-10-02
  CONTEXT   since 01 Oct $-0.66 (-0.13%) in 1.6d  normal -1.5% to +2.2%  bottom 43%: normal
  RULE      C2 N2+N3 + range vol (GK)  forward test (paper)
  TOURNEY   1d from 2026-10-01  base -0.86%  N2 -0.91%  N3 -0.56%  N2+N3 -0.54%  +K4 -0.69%
            +GK* -0.44%  +K4+GK -0.64%
  DATA      on time  prices 24s  funding booked  book today  shadow 18:00  carry today
            spot pot today
  SESSION   $+0.33 +0.07%
  CURVE     =+====+++
  MONTH     book guard $0.66 of $100.00 used  on marked equity  from $500.00  dial 20%
            ..........................
  RECORD    book closed 1  0W 1L  net $-0.12  fees and funding in
  FEES      no fills yet this run (the book trades at 00:05 UTC)
  ------------------------------------------------------------------------------------------------
 
23:34:19 | 
23:34:19 | ============================================================
23:34:19 | 📊 POSITION SUMMARY (8-MIN UPDATE)
23:34:19 | 💰 Equity: $499.70 | Unrealized: $-0.36
23:34:19 | 💵 Available: $433.97 after open P&L | Locked: $65.37
23:34:19 | 📈 Session: $+0.33 (+0.1%)
23:34:19 | 🎯 C510 Book (what trades): 11 positions, gross 0.65x, open $-0.36 | rule C2 N2+N3 + range vol (GK) | closed 1: 0W/1L $-0.12 | since 01 Oct -0.13% (normal)
23:34:19 | ============================================================
23:34:19 | ============================================================
23:34:19 | 🔻 Book guard: $0.66 of $100.00 used this month on marked equity (1%, from $500.00) · realised today -0.03% [C497]
23:34:19 | ============================================================
23:34:19 | 
 
  23:42  up 1h12m  daily book --------------------------------------------------------------------
  EQUITY    $499.10  unreal $-0.60
  OPEN      no intraday positions  book holds 11 (BOOK row)  free $433.73 after open P&L
  SHADOW    intraday M1 $496.40 (-0.66%)  M1g $499.72 (+0.00%)  1d paper only
  CARRY     $499.12 (-0.14%)  7 held  paper only
  SPOT      $250.00 (+0.00%)  3 held  10% invested  cash earns 6.69%  paper pot
  SAVINGS   idle $308.94 (62%)  at 6.69% +$0.09 so far  ~$1.72/month  paper
  BFUSD     wallet $499.08 at 7.66%  +$0.05 so far  ~$3.19/month  vs Savings $1.72  paper
  DELTA     $499.38 (-0.12%)  10 held  fees $0.20  funding $+0.02  paper, same plan
  BOOK      11 pos gross $324.24 (0.65x)  open $-0.60  funding $-0.02  vol 27% top 20
            rebal 2026-10-02
  CONTEXT   since 01 Oct $-0.90 (-0.18%) in 1.6d  normal -1.5% to +2.2%  bottom 42%: normal
  RULE      C2 N2+N3 + range vol (GK)  forward test (paper)
  TOURNEY   1d from 2026-10-01  base -0.86%  N2 -0.91%  N3 -0.56%  N2+N3 -0.54%  +K4 -0.69%
            +GK* -0.44%  +K4+GK -0.64%
  DATA      on time  prices 14s  funding booked  book today  shadow 18:00  carry today
            spot pot today
  SESSION   $+0.09 +0.02%  peak $499.34  dd 0.05%
  CURVE     =+====++++
  MONTH     book guard $0.90 of $100.00 used  on marked equity  from $500.00  dial 20%
            ..........................
  RECORD    book closed 1  0W 1L  net $-0.12  fees and funding in
  FEES      no fills yet this run (the book trades at 00:05 UTC)
  ------------------------------------------------------------------------------------------------
 
23:42:20 | 
23:42:20 | ============================================================
23:42:20 | 📊 POSITION SUMMARY (8-MIN UPDATE)
23:42:20 | 💰 Equity: $499.70 | Unrealized: $-0.60
23:42:20 | 💵 Available: $433.73 after open P&L | Locked: $65.37
23:42:20 | 📈 Session: $+0.09 (+0.0%)
23:42:20 | 🎯 C510 Book (what trades): 11 positions, gross 0.65x, open $-0.60 | rule C2 N2+N3 + range vol (GK) | closed 1: 0W/1L $-0.12 | since 01 Oct -0.18% (normal)
23:42:20 | ============================================================
23:42:20 | ============================================================
23:42:20 | 🔻 Book guard: $0.90 of $100.00 used this month on marked equity (1%, from $500.00) · realised today -0.03% [C497]
23:42:20 | ============================================================
23:42:20 | 
 
  23:50  up 1h20m  daily book --------------------------------------------------------------------
  EQUITY    $498.82  unreal $-0.88
  OPEN      no intraday positions  book holds 11 (BOOK row)  free $433.45 after open P&L
  SHADOW    intraday M1 $496.40 (-0.66%)  M1g $499.72 (+0.00%)  1d paper only
  CARRY     $499.12 (-0.14%)  7 held  paper only
  SPOT      $249.95 (-0.02%)  3 held  10% invested  cash earns 6.69%  paper pot
  SAVINGS   idle $308.78 (62%)  at 6.69% +$0.09 so far  ~$1.72/month  paper
  BFUSD     wallet $498.87 at 7.66%  +$0.05 so far  ~$3.18/month  vs Savings $1.72  paper
  DELTA     $499.60 (-0.08%)  10 held  fees $0.20  funding $+0.02  paper, same plan
  BOOK      11 pos gross $322.60 (0.65x)  open $-0.88  funding $-0.02  vol 27% top 20
            rebal 2026-10-02
  CONTEXT   since 01 Oct $-1.18 (-0.24%) in 1.6d  normal -1.5% to +2.2%  bottom 40%: normal
  RULE      C2 N2+N3 + range vol (GK)  forward test (paper)
  TOURNEY   1d from 2026-10-01  base -0.86%  N2 -0.91%  N3 -0.56%  N2+N3 -0.54%  +K4 -0.69%
            +GK* -0.44%  +K4+GK -0.64%
  DATA      on time  prices 8s  funding booked  book today  shadow 18:00  carry today
            spot pot today
  SESSION   $-0.19 -0.04%  peak $499.34  dd 0.10%
  CURVE     =+====++++=
  MONTH     book guard $1.18 of $100.00 used  on marked equity  from $500.00  dial 20%
            ..........................
  RECORD    book closed 1  0W 1L  net $-0.12  fees and funding in
  FEES      no fills yet this run (the book trades at 00:05 UTC)
  ------------------------------------------------------------------------------------------------
 
23:50:21 | 
23:50:21 | ============================================================
23:50:21 | 📊 POSITION SUMMARY (8-MIN UPDATE)
23:50:21 | 💰 Equity: $499.70 | Unrealized: $-0.88
23:50:21 | 💵 Available: $433.45 after open P&L | Locked: $65.37
23:50:21 | 📈 Session: $-0.19 (-0.0%)
23:50:21 | 🎯 C510 Book (what trades): 11 positions, gross 0.65x, open $-0.88 | rule C2 N2+N3 + range vol (GK) | closed 1: 0W/1L $-0.12 | since 01 Oct -0.24% (normal)
23:50:21 | ============================================================
23:50:21 | ============================================================
23:50:21 | 🔻 Book guard: $1.18 of $100.00 used this month on marked equity (1%, from $500.00) · realised today -0.03% [C497]
23:50:21 | ============================================================
23:50:21 | 
 
  23:58  up 1h28m  daily book --------------------------------------------------------------------
  EQUITY    $498.57  unreal $-1.13
  OPEN      no intraday positions  book holds 11 (BOOK row)  free $433.20 after open P&L
  SHADOW    intraday M1 $496.40 (-0.66%)  M1g $499.72 (+0.00%)  1d paper only
  CARRY     $499.12 (-0.14%)  7 held  paper only
  SPOT      $249.91 (-0.04%)  3 held  10% invested  cash earns 6.69%  paper pot
  SAVINGS   idle $308.62 (62%)  at 6.69% +$0.09 so far  ~$1.72/month  paper
  BFUSD     wallet $498.65 at 7.66%  +$0.05 so far  ~$3.18/month  vs Savings $1.72  paper
  DELTA     $499.19 (-0.16%)  10 held  fees $0.20  funding $+0.02  paper, same plan
  BOOK      11 pos gross $322.06 (0.65x)  open $-1.13  funding $-0.02  vol 27% top 20
            rebal 2026-10-02
  CONTEXT   since 01 Oct $-1.43 (-0.29%) in 1.6d  normal -1.5% to +2.2%  bottom 38%: normal
  RULE      C2 N2+N3 + range vol (GK)  forward test (paper)
  TOURNEY   1d from 2026-10-01  base -0.86%  N2 -0.91%  N3 -0.56%  N2+N3 -0.54%  +K4 -0.69%
            +GK* -0.44%  +K4+GK -0.64%
  DATA      on time  prices 1s  funding booked  book today  shadow 18:00  carry today
            spot pot today
  SESSION   $-0.44 -0.09%  peak $499.34  dd 0.15%
  CURVE     ++=+==++++==
  MONTH     book guard $1.43 of $100.00 used  on marked equity  from $500.00  dial 20%
            ..........................
  RECORD    book closed 1  0W 1L  net $-0.12  fees and funding in
  FEES      no fills yet this run (the book trades at 00:05 UTC)
  ------------------------------------------------------------------------------------------------
 
23:58:21 | 
23:58:21 | ============================================================
23:58:21 | 📊 POSITION SUMMARY (8-MIN UPDATE)
23:58:21 | 💰 Equity: $499.70 | Unrealized: $-1.13
23:58:21 | 💵 Available: $433.20 after open P&L | Locked: $65.37
23:58:21 | 📈 Session: $-0.44 (-0.1%)
23:58:21 | 🎯 C510 Book (what trades): 11 positions, gross 0.65x, open $-1.13 | rule C2 N2+N3 + range vol (GK) | closed 1: 0W/1L $-0.12 | since 01 Oct -0.29% (normal)
23:58:21 | ============================================================
23:58:21 | ============================================================
23:58:21 | 🔻 Book guard: $1.43 of $100.00 used this month on marked equity (1%, from $500.00) · realised today -0.03% [C497]
23:58:21 | ============================================================
23:58:21 | 
00:00:00 | ============================================================
00:00:00 | 📅 NEW DAY
00:00:00 | 💰 Carrying equity: $499.70
00:00:00 | ============================================================
00:00:00 |    📅 C471: day loss barrier re-anchored at $499.70 for the new day
00:00:00 | 🔄 C200: calendar day rolled — session continues (baseline, cap & cycle plan unchanged)
 
  00:06  up 1h36m  daily book --------------------------------------------------------------------
  EQUITY    $498.89  unreal $-0.81
  OPEN      no intraday positions  book holds 11 (BOOK row)  free $433.52 after open P&L
  SHADOW    intraday M1 $496.40 (-0.66%)  M1g $499.72 (+0.00%)  1d paper only
  CARRY     $499.12 (-0.14%)  7 held  paper only
  SPOT      $249.89 (-0.05%)  3 held  10% invested  cash earns 6.69%  paper pot
  SAVINGS   idle $308.80 (62%)  at 6.69% +$0.09 so far  ~$1.72/month  paper
  BFUSD     wallet $498.89 at 7.66%  +$0.05 so far  ~$3.18/month  vs Savings $1.72  paper
  DELTA     $499.28 (-0.14%)  10 held  fees $0.20  funding $+0.02  paper, same plan
  BOOK      11 pos gross $320.59 (0.64x)  open $-0.81  funding $-0.02  vol 27% top 20
            rebal 2026-10-02
  CONTEXT   since 01 Oct $-1.11 (-0.22%) in 1.6d  normal -1.5% to +2.2%  bottom 40%: normal
  RULE      C2 N2+N3 + range vol (GK)  forward test (paper)
  TOURNEY   1d from 2026-10-01  base -0.86%  N2 -0.91%  N3 -0.56%  N2+N3 -0.54%  +K4 -0.69%
            +GK* -0.44%  +K4+GK -0.64%
  DATA      on time  prices 34s  funding booked  book today  shadow 18:00  carry today
            spot pot today
  SESSION   $-0.12 -0.02%  peak $499.34  dd 0.09%
  CURVE     ++=+==++++===
  MONTH     book guard $1.11 of $100.00 used  on marked equity  from $500.00  dial 20%
            ..........................
  RECORD    book closed 1  0W 1L  net $-0.12  fees and funding in
  FEES      no fills yet this run (the book trades at 00:05 UTC)
  ------------------------------------------------------------------------------------------------
 
00:06:21 | 
00:06:21 | ============================================================
00:06:21 | 📊 POSITION SUMMARY (8-MIN UPDATE)
00:06:21 | 💰 Equity: $499.70 | Unrealized: $-0.81
00:06:21 | 💵 Available: $433.52 after open P&L | Locked: $65.37
00:06:21 | 📈 Session: $-0.12 (-0.0%)
00:06:21 | 🎯 C510 Book (what trades): 11 positions, gross 0.64x, open $-0.81 | rule C2 N2+N3 + range vol (GK) | closed 1: 0W/1L $-0.12 | since 01 Oct -0.22% (normal)
00:06:21 | ============================================================
00:06:21 | ============================================================
00:06:21 | 🔵 Book guard: $1.11 of $100.00 used this month on marked equity (1%, from $500.00) · realised today +0.00% [C497]
00:06:21 | ============================================================
00:06:21 | 
 
  00:14  up 1h44m  daily book --------------------------------------------------------------------
  EQUITY    $499.23  unreal $-0.47
  OPEN      no intraday positions  book holds 11 (BOOK row)  free $433.86 after open P&L
  SHADOW    intraday M1 $496.40 (-0.66%)  M1g $499.72 (+0.00%)  1d paper only
  CARRY     $499.12 (-0.14%)  7 held  paper only
  SPOT      $249.68 (-0.13%)  3 held  10% invested  cash earns 6.69%  paper pot
  SAVINGS   idle $309.05 (62%)  at 6.69% +$0.09 so far  ~$1.72/month  paper
  BFUSD     wallet $499.23 at 7.66%  +$0.05 so far  ~$3.19/month  vs Savings $1.72  paper
  DELTA     $499.61 (-0.08%)  10 held  fees $0.20  funding $+0.02  paper, same plan
  BOOK      11 pos gross $316.32 (0.63x)  open $-0.47  funding $-0.02  vol 27% top 20
            rebal 2026-10-02
  CONTEXT   since 01 Oct $-0.77 (-0.15%) in 1.6d  normal -1.5% to +2.2%  bottom 42%: normal
  RULE      C2 N2+N3 + range vol (GK)  forward test (paper)
  TOURNEY   1d from 2026-10-01  base -0.86%  N2 -0.91%  N3 -0.56%  N2+N3 -0.54%  +K4 -0.69%
            +GK* -0.44%  +K4+GK -0.64%
  DATA      on time  prices 26s  funding booked  book today  shadow 18:00  carry today
            spot pot today
  SESSION   $+0.22 +0.04%  peak $499.34  dd 0.02%
  CURVE     ++=+==++++===+
  MONTH     book guard $0.77 of $100.00 used  on marked equity  from $500.00  dial 20%
            ..........................
  RECORD    book closed 1  0W 1L  net $-0.12  fees and funding in
  FEES      no fills yet this run (the book trades at 00:05 UTC)
  ------------------------------------------------------------------------------------------------
 
00:14:22 | 
00:14:22 | ============================================================
00:14:22 | 📊 POSITION SUMMARY (8-MIN UPDATE)
00:14:22 | 💰 Equity: $499.70 | Unrealized: $-0.47
00:14:22 | 💵 Available: $433.86 after open P&L | Locked: $65.37
00:14:22 | 📈 Session: $+0.22 (+0.0%)
00:14:22 | 🎯 C510 Book (what trades): 11 positions, gross 0.63x, open $-0.47 | rule C2 N2+N3 + range vol (GK) | closed 1: 0W/1L $-0.12 | since 01 Oct -0.15% (normal)
00:14:22 | ============================================================
00:14:22 | ============================================================
00:14:22 | 🔵 Book guard: $0.77 of $100.00 used this month on marked equity (1%, from $500.00) · realised today +0.00% [C497]
00:14:22 | ============================================================
00:14:22 | 
