
  ================================================================================================
  OMEGA C525  PAPER  Binance perps
  03 Oct 2026   09:33
  start $499.71 realised  risk dial 20%/month
  ================================================================================================

  RISK FRAME -------------------------------------------------------------------------------------
  EQUITY    $499.71 realised  740 markets
  MONTH     dial 20% = $100.00 this month  used $0.29 realised
  BOOK      daily trend + momentum + carry, rebalanced 00:05 UTC
            month guard on MARKED equity (open P&L counts)  intraday scanner idle
  ------------------------------------------------------------------------------------------------



  09:41  up 0h08m  daily book --------------------------------------------------------------------
  EQUITY    $499.27  unreal $-0.44
  OPEN      no intraday positions  book holds 9 (BOOK row)  free $436.57 after open P&L
  SHADOW    intraday M1 $506.86 (+1.43%)  M1g $502.41 (+0.54%)  2d paper only
  CARRY     $499.11 (-0.15%)  8 held  paper only
  SPOT      $249.73 (-0.11%)  1 held  4% invested  cash earns 6.69%  paper pot
  SAVINGS   idle $311.75 (62%)  at 6.69% +$0.11 so far  ~$1.74/month  paper
  BFUSD     wallet $499.27 at 7.66%  +$0.09 so far  ~$3.19/month  vs Savings $1.74  paper
  DELTA     $499.75 (-0.05%)  9 held  fees $0.20  funding $+0.01  paper, same plan
  XVENUE    $499.35 (-0.13%)  10 pairs  funding $+0.00  fees $0.74  paper, Delta vs Binance
  BOOK      9 pos gross $308.03 (0.62x)  open $-0.45  funding $-0.04  vol 27% top 20
            rebal 2026-10-03
  CONTEXT   since 01 Oct $-0.73 (-0.15%) in 2.0d  normal -1.7% to +2.5%  bottom 43%: normal
  RULE      C2 N2+N3 + range vol (GK)  forward test (paper)
  TOURNEY   2d from 2026-10-01  base -0.60%  N2 -0.66%  N3 -0.37%  N2+N3 -0.37%  +K4 -0.42%
            +GK* -0.30%  +K4+GK -0.38%  +GK+DD +0.00%  +GK+XA +0.00%
  DATA      on time  prices 32s  funding booked  book today  shadow 04:00  carry today
            spot pot today
  SESSION   $-0.15 -0.03%  peak $499.42  dd 0.03%
  MONTH     book guard $0.73 of $100.00 used  on marked equity  from $500.00  dial 20%
            ..........................
  RECORD    book closed 3  2W 1L  net $-0.09  fees and funding in
  FEES      no fills yet this run (the book trades at 00:05 UTC)
  ------------------------------------------------------------------------------------------------



  09:49  up 0h16m  daily book --------------------------------------------------------------------
  EQUITY    $499.07  unreal $-0.64
  OPEN      no intraday positions  book holds 9 (BOOK row)  free $436.37 after open P&L
  SHADOW    intraday M1 $506.86 (+1.43%)  M1g $502.41 (+0.54%)  2d paper only
  CARRY     $499.11 (-0.15%)  8 held  paper only
  SPOT      $249.72 (-0.11%)  1 held  4% invested  cash earns 6.69%  paper pot
  SAVINGS   idle $311.62 (62%)  at 6.69% +$0.11 so far  ~$1.74/month  paper
  BFUSD     wallet $499.10 at 7.66%  +$0.09 so far  ~$3.19/month  vs Savings $1.74  paper
  DELTA     $499.47 (-0.11%)  9 held  fees $0.20  funding $+0.01  paper, same plan
  XVENUE    $499.35 (-0.13%)  10 pairs  funding $+0.00  fees $0.74  paper, Delta vs Binance
  BOOK      9 pos gross $307.66 (0.62x)  open $-0.64  funding $-0.04  vol 27% top 20
            rebal 2026-10-03
  CONTEXT   since 01 Oct $-0.93 (-0.19%) in 2.0d  normal -1.7% to +2.5%  bottom 42%: normal
  RULE      C2 N2+N3 + range vol (GK)  forward test (paper)
  TOURNEY   2d from 2026-10-01  base -0.60%  N2 -0.66%  N3 -0.37%  N2+N3 -0.37%  +K4 -0.42%
            +GK* -0.30%  +K4+GK -0.38%  +GK+DD +0.00%  +GK+XA +0.00%
  DATA      on time  prices 23s  funding booked  book today  shadow 04:00  carry today
            spot pot today
  SESSION   $-0.35 -0.07%  peak $499.42  dd 0.07%
  MONTH     book guard $0.93 of $100.00 used  on marked equity  from $500.00  dial 20%
            ..........................
  RECORD    book closed 3  2W 1L  net $-0.09  fees and funding in
  FEES      no fills yet this run (the book trades at 00:05 UTC)
  ------------------------------------------------------------------------------------------------



  09:57  up 0h24m  daily book --------------------------------------------------------------------
  EQUITY    $498.96  unreal $-0.75
  OPEN      no intraday positions  book holds 9 (BOOK row)  free $436.26 after open P&L
  SHADOW    intraday M1 $506.86 (+1.43%)  M1g $502.41 (+0.54%)  2d paper only
  CARRY     $499.11 (-0.15%)  8 held  paper only
  SPOT      $249.72 (-0.11%)  1 held  4% invested  cash earns 6.69%  paper pot
  SAVINGS   idle $311.53 (62%)  at 6.69% +$0.11 so far  ~$1.74/month  paper
  BFUSD     wallet $498.97 at 7.66%  +$0.09 so far  ~$3.19/month  vs Savings $1.74  paper
  DELTA     $499.40 (-0.12%)  9 held  fees $0.20  funding $+0.01  paper, same plan
  XVENUE    $499.35 (-0.13%)  10 pairs  funding $+0.00  fees $0.74  paper, Delta vs Binance
  BOOK      9 pos gross $307.26 (0.62x)  open $-0.75  funding $-0.04  vol 27% top 20
            rebal 2026-10-03
  CONTEXT   since 01 Oct $-1.04 (-0.21%) in 2.0d  normal -1.7% to +2.5%  bottom 41%: normal
  RULE      C2 N2+N3 + range vol (GK)  forward test (paper)
  TOURNEY   2d from 2026-10-01  base -0.60%  N2 -0.66%  N3 -0.37%  N2+N3 -0.37%  +K4 -0.42%
            +GK* -0.30%  +K4+GK -0.38%  +GK+DD +0.00%  +GK+XA +0.00%
  DATA      on time  prices 18s  funding booked  book today  shadow 04:00  carry today
            spot pot today
  SESSION   $-0.46 -0.09%  peak $499.42  dd 0.09%
  MONTH     book guard $1.04 of $100.00 used  on marked equity  from $500.00  dial 20%
            ..........................
  RECORD    book closed 3  2W 1L  net $-0.09  fees and funding in
  FEES      no fills yet this run (the book trades at 00:05 UTC)
  ------------------------------------------------------------------------------------------------



  10:05  up 0h32m  daily book --------------------------------------------------------------------
  EQUITY    $498.91  unreal $-0.80
  OPEN      no intraday positions  book holds 9 (BOOK row)  free $436.21 after open P&L
  SHADOW    intraday M1 $506.86 (+1.43%)  M1g $502.41 (+0.54%)  2d paper only
  CARRY     $499.11 (-0.15%)  8 held  paper only
  SPOT      $249.71 (-0.11%)  1 held  4% invested  cash earns 6.69%  paper pot
  SAVINGS   idle $311.50 (62%)  at 6.69% +$0.12 so far  ~$1.74/month  paper
  BFUSD     wallet $498.93 at 7.66%  +$0.10 so far  ~$3.18/month  vs Savings $1.74  paper
  DELTA     $499.30 (-0.14%)  9 held  fees $0.20  funding $+0.01  paper, same plan
  XVENUE    $499.35 (-0.13%)  10 pairs  funding $+0.00  fees $0.74  paper, Delta vs Binance
  BOOK      9 pos gross $307.03 (0.61x)  open $-0.80  funding $-0.04  vol 27% top 20
            rebal 2026-10-03
  CONTEXT   since 01 Oct $-1.09 (-0.22%) in 2.0d  normal -1.7% to +2.5%  bottom 41%: normal
  RULE      C2 N2+N3 + range vol (GK)  forward test (paper)
  TOURNEY   2d from 2026-10-01  base -0.60%  N2 -0.66%  N3 -0.37%  N2+N3 -0.37%  +K4 -0.42%
            +GK* -0.30%  +K4+GK -0.38%  +GK+DD +0.00%  +GK+XA +0.00%
  DATA      on time  prices 12s  funding booked  book today  shadow 04:00  carry today
            spot pot today
  SESSION   $-0.51 -0.10%  peak $499.42  dd 0.10%
  MONTH     book guard $1.09 of $100.00 used  on marked equity  from $500.00  dial 20%
            ..........................
  RECORD    book closed 3  2W 1L  net $-0.09  fees and funding in
  FEES      no fills yet this run (the book trades at 00:05 UTC)
  ------------------------------------------------------------------------------------------------



  10:13  up 0h40m  daily book --------------------------------------------------------------------
  EQUITY    $499.00  unreal $-0.71
  OPEN      no intraday positions  book holds 9 (BOOK row)  free $436.30 after open P&L
  SHADOW    intraday M1 $506.86 (+1.43%)  M1g $502.41 (+0.54%)  2d paper only
  CARRY     $499.11 (-0.15%)  8 held  paper only
  SPOT      $249.71 (-0.11%)  1 held  4% invested  cash earns 6.69%  paper pot
  SAVINGS   idle $311.54 (62%)  at 6.69% +$0.12 so far  ~$1.74/month  paper
  BFUSD     wallet $498.99 at 7.66%  +$0.10 so far  ~$3.19/month  vs Savings $1.74  paper
  DELTA     $499.36 (-0.13%)  9 held  fees $0.20  funding $+0.01  paper, same plan
  XVENUE    $499.35 (-0.13%)  10 pairs  funding $+0.00  fees $0.74  paper, Delta vs Binance
  BOOK      9 pos gross $307.31 (0.62x)  open $-0.71  funding $-0.04  vol 27% top 20
            rebal 2026-10-03
  CONTEXT   since 01 Oct $-1.00 (-0.20%) in 2.0d  normal -1.7% to +2.5%  bottom 41%: normal
  RULE      C2 N2+N3 + range vol (GK)  forward test (paper)
  TOURNEY   2d from 2026-10-01  base -0.60%  N2 -0.66%  N3 -0.37%  N2+N3 -0.37%  +K4 -0.42%
            +GK* -0.30%  +K4+GK -0.38%  +GK+DD +0.00%  +GK+XA +0.00%
  DATA      on time  prices 4s  funding booked  book today  shadow 04:00  carry today
            spot pot today
  SESSION   $-0.42 -0.08%  peak $499.42  dd 0.08%
  CURVE     ++====
  MONTH     book guard $1.00 of $100.00 used  on marked equity  from $500.00  dial 20%
            ..........................
  RECORD    book closed 3  2W 1L  net $-0.09  fees and funding in
  FEES      no fills yet this run (the book trades at 00:05 UTC)
  ------------------------------------------------------------------------------------------------



  10:21  up 0h48m  daily book --------------------------------------------------------------------
  EQUITY    $499.14  unreal $-0.57
  OPEN      no intraday positions  book holds 9 (BOOK row)  free $436.44 after open P&L
  SHADOW    intraday M1 $506.86 (+1.43%)  M1g $502.41 (+0.54%)  2d paper only
  CARRY     $499.11 (-0.15%)  8 held  paper only
  SPOT      $249.72 (-0.11%)  1 held  4% invested  cash earns 6.69%  paper pot
  SAVINGS   idle $311.65 (62%)  at 6.69% +$0.12 so far  ~$1.74/month  paper
  BFUSD     wallet $499.14 at 7.66%  +$0.10 so far  ~$3.19/month  vs Savings $1.74  paper
  DELTA     $499.56 (-0.09%)  9 held  fees $0.20  funding $+0.01  paper, same plan
  XVENUE    $499.35 (-0.13%)  10 pairs  funding $+0.00  fees $0.74  paper, Delta vs Binance
  BOOK      9 pos gross $307.73 (0.62x)  open $-0.57  funding $-0.04  vol 27% top 20
            rebal 2026-10-03
  CONTEXT   since 01 Oct $-0.86 (-0.17%) in 2.0d  normal -1.7% to +2.5%  bottom 42%: normal
  RULE      C2 N2+N3 + range vol (GK)  forward test (paper)
  TOURNEY   2d from 2026-10-01  base -0.60%  N2 -0.66%  N3 -0.37%  N2+N3 -0.37%  +K4 -0.42%
            +GK* -0.30%  +K4+GK -0.38%  +GK+DD +0.00%  +GK+XA +0.00%
  DATA      on time  prices 37s  funding booked  book today  shadow 04:00  carry today
            spot pot today
  SESSION   $-0.28 -0.06%  peak $499.42  dd 0.06%
  CURVE     ++=====
  MONTH     book guard $0.86 of $100.00 used  on marked equity  from $500.00  dial 20%
            ..........................
  RECORD    book closed 3  2W 1L  net $-0.09  fees and funding in
  FEES      no fills yet this run (the book trades at 00:05 UTC)
  ------------------------------------------------------------------------------------------------



  10:29  up 0h56m  daily book --------------------------------------------------------------------
  EQUITY    $499.17  unreal $-0.54
  OPEN      no intraday positions  book holds 9 (BOOK row)  free $436.47 after open P&L
  SHADOW    intraday M1 $506.86 (+1.43%)  M1g $502.41 (+0.54%)  2d paper only
  CARRY     $499.11 (-0.15%)  8 held  paper only
  SPOT      $249.72 (-0.11%)  1 held  4% invested  cash earns 6.69%  paper pot
  SAVINGS   idle $311.68 (62%)  at 6.69% +$0.12 so far  ~$1.74/month  paper
  BFUSD     wallet $499.17 at 7.66%  +$0.10 so far  ~$3.19/month  vs Savings $1.74  paper
  DELTA     $499.57 (-0.09%)  9 held  fees $0.20  funding $+0.01  paper, same plan
  XVENUE    $499.35 (-0.13%)  10 pairs  funding $+0.00  fees $0.74  paper, Delta vs Binance
  BOOK      9 pos gross $307.57 (0.62x)  open $-0.54  funding $-0.04  vol 27% top 20
            rebal 2026-10-03
  CONTEXT   since 01 Oct $-0.83 (-0.17%) in 2.0d  normal -1.7% to +2.5%  bottom 42%: normal
  RULE      C2 N2+N3 + range vol (GK)  forward test (paper)
  TOURNEY   2d from 2026-10-01  base -0.60%  N2 -0.66%  N3 -0.37%  N2+N3 -0.37%  +K4 -0.42%
            +GK* -0.30%  +K4+GK -0.38%  +GK+DD +0.00%  +GK+XA +0.00%
  DATA      on time  prices 31s  funding booked  book today  shadow 04:00  carry today
            spot pot today
  SESSION   $-0.25 -0.05%  peak $499.42  dd 0.05%
  CURVE     ++=====+
  MONTH     book guard $0.83 of $100.00 used  on marked equity  from $500.00  dial 20%
            ..........................
  RECORD    book closed 3  2W 1L  net $-0.09  fees and funding in
  FEES      no fills yet this run (the book trades at 00:05 UTC)
  ------------------------------------------------------------------------------------------------



  10:37  up 1h04m  daily book --------------------------------------------------------------------
  EQUITY    $499.18  unreal $-0.53
  OPEN      no intraday positions  book holds 9 (BOOK row)  free $436.48 after open P&L
  SHADOW    intraday M1 $506.69 (+1.39%)  M1g $502.14 (+0.48%)  2d paper only
  CARRY     $499.11 (-0.15%)  8 held  paper only
  SPOT      $249.72 (-0.11%)  1 held  4% invested  cash earns 6.69%  paper pot
  SAVINGS   idle $311.65 (62%)  at 6.69% +$0.12 so far  ~$1.74/month  paper
  BFUSD     wallet $499.14 at 7.66%  +$0.10 so far  ~$3.19/month  vs Savings $1.74  paper
  DELTA     $499.51 (-0.10%)  9 held  fees $0.20  funding $+0.01  paper, same plan
  XVENUE    $499.35 (-0.13%)  10 pairs  funding $+0.00  fees $0.74  paper, Delta vs Binance
  BOOK      9 pos gross $307.55 (0.62x)  open $-0.53  funding $-0.04  vol 27% top 20
            rebal 2026-10-03
  CONTEXT   since 01 Oct $-0.82 (-0.16%) in 2.1d  normal -1.7% to +2.5%  bottom 42%: normal
  RULE      C2 N2+N3 + range vol (GK)  forward test (paper)
  TOURNEY   2d from 2026-10-01  base -0.60%  N2 -0.66%  N3 -0.37%  N2+N3 -0.37%  +K4 -0.42%
            +GK* -0.30%  +K4+GK -0.38%  +GK+DD +0.00%  +GK+XA +0.00%
  DATA      on time  prices 25s  funding booked  book today  shadow 05:00  carry today
            spot pot today
  SESSION   $-0.24 -0.05%  peak $499.42  dd 0.05%
  CURVE     ++=====++
  MONTH     book guard $0.82 of $100.00 used  on marked equity  from $500.00  dial 20%
            ..........................
  RECORD    book closed 3  2W 1L  net $-0.09  fees and funding in
  FEES      no fills yet this run (the book trades at 00:05 UTC)
  ------------------------------------------------------------------------------------------------



  10:45  up 1h12m  daily book --------------------------------------------------------------------
  EQUITY    $499.21  unreal $-0.50
  OPEN      no intraday positions  book holds 9 (BOOK row)  free $436.51 after open P&L
  SHADOW    intraday M1 $506.69 (+1.39%)  M1g $502.14 (+0.48%)  2d paper only
  CARRY     $499.11 (-0.15%)  8 held  paper only
  SPOT      $249.72 (-0.11%)  1 held  4% invested  cash earns 6.69%  paper pot
  SAVINGS   idle $311.69 (62%)  at 6.69% +$0.12 so far  ~$1.74/month  paper
  BFUSD     wallet $499.18 at 7.66%  +$0.10 so far  ~$3.19/month  vs Savings $1.74  paper
  DELTA     $499.61 (-0.08%)  9 held  fees $0.20  funding $+0.01  paper, same plan
  XVENUE    $499.35 (-0.13%)  10 pairs  funding $+0.00  fees $0.74  paper, Delta vs Binance
  BOOK      9 pos gross $307.81 (0.62x)  open $-0.50  funding $-0.04  vol 27% top 20
            rebal 2026-10-03
  CONTEXT   since 01 Oct $-0.79 (-0.16%) in 2.1d  normal -1.7% to +2.5%  bottom 43%: normal
  RULE      C2 N2+N3 + range vol (GK)  forward test (paper)
  TOURNEY   2d from 2026-10-01  base -0.60%  N2 -0.66%  N3 -0.37%  N2+N3 -0.37%  +K4 -0.42%
            +GK* -0.30%  +K4+GK -0.38%  +GK+DD +0.00%  +GK+XA +0.00%
  DATA      on time  prices 17s  funding booked  book today  shadow 05:00  carry today
            spot pot today
  SESSION   $-0.21 -0.04%  peak $499.42  dd 0.04%
  CURVE     ++=====+++
  MONTH     book guard $0.79 of $100.00 used  on marked equity  from $500.00  dial 20%
            ..........................
  RECORD    book closed 3  2W 1L  net $-0.09  fees and funding in
  FEES      no fills yet this run (the book trades at 00:05 UTC)
  ------------------------------------------------------------------------------------------------



  10:53  up 1h20m  daily book --------------------------------------------------------------------
  EQUITY    $499.33  unreal $-0.38
  OPEN      no intraday positions  book holds 9 (BOOK row)  free $436.63 after open P&L
  SHADOW    intraday M1 $506.69 (+1.39%)  M1g $502.14 (+0.48%)  2d paper only
  CARRY     $499.11 (-0.15%)  8 held  paper only
  SPOT      $249.72 (-0.11%)  1 held  4% invested  cash earns 6.69%  paper pot
  SAVINGS   idle $311.81 (62%)  at 6.69% +$0.12 so far  ~$1.74/month  paper
  BFUSD     wallet $499.35 at 7.66%  +$0.10 so far  ~$3.19/month  vs Savings $1.74  paper
  DELTA     $499.69 (-0.06%)  9 held  fees $0.20  funding $+0.01  paper, same plan
  XVENUE    $499.35 (-0.13%)  10 pairs  funding $+0.00  fees $0.74  paper, Delta vs Binance
  BOOK      9 pos gross $308.11 (0.62x)  open $-0.38  funding $-0.04  vol 27% top 20
            rebal 2026-10-03
  CONTEXT   since 01 Oct $-0.67 (-0.13%) in 2.1d  normal -1.7% to +2.5%  bottom 43%: normal
  RULE      C2 N2+N3 + range vol (GK)  forward test (paper)
  TOURNEY   2d from 2026-10-01  base -0.60%  N2 -0.66%  N3 -0.37%  N2+N3 -0.37%  +K4 -0.42%
            +GK* -0.30%  +K4+GK -0.38%  +GK+DD +0.00%  +GK+XA +0.00%
  DATA      on time  prices 10s  funding booked  book today  shadow 05:00  carry today
            spot pot today
  SESSION   $-0.09 -0.02%  peak $499.42  dd 0.02%
  CURVE     ++=====++++
  MONTH     book guard $0.67 of $100.00 used  on marked equity  from $500.00  dial 20%
            ..........................
  RECORD    book closed 3  2W 1L  net $-0.09  fees and funding in
  FEES      no fills yet this run (the book trades at 00:05 UTC)
  ------------------------------------------------------------------------------------------------



  11:01  up 1h28m  daily book --------------------------------------------------------------------
  EQUITY    $499.47  unreal $-0.24
  OPEN      no intraday positions  book holds 9 (BOOK row)  free $436.77 after open P&L
  SHADOW    intraday M1 $506.69 (+1.39%)  M1g $502.14 (+0.48%)  2d paper only
  CARRY     $499.11 (-0.15%)  8 held  paper only
  SPOT      $249.73 (-0.11%)  1 held  4% invested  cash earns 6.69%  paper pot
  SAVINGS   idle $311.88 (62%)  at 6.69% +$0.12 so far  ~$1.74/month  paper
  BFUSD     wallet $499.44 at 7.66%  +$0.10 so far  ~$3.19/month  vs Savings $1.74  paper
  DELTA     $499.76 (-0.05%)  9 held  fees $0.20  funding $+0.01  paper, same plan
  XVENUE    $499.35 (-0.13%)  10 pairs  funding $+0.00  fees $0.74  paper, Delta vs Binance
  BOOK      9 pos gross $308.44 (0.62x)  open $-0.24  funding $-0.04  vol 27% top 20
            rebal 2026-10-03
  CONTEXT   since 01 Oct $-0.53 (-0.11%) in 2.1d  normal -1.7% to +2.5%  bottom 44%: normal
  RULE      C2 N2+N3 + range vol (GK)  forward test (paper)
  TOURNEY   2d from 2026-10-01  base -0.60%  N2 -0.66%  N3 -0.37%  N2+N3 -0.37%  +K4 -0.42%
            +GK* -0.30%  +K4+GK -0.38%  +GK+DD +0.00%  +GK+XA +0.00%
  DATA      on time  prices 3s  funding booked  book today  shadow 05:00  carry today
            spot pot today
  SESSION   $+0.05 +0.01%
  CURVE     ++=======+++
  MONTH     book guard $0.53 of $100.00 used  on marked equity  from $500.00  dial 20%
            ..........................
  RECORD    book closed 3  2W 1L  net $-0.09  fees and funding in
  FEES      no fills yet this run (the book trades at 00:05 UTC)
  ------------------------------------------------------------------------------------------------



  11:09  up 1h36m  daily book --------------------------------------------------------------------
  EQUITY    $499.52  unreal $-0.19
  OPEN      no intraday positions  book holds 9 (BOOK row)  free $436.82 after open P&L
  SHADOW    intraday M1 $506.69 (+1.39%)  M1g $502.14 (+0.48%)  2d paper only
  CARRY     $499.11 (-0.15%)  8 held  paper only
  SPOT      $249.73 (-0.11%)  1 held  4% invested  cash earns 6.69%  paper pot
  SAVINGS   idle $311.94 (62%)  at 6.69% +$0.12 so far  ~$1.74/month  paper
  BFUSD     wallet $499.52 at 7.66%  +$0.10 so far  ~$3.19/month  vs Savings $1.74  paper
  DELTA     $499.93 (-0.01%)  9 held  fees $0.20  funding $+0.01  paper, same plan
  XVENUE    $499.35 (-0.13%)  10 pairs  funding $+0.00  fees $0.74  paper, Delta vs Binance
  BOOK      9 pos gross $308.38 (0.62x)  open $-0.19  funding $-0.04  vol 27% top 20
            rebal 2026-10-03
  CONTEXT   since 01 Oct $-0.48 (-0.10%) in 2.1d  normal -1.7% to +2.5%  bottom 44%: normal
  RULE      C2 N2+N3 + range vol (GK)  forward test (paper)
  TOURNEY   2d from 2026-10-01  base -0.60%  N2 -0.66%  N3 -0.37%  N2+N3 -0.37%  +K4 -0.42%
            +GK* -0.30%  +K4+GK -0.38%  +GK+DD +0.00%  +GK+XA +0.00%
  DATA      on time  prices 37s  funding booked  book today  shadow 05:00  carry today
            spot pot today
  SESSION   $+0.10 +0.02%
  CURVE     ++========+++
  MONTH     book guard $0.48 of $100.00 used  on marked equity  from $500.00  dial 20%
            ..........................
  RECORD    book closed 3  2W 1L  net $-0.09  fees and funding in
  FEES      no fills yet this run (the book trades at 00:05 UTC)
  ------------------------------------------------------------------------------------------------



  11:17  up 1h44m  daily book --------------------------------------------------------------------
  EQUITY    $499.59  unreal $-0.12
  OPEN      no intraday positions  book holds 9 (BOOK row)  free $436.89 after open P&L
  SHADOW    intraday M1 $506.69 (+1.39%)  M1g $502.14 (+0.48%)  2d paper only
  CARRY     $499.11 (-0.15%)  8 held  paper only
  SPOT      $249.73 (-0.11%)  1 held  4% invested  cash earns 6.69%  paper pot
  SAVINGS   idle $311.99 (62%)  at 6.69% +$0.12 so far  ~$1.74/month  paper
  BFUSD     wallet $499.59 at 7.66%  +$0.10 so far  ~$3.19/month  vs Savings $1.74  paper
  DELTA     $499.90 (-0.02%)  9 held  fees $0.20  funding $+0.01  paper, same plan
  XVENUE    $499.35 (-0.13%)  10 pairs  funding $+0.00  fees $0.74  paper, Delta vs Binance
  BOOK      9 pos gross $308.44 (0.62x)  open $-0.12  funding $-0.04  vol 27% top 20
            rebal 2026-10-03
  CONTEXT   since 01 Oct $-0.41 (-0.08%) in 2.1d  normal -1.7% to +2.5%  bottom 45%: normal
  RULE      C2 N2+N3 + range vol (GK)  forward test (paper)
  TOURNEY   2d from 2026-10-01  base -0.60%  N2 -0.66%  N3 -0.37%  N2+N3 -0.37%  +K4 -0.42%
            +GK* -0.30%  +K4+GK -0.38%  +GK+DD +0.00%  +GK+XA +0.00%
  DATA      on time  prices 29s  funding booked  book today  shadow 05:00  carry today
            spot pot today
  SESSION   $+0.17 +0.03%
  CURVE     ++========++++
  MONTH     book guard $0.41 of $100.00 used  on marked equity  from $500.00  dial 20%
            ..........................
  RECORD    book closed 3  2W 1L  net $-0.09  fees and funding in
  FEES      no fills yet this run (the book trades at 00:05 UTC)
  ------------------------------------------------------------------------------------------------



  11:25  up 1h52m  daily book --------------------------------------------------------------------
  EQUITY    $499.57  unreal $-0.14
  OPEN      no intraday positions  book holds 9 (BOOK row)  free $436.87 after open P&L
  SHADOW    intraday M1 $506.69 (+1.39%)  M1g $502.14 (+0.48%)  2d paper only
  CARRY     $499.11 (-0.15%)  8 held  paper only
  SPOT      $249.73 (-0.11%)  1 held  4% invested  cash earns 6.69%  paper pot
  SAVINGS   idle $311.98 (62%)  at 6.69% +$0.12 so far  ~$1.74/month  paper
  BFUSD     wallet $499.57 at 7.66%  +$0.10 so far  ~$3.19/month  vs Savings $1.74  paper
  DELTA     $499.91 (-0.02%)  9 held  fees $0.20  funding $+0.01  paper, same plan
  XVENUE    $499.35 (-0.13%)  10 pairs  funding $+0.00  fees $0.74  paper, Delta vs Binance
  BOOK      9 pos gross $308.12 (0.62x)  open $-0.14  funding $-0.04  vol 27% top 20
            rebal 2026-10-03
  CONTEXT   since 01 Oct $-0.43 (-0.09%) in 2.1d  normal -1.7% to +2.5%  bottom 45%: normal
  RULE      C2 N2+N3 + range vol (GK)  forward test (paper)
  TOURNEY   2d from 2026-10-01  base -0.60%  N2 -0.66%  N3 -0.37%  N2+N3 -0.37%  +K4 -0.42%
            +GK* -0.30%  +K4+GK -0.38%  +GK+DD +0.00%  +GK+XA +0.00%
  DATA      on time  prices 22s  funding booked  book today  shadow 05:00  carry today
            spot pot today
  SESSION   $+0.15 +0.03%  peak $499.59
  CURVE     ++========+++++
  MONTH     book guard $0.43 of $100.00 used  on marked equity  from $500.00  dial 20%
            ..........................
  RECORD    book closed 3  2W 1L  net $-0.09  fees and funding in
  FEES      no fills yet this run (the book trades at 00:05 UTC)
  ------------------------------------------------------------------------------------------------



  11:33  up 2h00m  daily book --------------------------------------------------------------------
  EQUITY    $499.60  unreal $-0.11
  OPEN      no intraday positions  book holds 9 (BOOK row)  free $436.90 after open P&L
  SHADOW    intraday M1 $504.56 (+0.97%)  M1g $501.06 (+0.27%)  2d paper only
  CARRY     $499.11 (-0.15%)  8 held  paper only
  SPOT      $249.73 (-0.11%)  1 held  4% invested  cash earns 6.69%  paper pot
  SAVINGS   idle $312.00 (62%)  at 6.69% +$0.12 so far  ~$1.74/month  paper
  BFUSD     wallet $499.60 at 7.66%  +$0.10 so far  ~$3.19/month  vs Savings $1.74  paper
  DELTA     $499.92 (-0.02%)  9 held  fees $0.20  funding $+0.01  paper, same plan
  XVENUE    $499.35 (-0.13%)  10 pairs  funding $+0.00  fees $0.74  paper, Delta vs Binance
  BOOK      9 pos gross $308.32 (0.62x)  open $-0.11  funding $-0.04  vol 27% top 20
            rebal 2026-10-03
  CONTEXT   since 01 Oct $-0.40 (-0.08%) in 2.1d  normal -1.7% to +2.5%  bottom 45%: normal
  RULE      C2 N2+N3 + range vol (GK)  forward test (paper)
  TOURNEY   2d from 2026-10-01  base -0.60%  N2 -0.66%  N3 -0.37%  N2+N3 -0.37%  +K4 -0.42%
            +GK* -0.30%  +K4+GK -0.38%  +GK+DD +0.00%  +GK+XA +0.00%
  DATA      on time  prices 14s  funding booked  book today  shadow 06:00  carry today
            spot pot today
  SESSION   $+0.18 +0.04%
  CURVE     ++========++++++
  MONTH     book guard $0.40 of $100.00 used  on marked equity  from $500.00  dial 20%
            ..........................
  RECORD    book closed 3  2W 1L  net $-0.09  fees and funding in
  FEES      no fills yet this run (the book trades at 00:05 UTC)
  ------------------------------------------------------------------------------------------------



  11:41  up 2h08m  daily book --------------------------------------------------------------------
  EQUITY    $499.52  unreal $-0.19
  OPEN      no intraday positions  book holds 9 (BOOK row)  free $436.82 after open P&L
  SHADOW    intraday M1 $504.56 (+0.97%)  M1g $501.06 (+0.27%)  2d paper only
  CARRY     $499.11 (-0.15%)  8 held  paper only
  SPOT      $249.73 (-0.11%)  1 held  4% invested  cash earns 6.69%  paper pot
  SAVINGS   idle $311.96 (62%)  at 6.69% +$0.12 so far  ~$1.74/month  paper
  BFUSD     wallet $499.55 at 7.66%  +$0.10 so far  ~$3.19/month  vs Savings $1.74  paper
  DELTA     $499.95 (-0.01%)  9 held  fees $0.20  funding $+0.01  paper, same plan
  XVENUE    $499.35 (-0.13%)  10 pairs  funding $+0.00  fees $0.74  paper, Delta vs Binance
  BOOK      9 pos gross $307.96 (0.62x)  open $-0.19  funding $-0.04  vol 27% top 20
            rebal 2026-10-03
  CONTEXT   since 01 Oct $-0.48 (-0.10%) in 2.1d  normal -1.7% to +2.5%  bottom 44%: normal
  RULE      C2 N2+N3 + range vol (GK)  forward test (paper)
  TOURNEY   2d from 2026-10-01  base -0.60%  N2 -0.66%  N3 -0.37%  N2+N3 -0.37%  +K4 -0.42%
            +GK* -0.30%  +K4+GK -0.38%  +GK+DD +0.00%  +GK+XA +0.00%
  DATA      on time  prices 7s  funding booked  book today  shadow 06:00  carry today
            spot pot today
  SESSION   $+0.10 +0.02%  peak $499.60  dd 0.02%
  CURVE     ++========+++++++
  MONTH     book guard $0.48 of $100.00 used  on marked equity  from $500.00  dial 20%
            ..........................
  RECORD    book closed 3  2W 1L  net $-0.09  fees and funding in
  FEES      no fills yet this run (the book trades at 00:05 UTC)
  ------------------------------------------------------------------------------------------------



  11:49  up 2h16m  daily book --------------------------------------------------------------------
  EQUITY    $499.54  unreal $-0.17
  OPEN      no intraday positions  book holds 9 (BOOK row)  free $436.84 after open P&L
  SHADOW    intraday M1 $504.56 (+0.97%)  M1g $501.06 (+0.27%)  2d paper only
  CARRY     $499.11 (-0.15%)  8 held  paper only
  SPOT      $249.73 (-0.11%)  1 held  4% invested  cash earns 6.69%  paper pot
  SAVINGS   idle $311.95 (62%)  at 6.69% +$0.12 so far  ~$1.74/month  paper
  BFUSD     wallet $499.53 at 7.66%  +$0.10 so far  ~$3.19/month  vs Savings $1.74  paper
  DELTA     $499.82 (-0.04%)  9 held  fees $0.20  funding $+0.01  paper, same plan
  XVENUE    $499.35 (-0.13%)  10 pairs  funding $+0.00  fees $0.74  paper, Delta vs Binance
  BOOK      9 pos gross $308.00 (0.62x)  open $-0.17  funding $-0.04  vol 27% top 20
            rebal 2026-10-03
  CONTEXT   since 01 Oct $-0.46 (-0.09%) in 2.1d  normal -1.7% to +2.5%  bottom 45%: normal
  RULE      C2 N2+N3 + range vol (GK)  forward test (paper)
  TOURNEY   2d from 2026-10-01  base -0.60%  N2 -0.66%  N3 -0.37%  N2+N3 -0.37%  +K4 -0.42%
            +GK* -0.30%  +K4+GK -0.38%  +GK+DD +0.00%  +GK+XA +0.00%
  DATA      on time  prices 0s  funding booked  book today  shadow 06:00  carry today
            spot pot today
  SESSION   $+0.12 +0.02%  peak $499.60  dd 0.01%
  CURVE     ++========++++++++
  MONTH     book guard $0.46 of $100.00 used  on marked equity  from $500.00  dial 20%
            ..........................
  RECORD    book closed 3  2W 1L  net $-0.09  fees and funding in
  FEES      no fills yet this run (the book trades at 00:05 UTC)
  ------------------------------------------------------------------------------------------------



  11:57  up 2h24m  daily book --------------------------------------------------------------------
  EQUITY    $499.49  unreal $-0.22
  OPEN      no intraday positions  book holds 9 (BOOK row)  free $436.79 after open P&L
  SHADOW    intraday M1 $504.56 (+0.97%)  M1g $501.06 (+0.27%)  2d paper only
  CARRY     $499.11 (-0.15%)  8 held  paper only
  SPOT      $249.73 (-0.11%)  1 held  4% invested  cash earns 6.69%  paper pot
  SAVINGS   idle $311.92 (62%)  at 6.69% +$0.12 so far  ~$1.74/month  paper
  BFUSD     wallet $499.50 at 7.66%  +$0.10 so far  ~$3.19/month  vs Savings $1.74  paper
  DELTA     $499.85 (-0.03%)  9 held  fees $0.20  funding $+0.01  paper, same plan
  XVENUE    $499.35 (-0.13%)  10 pairs  funding $+0.00  fees $0.74  paper, Delta vs Binance
  BOOK      9 pos gross $308.05 (0.62x)  open $-0.22  funding $-0.04  vol 27% top 20
            rebal 2026-10-03
  CONTEXT   since 01 Oct $-0.51 (-0.10%) in 2.1d  normal -1.7% to +2.5%  bottom 44%: normal
  RULE      C2 N2+N3 + range vol (GK)  forward test (paper)
  TOURNEY   2d from 2026-10-01  base -0.60%  N2 -0.66%  N3 -0.37%  N2+N3 -0.37%  +K4 -0.42%
            +GK* -0.30%  +K4+GK -0.38%  +GK+DD +0.00%  +GK+XA +0.00%
  DATA      on time  prices 34s  funding booked  book today  shadow 06:00  carry today
            spot pot today
  SESSION   $+0.07 +0.01%  peak $499.60  dd 0.02%
  CURVE     ++========+++++++++
  MONTH     book guard $0.51 of $100.00 used  on marked equity  from $500.00  dial 20%
            ..........................
  RECORD    book closed 3  2W 1L  net $-0.09  fees and funding in
  FEES      no fills yet this run (the book trades at 00:05 UTC)
  ------------------------------------------------------------------------------------------------



  12:05  up 2h32m  daily book --------------------------------------------------------------------
  EQUITY    $499.49  unreal $-0.22
  OPEN      no intraday positions  book holds 9 (BOOK row)  free $436.79 after open P&L
  SHADOW    intraday M1 $504.56 (+0.97%)  M1g $501.06 (+0.27%)  2d paper only
  CARRY     $499.11 (-0.15%)  8 held  paper only
  SPOT      $249.73 (-0.11%)  1 held  4% invested  cash earns 6.69%  paper pot
  SAVINGS   idle $311.91 (62%)  at 6.69% +$0.12 so far  ~$1.74/month  paper
  BFUSD     wallet $499.48 at 7.66%  +$0.10 so far  ~$3.19/month  vs Savings $1.74  paper
  DELTA     $499.90 (-0.02%)  9 held  fees $0.20  funding $+0.01  paper, same plan
  XVENUE    $499.35 (-0.13%)  10 pairs  funding $+0.00  fees $0.74  paper, Delta vs Binance
  BOOK      9 pos gross $308.00 (0.62x)  open $-0.22  funding $-0.04  vol 27% top 20
            rebal 2026-10-03
  CONTEXT   since 01 Oct $-0.51 (-0.10%) in 2.1d  normal -1.7% to +2.5%  bottom 44%: normal
  RULE      C2 N2+N3 + range vol (GK)  forward test (paper)
  TOURNEY   2d from 2026-10-01  base -0.60%  N2 -0.66%  N3 -0.37%  N2+N3 -0.37%  +K4 -0.42%
            +GK* -0.30%  +K4+GK -0.38%  +GK+DD +0.00%  +GK+XA +0.00%
  DATA      on time  prices 27s  funding booked  book today  shadow 06:00  carry today
            spot pot today
  SESSION   $+0.07 +0.01%  peak $499.60  dd 0.02%
  CURVE     ++========++++++++++
  MONTH     book guard $0.51 of $100.00 used  on marked equity  from $500.00  dial 20%
            ..........................
  RECORD    book closed 3  2W 1L  net $-0.09  fees and funding in
  FEES      no fills yet this run (the book trades at 00:05 UTC)
  ------------------------------------------------------------------------------------------------



  12:13  up 2h40m  daily book --------------------------------------------------------------------
  EQUITY    $499.37  unreal $-0.34
  OPEN      no intraday positions  book holds 9 (BOOK row)  free $436.67 after open P&L
  SHADOW    intraday M1 $504.56 (+0.97%)  M1g $501.06 (+0.27%)  2d paper only
  CARRY     $499.11 (-0.15%)  8 held  paper only
  SPOT      $249.73 (-0.11%)  1 held  4% invested  cash earns 6.69%  paper pot
  SAVINGS   idle $311.87 (62%)  at 6.69% +$0.12 so far  ~$1.74/month  paper
  BFUSD     wallet $499.42 at 7.66%  +$0.10 so far  ~$3.19/month  vs Savings $1.74  paper
  DELTA     $499.84 (-0.03%)  9 held  fees $0.20  funding $+0.01  paper, same plan
  XVENUE    $499.35 (-0.13%)  10 pairs  funding $+0.00  fees $0.74  paper, Delta vs Binance
  BOOK      9 pos gross $307.88 (0.62x)  open $-0.34  funding $-0.04  vol 27% top 20
            rebal 2026-10-03
  CONTEXT   since 01 Oct $-0.63 (-0.13%) in 2.1d  normal -1.7% to +2.5%  bottom 44%: normal
  RULE      C2 N2+N3 + range vol (GK)  forward test (paper)
  TOURNEY   2d from 2026-10-01  base -0.60%  N2 -0.66%  N3 -0.37%  N2+N3 -0.37%  +K4 -0.42%
            +GK* -0.30%  +K4+GK -0.38%  +GK+DD +0.00%  +GK+XA +0.00%
  DATA      on time  prices 21s  funding booked  book today  shadow 06:00  carry today
            spot pot today
  SESSION   $-0.05 -0.01%  peak $499.60  dd 0.05%
  CURVE     ++========+++++++++++
  MONTH     book guard $0.63 of $100.00 used  on marked equity  from $500.00  dial 20%
            ..........................
  RECORD    book closed 3  2W 1L  net $-0.09  fees and funding in
  FEES      no fills yet this run (the book trades at 00:05 UTC)
  ------------------------------------------------------------------------------------------------



  12:21  up 2h48m  daily book --------------------------------------------------------------------
  EQUITY    $499.29  unreal $-0.42
  OPEN      no intraday positions  book holds 9 (BOOK row)  free $436.59 after open P&L
  SHADOW    intraday M1 $504.56 (+0.97%)  M1g $501.06 (+0.27%)  2d paper only
  CARRY     $499.11 (-0.15%)  8 held  paper only
  SPOT      $249.72 (-0.11%)  1 held  4% invested  cash earns 6.69%  paper pot
  SAVINGS   idle $311.77 (62%)  at 6.69% +$0.12 so far  ~$1.74/month  paper
  BFUSD     wallet $499.30 at 7.66%  +$0.10 so far  ~$3.19/month  vs Savings $1.74  paper
  DELTA     $499.67 (-0.07%)  9 held  fees $0.20  funding $+0.01  paper, same plan
  XVENUE    $499.35 (-0.13%)  10 pairs  funding $+0.00  fees $0.74  paper, Delta vs Binance
  BOOK      9 pos gross $307.83 (0.62x)  open $-0.42  funding $-0.04  vol 27% top 20
            rebal 2026-10-03
  CONTEXT   since 01 Oct $-0.71 (-0.14%) in 2.1d  normal -1.8% to +2.5%  bottom 43%: normal
  RULE      C2 N2+N3 + range vol (GK)  forward test (paper)
  TOURNEY   2d from 2026-10-01  base -0.60%  N2 -0.66%  N3 -0.37%  N2+N3 -0.37%  +K4 -0.42%
            +GK* -0.30%  +K4+GK -0.38%  +GK+DD +0.00%  +GK+XA +0.00%
  DATA      on time  prices 14s  funding booked  book today  shadow 06:00  carry today
            spot pot today
  SESSION   $-0.13 -0.03%  peak $499.60  dd 0.06%
  CURVE     ++========++++++++++++
  MONTH     book guard $0.71 of $100.00 used  on marked equity  from $500.00  dial 20%
            ..........................
  RECORD    book closed 3  2W 1L  net $-0.09  fees and funding in
  FEES      no fills yet this run (the book trades at 00:05 UTC)
  ------------------------------------------------------------------------------------------------



  12:29  up 2h56m  daily book --------------------------------------------------------------------
  EQUITY    $499.38  unreal $-0.33
  OPEN      no intraday positions  book holds 9 (BOOK row)  free $436.68 after open P&L
  SHADOW    intraday M1 $504.56 (+0.97%)  M1g $501.06 (+0.27%)  2d paper only
  CARRY     $499.11 (-0.15%)  8 held  paper only
  SPOT      $249.72 (-0.11%)  1 held  4% invested  cash earns 6.69%  paper pot
  SAVINGS   idle $311.87 (62%)  at 6.69% +$0.12 so far  ~$1.74/month  paper
  BFUSD     wallet $499.42 at 7.66%  +$0.11 so far  ~$3.19/month  vs Savings $1.74  paper
  DELTA     $499.79 (-0.04%)  9 held  fees $0.20  funding $+0.01  paper, same plan
  XVENUE    $499.35 (-0.13%)  10 pairs  funding $+0.00  fees $0.74  paper, Delta vs Binance
  BOOK      9 pos gross $307.97 (0.62x)  open $-0.33  funding $-0.04  vol 27% top 20
            rebal 2026-10-03
  CONTEXT   since 01 Oct $-0.62 (-0.12%) in 2.1d  normal -1.8% to +2.5%  bottom 44%: normal
  RULE      C2 N2+N3 + range vol (GK)  forward test (paper)
  TOURNEY   2d from 2026-10-01  base -0.60%  N2 -0.66%  N3 -0.37%  N2+N3 -0.37%  +K4 -0.42%
            +GK* -0.30%  +K4+GK -0.38%  +GK+DD +0.00%  +GK+XA +0.00%
  DATA      on time  prices 7s  funding booked  book today  shadow 06:00  carry today
            spot pot today
  SESSION   $-0.04 -0.01%  peak $499.60  dd 0.04%
  CURVE     ++========+++++++++++++
  MONTH     book guard $0.62 of $100.00 used  on marked equity  from $500.00  dial 20%
            ..........................
  RECORD    book closed 3  2W 1L  net $-0.09  fees and funding in
  FEES      no fills yet this run (the book trades at 00:05 UTC)
  ------------------------------------------------------------------------------------------------



  12:37  up 3h04m  daily book --------------------------------------------------------------------
  EQUITY    $499.45  unreal $-0.26
  OPEN      no intraday positions  book holds 9 (BOOK row)  free $436.75 after open P&L
  SHADOW    intraday M1 $502.44 (+0.54%)  M1g $499.10 (-0.12%)  2d paper only
  CARRY     $499.11 (-0.15%)  8 held  paper only
  SPOT      $249.72 (-0.11%)  1 held  4% invested  cash earns 6.69%  paper pot
  SAVINGS   idle $311.88 (62%)  at 6.69% +$0.12 so far  ~$1.74/month  paper
  BFUSD     wallet $499.44 at 7.66%  +$0.11 so far  ~$3.19/month  vs Savings $1.74  paper
  DELTA     $499.84 (-0.03%)  9 held  fees $0.20  funding $+0.01  paper, same plan
  XVENUE    $499.35 (-0.13%)  10 pairs  funding $+0.00  fees $0.74  paper, Delta vs Binance
  BOOK      9 pos gross $307.86 (0.62x)  open $-0.27  funding $-0.04  vol 27% top 20
            rebal 2026-10-03
  CONTEXT   since 01 Oct $-0.55 (-0.11%) in 2.1d  normal -1.8% to +2.6%  bottom 44%: normal
  RULE      C2 N2+N3 + range vol (GK)  forward test (paper)
  TOURNEY   2d from 2026-10-01  base -0.60%  N2 -0.66%  N3 -0.37%  N2+N3 -0.37%  +K4 -0.42%
            +GK* -0.30%  +K4+GK -0.38%  +GK+DD +0.00%  +GK+XA +0.00%
  DATA      on time  prices 0s  funding booked  book today  shadow 07:00  carry today
            spot pot today
  SESSION   $+0.03 +0.01%  peak $499.60  dd 0.03%
  CURVE     ++========++++++++++++++
  MONTH     book guard $0.55 of $100.00 used  on marked equity  from $500.00  dial 20%
            ..........................
  RECORD    book closed 3  2W 1L  net $-0.09  fees and funding in
  FEES      no fills yet this run (the book trades at 00:05 UTC)
  ------------------------------------------------------------------------------------------------



  12:46  up 3h12m  daily book --------------------------------------------------------------------
  EQUITY    $499.49  unreal $-0.22
  OPEN      no intraday positions  book holds 9 (BOOK row)  free $436.79 after open P&L
  SHADOW    intraday M1 $502.44 (+0.54%)  M1g $499.10 (-0.12%)  2d paper only
  CARRY     $499.11 (-0.15%)  8 held  paper only
  SPOT      $249.73 (-0.11%)  1 held  4% invested  cash earns 6.69%  paper pot
  SAVINGS   idle $311.92 (62%)  at 6.69% +$0.12 so far  ~$1.74/month  paper
  BFUSD     wallet $499.49 at 7.66%  +$0.11 so far  ~$3.19/month  vs Savings $1.74  paper
  DELTA     $499.88 (-0.02%)  9 held  fees $0.20  funding $+0.01  paper, same plan
  XVENUE    $499.35 (-0.13%)  10 pairs  funding $+0.00  fees $0.74  paper, Delta vs Binance
  BOOK      9 pos gross $307.85 (0.62x)  open $-0.22  funding $-0.04  vol 27% top 20
            rebal 2026-10-03
  CONTEXT   since 01 Oct $-0.51 (-0.10%) in 2.1d  normal -1.8% to +2.6%  bottom 44%: normal
  RULE      C2 N2+N3 + range vol (GK)  forward test (paper)
  TOURNEY   2d from 2026-10-01  base -0.60%  N2 -0.66%  N3 -0.37%  N2+N3 -0.37%  +K4 -0.42%
            +GK* -0.30%  +K4+GK -0.38%  +GK+DD +0.00%  +GK+XA +0.00%
  DATA      on time  prices 34s  funding booked  book today  shadow 07:00  carry today
            spot pot today
  SESSION   $+0.07 +0.01%  peak $499.60  dd 0.02%
  CURVE     ++========+++++++++++++++
  MONTH     book guard $0.51 of $100.00 used  on marked equity  from $500.00  dial 20%
            ..........................
  RECORD    book closed 3  2W 1L  net $-0.09  fees and funding in
  FEES      no fills yet this run (the book trades at 00:05 UTC)
  ------------------------------------------------------------------------------------------------



  12:54  up 3h20m  daily book --------------------------------------------------------------------
  EQUITY    $499.53  unreal $-0.18
  OPEN      no intraday positions  book holds 9 (BOOK row)  free $436.83 after open P&L
  SHADOW    intraday M1 $502.44 (+0.54%)  M1g $499.10 (-0.12%)  2d paper only
  CARRY     $499.11 (-0.15%)  8 held  paper only
  SPOT      $249.72 (-0.11%)  1 held  4% invested  cash earns 6.69%  paper pot
  SAVINGS   idle $311.95 (62%)  at 6.69% +$0.12 so far  ~$1.74/month  paper
  BFUSD     wallet $499.53 at 7.66%  +$0.11 so far  ~$3.19/month  vs Savings $1.74  paper
  DELTA     $499.97 (-0.01%)  9 held  fees $0.20  funding $+0.01  paper, same plan
  XVENUE    $499.35 (-0.13%)  10 pairs  funding $+0.00  fees $0.74  paper, Delta vs Binance
  BOOK      9 pos gross $307.45 (0.61x)  open $-0.18  funding $-0.04  vol 27% top 20
            rebal 2026-10-03
  CONTEXT   since 01 Oct $-0.47 (-0.09%) in 2.1d  normal -1.8% to +2.6%  bottom 45%: normal
  RULE      C2 N2+N3 + range vol (GK)  forward test (paper)
  TOURNEY   2d from 2026-10-01  base -0.60%  N2 -0.66%  N3 -0.37%  N2+N3 -0.37%  +K4 -0.42%
            +GK* -0.30%  +K4+GK -0.38%  +GK+DD +0.00%  +GK+XA +0.00%
  DATA      on time  prices 26s  funding booked  book today  shadow 07:00  carry today
            spot pot today
  SESSION   $+0.11 +0.02%  peak $499.60  dd 0.01%
  CURVE     ++========++++++++++++++++
  MONTH     book guard $0.47 of $100.00 used  on marked equity  from $500.00  dial 20%
            ..........................
  RECORD    book closed 3  2W 1L  net $-0.09  fees and funding in
  FEES      no fills yet this run (the book trades at 00:05 UTC)
  ------------------------------------------------------------------------------------------------



  13:02  up 3h28m  daily book --------------------------------------------------------------------
  EQUITY    $499.66  unreal $-0.05
  OPEN      no intraday positions  book holds 9 (BOOK row)  free $436.96 after open P&L
  SHADOW    intraday M1 $502.44 (+0.54%)  M1g $499.10 (-0.12%)  2d paper only
  CARRY     $499.11 (-0.15%)  8 held  paper only
  SPOT      $249.73 (-0.11%)  1 held  4% invested  cash earns 6.69%  paper pot
  SAVINGS   idle $312.02 (62%)  at 6.69% +$0.12 so far  ~$1.74/month  paper
  BFUSD     wallet $499.63 at 7.66%  +$0.11 so far  ~$3.19/month  vs Savings $1.74  paper
  DELTA     $500.06 (+0.01%)  9 held  fees $0.20  funding $+0.01  paper, same plan
  XVENUE    $499.35 (-0.13%)  10 pairs  funding $+0.00  fees $0.74  paper, Delta vs Binance
  BOOK      9 pos gross $307.59 (0.62x)  open $-0.05  funding $-0.04  vol 27% top 20
            rebal 2026-10-03
  CONTEXT   since 01 Oct $-0.34 (-0.07%) in 2.2d  normal -1.8% to +2.6%  bottom 45%: normal
  RULE      C2 N2+N3 + range vol (GK)  forward test (paper)
  TOURNEY   2d from 2026-10-01  base -0.60%  N2 -0.66%  N3 -0.37%  N2+N3 -0.37%  +K4 -0.42%
            +GK* -0.30%  +K4+GK -0.38%  +GK+DD +0.00%  +GK+XA +0.00%
  DATA      on time  prices 18s  funding booked  book today  shadow 07:00  carry today
            spot pot today
  SESSION   $+0.24 +0.05%
  CURVE     +=========+++++++++++++++++
  MONTH     book guard $0.34 of $100.00 used  on marked equity  from $500.00  dial 20%
            ..........................
  RECORD    book closed 3  2W 1L  net $-0.09  fees and funding in
  FEES      no fills yet this run (the book trades at 00:05 UTC)
  ------------------------------------------------------------------------------------------------



  13:10  up 3h36m  daily book --------------------------------------------------------------------
  EQUITY    $499.63  unreal $-0.08
  OPEN      no intraday positions  book holds 9 (BOOK row)  free $436.93 after open P&L
  SHADOW    intraday M1 $502.44 (+0.54%)  M1g $499.10 (-0.12%)  2d paper only
  CARRY     $499.11 (-0.15%)  8 held  paper only
  SPOT      $249.73 (-0.11%)  1 held  4% invested  cash earns 6.69%  paper pot
  SAVINGS   idle $312.05 (62%)  at 6.69% +$0.12 so far  ~$1.74/month  paper
  BFUSD     wallet $499.66 at 7.66%  +$0.11 so far  ~$3.19/month  vs Savings $1.74  paper
  DELTA     $500.07 (+0.01%)  9 held  fees $0.20  funding $+0.01  paper, same plan
  XVENUE    $499.35 (-0.13%)  10 pairs  funding $+0.00  fees $0.74  paper, Delta vs Binance
  BOOK      9 pos gross $307.45 (0.61x)  open $-0.08  funding $-0.04  vol 27% top 20
            rebal 2026-10-03
  CONTEXT   since 01 Oct $-0.37 (-0.07%) in 2.2d  normal -1.8% to +2.6%  bottom 45%: normal
  RULE      C2 N2+N3 + range vol (GK)  forward test (paper)
  TOURNEY   2d from 2026-10-01  base -0.60%  N2 -0.66%  N3 -0.37%  N2+N3 -0.37%  +K4 -0.42%
            +GK* -0.30%  +K4+GK -0.38%  +GK+DD +0.00%  +GK+XA +0.00%
  DATA      on time  prices 11s  funding booked  book today  shadow 07:00  carry today
            spot pot today
  SESSION   $+0.21 +0.04%  peak $499.66  dd 0.01%
  CURVE     +=========++++++++++++++++++
  MONTH     book guard $0.37 of $100.00 used  on marked equity  from $500.00  dial 20%
            ..........................
  RECORD    book closed 3  2W 1L  net $-0.09  fees and funding in
  FEES      no fills yet this run (the book trades at 00:05 UTC)
  ------------------------------------------------------------------------------------------------

