
  ================================================================================================
  OMEGA C479  PAPER  Bitget perps
  23 Sep 2026   06:54
  start $254.10  day -0.68% loss
  ================================================================================================

  << 06:55  CLOSE  TIA LONG @0.502900  -2.25% $-0.50  LOSS
       held 41m  C399_CONVICTION_COLLAPSE  round trip from +0.49%  -0.61R  TAKER


  07:02  up 0h08m  scan 1 ------------------------------------------------------------------------
  EQUITY    $253.60
  SESSION   $-0.50 -0.20%  peak $254.10  dd 0.20%
  DAY       real $-1.38  loss room $1.74 (0.68%)  79% used  vol x1.00  trust x1.00
            #####################.....
  RECORD    1 closed  0W 1L  win 0%  avg $-0.50/tr
  LIFETIME  82tr 25W 57L 30%  $+3.60
  OPEN      flat  free $253.60
  FEES      $0.01  mk0/tk1  0.005% of eq
  SCAN      802 > 71 > 10 passed  top BSV 0.69 (viable)  1 scan, 71 analysed
  MARKET    TRENDING  bias +0.50  breadth +0.00  taker flow +0.24
  NEWS      65 articles  ~ tone -0.05
  INFO      10 tilted  flow/fund/news on 71
  MOVERS    MUBARAK +70% #5  龙虾 -39% cut  MARSCOIN +33% #13  NIL +31% #14
  TAPE      -
  ------------------------------------------------------------------------------------------------

  >> 07:04  OPEN   1000BONK LONG @0.00377200  x1 $13.50
       target +8.2%  stop -1.9%  entry score 0.64  maker
  >> 07:04  OPEN   BROCCOLI LONG @0.026220  x1 $5.00
       target +13.3%  stop -3.3%  entry score 0.51  maker


  07:10  up 0h16m  scan 3 ------------------------------------------------------------------------
  EQUITY    $253.42  unreal $-0.18
  SESSION   $-0.68 -0.27%  peak $254.10  dd 0.27%
  DAY       real $-1.38  loss room $2.05 (0.80%)  67% used  vol x1.18  trust x1.00
            #################.........
  RECORD    1 closed  0W 1L  win 0%  avg $-0.50/tr
  LIFETIME  82tr 25W 57L 30%  $+3.60
  OPEN      2 pos $18.50 (7%)  free $235.10
  FEES      $0.02  mk2/tk1  0.006% of eq
  SCAN      802 > 21 > 1 passed  top ETC 0.83 (viable)  3 scans, 163 analysed
  MARKET    TRENDING  bias +0.46  breadth +0.23  taker flow -0.24
  NEWS      65 articles  ~ tone -0.05  ETH +0.39  NEAR +0.14
  INFO      1 tilted  flow/fund/news on 88
  MOVERS    MUBARAK +68% #5  龙虾 -38% cut  MARSCOIN +33% cut  ONE -31% cut
  TAPE      -
  ------------------------------------------------------------------------------------------------
  PAIR     SIDE       ENTRY      MARK    MOVE     P&L   AGE  THESIS
  1000BONK LONG  0.003772000.00377800  +0.16%   +0.01    6m  + 63% left
  BROCCOLI LONG    0.026220  0.025240  -3.74%   -0.19    6m  - 63% left
  ------------------------------------------------------------------------------------------------

  << 07:10  CLOSE  BROCCOLI LONG @0.025110  -4.23% $-0.22  LOSS
       held 6m  C377_RISK_STOP: -4.00% =  round trip from +0.46%  -0.97R  TAKER
