10:15:03 |    day cap 0.68%  |  per-trade risk 0.341%  |  break-even WR 50.0% AT 1:1 PAYOFF — no
    R-denominated payoff measured yet, so the honest break-even is the 1:1 figure above and nothing
    better [C406/C463-10]
10:15:03 | 📊 Paper Mode
10:15:06 | ✅ Connected | 797 futures markets
10:15:06 |    day cap 0.68%  |  per-trade risk 0.341%  |  break-even WR 50.0% AT 1:1 PAYOFF — at the
    measured 2.17 payoff (9W/9L in R) it is 32%, which is the number that matters [C406/C463-10]
 
  ================================================================================================
  OMEGA C473  PAPER  Bitget perps
  20 Sep 2026   10:15
  start $250.00  day -0.68% loss
  ================================================================================================
 
  RISK FRAME -------------------------------------------------------------------------------------
  EQUITY    $250.00  797 markets
  DAY       -0.68% = $1.70 loss room  (15% DD / 22)
  RISK      0.341% = $0.85/trade  trades/day NO CAP
  EDGE      +0.0607 blended
  NEED      32% win at 2.17 payoff
  ------------------------------------------------------------------------------------------------
 
10:15:06 |   4 EXIT       4 questions: HARD STOP · THESIS DEAD (C399 retention)
10:15:06 | 💡 Press Ctrl+C to stop safely
10:15:11 |    🪞 C266 board-parity (top movers vs screen): CELR +119%[#13] | ONE +75%[#6] | G
    +55%[#7] | AKE +47%[Live=0.20<cut] | ZAMA +35%[#17]
10:15:34 |    ⚖️ C462-7 G: penalties 0.67→0.27 (×0.41) vs bar 0.47 — the stack decided
10:15:38 |    ⚖️ C462-7 CELR: penalties 0.79→0.33 (×0.41) vs bar 0.47 — the stack decided
10:15:40 |    🎢→⚖️ BR: C292 stands down — parabola BROKEN (range 18×ATR, 3.9 ATR off the day
    extreme): the 24h 'trend' already failed structurally; counter-trend entry re-enters the TURNING
    path [C299]
10:15:42 |    ⚖️ C462-7 ADA: penalties 0.47→0.26 (×0.55) vs bar 0.47 — the stack decided
10:15:44 |    ⚖️ C462-7 INJ: penalties 0.52→0.23 (×0.44) vs bar 0.49 — the stack decided
10:15:46 |    ⚖️ C462-7 TAO: penalties 0.48→0.35 (×0.74) vs bar 0.47 — the stack decided
10:15:50 |    🎢→⚖️ SYN: C292 stands down — parabola BROKEN (range 11×ATR, 5.1 ATR off the day
    extreme): the 24h 'trend' already failed structurally; counter-trend entry re-enters the TURNING
    path [C299]
10:16:06 |    ⚖️ C462-7 SKL: penalties 0.78→0.39 (×0.50) vs bar 0.47 — the stack decided
10:16:09 |    ⚖️ C462-7 C: penalties 0.86→0.43 (×0.50) vs bar 0.47 — the stack decided
10:16:10 |    ⚖️ C462-7 CTSI: penalties 0.93→0.38 (×0.41) vs bar 0.40 — the stack decided
10:16:12 |    ⚖️ C462-7 CYS: penalties 0.81→0.33 (×0.41) vs bar 0.40 — the stack decided
10:16:14 | 📊 Step 3 result: 60 analyzed → 0 passed | score_zero=1, low_confidence=4, low_score=45,
    late_leg_no_forward=1, fee_floor=4, capitulation_short=1, flat_projection=3,
    no_structural_room=1
10:16:14 |    📌 Nearest miss: FET score=0.581 (pre-pen 0.79) conf=0.752 quality=0.437/0.26
    reason=pending
