12:25:10 | 📊 Paper Mode
12:25:12 | ✅ Connected | 805 futures markets
 
  ================================================================================================
  OMEGA C499  PAPER  Bitget perps
  27 Sep 2026   12:25
  start $252.18  risk dial 15%/month
  ================================================================================================
 
  RISK FRAME -------------------------------------------------------------------------------------
  EQUITY    $252.18  805 markets
  MONTH     dial 15% = $37.92 this month  used $0.63 realised
  BOOK      daily trend + momentum + carry, rebalanced 00:05 UTC
            month guard on MARKED equity (open P&L counts)  intraday scanner idle
  ------------------------------------------------------------------------------------------------
 
12:25:12 | 🌐 Remote control on http://0.0.0.0:8138 — TOKEN REQUIRED
12:25:12 |    📱 Same WiFi: http://10.0.0.160:8138/?t=<your token>
12:25:12 |    🌍 Internet: put a Cloudflare Tunnel in front of this port.
12:25:12 |        See deploy/DEPLOY.md — one command, no open ports, free.
12:25:12 |   4 EXIT       4 questions: HARD STOP · THESIS DEAD (C399 retention)
12:25:12 |    🛡️ Session drawdown breaker: off | Guardian: report only (C482)
12:25:12 | 💡 Press Ctrl+C to stop safely
12:32:53 |    👻 C489 shadow hour 07:00 UTC: 39 coins scored (warm-up (14, no flow)), gate shut | M1
    $269.84 (+6.97%) M1g $254.52 (+0.89%) over 3d [29s]
 
  12:33  up 0h08m  scan 0 ------------------------------------------------------------------------
  EQUITY    $249.42  unreal $-2.76
  OPEN      no intraday positions  book holds 12 (BOOK row)  free $219.52
  SHADOW    intraday M1 $269.84 (+6.97%)  M1g $254.52 (+0.89%)  3d paper only
  CARRY     $252.03 (-0.09%)  8 held  paper only
  BOOK      12 pos gross $169.47 (0.68x)  open $-2.76  funding $+0.01  vol 20% top 20
            rebal 2026-09-27
  SESSION   $+0.24 +0.10%
  MONTH     book guard $3.39 of $37.92 used  on marked equity  from $252.81  dial 15%
            ##........................
  RECORD    no closed trades yet this run
  LIFETIME  139tr 44W 95L 32%  $+2.18
  FEES      no fills yet this run
  MARKET    bias +0.00  breadth +0.00
  ------------------------------------------------------------------------------------------------
 
 
  12:41  up 0h16m  scan 0 ------------------------------------------------------------------------
  EQUITY    $249.49  unreal $-2.69
  OPEN      no intraday positions  book holds 12 (BOOK row)  free $219.52
  SHADOW    intraday M1 $269.84 (+6.97%)  M1g $254.52 (+0.89%)  3d paper only
  CARRY     $252.03 (-0.09%)  8 held  paper only
  BOOK      12 pos gross $169.48 (0.68x)  open $-2.69  funding $+0.01  vol 20% top 20
            rebal 2026-09-27
  SESSION   $+0.31 +0.13%
  MONTH     book guard $3.32 of $37.92 used  on marked equity  from $252.81  dial 15%
            ##........................
  RECORD    no closed trades yet this run
  LIFETIME  139tr 44W 95L 32%  $+2.18
  FEES      no fills yet this run
  MARKET    bias +0.00  breadth +0.00
  ------------------------------------------------------------------------------------------------
 
 
  12:49  up 0h24m  scan 0 ------------------------------------------------------------------------
  EQUITY    $249.20  unreal $-2.98
  OPEN      no intraday positions  book holds 12 (BOOK row)  free $219.52
  SHADOW    intraday M1 $269.84 (+6.97%)  M1g $254.52 (+0.89%)  3d paper only
  CARRY     $252.03 (-0.09%)  8 held  paper only
  BOOK      12 pos gross $169.58 (0.68x)  open $-2.98  funding $+0.01  vol 20% top 20
            rebal 2026-09-27
  SESSION   $+0.02 +0.01%  peak $249.49  dd 0.12%
  MONTH     book guard $3.61 of $37.92 used  on marked equity  from $252.81  dial 15%
            ##........................
  RECORD    no closed trades yet this run
  LIFETIME  139tr 44W 95L 32%  $+2.18
  FEES      no fills yet this run
  MARKET    bias +0.00  breadth +0.00
  ------------------------------------------------------------------------------------------------
 
 
  12:57  up 0h32m  scan 0 ------------------------------------------------------------------------
  EQUITY    $249.25  unreal $-2.93
  OPEN      no intraday positions  book holds 12 (BOOK row)  free $219.52
  SHADOW    intraday M1 $269.84 (+6.97%)  M1g $254.52 (+0.89%)  3d paper only
  CARRY     $252.03 (-0.09%)  8 held  paper only
  BOOK      12 pos gross $169.78 (0.68x)  open $-2.93  funding $+0.01  vol 20% top 20
            rebal 2026-09-27
  SESSION   $+0.07 +0.03%  peak $249.49  dd 0.10%
  MONTH     book guard $3.56 of $37.92 used  on marked equity  from $252.81  dial 15%
            ##........................
  RECORD    no closed trades yet this run
  LIFETIME  139tr 44W 95L 32%  $+2.18
  FEES      no fills yet this run
  MARKET    bias +0.00  breadth +0.00
  ------------------------------------------------------------------------------------------------
 
 
  13:05  up 0h40m  scan 0 ------------------------------------------------------------------------
  EQUITY    $249.44  unreal $-2.74
  OPEN      no intraday positions  book holds 12 (BOOK row)  free $219.52
  SHADOW    intraday M1 $269.84 (+6.97%)  M1g $254.52 (+0.89%)  3d paper only
  CARRY     $252.03 (-0.09%)  8 held  paper only
  BOOK      12 pos gross $170.19 (0.68x)  open $-2.74  funding $+0.01  vol 20% top 20
            rebal 2026-09-27
  SESSION   $+0.26 +0.11%  peak $249.49  dd 0.02%
  MONTH     book guard $3.37 of $37.92 used  on marked equity  from $252.81  dial 15%
            ##........................
  RECORD    no closed trades yet this run
  LIFETIME  139tr 44W 95L 32%  $+2.18
  FEES      no fills yet this run
  MARKET    bias +0.00  breadth +0.00
  ------------------------------------------------------------------------------------------------
 
 
  13:13  up 0h48m  scan 0 ------------------------------------------------------------------------
  EQUITY    $249.50  unreal $-2.68
  OPEN      no intraday positions  book holds 12 (BOOK row)  free $219.52
  SHADOW    intraday M1 $269.84 (+6.97%)  M1g $254.52 (+0.89%)  3d paper only
  CARRY     $252.03 (-0.09%)  8 held  paper only
  BOOK      12 pos gross $170.15 (0.68x)  open $-2.68  funding $+0.01  vol 20% top 20
            rebal 2026-09-27
  SESSION   $+0.32 +0.13%
  CURVE     ++==++
  MONTH     book guard $3.31 of $37.92 used  on marked equity  from $252.81  dial 15%
            ##........................
  RECORD    no closed trades yet this run
  LIFETIME  139tr 44W 95L 32%  $+2.18
  FEES      no fills yet this run
  MARKET    bias +0.00  breadth +0.00
  ------------------------------------------------------------------------------------------------
 
 
  13:21  up 0h56m  scan 0 ------------------------------------------------------------------------
  EQUITY    $249.48  unreal $-2.70
  OPEN      no intraday positions  book holds 12 (BOOK row)  free $219.52
  SHADOW    intraday M1 $269.84 (+6.97%)  M1g $254.52 (+0.89%)  3d paper only
  CARRY     $252.03 (-0.09%)  8 held  paper only
  BOOK      12 pos gross $170.58 (0.68x)  open $-2.70  funding $+0.01  vol 20% top 20
            rebal 2026-09-27
  SESSION   $+0.30 +0.12%  peak $249.50  dd 0.01%
  CURVE     ++==+++
  MONTH     book guard $3.33 of $37.92 used  on marked equity  from $252.81  dial 15%
            ##........................
  RECORD    no closed trades yet this run
  LIFETIME  139tr 44W 95L 32%  $+2.18
  FEES      no fills yet this run
  MARKET    bias +0.00  breadth +0.00
  ------------------------------------------------------------------------------------------------
 
 
  13:29  up 1h04m  scan 0 ------------------------------------------------------------------------
  EQUITY    $249.84  unreal $-2.34
  OPEN      no intraday positions  book holds 12 (BOOK row)  free $219.52
  SHADOW    intraday M1 $269.84 (+6.97%)  M1g $254.52 (+0.89%)  3d paper only
  CARRY     $252.03 (-0.09%)  8 held  paper only
  BOOK      12 pos gross $170.89 (0.68x)  open $-2.34  funding $+0.01  vol 20% top 20
            rebal 2026-09-27
  SESSION   $+0.66 +0.27%
  CURVE     =======+
  MONTH     book guard $2.97 of $37.92 used  on marked equity  from $252.81  dial 15%
            ##........................
  RECORD    no closed trades yet this run
  LIFETIME  139tr 44W 95L 32%  $+2.18
  FEES      no fills yet this run
  MARKET    bias +0.00  breadth +0.00
  ------------------------------------------------------------------------------------------------
 
13:32:19 |    👻 C489 shadow hour 08:00 UTC: 39 coins scored (warm-up (14, no flow)), gate shut | M1
    $269.25 (+6.73%) M1g $254.52 (+0.89%) over 3d [17s]
 
  13:37  up 1h12m  scan 0 ------------------------------------------------------------------------
  EQUITY    $249.77  unreal $-2.41
  OPEN      no intraday positions  book holds 12 (BOOK row)  free $219.52
  SHADOW    intraday M1 $269.25 (+6.73%)  M1g $254.52 (+0.89%)  3d paper only
  CARRY     $252.03 (-0.09%)  8 held  paper only
  BOOK      12 pos gross $170.92 (0.68x)  open $-2.40  funding $+0.02  vol 20% top 20
            rebal 2026-09-27
  SESSION   $+0.59 +0.24%  peak $249.84  dd 0.03%
  CURVE     =======++
  MONTH     book guard $3.04 of $37.92 used  on marked equity  from $252.81  dial 15%
            ##........................
  RECORD    no closed trades yet this run
  LIFETIME  139tr 44W 95L 32%  $+2.18
  FEES      no fills yet this run
  MARKET    bias +0.00  breadth +0.00
  ------------------------------------------------------------------------------------------------
 
 
  13:45  up 1h20m  scan 0 ------------------------------------------------------------------------
  EQUITY    $249.75  unreal $-2.43
  OPEN      no intraday positions  book holds 12 (BOOK row)  free $219.52
  SHADOW    intraday M1 $269.25 (+6.73%)  M1g $254.52 (+0.89%)  3d paper only
  CARRY     $252.03 (-0.09%)  8 held  paper only
  BOOK      12 pos gross $170.87 (0.68x)  open $-2.43  funding $+0.02  vol 20% top 20
            rebal 2026-09-27
  SESSION   $+0.57 +0.23%  peak $249.84  dd 0.04%
  CURVE     =======+++
  MONTH     book guard $3.06 of $37.92 used  on marked equity  from $252.81  dial 15%
            ##........................
  RECORD    no closed trades yet this run
  LIFETIME  139tr 44W 95L 32%  $+2.18
  FEES      no fills yet this run
  MARKET    bias +0.00  breadth +0.00
  ------------------------------------------------------------------------------------------------
 
 
  13:53  up 1h28m  scan 0 ------------------------------------------------------------------------
  EQUITY    $249.59  unreal $-2.59
  OPEN      no intraday positions  book holds 12 (BOOK row)  free $219.52
  SHADOW    intraday M1 $269.25 (+6.73%)  M1g $254.52 (+0.89%)  3d paper only
  CARRY     $252.03 (-0.09%)  8 held  paper only
  BOOK      12 pos gross $170.99 (0.69x)  open $-2.59  funding $+0.02  vol 20% top 20
            rebal 2026-09-27
  SESSION   $+0.41 +0.17%  peak $249.84  dd 0.10%
  CURVE     =======++++
  MONTH     book guard $3.22 of $37.92 used  on marked equity  from $252.81  dial 15%
            ##........................
  RECORD    no closed trades yet this run
  LIFETIME  139tr 44W 95L 32%  $+2.18
  FEES      no fills yet this run
  MARKET    bias +0.00  breadth +0.00
  ------------------------------------------------------------------------------------------------
 
 
  14:01  up 1h36m  scan 0 ------------------------------------------------------------------------
  EQUITY    $249.52  unreal $-2.66
  OPEN      no intraday positions  book holds 12 (BOOK row)  free $219.52
  SHADOW    intraday M1 $269.25 (+6.73%)  M1g $254.52 (+0.89%)  3d paper only
  CARRY     $252.03 (-0.09%)  8 held  paper only
  BOOK      12 pos gross $170.98 (0.69x)  open $-2.66  funding $+0.02  vol 20% top 20
            rebal 2026-09-27
  SESSION   $+0.34 +0.14%  peak $249.84  dd 0.13%
  CURVE     =======++++=
  MONTH     book guard $3.29 of $37.92 used  on marked equity  from $252.81  dial 15%
            ##........................
  RECORD    no closed trades yet this run
  LIFETIME  139tr 44W 95L 32%  $+2.18
  FEES      no fills yet this run
  MARKET    bias +0.00  breadth +0.00
  ------------------------------------------------------------------------------------------------
 
 
  14:09  up 1h44m  scan 0 ------------------------------------------------------------------------
  EQUITY    $249.55  unreal $-2.63
  OPEN      no intraday positions  book holds 12 (BOOK row)  free $219.52
  SHADOW    intraday M1 $269.25 (+6.73%)  M1g $254.52 (+0.89%)  3d paper only
  CARRY     $252.03 (-0.09%)  8 held  paper only
  BOOK      12 pos gross $170.90 (0.69x)  open $-2.63  funding $+0.02  vol 20% top 20
            rebal 2026-09-27
  SESSION   $+0.37 +0.15%  peak $249.84  dd 0.12%
  CURVE     =======++++=+
  MONTH     book guard $3.26 of $37.92 used  on marked equity  from $252.81  dial 15%
            ##........................
  RECORD    no closed trades yet this run
  LIFETIME  139tr 44W 95L 32%  $+2.18
  FEES      no fills yet this run
  MARKET    bias +0.00  breadth +0.00
  ------------------------------------------------------------------------------------------------
 
 
  14:17  up 1h52m  scan 0 ------------------------------------------------------------------------
  EQUITY    $249.45  unreal $-2.73
  OPEN      no intraday positions  book holds 12 (BOOK row)  free $219.52
  SHADOW    intraday M1 $269.25 (+6.73%)  M1g $254.52 (+0.89%)  3d paper only
  CARRY     $252.03 (-0.09%)  8 held  paper only
  BOOK      12 pos gross $170.38 (0.68x)  open $-2.73  funding $+0.02  vol 20% top 20
            rebal 2026-09-27
  SESSION   $+0.27 +0.11%  peak $249.84  dd 0.16%
  CURVE     =======++++=+=
  MONTH     book guard $3.36 of $37.92 used  on marked equity  from $252.81  dial 15%
            ##........................
  RECORD    no closed trades yet this run
  LIFETIME  139tr 44W 95L 32%  $+2.18
  FEES      no fills yet this run
  MARKET    bias +0.00  breadth +0.00
  ------------------------------------------------------------------------------------------------
 
 
  14:25  up 2h00m  scan 0 ------------------------------------------------------------------------
  EQUITY    $249.27  unreal $-2.91
  OPEN      no intraday positions  book holds 12 (BOOK row)  free $219.52
  SHADOW    intraday M1 $269.25 (+6.73%)  M1g $254.52 (+0.89%)  3d paper only
  CARRY     $252.03 (-0.09%)  8 held  paper only
  BOOK      12 pos gross $170.91 (0.69x)  open $-2.92  funding $+0.02  vol 20% top 20
            rebal 2026-09-27
  SESSION   $+0.09 +0.04%  peak $249.84  dd 0.23%
  CURVE     =======++++=+==
  MONTH     book guard $3.54 of $37.92 used  on marked equity  from $252.81  dial 15%
            ##........................
  RECORD    no closed trades yet this run
  LIFETIME  139tr 44W 95L 32%  $+2.18
  FEES      no fills yet this run
  MARKET    bias +0.00  breadth +0.00
  ------------------------------------------------------------------------------------------------
 
14:32:27 |    👻 C489 shadow hour 09:00 UTC: 39 coins scored (warm-up (14, no flow)), gate shut | M1
    $268.76 (+6.54%) M1g $254.52 (+0.89%) over 3d [17s]
 
  14:33  up 2h08m  scan 0 ------------------------------------------------------------------------
  EQUITY    $249.34  unreal $-2.84
  OPEN      no intraday positions  book holds 12 (BOOK row)  free $219.52
  SHADOW    intraday M1 $268.76 (+6.54%)  M1g $254.52 (+0.89%)  3d paper only
  CARRY     $252.03 (-0.09%)  8 held  paper only
  BOOK      12 pos gross $170.21 (0.68x)  open $-2.84  funding $+0.02  vol 20% top 20
            rebal 2026-09-27
  SESSION   $+0.16 +0.07%  peak $249.84  dd 0.20%
  CURVE     =======++++=+===
  MONTH     book guard $3.47 of $37.92 used  on marked equity  from $252.81  dial 15%
            ##........................
  RECORD    no closed trades yet this run
  LIFETIME  139tr 44W 95L 32%  $+2.18
  FEES      no fills yet this run
  MARKET    bias +0.00  breadth +0.00
  ------------------------------------------------------------------------------------------------
 
 
  14:41  up 2h16m  scan 0 ------------------------------------------------------------------------
  EQUITY    $249.26  unreal $-2.92
  OPEN      no intraday positions  book holds 12 (BOOK row)  free $219.52
  SHADOW    intraday M1 $268.76 (+6.54%)  M1g $254.52 (+0.89%)  3d paper only
  CARRY     $252.03 (-0.09%)  8 held  paper only
  BOOK      12 pos gross $169.31 (0.68x)  open $-2.92  funding $+0.02  vol 20% top 20
            rebal 2026-09-27
  SESSION   $+0.08 +0.03%  peak $249.84  dd 0.23%
  CURVE     =======++++=+====
  MONTH     book guard $3.55 of $37.92 used  on marked equity  from $252.81  dial 15%
            ##........................
  RECORD    no closed trades yet this run
  LIFETIME  139tr 44W 95L 32%  $+2.18
  FEES      no fills yet this run
  MARKET    bias +0.00  breadth +0.00
  ------------------------------------------------------------------------------------------------
 
 
  14:49  up 2h24m  scan 0 ------------------------------------------------------------------------
  EQUITY    $249.22  unreal $-2.96
  OPEN      no intraday positions  book holds 12 (BOOK row)  free $219.52
  SHADOW    intraday M1 $268.76 (+6.54%)  M1g $254.52 (+0.89%)  3d paper only
  CARRY     $252.03 (-0.09%)  8 held  paper only
  BOOK      12 pos gross $169.62 (0.68x)  open $-2.96  funding $+0.02  vol 20% top 20
            rebal 2026-09-27
  SESSION   $+0.04 +0.02%  peak $249.84  dd 0.25%
  CURVE     =======++++=+=====
  MONTH     book guard $3.59 of $37.92 used  on marked equity  from $252.81  dial 15%
            ##........................
  RECORD    no closed trades yet this run
  LIFETIME  139tr 44W 95L 32%  $+2.18
  FEES      no fills yet this run
  MARKET    bias +0.00  breadth +0.00
  ------------------------------------------------------------------------------------------------
 
 
  14:57  up 2h32m  scan 0 ------------------------------------------------------------------------
  EQUITY    $249.25  unreal $-2.93
  OPEN      no intraday positions  book holds 12 (BOOK row)  free $219.52
  SHADOW    intraday M1 $268.76 (+6.54%)  M1g $254.52 (+0.89%)  3d paper only
  CARRY     $252.03 (-0.09%)  8 held  paper only
  BOOK      12 pos gross $169.94 (0.68x)  open $-2.93  funding $+0.02  vol 20% top 20
            rebal 2026-09-27
  SESSION   $+0.07 +0.03%  peak $249.84  dd 0.24%
  CURVE     =======++++=+======
  MONTH     book guard $3.56 of $37.92 used  on marked equity  from $252.81  dial 15%
            ##........................
  RECORD    no closed trades yet this run
  LIFETIME  139tr 44W 95L 32%  $+2.18
  FEES      no fills yet this run
  MARKET    bias +0.00  breadth +0.00
  ------------------------------------------------------------------------------------------------
 
 
  15:05  up 2h40m  scan 0 ------------------------------------------------------------------------
  EQUITY    $249.31  unreal $-2.87
  OPEN      no intraday positions  book holds 12 (BOOK row)  free $219.52
  SHADOW    intraday M1 $268.76 (+6.54%)  M1g $254.52 (+0.89%)  3d paper only
  CARRY     $252.03 (-0.09%)  8 held  paper only
  BOOK      12 pos gross $170.29 (0.68x)  open $-2.87  funding $+0.02  vol 20% top 20
            rebal 2026-09-27
  SESSION   $+0.13 +0.05%  peak $249.84  dd 0.21%
  CURVE     =======++++=+=======
  MONTH     book guard $3.50 of $37.92 used  on marked equity  from $252.81  dial 15%
            ##........................
  RECORD    no closed trades yet this run
  LIFETIME  139tr 44W 95L 32%  $+2.18
  FEES      no fills yet this run
  MARKET    bias +0.00  breadth +0.00
  ------------------------------------------------------------------------------------------------
 
 
  15:13  up 2h48m  scan 0 ------------------------------------------------------------------------
  EQUITY    $248.86  unreal $-3.32
  OPEN      no intraday positions  book holds 12 (BOOK row)  free $219.52
  SHADOW    intraday M1 $268.76 (+6.54%)  M1g $254.52 (+0.89%)  3d paper only
  CARRY     $252.03 (-0.09%)  8 held  paper only
  BOOK      12 pos gross $170.99 (0.69x)  open $-3.32  funding $+0.02  vol 20% top 20
            rebal 2026-09-27
  SESSION   $-0.32 -0.13%  peak $249.84  dd 0.39%
  CURVE     ++==++++++++++=======
  MONTH     book guard $3.95 of $37.92 used  on marked equity  from $252.81  dial 15%
            ###.......................
  RECORD    no closed trades yet this run
  LIFETIME  139tr 44W 95L 32%  $+2.18
  FEES      no fills yet this run
  MARKET    bias +0.00  breadth +0.00
  ------------------------------------------------------------------------------------------------
 
 
  15:21  up 2h56m  scan 0 ------------------------------------------------------------------------
  EQUITY    $248.78  unreal $-3.40
  OPEN      no intraday positions  book holds 12 (BOOK row)  free $219.52
  SHADOW    intraday M1 $268.76 (+6.54%)  M1g $254.52 (+0.89%)  3d paper only
  CARRY     $252.03 (-0.09%)  8 held  paper only
  BOOK      12 pos gross $171.04 (0.69x)  open $-3.40  funding $+0.02  vol 20% top 20
            rebal 2026-09-27
  SESSION   $-0.40 -0.16%  peak $249.84  dd 0.42%
  CURVE     ++==++++++++++=+======
  MONTH     book guard $4.03 of $37.92 used  on marked equity  from $252.81  dial 15%
            ###.......................
  RECORD    no closed trades yet this run
  LIFETIME  139tr 44W 95L 32%  $+2.18
  FEES      no fills yet this run
  MARKET    bias +0.00  breadth +0.00
  ------------------------------------------------------------------------------------------------
 
 
  15:29  up 3h04m  scan 0 ------------------------------------------------------------------------
  EQUITY    $248.49  unreal $-3.69
  OPEN      no intraday positions  book holds 12 (BOOK row)  free $219.52
  SHADOW    intraday M1 $268.76 (+6.54%)  M1g $254.52 (+0.89%)  3d paper only
  CARRY     $252.03 (-0.09%)  8 held  paper only
  BOOK      12 pos gross $171.39 (0.69x)  open $-3.69  funding $+0.02  vol 20% top 20
            rebal 2026-09-27
  SESSION   $-0.69 -0.28%  peak $249.84  dd 0.54%
  CURVE     ++++++++++++++++++++===
  MONTH     book guard $4.32 of $37.92 used  on marked equity  from $252.81  dial 15%
            ###.......................
  RECORD    no closed trades yet this run
  LIFETIME  139tr 44W 95L 32%  $+2.18
  FEES      no fills yet this run
  MARKET    bias +0.00  breadth +0.00
  ------------------------------------------------------------------------------------------------
 
15:32:34 |    👻 C489 shadow hour 10:00 UTC: 38 coins scored (warm-up (14, no flow)), gate shut | M1
    $268.91 (+6.60%) M1g $254.52 (+0.89%) over 3d [18s]
 
  15:37  up 3h12m  scan 0 ------------------------------------------------------------------------
  EQUITY    $248.57  unreal $-3.61
  OPEN      no intraday positions  book holds 12 (BOOK row)  free $219.52
  SHADOW    intraday M1 $268.91 (+6.60%)  M1g $254.52 (+0.89%)  3d paper only
  CARRY     $252.03 (-0.09%)  8 held  paper only
  BOOK      12 pos gross $171.09 (0.69x)  open $-3.61  funding $+0.02  vol 20% top 20
            rebal 2026-09-27
  SESSION   $-0.61 -0.24%  peak $249.84  dd 0.51%
  CURVE     ++++++++++++++++++++====
  MONTH     book guard $4.24 of $37.92 used  on marked equity  from $252.81  dial 15%
            ###.......................
  RECORD    no closed trades yet this run
  LIFETIME  139tr 44W 95L 32%  $+2.18
  FEES      no fills yet this run
  MARKET    bias +0.00  breadth +0.00
  ------------------------------------------------------------------------------------------------
 
 
  15:45  up 3h20m  scan 0 ------------------------------------------------------------------------
  EQUITY    $248.74  unreal $-3.44
  OPEN      no intraday positions  book holds 12 (BOOK row)  free $219.52
  SHADOW    intraday M1 $268.91 (+6.60%)  M1g $254.52 (+0.89%)  3d paper only
  CARRY     $252.03 (-0.09%)  8 held  paper only
  BOOK      12 pos gross $171.24 (0.69x)  open $-3.44  funding $+0.02  vol 20% top 20
            rebal 2026-09-27
  SESSION   $-0.44 -0.18%  peak $249.84  dd 0.44%
  CURVE     ++++++++++++++++++++=====
  MONTH     book guard $4.07 of $37.92 used  on marked equity  from $252.81  dial 15%
            ###.......................
  RECORD    no closed trades yet this run
  LIFETIME  139tr 44W 95L 32%  $+2.18
  FEES      no fills yet this run
  MARKET    bias +0.00  breadth +0.00
  ------------------------------------------------------------------------------------------------
 
 
  15:53  up 3h28m  scan 0 ------------------------------------------------------------------------
  EQUITY    $248.22  unreal $-3.96
  OPEN      no intraday positions  book holds 12 (BOOK row)  free $219.52
  SHADOW    intraday M1 $268.91 (+6.60%)  M1g $254.52 (+0.89%)  3d paper only
  CARRY     $252.03 (-0.09%)  8 held  paper only
  BOOK      12 pos gross $171.60 (0.69x)  open $-3.96  funding $+0.02  vol 20% top 20
            rebal 2026-09-27
  SESSION   $-0.96 -0.38%  peak $249.84  dd 0.65%
  CURVE     ++++++++++++++++++++======
  MONTH     book guard $4.59 of $37.92 used  on marked equity  from $252.81  dial 15%
            ###.......................
  RECORD    no closed trades yet this run
  LIFETIME  139tr 44W 95L 32%  $+2.18
  FEES      no fills yet this run
  MARKET    bias +0.00  breadth +0.00
  ------------------------------------------------------------------------------------------------
 
 
  16:01  up 3h36m  scan 0 ------------------------------------------------------------------------
  EQUITY    $247.99  unreal $-4.19
  OPEN      no intraday positions  book holds 12 (BOOK row)  free $219.52
  SHADOW    intraday M1 $268.91 (+6.60%)  M1g $254.52 (+0.89%)  3d paper only
  CARRY     $252.03 (-0.09%)  8 held  paper only
  BOOK      12 pos gross $171.41 (0.69x)  open $-4.19  funding $+0.02  vol 20% top 20
            rebal 2026-09-27
  SESSION   $-1.19 -0.48%  peak $249.84  dd 0.74%
  CURVE     ++++++++++++++++++++=======
  MONTH     book guard $4.82 of $37.92 used  on marked equity  from $252.81  dial 15%
            ###.......................
  RECORD    no closed trades yet this run
  LIFETIME  139tr 44W 95L 32%  $+2.18
  FEES      no fills yet this run
  MARKET    bias +0.00  breadth +0.00
  ------------------------------------------------------------------------------------------------
 
 
  16:09  up 3h44m  scan 0 ------------------------------------------------------------------------
  EQUITY    $247.96  unreal $-4.22
  OPEN      no intraday positions  book holds 12 (BOOK row)  free $219.52
  SHADOW    intraday M1 $268.91 (+6.60%)  M1g $254.52 (+0.89%)  3d paper only
  CARRY     $252.03 (-0.09%)  8 held  paper only
  BOOK      12 pos gross $171.31 (0.69x)  open $-4.22  funding $+0.02  vol 20% top 20
            rebal 2026-09-27
  SESSION   $-1.22 -0.49%  peak $249.84  dd 0.75%
  CURVE     ++++++++++++++++++++========
  MONTH     book guard $4.85 of $37.92 used  on marked equity  from $252.81  dial 15%
            ###.......................
  RECORD    no closed trades yet this run
  LIFETIME  139tr 44W 95L 32%  $+2.18
  FEES      no fills yet this run
  MARKET    bias +0.00  breadth +0.00
  ------------------------------------------------------------------------------------------------
 
 
  16:17  up 3h52m  scan 0 ------------------------------------------------------------------------
  EQUITY    $247.99  unreal $-4.19
  OPEN      no intraday positions  book holds 12 (BOOK row)  free $219.52
  SHADOW    intraday M1 $268.91 (+6.60%)  M1g $254.52 (+0.89%)  3d paper only
  CARRY     $252.03 (-0.09%)  8 held  paper only
  BOOK      12 pos gross $171.31 (0.69x)  open $-4.19  funding $+0.02  vol 20% top 20
            rebal 2026-09-27
  SESSION   $-1.19 -0.48%  peak $249.84  dd 0.74%
  CURVE     ++++++++++++++++++++=========
  MONTH     book guard $4.82 of $37.92 used  on marked equity  from $252.81  dial 15%
            ###.......................
  RECORD    no closed trades yet this run
  LIFETIME  139tr 44W 95L 32%  $+2.18
  FEES      no fills yet this run
  MARKET    bias +0.00  breadth +0.00
  ------------------------------------------------------------------------------------------------
 
 
  16:25  up 4h00m  scan 0 ------------------------------------------------------------------------
  EQUITY    $248.13  unreal $-4.05
  OPEN      no intraday positions  book holds 12 (BOOK row)  free $219.52
  SHADOW    intraday M1 $268.91 (+6.60%)  M1g $254.52 (+0.89%)  3d paper only
  CARRY     $252.03 (-0.09%)  8 held  paper only
  BOOK      12 pos gross $171.06 (0.69x)  open $-4.05  funding $+0.02  vol 20% top 20
            rebal 2026-09-27
  SESSION   $-1.05 -0.42%  peak $249.84  dd 0.68%
  CURVE     ++++++++++++++++++++==========
  MONTH     book guard $4.68 of $37.92 used  on marked equity  from $252.81  dial 15%
            ###.......................
  RECORD    no closed trades yet this run
  LIFETIME  139tr 44W 95L 32%  $+2.18
  FEES      no fills yet this run
  MARKET    bias +0.00  breadth +0.00
  ------------------------------------------------------------------------------------------------
 
16:32:45 |    👻 C489 shadow hour 11:00 UTC: 39 coins scored (warm-up (14, no flow)), gate shut | M1
    $269.41 (+6.80%) M1g $254.52 (+0.89%) over 3d [19s]
 
  16:33  up 4h08m  scan 0 ------------------------------------------------------------------------
  EQUITY    $248.30  unreal $-3.88
  OPEN      no intraday positions  book holds 12 (BOOK row)  free $219.52
  SHADOW    intraday M1 $269.41 (+6.80%)  M1g $254.52 (+0.89%)  3d paper only
  CARRY     $252.03 (-0.09%)  8 held  paper only
  BOOK      12 pos gross $170.90 (0.69x)  open $-3.88  funding $+0.02  vol 20% top 20
            rebal 2026-09-27
  SESSION   $-0.88 -0.35%  peak $249.84  dd 0.62%
  CURVE     ++++++++++++++++++++===========
  MONTH     book guard $4.51 of $37.92 used  on marked equity  from $252.81  dial 15%
            ###.......................
  RECORD    no closed trades yet this run
  LIFETIME  139tr 44W 95L 32%  $+2.18
  FEES      no fills yet this run
  MARKET    bias +0.00  breadth +0.00
  ------------------------------------------------------------------------------------------------
 
 
  16:41  up 4h16m  scan 0 ------------------------------------------------------------------------
  EQUITY    $248.26  unreal $-3.92
  OPEN      no intraday positions  book holds 12 (BOOK row)  free $219.52
  SHADOW    intraday M1 $269.41 (+6.80%)  M1g $254.52 (+0.89%)  3d paper only
  CARRY     $252.03 (-0.09%)  8 held  paper only
  BOOK      12 pos gross $171.03 (0.69x)  open $-3.92  funding $+0.02  vol 20% top 20
            rebal 2026-09-27
  SESSION   $-0.92 -0.37%  peak $249.84  dd 0.63%
  CURVE     ++++++++++++++++++++============
  MONTH     book guard $4.55 of $37.92 used  on marked equity  from $252.81  dial 15%
            ###.......................
  RECORD    no closed trades yet this run
  LIFETIME  139tr 44W 95L 32%  $+2.18
  FEES      no fills yet this run
  MARKET    bias +0.00  breadth +0.00
  ------------------------------------------------------------------------------------------------
 
 
  16:49  up 4h24m  scan 0 ------------------------------------------------------------------------
  EQUITY    $248.06  unreal $-4.12
  OPEN      no intraday positions  book holds 12 (BOOK row)  free $219.52
  SHADOW    intraday M1 $269.41 (+6.80%)  M1g $254.52 (+0.89%)  3d paper only
  CARRY     $252.03 (-0.09%)  8 held  paper only
  BOOK      12 pos gross $170.87 (0.69x)  open $-4.12  funding $+0.02  vol 20% top 20
            rebal 2026-09-27
  SESSION   $-1.12 -0.45%  peak $249.84  dd 0.71%
  CURVE     ++++++++++++++++++++=============
  MONTH     book guard $4.75 of $37.92 used  on marked equity  from $252.81  dial 15%
            ###.......................
  RECORD    no closed trades yet this run
  LIFETIME  139tr 44W 95L 32%  $+2.18
  FEES      no fills yet this run
  MARKET    bias +0.00  breadth +0.00
  ------------------------------------------------------------------------------------------------
 
 
  16:57  up 4h32m  scan 0 ------------------------------------------------------------------------
  EQUITY    $248.04  unreal $-4.14
  OPEN      no intraday positions  book holds 12 (BOOK row)  free $219.52
  SHADOW    intraday M1 $269.41 (+6.80%)  M1g $254.52 (+0.89%)  3d paper only
  CARRY     $252.03 (-0.09%)  8 held  paper only
  BOOK      12 pos gross $171.21 (0.69x)  open $-4.14  funding $+0.02  vol 20% top 20
            rebal 2026-09-27
  SESSION   $-1.14 -0.46%  peak $249.84  dd 0.72%
  CURVE     ++++++++++++++++++++==============
  MONTH     book guard $4.77 of $37.92 used  on marked equity  from $252.81  dial 15%
            ###.......................
  RECORD    no closed trades yet this run
  LIFETIME  139tr 44W 95L 32%  $+2.18
  FEES      no fills yet this run
  MARKET    bias +0.00  breadth +0.00
  ------------------------------------------------------------------------------------------------
 
 
  17:05  up 4h40m  scan 0 ------------------------------------------------------------------------
  EQUITY    $247.26  unreal $-4.92
  OPEN      no intraday positions  book holds 12 (BOOK row)  free $219.52
  SHADOW    intraday M1 $269.41 (+6.80%)  M1g $254.52 (+0.89%)  3d paper only
  CARRY     $252.03 (-0.09%)  8 held  paper only
  BOOK      12 pos gross $171.45 (0.69x)  open $-4.92  funding $+0.02  vol 20% top 20
            rebal 2026-09-27
  SESSION   $-1.92 -0.77%  peak $249.84  dd 1.03%
  CURVE     ++++++++++++++++++++++=++==========
  MONTH     book guard $5.55 of $37.92 used  on marked equity  from $252.81  dial 15%
            ####......................
  RECORD    no closed trades yet this run
  LIFETIME  139tr 44W 95L 32%  $+2.18
  FEES      no fills yet this run
  MARKET    bias +0.00  breadth +0.00
  ------------------------------------------------------------------------------------------------
 
 
  17:13  up 4h48m  scan 0 ------------------------------------------------------------------------
  EQUITY    $247.55  unreal $-4.63
  OPEN      no intraday positions  book holds 12 (BOOK row)  free $219.52
  SHADOW    intraday M1 $269.41 (+6.80%)  M1g $254.52 (+0.89%)  3d paper only
  CARRY     $252.03 (-0.09%)  8 held  paper only
  BOOK      12 pos gross $171.02 (0.69x)  open $-4.63  funding $+0.02  vol 20% top 20
            rebal 2026-09-27
  SESSION   $-1.63 -0.65%  peak $249.84  dd 0.92%
  CURVE     ++++++++++++++++++++++=++===========
  MONTH     book guard $5.26 of $37.92 used  on marked equity  from $252.81  dial 15%
            ####......................
  RECORD    no closed trades yet this run
  LIFETIME  139tr 44W 95L 32%  $+2.18
  FEES      no fills yet this run
  MARKET    bias +0.00  breadth +0.00
  ------------------------------------------------------------------------------------------------
 
 
  17:21  up 4h56m  scan 0 ------------------------------------------------------------------------
  EQUITY    $247.45  unreal $-4.73
  OPEN      no intraday positions  book holds 12 (BOOK row)  free $219.52
  SHADOW    intraday M1 $269.41 (+6.80%)  M1g $254.52 (+0.89%)  3d paper only
  CARRY     $252.03 (-0.09%)  8 held  paper only
  BOOK      12 pos gross $171.20 (0.69x)  open $-4.73  funding $+0.02  vol 20% top 20
            rebal 2026-09-27
  SESSION   $-1.73 -0.69%  peak $249.84  dd 0.96%
  CURVE     ++++++++++++++++++++++=++============
  MONTH     book guard $5.36 of $37.92 used  on marked equity  from $252.81  dial 15%
            ####......................
  RECORD    no closed trades yet this run
  LIFETIME  139tr 44W 95L 32%  $+2.18
  FEES      no fills yet this run
  MARKET    bias +0.00  breadth +0.00
  ------------------------------------------------------------------------------------------------
 
 
  17:29  up 5h04m  scan 0 ------------------------------------------------------------------------
  EQUITY    $247.44  unreal $-4.74
  OPEN      no intraday positions  book holds 12 (BOOK row)  free $219.52
  SHADOW    intraday M1 $269.41 (+6.80%)  M1g $254.52 (+0.89%)  3d paper only
  CARRY     $252.03 (-0.09%)  8 held  paper only
  BOOK      12 pos gross $171.38 (0.69x)  open $-4.74  funding $+0.02  vol 20% top 20
            rebal 2026-09-27
  SESSION   $-1.74 -0.70%  peak $249.84  dd 0.96%
  CURVE     ++++++++++++++++++++++=++=============
  MONTH     book guard $5.37 of $37.92 used  on marked equity  from $252.81  dial 15%
            ####......................
  RECORD    no closed trades yet this run
  LIFETIME  139tr 44W 95L 32%  $+2.18
  FEES      no fills yet this run
  MARKET    bias +0.00  breadth +0.00
  ------------------------------------------------------------------------------------------------
 
17:32:23 |    👻 C489 shadow hour 12:00 UTC: 39 coins scored (warm-up (14, no flow)), gate shut | M1
    $269.35 (+6.77%) M1g $254.52 (+0.89%) over 3d [19s]
 
  17:37  up 5h12m  scan 0 ------------------------------------------------------------------------
  EQUITY    $247.26  unreal $-4.92
  OPEN      no intraday positions  book holds 12 (BOOK row)  free $219.52
  SHADOW    intraday M1 $269.35 (+6.77%)  M1g $254.52 (+0.89%)  3d paper only
  CARRY     $252.03 (-0.09%)  8 held  paper only
  BOOK      12 pos gross $171.91 (0.69x)  open $-4.92  funding $+0.02  vol 20% top 20
            rebal 2026-09-27
  SESSION   $-1.92 -0.77%  peak $249.84  dd 1.03%
  CURVE     ++++++++++++++++++++++=++==============
  MONTH     book guard $5.55 of $37.92 used  on marked equity  from $252.81  dial 15%
            ####......................
  RECORD    no closed trades yet this run
  LIFETIME  139tr 44W 95L 32%  $+2.18
  FEES      no fills yet this run
  MARKET    bias +0.00  breadth +0.00
  ------------------------------------------------------------------------------------------------
 
 
  17:45  up 5h20m  scan 0 ------------------------------------------------------------------------
  EQUITY    $247.49  unreal $-4.69
  OPEN      no intraday positions  book holds 12 (BOOK row)  free $219.52
  SHADOW    intraday M1 $269.35 (+6.77%)  M1g $254.52 (+0.89%)  3d paper only
  CARRY     $252.03 (-0.09%)  8 held  paper only
  BOOK      12 pos gross $171.64 (0.69x)  open $-4.69  funding $+0.02  vol 20% top 20
            rebal 2026-09-27
  SESSION   $-1.69 -0.68%  peak $249.84  dd 0.94%
  CURVE     ++++++++++++++++++++++=++===============
  MONTH     book guard $5.32 of $37.92 used  on marked equity  from $252.81  dial 15%
            ####......................
  RECORD    no closed trades yet this run
  LIFETIME  139tr 44W 95L 32%  $+2.18
  FEES      no fills yet this run
  MARKET    bias +0.00  breadth +0.00
  ------------------------------------------------------------------------------------------------
 
 
  17:53  up 5h28m  scan 0 ------------------------------------------------------------------------
  EQUITY    $247.35  unreal $-4.83
  OPEN      no intraday positions  book holds 12 (BOOK row)  free $219.52
  SHADOW    intraday M1 $269.35 (+6.77%)  M1g $254.52 (+0.89%)  3d paper only
  CARRY     $252.03 (-0.09%)  8 held  paper only
  BOOK      12 pos gross $171.60 (0.69x)  open $-4.83  funding $+0.02  vol 20% top 20
            rebal 2026-09-27
  SESSION   $-1.83 -0.73%  peak $249.84  dd 1.00%
  CURVE     ++++++++++++++++++++++=++================
  MONTH     book guard $5.46 of $37.92 used  on marked equity  from $252.81  dial 15%
            ####......................
  RECORD    no closed trades yet this run
  LIFETIME  139tr 44W 95L 32%  $+2.18
  FEES      no fills yet this run
  MARKET    bias +0.00  breadth +0.00
  ------------------------------------------------------------------------------------------------
 
 
  18:01  up 5h36m  scan 0 ------------------------------------------------------------------------
  EQUITY    $247.10  unreal $-5.08
  OPEN      no intraday positions  book holds 12 (BOOK row)  free $219.52
  SHADOW    intraday M1 $269.35 (+6.77%)  M1g $254.52 (+0.89%)  3d paper only
  CARRY     $252.03 (-0.09%)  8 held  paper only
  BOOK      12 pos gross $171.71 (0.69x)  open $-5.08  funding $+0.02  vol 20% top 20
            rebal 2026-09-27
  SESSION   $-2.08 -0.83%  peak $249.84  dd 1.10%
  CURVE     +++++++++++++++++++++++++=================
  MONTH     book guard $5.71 of $37.92 used  on marked equity  from $252.81  dial 15%
            ####......................
  RECORD    no closed trades yet this run
  LIFETIME  139tr 44W 95L 32%  $+2.18
  FEES      no fills yet this run
  MARKET    bias +0.00  breadth +0.00
  ------------------------------------------------------------------------------------------------
 
 
  18:09  up 5h44m  scan 0 ------------------------------------------------------------------------
  EQUITY    $247.14  unreal $-5.04
  OPEN      no intraday positions  book holds 12 (BOOK row)  free $219.52
  SHADOW    intraday M1 $269.35 (+6.77%)  M1g $254.52 (+0.89%)  3d paper only
  CARRY     $252.03 (-0.09%)  8 held  paper only
  BOOK      12 pos gross $172.13 (0.70x)  open $-5.04  funding $+0.02  vol 20% top 20
            rebal 2026-09-27
  SESSION   $-2.04 -0.82%  peak $249.84  dd 1.08%
  CURVE     +++++++++++++++++++++++++==================
  MONTH     book guard $5.67 of $37.92 used  on marked equity  from $252.81  dial 15%
            ####......................
  RECORD    no closed trades yet this run
  LIFETIME  139tr 44W 95L 32%  $+2.18
  FEES      no fills yet this run
  MARKET    bias +0.00  breadth +0.00
  ------------------------------------------------------------------------------------------------
 
 
  18:17  up 5h52m  scan 0 ------------------------------------------------------------------------
  EQUITY    $247.31  unreal $-4.87
  OPEN      no intraday positions  book holds 12 (BOOK row)  free $219.52
  SHADOW    intraday M1 $269.35 (+6.77%)  M1g $254.52 (+0.89%)  3d paper only
  CARRY     $252.03 (-0.09%)  8 held  paper only
  BOOK      12 pos gross $171.88 (0.69x)  open $-4.87  funding $+0.02  vol 20% top 20
            rebal 2026-09-27
  SESSION   $-1.87 -0.75%  peak $249.84  dd 1.01%
  CURVE     +++++++++++++++++++++++++===================
  MONTH     book guard $5.50 of $37.92 used  on marked equity  from $252.81  dial 15%
            ####......................
  RECORD    no closed trades yet this run
  LIFETIME  139tr 44W 95L 32%  $+2.18
  FEES      no fills yet this run
  MARKET    bias +0.00  breadth +0.00
  ------------------------------------------------------------------------------------------------
 
 
  18:25  up 6h00m  scan 0 ------------------------------------------------------------------------
  EQUITY    $247.11  unreal $-5.07
  OPEN      no intraday positions  book holds 12 (BOOK row)  free $219.52
  SHADOW    intraday M1 $269.35 (+6.77%)  M1g $254.52 (+0.89%)  3d paper only
  CARRY     $252.03 (-0.09%)  8 held  paper only
  BOOK      12 pos gross $171.59 (0.69x)  open $-5.07  funding $+0.02  vol 20% top 20
            rebal 2026-09-27
  SESSION   $-2.07 -0.83%  peak $249.84  dd 1.09%
  CURVE     +++++++++++++++++++++++++====================
  MONTH     book guard $5.70 of $37.92 used  on marked equity  from $252.81  dial 15%
            ####......................
  RECORD    no closed trades yet this run
  LIFETIME  139tr 44W 95L 32%  $+2.18
  FEES      no fills yet this run
  MARKET    bias +0.00  breadth +0.00
  ------------------------------------------------------------------------------------------------
 
18:32:31 |    👻 C489 shadow hour 13:00 UTC: 39 coins scored (warm-up (14, no flow)), gate shut | M1
    $269.56 (+6.86%) M1g $254.52 (+0.89%) over 3d [18s]
 
  18:33  up 6h08m  scan 0 ------------------------------------------------------------------------
  EQUITY    $247.19  unreal $-4.99
  OPEN      no intraday positions  book holds 12 (BOOK row)  free $219.52
  SHADOW    intraday M1 $269.56 (+6.86%)  M1g $254.52 (+0.89%)  3d paper only
  CARRY     $252.03 (-0.09%)  8 held  paper only
  BOOK      12 pos gross $170.47 (0.69x)  open $-4.99  funding $+0.02  vol 20% top 20
            rebal 2026-09-27
  SESSION   $-1.99 -0.80%  peak $249.84  dd 1.06%
  CURVE     +++++++++++++++++++++++++=====================
  MONTH     book guard $5.62 of $37.92 used  on marked equity  from $252.81  dial 15%
            ####......................
  RECORD    no closed trades yet this run
  LIFETIME  139tr 44W 95L 32%  $+2.18
  FEES      no fills yet this run
  MARKET    bias +0.00  breadth +0.00
  ------------------------------------------------------------------------------------------------
 
 
  18:41  up 6h16m  scan 0 ------------------------------------------------------------------------
  EQUITY    $247.12  unreal $-5.06
  OPEN      no intraday positions  book holds 12 (BOOK row)  free $219.52
  SHADOW    intraday M1 $269.56 (+6.86%)  M1g $254.52 (+0.89%)  3d paper only
  CARRY     $252.03 (-0.09%)  8 held  paper only
  BOOK      12 pos gross $170.34 (0.69x)  open $-5.05  funding $+0.02  vol 20% top 20
            rebal 2026-09-27
  SESSION   $-2.06 -0.83%  peak $249.84  dd 1.09%
  CURVE     +++++++++++++++++++++++++======================
  MONTH     book guard $5.69 of $37.92 used  on marked equity  from $252.81  dial 15%
            ####......................
  RECORD    no closed trades yet this run
  LIFETIME  139tr 44W 95L 32%  $+2.18
  FEES      no fills yet this run
  MARKET    bias +0.00  breadth +0.00
  ------------------------------------------------------------------------------------------------
 
 
  18:49  up 6h24m  scan 0 ------------------------------------------------------------------------
  EQUITY    $247.11  unreal $-5.07
  OPEN      no intraday positions  book holds 12 (BOOK row)  free $219.52
  SHADOW    intraday M1 $269.56 (+6.86%)  M1g $254.52 (+0.89%)  3d paper only
  CARRY     $252.03 (-0.09%)  8 held  paper only
  BOOK      12 pos gross $170.05 (0.69x)  open $-5.07  funding $+0.02  vol 20% top 20
            rebal 2026-09-27
  SESSION   $-2.07 -0.83%  peak $249.84  dd 1.09%
  CURVE     +++++++++++++++++++++++++=======================
  MONTH     book guard $5.70 of $37.92 used  on marked equity  from $252.81  dial 15%
            ####......................
  RECORD    no closed trades yet this run
  LIFETIME  139tr 44W 95L 32%  $+2.18
  FEES      no fills yet this run
  MARKET    bias +0.00  breadth +0.00
  ------------------------------------------------------------------------------------------------
 
 
  18:57  up 6h32m  scan 0 ------------------------------------------------------------------------
  EQUITY    $247.00  unreal $-5.18
  OPEN      no intraday positions  book holds 12 (BOOK row)  free $219.52
  SHADOW    intraday M1 $269.56 (+6.86%)  M1g $254.52 (+0.89%)  3d paper only
  CARRY     $252.03 (-0.09%)  8 held  paper only
  BOOK      12 pos gross $170.61 (0.69x)  open $-5.18  funding $+0.02  vol 20% top 20
            rebal 2026-09-27
  SESSION   $-2.18 -0.87%  peak $249.84  dd 1.14%
  CURVE     +++++++++++++++++++++++++========================
  MONTH     book guard $5.81 of $37.92 used  on marked equity  from $252.81  dial 15%
            ####......................
  RECORD    no closed trades yet this run
  LIFETIME  139tr 44W 95L 32%  $+2.18
  FEES      no fills yet this run
  MARKET    bias +0.00  breadth +0.00
  ------------------------------------------------------------------------------------------------
 
 
  19:05  up 6h40m  scan 0 ------------------------------------------------------------------------
  EQUITY    $247.05  unreal $-5.13
  OPEN      no intraday positions  book holds 12 (BOOK row)  free $219.52
  SHADOW    intraday M1 $269.56 (+6.86%)  M1g $254.52 (+0.89%)  3d paper only
  CARRY     $252.03 (-0.09%)  8 held  paper only
  BOOK      12 pos gross $171.06 (0.69x)  open $-5.13  funding $+0.02  vol 20% top 20
            rebal 2026-09-27
  SESSION   $-2.13 -0.85%  peak $249.84  dd 1.12%
  CURVE     +++++++++++++++++++++++++=========================
  MONTH     book guard $5.76 of $37.92 used  on marked equity  from $252.81  dial 15%
            ####......................
  RECORD    no closed trades yet this run
  LIFETIME  139tr 44W 95L 32%  $+2.18
  FEES      no fills yet this run
  MARKET    bias +0.00  breadth +0.00
  ------------------------------------------------------------------------------------------------
 
 
  19:13  up 6h48m  scan 0 ------------------------------------------------------------------------
  EQUITY    $246.71  unreal $-5.47
  OPEN      no intraday positions  book holds 12 (BOOK row)  free $219.52
  SHADOW    intraday M1 $269.56 (+6.86%)  M1g $254.52 (+0.89%)  3d paper only
  CARRY     $252.03 (-0.09%)  8 held  paper only
  BOOK      12 pos gross $170.70 (0.69x)  open $-5.47  funding $+0.02  vol 20% top 20
            rebal 2026-09-27
  SESSION   $-2.47 -0.99%  peak $249.84  dd 1.25%
  CURVE     +++++++++++++++++++++++++=====+====================
  MONTH     book guard $6.10 of $37.92 used  on marked equity  from $252.81  dial 15%
            ####......................
  RECORD    no closed trades yet this run
  LIFETIME  139tr 44W 95L 32%  $+2.18
  FEES      no fills yet this run
  MARKET    bias +0.00  breadth +0.00
  ------------------------------------------------------------------------------------------------
 
 
  19:21  up 6h56m  scan 0 ------------------------------------------------------------------------
  EQUITY    $246.82  unreal $-5.36
  OPEN      no intraday positions  book holds 12 (BOOK row)  free $219.52
  SHADOW    intraday M1 $269.56 (+6.86%)  M1g $254.52 (+0.89%)  3d paper only
  CARRY     $252.03 (-0.09%)  8 held  paper only
  BOOK      12 pos gross $170.94 (0.69x)  open $-5.36  funding $+0.02  vol 20% top 20
            rebal 2026-09-27
  SESSION   $-2.36 -0.95%  peak $249.84  dd 1.21%
  CURVE     +++++++++++++++++++++++++=====+=====================
  MONTH     book guard $5.99 of $37.92 used  on marked equity  from $252.81  dial 15%
            ####......................
  RECORD    no closed trades yet this run
  LIFETIME  139tr 44W 95L 32%  $+2.18
  FEES      no fills yet this run
  MARKET    bias +0.00  breadth +0.00
  ------------------------------------------------------------------------------------------------
 
 
  19:29  up 7h04m  scan 0 ------------------------------------------------------------------------
  EQUITY    $246.76  unreal $-5.42
  OPEN      no intraday positions  book holds 12 (BOOK row)  free $219.52
  SHADOW    intraday M1 $269.56 (+6.86%)  M1g $254.52 (+0.89%)  3d paper only
  CARRY     $252.03 (-0.09%)  8 held  paper only
  BOOK      12 pos gross $171.55 (0.69x)  open $-5.42  funding $+0.02  vol 20% top 20
            rebal 2026-09-27
  SESSION   $-2.42 -0.97%  peak $249.84  dd 1.23%
  CURVE     +++++++++++++++++++++++++=====+======================
  MONTH     book guard $6.05 of $37.92 used  on marked equity  from $252.81  dial 15%
            ####......................
  RECORD    no closed trades yet this run
  LIFETIME  139tr 44W 95L 32%  $+2.18
  FEES      no fills yet this run
  MARKET    bias +0.00  breadth +0.00
  ------------------------------------------------------------------------------------------------
 
19:32:40 |    👻 C489 shadow hour 14:00 UTC: 39 coins scored (warm-up (14, no flow)), gate shut | M1
    $269.79 (+6.95%) M1g $254.52 (+0.89%) over 3d [18s]
 
  19:37  up 7h12m  scan 0 ------------------------------------------------------------------------
  EQUITY    $246.66  unreal $-5.52
  OPEN      no intraday positions  book holds 12 (BOOK row)  free $219.52
  SHADOW    intraday M1 $269.79 (+6.95%)  M1g $254.52 (+0.89%)  3d paper only
  CARRY     $252.03 (-0.09%)  8 held  paper only
  BOOK      12 pos gross $171.43 (0.69x)  open $-5.52  funding $+0.02  vol 20% top 20
            rebal 2026-09-27
  SESSION   $-2.52 -1.01%  peak $249.84  dd 1.27%
  CURVE     +++++++++++++++++++++++++=====++======================
  MONTH     book guard $6.15 of $37.92 used  on marked equity  from $252.81  dial 15%
            ####......................
  RECORD    no closed trades yet this run
  LIFETIME  139tr 44W 95L 32%  $+2.18
  FEES      no fills yet this run
  MARKET    bias +0.00  breadth +0.00
  ------------------------------------------------------------------------------------------------
 
 
  19:45  up 7h20m  scan 0 ------------------------------------------------------------------------
  EQUITY    $246.61  unreal $-5.57
  OPEN      no intraday positions  book holds 12 (BOOK row)  free $219.52
  SHADOW    intraday M1 $269.79 (+6.95%)  M1g $254.52 (+0.89%)  3d paper only
  CARRY     $252.03 (-0.09%)  8 held  paper only
  BOOK      12 pos gross $171.37 (0.69x)  open $-5.57  funding $+0.02  vol 20% top 20
            rebal 2026-09-27
  SESSION   $-2.57 -1.03%  peak $249.84  dd 1.29%
  CURVE     +++++++++++++++++++++++++=====++=======================
  MONTH     book guard $6.20 of $37.92 used  on marked equity  from $252.81  dial 15%
            ####......................
  RECORD    no closed trades yet this run
  LIFETIME  139tr 44W 95L 32%  $+2.18
  FEES      no fills yet this run
  MARKET    bias +0.00  breadth +0.00
  ------------------------------------------------------------------------------------------------
 
 
  19:53  up 7h28m  scan 0 ------------------------------------------------------------------------
  EQUITY    $246.45  unreal $-5.73
  OPEN      no intraday positions  book holds 12 (BOOK row)  free $219.52
  SHADOW    intraday M1 $269.79 (+6.95%)  M1g $254.52 (+0.89%)  3d paper only
  CARRY     $252.03 (-0.09%)  8 held  paper only
  BOOK      12 pos gross $170.77 (0.69x)  open $-5.73  funding $+0.02  vol 20% top 20
            rebal 2026-09-27
  SESSION   $-2.73 -1.09%  peak $249.84  dd 1.36%
  CURVE     ++++++++++++++++++++++++++====++========================
  MONTH     book guard $6.36 of $37.92 used  on marked equity  from $252.81  dial 15%
            ####......................
  RECORD    no closed trades yet this run
  LIFETIME  139tr 44W 95L 32%  $+2.18
  FEES      no fills yet this run
  MARKET    bias +0.00  breadth +0.00
  ------------------------------------------------------------------------------------------------
 
 
  20:01  up 7h36m  scan 0 ------------------------------------------------------------------------
  EQUITY    $246.15  unreal $-6.03
  OPEN      no intraday positions  book holds 12 (BOOK row)  free $219.52
  SHADOW    intraday M1 $269.79 (+6.95%)  M1g $254.52 (+0.89%)  3d paper only
  CARRY     $252.03 (-0.09%)  8 held  paper only
  BOOK      12 pos gross $170.32 (0.69x)  open $-6.03  funding $+0.02  vol 20% top 20
            rebal 2026-09-27
  SESSION   $-3.03 -1.22%  peak $249.84  dd 1.48%
  CURVE     ++++++++++++++++++++++++++===+++++=======================
  MONTH     book guard $6.66 of $37.92 used  on marked equity  from $252.81  dial 15%
            #####.....................
  RECORD    no closed trades yet this run
  LIFETIME  139tr 44W 95L 32%  $+2.18
  FEES      no fills yet this run
  MARKET    bias +0.00  breadth +0.00
  ------------------------------------------------------------------------------------------------
 
 
  20:09  up 7h44m  scan 0 ------------------------------------------------------------------------
  EQUITY    $246.22  unreal $-5.96
  OPEN      no intraday positions  book holds 12 (BOOK row)  free $219.52
  SHADOW    intraday M1 $269.79 (+6.95%)  M1g $254.52 (+0.89%)  3d paper only
  CARRY     $252.03 (-0.09%)  8 held  paper only
  BOOK      12 pos gross $169.91 (0.69x)  open $-5.96  funding $+0.02  vol 20% top 20
            rebal 2026-09-27
  SESSION   $-2.96 -1.19%  peak $249.84  dd 1.45%
  CURVE     ++++++++++++++++++++++++++===+++++========================
  MONTH     book guard $6.59 of $37.92 used  on marked equity  from $252.81  dial 15%
            #####.....................
  RECORD    no closed trades yet this run
  LIFETIME  139tr 44W 95L 32%  $+2.18
  FEES      no fills yet this run
  MARKET    bias +0.00  breadth +0.00
  ------------------------------------------------------------------------------------------------
 
 
  20:17  up 7h52m  scan 0 ------------------------------------------------------------------------
  EQUITY    $245.84  unreal $-6.34
  OPEN      no intraday positions  book holds 12 (BOOK row)  free $219.52
  SHADOW    intraday M1 $269.79 (+6.95%)  M1g $254.52 (+0.89%)  3d paper only
  CARRY     $252.03 (-0.09%)  8 held  paper only
  BOOK      12 pos gross $170.39 (0.69x)  open $-6.34  funding $+0.02  vol 20% top 20
            rebal 2026-09-27
  SESSION   $-3.34 -1.34%  peak $249.84  dd 1.60%
  CURVE     ++++++++++++++++++++++++++++++++++=========================
  MONTH     book guard $6.97 of $37.92 used  on marked equity  from $252.81  dial 15%
            #####.....................
  RECORD    no closed trades yet this run
  LIFETIME  139tr 44W 95L 32%  $+2.18
  FEES      no fills yet this run
  MARKET    bias +0.00  breadth +0.00
  ------------------------------------------------------------------------------------------------
 
 
  20:25  up 8h00m  scan 0 ------------------------------------------------------------------------
  EQUITY    $245.90  unreal $-6.28
  OPEN      no intraday positions  book holds 12 (BOOK row)  free $219.52
  SHADOW    intraday M1 $269.79 (+6.95%)  M1g $254.52 (+0.89%)  3d paper only
  CARRY     $252.03 (-0.09%)  8 held  paper only
  BOOK      12 pos gross $170.30 (0.69x)  open $-6.28  funding $+0.02  vol 20% top 20
            rebal 2026-09-27
  SESSION   $-3.28 -1.32%  peak $249.84  dd 1.58%
  CURVE     ++++++++++++++++++++++++++++++++++==========================
  MONTH     book guard $6.91 of $37.92 used  on marked equity  from $252.81  dial 15%
            #####.....................
  RECORD    no closed trades yet this run
  LIFETIME  139tr 44W 95L 32%  $+2.18
  FEES      no fills yet this run
  MARKET    bias +0.00  breadth +0.00
  ------------------------------------------------------------------------------------------------
 
20:32:47 |    👻 C489 shadow hour 15:00 UTC: 39 coins scored (warm-up (14, no flow)), gate OPEN | M1
    $269.38 (+6.79%) M1g $254.46 (+0.87%) over 3d [17s]
 
  20:33  up 8h08m  scan 0 ------------------------------------------------------------------------
  EQUITY    $245.70  unreal $-6.48
  OPEN      no intraday positions  book holds 12 (BOOK row)  free $219.52
  SHADOW    intraday M1 $269.38 (+6.79%)  M1g $254.46 (+0.87%)  3d paper only
  CARRY     $252.03 (-0.09%)  8 held  paper only
  BOOK      12 pos gross $169.96 (0.69x)  open $-6.48  funding $+0.02  vol 20% top 20
            rebal 2026-09-27
  SESSION   $-3.48 -1.40%  peak $249.84  dd 1.66%
  CURVE     ++++++++++++++++++++++++++++++++++===========================
  MONTH     book guard $7.11 of $37.92 used  on marked equity  from $252.81  dial 15%
            #####.....................
  RECORD    no closed trades yet this run
  LIFETIME  139tr 44W 95L 32%  $+2.18
  FEES      no fills yet this run
  MARKET    bias +0.00  breadth +0.00
  ------------------------------------------------------------------------------------------------
 
 
  20:41  up 8h16m  scan 0 ------------------------------------------------------------------------
  EQUITY    $245.62  unreal $-6.56
  OPEN      no intraday positions  book holds 12 (BOOK row)  free $219.52
  SHADOW    intraday M1 $269.38 (+6.79%)  M1g $254.46 (+0.87%)  3d paper only
  CARRY     $252.03 (-0.09%)  8 held  paper only
  BOOK      12 pos gross $169.58 (0.69x)  open $-6.56  funding $+0.02  vol 20% top 20
            rebal 2026-09-27
  SESSION   $-3.56 -1.43%  peak $249.84  dd 1.69%
  CURVE     ++++++++++++++++++++++++++++++++++============================
  MONTH     book guard $7.19 of $37.92 used  on marked equity  from $252.81  dial 15%
            #####.....................
  RECORD    no closed trades yet this run
  LIFETIME  139tr 44W 95L 32%  $+2.18
  FEES      no fills yet this run
  MARKET    bias +0.00  breadth +0.00
  ------------------------------------------------------------------------------------------------
 
 
  20:49  up 8h24m  scan 0 ------------------------------------------------------------------------
  EQUITY    $245.62  unreal $-6.56
  OPEN      no intraday positions  book holds 12 (BOOK row)  free $219.52
  SHADOW    intraday M1 $269.38 (+6.79%)  M1g $254.46 (+0.87%)  3d paper only
  CARRY     $252.03 (-0.09%)  8 held  paper only
  BOOK      12 pos gross $169.83 (0.69x)  open $-6.56  funding $+0.02  vol 20% top 20
            rebal 2026-09-27
  SESSION   $-3.56 -1.43%  peak $249.84  dd 1.69%
  CURVE     ++++++++++++++++++++++++++++++++++=============================
  MONTH     book guard $7.19 of $37.92 used  on marked equity  from $252.81  dial 15%
            #####.....................
  RECORD    no closed trades yet this run
  LIFETIME  139tr 44W 95L 32%  $+2.18
  FEES      no fills yet this run
  MARKET    bias +0.00  breadth +0.00
  ------------------------------------------------------------------------------------------------
 
 
  20:57  up 8h32m  scan 0 ------------------------------------------------------------------------
  EQUITY    $245.79  unreal $-6.39
  OPEN      no intraday positions  book holds 12 (BOOK row)  free $219.52
  SHADOW    intraday M1 $269.38 (+6.79%)  M1g $254.46 (+0.87%)  3d paper only
  CARRY     $252.03 (-0.09%)  8 held  paper only
  BOOK      12 pos gross $169.20 (0.69x)  open $-6.39  funding $+0.02  vol 20% top 20
            rebal 2026-09-27
  SESSION   $-3.39 -1.36%  peak $249.84  dd 1.62%
  CURVE     ++++++++++++++++++++++++++++++++++==============================
  MONTH     book guard $7.02 of $37.92 used  on marked equity  from $252.81  dial 15%
            #####.....................
  RECORD    no closed trades yet this run
  LIFETIME  139tr 44W 95L 32%  $+2.18
  FEES      no fills yet this run
  MARKET    bias +0.00  breadth +0.00
  ------------------------------------------------------------------------------------------------
 
 
  21:05  up 8h40m  scan 0 ------------------------------------------------------------------------
  EQUITY    $245.70  unreal $-6.48
  OPEN      no intraday positions  book holds 12 (BOOK row)  free $219.52
  SHADOW    intraday M1 $269.38 (+6.79%)  M1g $254.46 (+0.87%)  3d paper only
  CARRY     $252.03 (-0.09%)  8 held  paper only
  BOOK      12 pos gross $169.61 (0.69x)  open $-6.48  funding $+0.02  vol 20% top 20
            rebal 2026-09-27
  SESSION   $-3.48 -1.40%  peak $249.84  dd 1.66%
  CURVE     ++++++++++++++++++++++++++++++++++===============================
  MONTH     book guard $7.11 of $37.92 used  on marked equity  from $252.81  dial 15%
            #####.....................
  RECORD    no closed trades yet this run
  LIFETIME  139tr 44W 95L 32%  $+2.18
  FEES      no fills yet this run
  MARKET    bias +0.00  breadth +0.00
  ------------------------------------------------------------------------------------------------
 
 
  21:13  up 8h48m  scan 0 ------------------------------------------------------------------------
  EQUITY    $245.72  unreal $-6.46
  OPEN      no intraday positions  book holds 12 (BOOK row)  free $219.52
  SHADOW    intraday M1 $269.38 (+6.79%)  M1g $254.46 (+0.87%)  3d paper only
  CARRY     $252.03 (-0.09%)  8 held  paper only
  BOOK      12 pos gross $169.52 (0.69x)  open $-6.46  funding $+0.02  vol 20% top 20
            rebal 2026-09-27
  SESSION   $-3.46 -1.39%  peak $249.84  dd 1.65%
  CURVE     ++++++++++++++++++++++++++++++++++================================
  MONTH     book guard $7.09 of $37.92 used  on marked equity  from $252.81  dial 15%
            #####.....................
  RECORD    no closed trades yet this run
  LIFETIME  139tr 44W 95L 32%  $+2.18
  FEES      no fills yet this run
  MARKET    bias +0.00  breadth +0.00
  ------------------------------------------------------------------------------------------------
 
 
  21:21  up 8h56m  scan 0 ------------------------------------------------------------------------
  EQUITY    $245.63  unreal $-6.55
  OPEN      no intraday positions  book holds 12 (BOOK row)  free $219.52
  SHADOW    intraday M1 $269.38 (+6.79%)  M1g $254.46 (+0.87%)  3d paper only
  CARRY     $252.03 (-0.09%)  8 held  paper only
  BOOK      12 pos gross $169.90 (0.69x)  open $-6.55  funding $+0.02  vol 20% top 20
            rebal 2026-09-27
  SESSION   $-3.55 -1.42%  peak $249.84  dd 1.69%
  CURVE     ++++++++++++++++++++++++++++++++++=================================
  MONTH     book guard $7.18 of $37.92 used  on marked equity  from $252.81  dial 15%
            #####.....................
  RECORD    no closed trades yet this run
  LIFETIME  139tr 44W 95L 32%  $+2.18
  FEES      no fills yet this run
  MARKET    bias +0.00  breadth +0.00
  ------------------------------------------------------------------------------------------------
 
 
  21:29  up 9h04m  scan 0 ------------------------------------------------------------------------
  EQUITY    $245.44  unreal $-6.74
  OPEN      no intraday positions  book holds 12 (BOOK row)  free $219.52
  SHADOW    intraday M1 $269.38 (+6.79%)  M1g $254.46 (+0.87%)  3d paper only
  CARRY     $252.03 (-0.09%)  8 held  paper only
  BOOK      12 pos gross $170.15 (0.69x)  open $-6.75  funding $+0.02  vol 20% top 20
            rebal 2026-09-27
  SESSION   $-3.74 -1.50%  peak $249.84  dd 1.76%
  CURVE     ++++++++++++++++++++++++++++++++++==================================
  MONTH     book guard $7.37 of $37.92 used  on marked equity  from $252.81  dial 15%
            #####.....................
  RECORD    no closed trades yet this run
  LIFETIME  139tr 44W 95L 32%  $+2.18
  FEES      no fills yet this run
  MARKET    bias +0.00  breadth +0.00
  ------------------------------------------------------------------------------------------------
 
21:32:25 |    👻 C489 shadow hour 16:00 UTC: 39 coins scored (warm-up (14, no flow)), gate shut | M1
    $271.18 (+7.50%) M1g $253.81 (+0.61%) over 3d [18s]
 
  21:37  up 9h12m  scan 0 ------------------------------------------------------------------------
  EQUITY    $245.47  unreal $-6.71
  OPEN      no intraday positions  book holds 12 (BOOK row)  free $219.53
  SHADOW    intraday M1 $271.18 (+7.50%)  M1g $253.81 (+0.61%)  3d paper only
  CARRY     $252.03 (-0.09%)  8 held  paper only
  BOOK      12 pos gross $170.62 (0.69x)  open $-6.71  funding $+0.02  vol 20% top 20
            rebal 2026-09-27
  SESSION   $-3.71 -1.49%  peak $249.84  dd 1.75%
  CURVE     ++++++++++++++++++++++++++++++++++===================================
  MONTH     book guard $7.34 of $37.92 used  on marked equity  from $252.81  dial 15%
            #####.....................
  RECORD    no closed trades yet this run
  LIFETIME  139tr 44W 95L 32%  $+2.18
  FEES      no fills yet this run
  MARKET    bias +0.00  breadth +0.00
  ------------------------------------------------------------------------------------------------
 
 
  21:45  up 9h20m  scan 0 ------------------------------------------------------------------------
  EQUITY    $245.39  unreal $-6.79
  OPEN      no intraday positions  book holds 12 (BOOK row)  free $219.53
  SHADOW    intraday M1 $271.18 (+7.50%)  M1g $253.81 (+0.61%)  3d paper only
  CARRY     $252.03 (-0.09%)  8 held  paper only
  BOOK      12 pos gross $170.53 (0.69x)  open $-6.79  funding $+0.02  vol 20% top 20
            rebal 2026-09-27
  SESSION   $-3.79 -1.52%  peak $249.84  dd 1.78%
  CURVE     ++++++++++++++++++++++++++++++++++====================================
  MONTH     book guard $7.42 of $37.92 used  on marked equity  from $252.81  dial 15%
            #####.....................
  RECORD    no closed trades yet this run
  LIFETIME  139tr 44W 95L 32%  $+2.18
  FEES      no fills yet this run
  MARKET    bias +0.00  breadth +0.00
  ------------------------------------------------------------------------------------------------
 
 
  21:53  up 9h28m  scan 0 ------------------------------------------------------------------------
  EQUITY    $245.22  unreal $-6.96
  OPEN      no intraday positions  book holds 12 (BOOK row)  free $219.53
  SHADOW    intraday M1 $271.18 (+7.50%)  M1g $253.81 (+0.61%)  3d paper only
  CARRY     $252.03 (-0.09%)  8 held  paper only
  BOOK      12 pos gross $170.90 (0.70x)  open $-6.96  funding $+0.02  vol 20% top 20
            rebal 2026-09-27
  SESSION   $-3.96 -1.59%  peak $249.84  dd 1.85%
  CURVE     ++++++++++++++++++++++++++++++++++=+===================================
  MONTH     book guard $7.59 of $37.92 used  on marked equity  from $252.81  dial 15%
            #####.....................
  RECORD    no closed trades yet this run
  LIFETIME  139tr 44W 95L 32%  $+2.18
  FEES      no fills yet this run
  MARKET    bias +0.00  breadth +0.00
  ------------------------------------------------------------------------------------------------
 
 
  22:01  up 9h36m  scan 0 ------------------------------------------------------------------------
  EQUITY    $244.98  unreal $-7.20
  OPEN      no intraday positions  book holds 12 (BOOK row)  free $219.53
  SHADOW    intraday M1 $271.18 (+7.50%)  M1g $253.81 (+0.61%)  3d paper only
  CARRY     $252.03 (-0.09%)  8 held  paper only
  BOOK      12 pos gross $170.70 (0.70x)  open $-7.20  funding $+0.02  vol 20% top 20
            rebal 2026-09-27
  SESSION   $-4.20 -1.68%  peak $249.84  dd 1.95%
  CURVE     +++++++***++++++++++++++++++++++++=+++=+===============================-
  MONTH     book guard $7.83 of $37.92 used  on marked equity  from $252.81  dial 15%
            #####.....................
  RECORD    no closed trades yet this run
  LIFETIME  139tr 44W 95L 32%  $+2.18
  FEES      no fills yet this run
  MARKET    bias +0.00  breadth +0.00
  ------------------------------------------------------------------------------------------------
 
 
  22:09  up 9h44m  scan 0 ------------------------------------------------------------------------
  EQUITY    $244.74  unreal $-7.44
  OPEN      no intraday positions  book holds 12 (BOOK row)  free $219.53
  SHADOW    intraday M1 $271.18 (+7.50%)  M1g $253.81 (+0.61%)  3d paper only
  CARRY     $252.03 (-0.09%)  8 held  paper only
  BOOK      12 pos gross $170.87 (0.70x)  open $-7.44  funding $+0.02  vol 20% top 20
            rebal 2026-09-27
  SESSION   $-4.44 -1.78%  peak $249.84  dd 2.04%
  CURVE     +++++++***++++++++++++++++++++++++=+++=++==+============================-
  MONTH     book guard $8.07 of $37.92 used  on marked equity  from $252.81  dial 15%
            ######....................
  RECORD    no closed trades yet this run
  LIFETIME  139tr 44W 95L 32%  $+2.18
  FEES      no fills yet this run
  MARKET    bias +0.00  breadth +0.00
  ------------------------------------------------------------------------------------------------
 
 
  22:17  up 9h52m  scan 0 ------------------------------------------------------------------------
  EQUITY    $244.75  unreal $-7.43
  OPEN      no intraday positions  book holds 12 (BOOK row)  free $219.53
  SHADOW    intraday M1 $271.18 (+7.50%)  M1g $253.81 (+0.61%)  3d paper only
  CARRY     $252.03 (-0.09%)  8 held  paper only
  BOOK      12 pos gross $170.87 (0.70x)  open $-7.43  funding $+0.02  vol 20% top 20
            rebal 2026-09-27
  SESSION   $-4.43 -1.78%  peak $249.84  dd 2.04%
  CURVE     +++++++***++++++++++++++++++++++++=+++=++==+============================--
  MONTH     book guard $8.06 of $37.92 used  on marked equity  from $252.81  dial 15%
            ######....................
  RECORD    no closed trades yet this run
  LIFETIME  139tr 44W 95L 32%  $+2.18
  FEES      no fills yet this run
  MARKET    bias +0.00  breadth +0.00
  ------------------------------------------------------------------------------------------------
 
 
  22:25  up 10h00m  scan 0 -----------------------------------------------------------------------
  EQUITY    $244.88  unreal $-7.30
  OPEN      no intraday positions  book holds 12 (BOOK row)  free $219.53
  SHADOW    intraday M1 $271.18 (+7.50%)  M1g $253.81 (+0.61%)  3d paper only
  CARRY     $252.03 (-0.09%)  8 held  paper only
  BOOK      12 pos gross $170.40 (0.70x)  open $-7.30  funding $+0.02  vol 20% top 20
            rebal 2026-09-27
  SESSION   $-4.30 -1.72%  peak $249.84  dd 1.99%
  CURVE     +++++++***++++++++++++++++++++++++=+++=++==+============================---
  MONTH     book guard $7.93 of $37.92 used  on marked equity  from $252.81  dial 15%
            #####.....................
  RECORD    no closed trades yet this run
  LIFETIME  139tr 44W 95L 32%  $+2.18
  FEES      no fills yet this run
  MARKET    bias +0.00  breadth +0.00
  ------------------------------------------------------------------------------------------------
 
22:32:33 |    👻 C489 shadow hour 17:00 UTC: 39 coins scored (warm-up (14, no flow)), gate shut | M1
    $272.45 (+8.00%) M1g $254.33 (+0.82%) over 3d [17s]
 
  22:33  up 10h08m  scan 0 -----------------------------------------------------------------------
  EQUITY    $245.05  unreal $-7.13
  OPEN      no intraday positions  book holds 12 (BOOK row)  free $219.53
  SHADOW    intraday M1 $272.45 (+8.00%)  M1g $254.33 (+0.82%)  3d paper only
  CARRY     $252.03 (-0.09%)  8 held  paper only
  BOOK      12 pos gross $170.75 (0.70x)  open $-7.13  funding $+0.02  vol 20% top 20
            rebal 2026-09-27
  SESSION   $-4.13 -1.66%  peak $249.84  dd 1.92%
  CURVE     +++++++***++++++++++++++++++++++++=+++=++==+============================---=
  MONTH     book guard $7.76 of $37.92 used  on marked equity  from $252.81  dial 15%
            #####.....................
  RECORD    no closed trades yet this run
  LIFETIME  139tr 44W 95L 32%  $+2.18
  FEES      no fills yet this run
  MARKET    bias +0.00  breadth +0.00
  ------------------------------------------------------------------------------------------------
 
 
  22:41  up 10h16m  scan 0 -----------------------------------------------------------------------
  EQUITY    $244.85  unreal $-7.33
  OPEN      no intraday positions  book holds 12 (BOOK row)  free $219.53
  SHADOW    intraday M1 $272.45 (+8.00%)  M1g $254.33 (+0.82%)  3d paper only
  CARRY     $252.03 (-0.09%)  8 held  paper only
  BOOK      12 pos gross $170.79 (0.70x)  open $-7.33  funding $+0.02  vol 20% top 20
            rebal 2026-09-27
  SESSION   $-4.33 -1.74%  peak $249.84  dd 2.00%
  CURVE     +++++++***++++++++++++++++++++++++=+++=++==+============================---=-
  MONTH     book guard $7.96 of $37.92 used  on marked equity  from $252.81  dial 15%
            #####.....................
  RECORD    no closed trades yet this run
  LIFETIME  139tr 44W 95L 32%  $+2.18
  FEES      no fills yet this run
  MARKET    bias +0.00  breadth +0.00
  ------------------------------------------------------------------------------------------------
 
 
  22:49  up 10h24m  scan 0 -----------------------------------------------------------------------
  EQUITY    $244.96  unreal $-7.22
  OPEN      no intraday positions  book holds 12 (BOOK row)  free $219.53
  SHADOW    intraday M1 $272.45 (+8.00%)  M1g $254.33 (+0.82%)  3d paper only
  CARRY     $252.03 (-0.09%)  8 held  paper only
  BOOK      12 pos gross $170.89 (0.70x)  open $-7.22  funding $+0.02  vol 20% top 20
            rebal 2026-09-27
  SESSION   $-4.22 -1.69%  peak $249.84  dd 1.95%
  CURVE     +++++++***++++++++++++++++++++++++=+++=++==+============================---=-=
  MONTH     book guard $7.85 of $37.92 used  on marked equity  from $252.81  dial 15%
            #####.....................
  RECORD    no closed trades yet this run
  LIFETIME  139tr 44W 95L 32%  $+2.18
  FEES      no fills yet this run
  MARKET    bias +0.00  breadth +0.00
  ------------------------------------------------------------------------------------------------
 
 
  22:57  up 10h32m  scan 0 -----------------------------------------------------------------------
  EQUITY    $245.00  unreal $-7.18
  OPEN      no intraday positions  book holds 12 (BOOK row)  free $219.53
  SHADOW    intraday M1 $272.45 (+8.00%)  M1g $254.33 (+0.82%)  3d paper only
  CARRY     $252.03 (-0.09%)  8 held  paper only
  BOOK      12 pos gross $170.72 (0.70x)  open $-7.18  funding $+0.02  vol 20% top 20
            rebal 2026-09-27
  SESSION   $-4.18 -1.68%  peak $249.84  dd 1.94%
  CURVE     +++++++***++++++++++++++++++++++++=+++=++==+============================---=-==
  MONTH     book guard $7.81 of $37.92 used  on marked equity  from $252.81  dial 15%
            #####.....................
  RECORD    no closed trades yet this run
  LIFETIME  139tr 44W 95L 32%  $+2.18
  FEES      no fills yet this run
  MARKET    bias +0.00  breadth +0.00
  ------------------------------------------------------------------------------------------------
 
 
  23:05  up 10h40m  scan 0 -----------------------------------------------------------------------
  EQUITY    $245.29  unreal $-6.89
  OPEN      no intraday positions  book holds 12 (BOOK row)  free $219.53
  SHADOW    intraday M1 $272.45 (+8.00%)  M1g $254.33 (+0.82%)  3d paper only
  CARRY     $252.03 (-0.09%)  8 held  paper only
  BOOK      12 pos gross $170.62 (0.70x)  open $-6.89  funding $+0.02  vol 20% top 20
            rebal 2026-09-27
  SESSION   $-3.89 -1.56%  peak $249.84  dd 1.82%
  CURVE     +++++++***++++++++++++++++++++++++=+++=++==+============================---=-===
  MONTH     book guard $7.52 of $37.92 used  on marked equity  from $252.81  dial 15%
            #####.....................
  RECORD    no closed trades yet this run
  LIFETIME  139tr 44W 95L 32%  $+2.18
  FEES      no fills yet this run
  MARKET    bias +0.00  breadth +0.00
  ------------------------------------------------------------------------------------------------
 
 
  23:13  up 10h48m  scan 0 -----------------------------------------------------------------------
  EQUITY    $245.31  unreal $-6.87
  OPEN      no intraday positions  book holds 12 (BOOK row)  free $219.53
  SHADOW    intraday M1 $272.45 (+8.00%)  M1g $254.33 (+0.82%)  3d paper only
  CARRY     $252.03 (-0.09%)  8 held  paper only
  BOOK      12 pos gross $170.52 (0.69x)  open $-6.87  funding $+0.02  vol 20% top 20
            rebal 2026-09-27
  SESSION   $-3.87 -1.55%  peak $249.84  dd 1.81%
  CURVE     +++++++***++++++++++++++++++++++++=+++=++==+============================---=-====
  MONTH     book guard $7.50 of $37.92 used  on marked equity  from $252.81  dial 15%
            #####.....................
  RECORD    no closed trades yet this run
  LIFETIME  139tr 44W 95L 32%  $+2.18
  FEES      no fills yet this run
  MARKET    bias +0.00  breadth +0.00
  ------------------------------------------------------------------------------------------------
 
