
  ================================================================================================
  OMEGA C511  PAPER  Bitget perps
  30 Sep 2026   06:50
  start $249.93 realised  risk dial 20%/month
  ================================================================================================

  RISK FRAME -------------------------------------------------------------------------------------
  EQUITY    $249.93 realised  804 markets
  MONTH     dial 20% = $50.00 this month  used $0.07 realised
  BOOK      daily trend + momentum + carry, rebalanced 00:05 UTC
            month guard on MARKED equity (open P&L counts)  intraday scanner idle
  ------------------------------------------------------------------------------------------------



  06:58  up 0h08m  daily book --------------------------------------------------------------------
  EQUITY    $250.68  unreal $+0.75
  OPEN      no intraday positions  book holds 12 (BOOK row)  free $227.82 after open P&L
  SHADOW    intraday M1 $251.88 (+0.78%)  M1g $250.79 (+0.34%)  2d paper only
  CARRY     $249.61 (-0.13%)  8 held  paper only
  SPOT      $250.31 (+0.12%)  14 held  20% invested  cash earns 7.63%  paper pot
  SAVINGS   idle $165.16 (66%)  at 7.63% +$0.02 so far  ~$1.05/month  paper
  BOOK      12 pos gross $115.05 (0.46x)  open $+0.75  funding $-0.00  vol 27% top 20
            rebal 2026-09-30
  CONTEXT   since 29 Sep +0.27%  under a day: too early to judge
  RULE      C2 N2+N3  forward test (paper)
  TOURNEY   1d since 2026-09-29  base -0.18%  N2 -0.17%  N3 -0.19%  N2+N3* -0.18%  +K4 -0.31%
            +GK -0.19%  +K4+GK -0.32%
  DATA      on time  prices 31s  funding booked  book today  shadow 01:00  carry today
            spot pot today
  SESSION   $+0.06 +0.02%
  MONTH     book guard $0.00 of $50.00 used  on marked equity  from $250.00  dial 20%
            ..........................
  RECORD    book closed 0  0W 0L  net $+0.00  fees and funding in
  FEES      no fills yet this run (the book trades at 00:05 UTC)
  ------------------------------------------------------------------------------------------------



  07:06  up 0h16m  daily book --------------------------------------------------------------------
  EQUITY    $250.59  unreal $+0.66
  OPEN      no intraday positions  book holds 12 (BOOK row)  free $227.73 after open P&L
  SHADOW    intraday M1 $251.88 (+0.78%)  M1g $250.79 (+0.34%)  2d paper only
  CARRY     $249.61 (-0.13%)  8 held  paper only
  SPOT      $250.12 (+0.05%)  14 held  20% invested  cash earns 7.63%  paper pot
  SAVINGS   idle $165.13 (66%)  at 7.63% +$0.02 so far  ~$1.05/month  paper
  BOOK      12 pos gross $114.57 (0.46x)  open $+0.66  funding $-0.00  vol 27% top 20
            rebal 2026-09-30
  CONTEXT   since 29 Sep +0.24%  under a day: too early to judge
  RULE      C2 N2+N3  forward test (paper)
  TOURNEY   1d since 2026-09-29  base -0.18%  N2 -0.17%  N3 -0.19%  N2+N3* -0.18%  +K4 -0.31%
            +GK -0.19%  +K4+GK -0.32%
  DATA      on time  prices 25s  funding booked  book today  shadow 01:00  carry today
            spot pot today
  SESSION   $-0.03 -0.01%  peak $250.68  dd 0.04%
  MONTH     book guard $0.00 of $50.00 used  on marked equity  from $250.00  dial 20%
            ..........................
  RECORD    book closed 0  0W 0L  net $+0.00  fees and funding in
  FEES      no fills yet this run (the book trades at 00:05 UTC)
  ------------------------------------------------------------------------------------------------



  07:14  up 0h24m  daily book --------------------------------------------------------------------
  EQUITY    $250.65  unreal $+0.72
  OPEN      no intraday positions  book holds 12 (BOOK row)  free $227.79 after open P&L
  SHADOW    intraday M1 $251.88 (+0.78%)  M1g $250.79 (+0.34%)  2d paper only
  CARRY     $249.61 (-0.13%)  8 held  paper only
  SPOT      $250.23 (+0.09%)  14 held  20% invested  cash earns 7.63%  paper pot
  SAVINGS   idle $165.13 (66%)  at 7.63% +$0.02 so far  ~$1.05/month  paper
  BOOK      12 pos gross $114.96 (0.46x)  open $+0.72  funding $-0.00  vol 27% top 20
            rebal 2026-09-30
  CONTEXT   since 29 Sep +0.26%  under a day: too early to judge
  RULE      C2 N2+N3  forward test (paper)
  TOURNEY   1d since 2026-09-29  base -0.18%  N2 -0.17%  N3 -0.19%  N2+N3* -0.18%  +K4 -0.31%
            +GK -0.19%  +K4+GK -0.32%
  DATA      on time  prices 19s  funding booked  book today  shadow 01:00  carry today
            spot pot today
  SESSION   $+0.03 +0.01%  peak $250.68  dd 0.01%
  MONTH     book guard $0.00 of $50.00 used  on marked equity  from $250.00  dial 20%
            ..........................
  RECORD    book closed 0  0W 0L  net $+0.00  fees and funding in
  FEES      no fills yet this run (the book trades at 00:05 UTC)
  ------------------------------------------------------------------------------------------------

