00:34:07 | 📊 Paper Mode
00:34:08 | ✅ Connected | 741 futures markets (Binance USDⓈ-M)
 
  ================================================================================================
  OMEGA C543  PAPER  Binance perps
  09 Oct 2026   00:34
  start $502.38 realised  risk dial 20%/month
  ================================================================================================
 
  RISK FRAME -------------------------------------------------------------------------------------
  EQUITY    $502.38 realised  741 markets
  MONTH     dial 20% = $100.00 this month
            used $0.00 realised (the guard counts MARKED equity once prices load)
  BOOK      daily trend + momentum + carry, rebalanced 00:05 UTC
            month guard on MARKED equity (open P&L counts)  intraday scanner idle
  ------------------------------------------------------------------------------------------------
 
00:34:08 | 🌐 Remote control on http://0.0.0.0:8138 — TOKEN REQUIRED
00:34:08 |    📱 Local network: http://10.0.0.160:8138/?t=<your token> (this machine's own address)
00:34:08 |    🌍 Internet: put a Cloudflare Tunnel in front of this port.
00:34:08 |        See deploy/DEPLOY.md — one command, no open ports, free.
00:34:08 | 📊 C503 WHAT IS RUNNING -- the portfolio book trades the Binance paper account (an
    experiment, not your plan):
00:34:08 |    RULE   C2 N2+N3 + range vol (GK): C2 = residual momentum, no crowded shorts (N2+N3) --
    a FORWARD TEST in paper (C510); the admitted rule is scored beside it in the rule tournament
00:34:08 |    BOOK   trend (C1) + momentum (C2) + carry (C3), equal risk; vol target 27% from the
    20% dial; gross <= 3x equity; top 20 crypto; $6 minimum; 30% band
00:34:08 |           rebalanced daily 00:05 UTC with market orders (paper fills at the ask/bid,
    taker 0.05%); 5x cross margin; funding at each coin's own interval; its one limit is the month
    guard on MARKED equity
00:34:08 |    PAPER  never touches the account: intraday shadow (C489) hourly · carry (C490) 00:10
    UTC · spot pot (C501/C502) $250, spot minimum $5, 00:20 UTC · idle cash -> Savings at Binance's
    own rate (read every 6 h; 6.69% until the first read) every minute · rule tournament (C510, 9
    rules on the same prices) at each rebalance · BFUSD wallet at 7.66% (C521) · the same book on
    Delta Exchange India, $500 (C521), an experiment · Delta vs CoinDCX funding spread, both legs,
    $1000 (C532/C542: both in rupees; CoinDCX's rates are Binance's)
00:34:08 |    IDLE   the intraday scanner, the OLD strategy (139 trades, 44W/95L before the 29 Sep
    2026 fresh start; it lost after fees): it opens nothing, and its boot description is not printed
    (OMEGA_ENGINE=intraday runs and describes it)
00:34:08 | 💡 Stop safely: sudo systemctl stop omega (Ctrl+C only when run by hand)
00:34:15 | ⚠️ C540 real account Pi42 (read-only) not read: Pi42's firewall answered instead of its
    API (HTTP 403): this network may be blocked -- check from the server: curl -sI
    https://fapi.pi42.com
 
  00:42  up 0h08m  daily book --------------------------------------------------------------------
  PLAN      $999.35 of $1,000.00 ($-0.65)  after tax on net profit $999.35
            Delta vs CoinDCX funding gap $999.35  paper
  BELOW     experiments, not your money
  EQUITY    $494.04  unreal $-8.34
  OPEN      no intraday positions  book holds 12 (BOOK row)  free $430.10 after open P&L
  SHADOW    intraday M1 $483.88 (-3.17%)  M1g $504.93 (+1.04%)  7d paper only
  CARRY     $499.07 (-0.15%)  7 held  paper only
  SPOT      $247.69 (-0.92%)  2 held  7% invested  cash earns 6.69%  paper pot
  SAVINGS   idle $306.51 (62%)  at 6.69% +$0.44 so far  ~$1.71/month  paper
  BFUSD     wallet $493.93 at 7.66%  +$0.69 so far  ~$3.15/month  vs Savings $1.71  paper
  DELTA     $492.79 (-1.44%)  10 held  fees $0.40  funding $+0.13
            paper experiment: the book on Delta
  XVENUE    $998.28 (-0.17%)  10 pairs  funding $+7.48  fees $6.95  paper, Delta vs CoinDCX
  TESTS     every 8 h: ahead $0.01, 2 days  3-day avg: level $0.00, 2 days
            15 x 12%: scored from 06:00 IST  paper, vs your daily rule
  BOOK      12 pos gross $281.48 (0.57x)  open $-8.34  funding $-0.03  vol 27% top 20
            rebal 2026-10-08
  CONTEXT   since 01 Oct $-5.96 (-1.19%) in 7.6d  normal -2.9% to +6.5%  bottom 26%: normal
  RULE      C2 N2+N3 + range vol (GK)  forward test (paper)
  TOURNEY   7d from 2026-10-01  base -0.19%  N2 -0.50%  N3 -0.31%  N2+N3 -0.52%  +K4 -0.98%
            +GK* -0.32%  +K4+GK -0.64%  +GK+DD -0.06%  +GK+XA +0.33%
  DATA      on time  prices 32s  funding booked  book today  shadow 19:00  carry today
            spot pot today
  SESSION   $+0.08 +0.02%
  MONTH     book guard $5.96 of $100.00 used  on marked equity  from $500.00  dial 20%
            ##........................
  RECORD    book closed 9  5W 4L  net $+1.58  fees and funding in
  FEES      no fills yet this run (the book trades at 00:05 UTC)
  ------------------------------------------------------------------------------------------------
 
00:42:08 | 🎯 C510 Book (what trades): 12 positions, gross 0.57x, open $-8.34 | rule C2 N2+N3 + range
    vol (GK) | closed 9: 5W/4L $+1.58 | since 01 Oct -1.19% (normal)
 
  00:50  up 0h16m  daily book --------------------------------------------------------------------
  PLAN      $998.99 of $1,000.00 ($-1.01)  after tax on net profit $998.99
            Delta vs CoinDCX funding gap $998.99  paper
  BELOW     experiments, not your money
  EQUITY    $493.93  unreal $-8.45
  OPEN      no intraday positions  book holds 12 (BOOK row)  free $429.99 after open P&L
  SHADOW    intraday M1 $483.88 (-3.17%)  M1g $504.93 (+1.04%)  7d paper only
  CARRY     $499.07 (-0.15%)  7 held  paper only
  SPOT      $247.68 (-0.93%)  2 held  7% invested  cash earns 6.69%  paper pot
  SAVINGS   idle $306.51 (62%)  at 6.69% +$0.44 so far  ~$1.71/month  paper
  BFUSD     wallet $493.93 at 7.66%  +$0.69 so far  ~$3.15/month  vs Savings $1.71  paper
  DELTA     $492.86 (-1.43%)  10 held  fees $0.40  funding $+0.13
            paper experiment: the book on Delta
  XVENUE    $998.28 (-0.17%)  10 pairs  funding $+7.48  fees $6.95  paper, Delta vs CoinDCX
  TESTS     every 8 h: ahead $0.01, 2 days  3-day avg: level $0.00, 2 days
            15 x 12%: scored from 06:00 IST  paper, vs your daily rule
  BOOK      12 pos gross $281.75 (0.57x)  open $-8.45  funding $-0.03  vol 27% top 20
            rebal 2026-10-08
  CONTEXT   since 01 Oct $-6.07 (-1.21%) in 7.7d  normal -2.9% to +6.5%  bottom 25%: normal
  RULE      C2 N2+N3 + range vol (GK)  forward test (paper)
  TOURNEY   7d from 2026-10-01  base -0.19%  N2 -0.50%  N3 -0.31%  N2+N3 -0.52%  +K4 -0.98%
            +GK* -0.32%  +K4+GK -0.64%  +GK+DD -0.06%  +GK+XA +0.33%
  DATA      on time  prices 23s  funding booked  book today  shadow 19:00  carry today
            spot pot today
  SESSION   $-0.03 -0.01%  peak $494.04  dd 0.02%
  MONTH     book guard $6.07 of $100.00 used  on marked equity  from $500.00  dial 20%
            ##........................
  RECORD    book closed 9  5W 4L  net $+1.58  fees and funding in
  FEES      no fills yet this run (the book trades at 00:05 UTC)
  ------------------------------------------------------------------------------------------------
 
00:50:08 | 🎯 C510 Book (what trades): 12 positions, gross 0.57x, open $-8.45 | rule C2 N2+N3 + range
    vol (GK) | closed 9: 5W/4L $+1.58 | since 01 Oct -1.21% (normal)
 
  00:58  up 0h24m  daily book --------------------------------------------------------------------
  PLAN      $999.06 of $1,000.00 ($-0.94)  after tax on net profit $999.06
            Delta vs CoinDCX funding gap $999.06  paper
  BELOW     experiments, not your money
  EQUITY    $494.16  unreal $-8.22
  OPEN      no intraday positions  book holds 12 (BOOK row)  free $430.22 after open P&L
  SHADOW    intraday M1 $483.88 (-3.17%)  M1g $504.93 (+1.04%)  7d paper only
  CARRY     $499.07 (-0.15%)  7 held  paper only
  SPOT      $247.72 (-0.91%)  2 held  7% invested  cash earns 6.69%  paper pot
  SAVINGS   idle $306.72 (62%)  at 6.69% +$0.44 so far  ~$1.71/month  paper
  BFUSD     wallet $494.21 at 7.66%  +$0.69 so far  ~$3.15/month  vs Savings $1.71  paper
  DELTA     $493.02 (-1.40%)  10 held  fees $0.40  funding $+0.13
            paper experiment: the book on Delta
  XVENUE    $998.28 (-0.17%)  10 pairs  funding $+7.48  fees $6.95  paper, Delta vs CoinDCX
  TESTS     every 8 h: ahead $0.01, 2 days  3-day avg: level $0.00, 2 days
            15 x 12%: scored from 06:00 IST  paper, vs your daily rule
  BOOK      12 pos gross $282.28 (0.57x)  open $-8.22  funding $-0.03  vol 27% top 20
            rebal 2026-10-08
  CONTEXT   since 01 Oct $-5.84 (-1.17%) in 7.7d  normal -2.9% to +6.5%  bottom 26%: normal
  RULE      C2 N2+N3 + range vol (GK)  forward test (paper)
  TOURNEY   7d from 2026-10-01  base -0.19%  N2 -0.50%  N3 -0.31%  N2+N3 -0.52%  +K4 -0.98%
            +GK* -0.32%  +K4+GK -0.64%  +GK+DD -0.06%  +GK+XA +0.33%
  DATA      on time  prices 17s  funding booked  book today  shadow 19:00  carry today
            spot pot today
  SESSION   $+0.20 +0.04%
  MONTH     book guard $5.84 of $100.00 used  on marked equity  from $500.00  dial 20%
            ##........................
  RECORD    book closed 9  5W 4L  net $+1.58  fees and funding in
  FEES      no fills yet this run (the book trades at 00:05 UTC)
  ------------------------------------------------------------------------------------------------
 
00:58:09 | 🎯 C510 Book (what trades): 12 positions, gross 0.57x, open $-8.22 | rule C2 N2+N3 + range
    vol (GK) | closed 9: 5W/4L $+1.58 | since 01 Oct -1.17% (normal)
 
  01:06  up 0h32m  daily book --------------------------------------------------------------------
  PLAN      $998.85 of $1,000.00 ($-1.15)  after tax on net profit $998.85
            Delta vs CoinDCX funding gap $998.85  paper
  BELOW     experiments, not your money
  EQUITY    $494.47  unreal $-7.91
  OPEN      no intraday positions  book holds 12 (BOOK row)  free $430.53 after open P&L
  SHADOW    intraday M1 $483.88 (-3.17%)  M1g $504.93 (+1.04%)  7d paper only
  CARRY     $499.07 (-0.15%)  7 held  paper only
  SPOT      $247.75 (-0.90%)  2 held  7% invested  cash earns 6.69%  paper pot
  SAVINGS   idle $306.98 (62%)  at 6.69% +$0.44 so far  ~$1.71/month  paper
  BFUSD     wallet $494.56 at 7.66%  +$0.69 so far  ~$3.16/month  vs Savings $1.71  paper
  DELTA     $493.39 (-1.32%)  10 held  fees $0.40  funding $+0.13
            paper experiment: the book on Delta
  XVENUE    $998.28 (-0.17%)  10 pairs  funding $+7.48  fees $6.95  paper, Delta vs CoinDCX
  TESTS     every 8 h: ahead $0.01, 2 days  3-day avg: level $0.00, 2 days
            15 x 12%: scored from 06:00 IST  paper, vs your daily rule
  BOOK      12 pos gross $283.01 (0.57x)  open $-7.91  funding $-0.03  vol 27% top 20
            rebal 2026-10-08
  CONTEXT   since 01 Oct $-5.53 (-1.11%) in 7.7d  normal -2.9% to +6.5%  bottom 27%: normal
  RULE      C2 N2+N3 + range vol (GK)  forward test (paper)
  TOURNEY   7d from 2026-10-01  base -0.19%  N2 -0.50%  N3 -0.31%  N2+N3 -0.52%  +K4 -0.98%
            +GK* -0.32%  +K4+GK -0.64%  +GK+DD -0.06%  +GK+XA +0.33%
  DATA      on time  prices 9s  funding booked  book today  shadow 19:00  carry today
            spot pot today
  SESSION   $+0.51 +0.10%
  MONTH     book guard $5.53 of $100.00 used  on marked equity  from $500.00  dial 20%
            #.........................
  RECORD    book closed 9  5W 4L  net $+1.58  fees and funding in
  FEES      no fills yet this run (the book trades at 00:05 UTC)
  ------------------------------------------------------------------------------------------------
 
01:06:09 | 🎯 C510 Book (what trades): 12 positions, gross 0.57x, open $-7.91 | rule C2 N2+N3 + range
    vol (GK) | closed 9: 5W/4L $+1.58 | since 01 Oct -1.11% (normal)
 
  01:14  up 0h40m  daily book --------------------------------------------------------------------
  PLAN      $999.14 of $1,000.00 ($-0.86)  after tax on net profit $999.14
            Delta vs CoinDCX funding gap $999.14  paper
  BELOW     experiments, not your money
  EQUITY    $494.50  unreal $-7.88
  OPEN      no intraday positions  book holds 12 (BOOK row)  free $430.56 after open P&L
  SHADOW    intraday M1 $483.88 (-3.17%)  M1g $504.93 (+1.04%)  7d paper only
  CARRY     $499.07 (-0.15%)  7 held  paper only
  SPOT      $247.77 (-0.89%)  2 held  7% invested  cash earns 6.69%  paper pot
  SAVINGS   idle $306.95 (62%)  at 6.69% +$0.44 so far  ~$1.71/month  paper
  BFUSD     wallet $494.52 at 7.66%  +$0.69 so far  ~$3.16/month  vs Savings $1.71  paper
  DELTA     $493.65 (-1.27%)  10 held  fees $0.40  funding $+0.13
            paper experiment: the book on Delta
  XVENUE    $998.28 (-0.17%)  10 pairs  funding $+7.48  fees $6.95  paper, Delta vs CoinDCX
  TESTS     every 8 h: ahead $0.01, 2 days  3-day avg: level $0.00, 2 days
            15 x 12%: scored from 06:00 IST  paper, vs your daily rule
  BOOK      12 pos gross $283.50 (0.57x)  open $-7.88  funding $-0.03  vol 27% top 20
            rebal 2026-10-08
  CONTEXT   since 01 Oct $-5.50 (-1.10%) in 7.7d  normal -2.9% to +6.5%  bottom 27%: normal
  RULE      C2 N2+N3 + range vol (GK)  forward test (paper)
  TOURNEY   7d from 2026-10-01  base -0.19%  N2 -0.50%  N3 -0.31%  N2+N3 -0.52%  +K4 -0.98%
            +GK* -0.32%  +K4+GK -0.64%  +GK+DD -0.06%  +GK+XA +0.33%
  DATA      on time  prices 3s  funding booked  book today  shadow 19:00  carry today
            spot pot today
  SESSION   $+0.54 +0.11%
  CURVE     ====++
  MONTH     book guard $5.50 of $100.00 used  on marked equity  from $500.00  dial 20%
            #.........................
  RECORD    book closed 9  5W 4L  net $+1.58  fees and funding in
  FEES      no fills yet this run (the book trades at 00:05 UTC)
  ------------------------------------------------------------------------------------------------
 
01:14:09 | 🎯 C510 Book (what trades): 12 positions, gross 0.57x, open $-7.88 | rule C2 N2+N3 + range
    vol (GK) | closed 9: 5W/4L $+1.58 | since 01 Oct -1.10% (normal)
