18:47:44 | 📊 Paper Mode
18:47:44 | ✅ Connected | 737 futures markets (Binance USDⓈ-M)
18:47:44 | 📊 Binance Fees: Maker 0.02% | Taker 0.05%
18:47:44 | 📊 Market type: PERPETUAL FUTURES (swap) — verified
18:47:44 | 📋 Limit Orders: ENABLED (offset 0.1%) -- the idle intraday scanner's; the book trades with market orders
18:47:44 | 📂 Loaded state: $499.67 realised | 0 intraday positions | available $436.97 before open P&L (locked $62.70)
18:47:44 | 📐 RISK @ $499.67: monthly dial 20% = $100.00/month (20% of this month's anchor $500.00)  |  the portfolio book trades: its month guard closes the book if MARKED equity falls that far below the month's anchor [C497]
 
  ================================================================================================
  OMEGA C535  PAPER  Binance perps
  05 Oct 2026   18:47
  start $499.67 realised  risk dial 20%/month
  ================================================================================================
 
  RISK FRAME -------------------------------------------------------------------------------------
  EQUITY    $499.67 realised  737 markets
  MONTH     dial 20% = $100.00 this month
            used $0.33 realised (the guard counts MARKED equity once prices load)
  BOOK      daily trend + momentum + carry, rebalanced 00:05 UTC
            month guard on MARKED equity (open P&L counts)  intraday scanner idle
  ------------------------------------------------------------------------------------------------
 
18:47:44 |    (legacy Flask page not installed — the dashboard is the control panel)
18:47:44 | 🌐 Remote control on http://0.0.0.0:8138 — TOKEN REQUIRED
18:47:44 |    📱 Local network: http://10.0.0.160:8138/?t=<your token> (this machine's own address)
18:47:44 |    🌍 Internet: put a Cloudflare Tunnel in front of this port.
18:47:44 |        See deploy/DEPLOY.md — one command, no open ports, free.
18:47:44 | ============================================================
18:47:44 | 🤖 OMEGA V60 — INFORMATION ENGINE (C466)
18:47:44 | 📊 C532 YOUR PLAN (paper until you go live): Delta vs Pi42 funding gap (both in rupees) $1000 = $1000 of your $1000
18:47:44 | 📊 C503 WHAT IS RUNNING -- the portfolio book trades the Binance paper account (an experiment, not your plan):
18:47:44 |    RULE   C2 N2+N3 + range vol (GK): C2 = residual momentum, no crowded shorts (N2+N3) -- a FORWARD TEST in paper (C510); the admitted rule is scored beside it in the rule tournament
18:47:44 |    BOOK   trend (C1) + momentum (C2) + carry (C3), equal risk; vol target 27% from the 20% dial; gross <= 3x equity; top 20 crypto; $6 minimum; 30% band
18:47:44 |           rebalanced daily 00:05 UTC with market orders (paper fills at the ask/bid, taker 0.05%); 5x cross margin; funding at each coin's own interval; its one limit is the month guard on MARKED equity
18:47:44 |    PAPER  never touches the account: intraday shadow (C489) hourly · carry (C490) 00:10 UTC · spot pot (C501/C502) $250, spot minimum $5, 00:20 UTC · idle cash -> Savings at Binance's own rate (read every 6 h; 6.69% until the first read) every minute · rule tournament (C510, 9 rules on the same prices) at each rebalance · BFUSD wallet at 7.66% (C521) · the same book on Delta Exchange India, $500 (C521), an experiment · Delta vs Pi42 funding spread, both legs, $1000 (C532: both in rupees; Pi42's rates read from Binance, its source)
18:47:44 |    IDLE   the intraday scanner, the OLD strategy (139 trades, 44W/95L before the 29 Sep 2026 fresh start; it lost after fees): it opens nothing, and its boot description is not printed (OMEGA_ENGINE=intraday runs and describes it)
18:47:44 | 💡 Stop safely: sudo systemctl stop omega (Ctrl+C only when run by hand)
18:47:44 | ============================================================
18:47:44 | 🔄 Monitoring thread started — SPLIT LOOP [C397]: FAST leg every 0.8s (prices in PARALLEL → hard stop, trailing floor, peak floor, capture floor); SLOW leg every 20s (OHLCV/DRI) and 90s (BTC/ETH regime, AFTER positions are checked, never before) -- it watches INTRADAY positions; the book has no stops, its one limit is the month guard
18:47:46 |    🇮🇳 C534 Pi42's coin list loaded: 182 rupee perps (api.pi42.com); held pairs Pi42 does not list, closed at the next daily run: none
18:47:46 |    🏦 C527 Binance Flexible Savings USDT: 6.90% = 2.90% market + 4.00% on the first 1,000 USDT (read every 6 h)
18:47:49 | 💼 C488: portfolio engine ON -- the intraday scanner opens no new positions (OMEGA_ENGINE=intraday restores it); the book holds 9 positions
 
  18:55  up 0h08m  daily book --------------------------------------------------------------------
  PLAN      $996.01 of $1,000.00 ($-3.99)  after tax on net profit $996.01
            Delta vs Pi42 funding gap $996.01  paper
  BELOW     experiments, not your money
  EQUITY    $501.70  unreal $+2.03
  OPEN      no intraday positions  book holds 9 (BOOK row)  free $439.00 after open P&L
  SHADOW    intraday M1 $508.21 (+1.70%)  M1g $513.07 (+2.67%)  4d paper only
  CARRY     $499.01 (-0.16%)  8 held  paper only
  SPOT      $250.32 (+0.13%)  5 held  18% invested  cash earns 6.90%  paper pot
  SAVINGS   idle $313.61 (62%)  at 6.90% +$0.25 so far  ~$1.80/month  paper
  BFUSD     wallet $501.75 at 7.66%  +$0.34 so far  ~$3.20/month  vs Savings $1.80  paper
  DELTA     $502.61 (+0.52%)  9 held  fees $0.20  funding $+0.13
            paper experiment: the book on Delta
  XVENUE    $995.21 (-0.48%)  10 pairs  funding $+2.27  fees $4.87  paper, Delta vs Pi42
  BOOK      9 pos gross $318.84 (0.64x)  open $+2.03  funding $-0.08  vol 27% top 20
            rebal 2026-10-05
  CONTEXT   since 01 Oct $+1.70 (+0.34%) in 4.4d  normal -2.4% to +4.2%  top 48%: normal
  RULE      C2 N2+N3 + range vol (GK)  forward test (paper)
  TOURNEY   4d from 2026-10-01  base -0.52%  N2 -0.66%  N3 +0.20%  N2+N3 +0.11%  +K4 +0.41%
            +GK* +0.27%  +K4+GK +0.60%  +GK+DD +0.53%  +GK+XA +1.53%
  DATA      on time  prices 33s  funding booked  book today  shadow 13:00  carry today
            spot pot today
  SESSION   $-0.37 -0.07%  peak $502.07  dd 0.07%
  MONTH     book guard $0.00 of $100.00 used  on marked equity  from $500.00  dial 20%
            ..........................
  RECORD    book closed 3  2W 1L  net $-0.09  fees and funding in
  FEES      no fills yet this run (the book trades at 00:05 UTC)
  ------------------------------------------------------------------------------------------------
 
18:55:44 | 
18:55:44 | ============================================================
18:55:44 | 📊 POSITION SUMMARY (8-MIN UPDATE)
18:55:44 | 💰 Equity: $499.67 | Unrealized: $+2.03
18:55:44 | 💵 Available: $439.00 after open P&L | Locked: $62.70
18:55:44 | 📈 Session: $-0.37 (-0.1%)
18:55:44 | 🎯 C510 Book (what trades): 9 positions, gross 0.64x, open $+2.03 | rule C2 N2+N3 + range vol (GK) | closed 3: 2W/1L $-0.09 | since 01 Oct +0.34% (normal)
18:55:44 | ============================================================
18:55:44 | ============================================================
18:55:44 | 🔻 Book guard: $0.00 of $100.00 used this month on marked equity (0%, from $500.00) · realised today -0.00% [C497]
18:55:44 | ============================================================
18:55:44 | 
 
  19:03  up 0h16m  daily book --------------------------------------------------------------------
  PLAN      $996.07 of $1,000.00 ($-3.93)  after tax on net profit $996.07
            Delta vs Pi42 funding gap $996.07  paper
  BELOW     experiments, not your money
  EQUITY    $501.76  unreal $+2.09
  OPEN      no intraday positions  book holds 9 (BOOK row)  free $439.06 after open P&L
  SHADOW    intraday M1 $508.21 (+1.70%)  M1g $513.07 (+2.67%)  4d paper only
  CARRY     $499.01 (-0.16%)  8 held  paper only
  SPOT      $250.27 (+0.11%)  5 held  18% invested  cash earns 6.90%  paper pot
  SAVINGS   idle $313.61 (62%)  at 6.90% +$0.25 so far  ~$1.80/month  paper
  BFUSD     wallet $501.74 at 7.66%  +$0.34 so far  ~$3.20/month  vs Savings $1.80  paper
  DELTA     $502.61 (+0.52%)  9 held  fees $0.20  funding $+0.13
            paper experiment: the book on Delta
  XVENUE    $995.21 (-0.48%)  10 pairs  funding $+2.27  fees $4.87  paper, Delta vs Pi42
  BOOK      9 pos gross $318.50 (0.64x)  open $+2.09  funding $-0.08  vol 27% top 20
            rebal 2026-10-05
  CONTEXT   since 01 Oct $+1.76 (+0.35%) in 4.4d  normal -2.4% to +4.2%  top 47%: normal
  RULE      C2 N2+N3 + range vol (GK)  forward test (paper)
  TOURNEY   4d from 2026-10-01  base -0.52%  N2 -0.66%  N3 +0.20%  N2+N3 +0.11%  +K4 +0.41%
            +GK* +0.27%  +K4+GK +0.60%  +GK+DD +0.53%  +GK+XA +1.53%
  DATA      on time  prices 26s  funding booked  book today  shadow 13:00  carry today
            spot pot today
  SESSION   $-0.31 -0.06%  peak $502.07  dd 0.06%
  MONTH     book guard $0.00 of $100.00 used  on marked equity  from $500.00  dial 20%
            ..........................
  RECORD    book closed 3  2W 1L  net $-0.09  fees and funding in
  FEES      no fills yet this run (the book trades at 00:05 UTC)
  ------------------------------------------------------------------------------------------------
 
19:03:45 | 
19:03:45 | ============================================================
19:03:45 | 📊 POSITION SUMMARY (8-MIN UPDATE)
19:03:45 | 💰 Equity: $499.67 | Unrealized: $+2.09
19:03:45 | 💵 Available: $439.06 after open P&L | Locked: $62.70
19:03:45 | 📈 Session: $-0.31 (-0.1%)
19:03:45 | 🎯 C510 Book (what trades): 9 positions, gross 0.64x, open $+2.09 | rule C2 N2+N3 + range vol (GK) | closed 3: 2W/1L $-0.09 | since 01 Oct +0.35% (normal)
19:03:45 | ============================================================
19:03:45 | ============================================================
19:03:45 | 🔻 Book guard: $0.00 of $100.00 used this month on marked equity (0%, from $500.00) · realised today -0.00% [C497]
19:03:45 | ============================================================
19:03:45 | 
 
  19:11  up 0h24m  daily book --------------------------------------------------------------------
  PLAN      $996.05 of $1,000.00 ($-3.95)  after tax on net profit $996.05
            Delta vs Pi42 funding gap $996.05  paper
  BELOW     experiments, not your money
  EQUITY    $501.86  unreal $+2.19
  OPEN      no intraday positions  book holds 9 (BOOK row)  free $439.16 after open P&L
  SHADOW    intraday M1 $508.21 (+1.70%)  M1g $513.07 (+2.67%)  4d paper only
  CARRY     $499.01 (-0.16%)  8 held  paper only
  SPOT      $250.21 (+0.08%)  5 held  18% invested  cash earns 6.90%  paper pot
  SAVINGS   idle $313.75 (62%)  at 6.90% +$0.25 so far  ~$1.80/month  paper
  BFUSD     wallet $501.93 at 7.66%  +$0.35 so far  ~$3.20/month  vs Savings $1.80  paper
  DELTA     $502.58 (+0.52%)  9 held  fees $0.20  funding $+0.13
            paper experiment: the book on Delta
  XVENUE    $995.21 (-0.48%)  10 pairs  funding $+2.27  fees $4.87  paper, Delta vs Pi42
  BOOK      9 pos gross $318.47 (0.64x)  open $+2.19  funding $-0.08  vol 27% top 20
            rebal 2026-10-05
  CONTEXT   since 01 Oct $+1.86 (+0.37%) in 4.4d  normal -2.4% to +4.2%  top 47%: normal
  RULE      C2 N2+N3 + range vol (GK)  forward test (paper)
  TOURNEY   4d from 2026-10-01  base -0.52%  N2 -0.66%  N3 +0.20%  N2+N3 +0.11%  +K4 +0.41%
            +GK* +0.27%  +K4+GK +0.60%  +GK+DD +0.53%  +GK+XA +1.53%
  DATA      on time  prices 20s  funding booked  book today  shadow 13:00  carry today
            spot pot today
  SESSION   $-0.21 -0.04%  peak $502.07  dd 0.04%
  MONTH     book guard $0.00 of $100.00 used  on marked equity  from $500.00  dial 20%
            ..........................
  RECORD    book closed 3  2W 1L  net $-0.09  fees and funding in
  FEES      no fills yet this run (the book trades at 00:05 UTC)
  ------------------------------------------------------------------------------------------------
 
19:11:45 | 
19:11:45 | ============================================================
19:11:45 | 📊 POSITION SUMMARY (8-MIN UPDATE)
19:11:45 | 💰 Equity: $499.67 | Unrealized: $+2.19
19:11:45 | 💵 Available: $439.16 after open P&L | Locked: $62.70
19:11:45 | 📈 Session: $-0.21 (-0.0%)
19:11:45 | 🎯 C510 Book (what trades): 9 positions, gross 0.64x, open $+2.19 | rule C2 N2+N3 + range vol (GK) | closed 3: 2W/1L $-0.09 | since 01 Oct +0.37% (normal)
19:11:45 | ============================================================
19:11:45 | ============================================================
19:11:45 | 🔻 Book guard: $0.00 of $100.00 used this month on marked equity (0%, from $500.00) · realised today -0.00% [C497]
19:11:45 | ============================================================
19:11:45 | 
 
  19:19  up 0h32m  daily book --------------------------------------------------------------------
  PLAN      $995.84 of $1,000.00 ($-4.16)  after tax on net profit $995.84
            Delta vs Pi42 funding gap $995.84  paper
  BELOW     experiments, not your money
  EQUITY    $502.17  unreal $+2.50
  OPEN      no intraday positions  book holds 9 (BOOK row)  free $439.47 after open P&L
  SHADOW    intraday M1 $508.21 (+1.70%)  M1g $513.07 (+2.67%)  4d paper only
  CARRY     $499.01 (-0.16%)  8 held  paper only
  SPOT      $250.36 (+0.14%)  5 held  18% invested  cash earns 6.90%  paper pot
  SAVINGS   idle $313.83 (62%)  at 6.90% +$0.25 so far  ~$1.80/month  paper
  BFUSD     wallet $502.04 at 7.66%  +$0.35 so far  ~$3.20/month  vs Savings $1.80  paper
  DELTA     $502.99 (+0.60%)  9 held  fees $0.20  funding $+0.13
            paper experiment: the book on Delta
  XVENUE    $995.21 (-0.48%)  10 pairs  funding $+2.27  fees $4.87  paper, Delta vs Pi42
  BOOK      9 pos gross $319.57 (0.64x)  open $+2.50  funding $-0.08  vol 27% top 20
            rebal 2026-10-05
  CONTEXT   since 01 Oct $+2.17 (+0.43%) in 4.4d  normal -2.4% to +4.2%  top 46%: normal
  RULE      C2 N2+N3 + range vol (GK)  forward test (paper)
  TOURNEY   4d from 2026-10-01  base -0.52%  N2 -0.66%  N3 +0.20%  N2+N3 +0.11%  +K4 +0.41%
            +GK* +0.27%  +K4+GK +0.60%  +GK+DD +0.53%  +GK+XA +1.53%
  DATA      on time  prices 14s  funding booked  book today  shadow 13:00  carry today
            spot pot today
  SESSION   $+0.10 +0.02%
  MONTH     book guard $0.00 of $100.00 used  on marked equity  from $500.00  dial 20%
            ..........................
  RECORD    book closed 3  2W 1L  net $-0.09  fees and funding in
  FEES      no fills yet this run (the book trades at 00:05 UTC)
  ------------------------------------------------------------------------------------------------
 
19:19:45 | 
19:19:45 | ============================================================
19:19:45 | 📊 POSITION SUMMARY (8-MIN UPDATE)
19:19:45 | 💰 Equity: $499.67 | Unrealized: $+2.50
19:19:45 | 💵 Available: $439.47 after open P&L | Locked: $62.70
19:19:45 | 📈 Session: $+0.10 (+0.0%)
19:19:45 | 🎯 C510 Book (what trades): 9 positions, gross 0.64x, open $+2.50 | rule C2 N2+N3 + range vol (GK) | closed 3: 2W/1L $-0.09 | since 01 Oct +0.43% (normal)
19:19:45 | ============================================================
19:19:45 | ============================================================
19:19:45 | 🔻 Book guard: $0.00 of $100.00 used this month on marked equity (0%, from $500.00) · realised today -0.00% [C497]
19:19:45 | ============================================================
19:19:45 | 
 
  19:27  up 0h40m  daily book --------------------------------------------------------------------
  PLAN      $996.23 of $1,000.00 ($-3.77)  after tax on net profit $996.23
            Delta vs Pi42 funding gap $996.23  paper
  BELOW     experiments, not your money
  EQUITY    $502.17  unreal $+2.50
  OPEN      no intraday positions  book holds 9 (BOOK row)  free $439.47 after open P&L
  SHADOW    intraday M1 $508.21 (+1.70%)  M1g $513.07 (+2.67%)  4d paper only
  CARRY     $499.01 (-0.16%)  8 held  paper only
  SPOT      $250.37 (+0.15%)  5 held  18% invested  cash earns 6.90%  paper pot
  SAVINGS   idle $313.95 (62%)  at 6.90% +$0.25 so far  ~$1.80/month  paper
  BFUSD     wallet $502.20 at 7.66%  +$0.35 so far  ~$3.21/month  vs Savings $1.80  paper
  DELTA     $503.11 (+0.62%)  9 held  fees $0.20  funding $+0.13
            paper experiment: the book on Delta
  XVENUE    $995.21 (-0.48%)  10 pairs  funding $+2.27  fees $4.87  paper, Delta vs Pi42
  BOOK      9 pos gross $319.67 (0.64x)  open $+2.50  funding $-0.08  vol 27% top 20
            rebal 2026-10-05
  CONTEXT   since 01 Oct $+2.17 (+0.43%) in 4.4d  normal -2.4% to +4.2%  top 46%: normal
  RULE      C2 N2+N3 + range vol (GK)  forward test (paper)
  TOURNEY   4d from 2026-10-01  base -0.52%  N2 -0.66%  N3 +0.20%  N2+N3 +0.11%  +K4 +0.41%
            +GK* +0.27%  +K4+GK +0.60%  +GK+DD +0.53%  +GK+XA +1.53%
  DATA      on time  prices 7s  funding booked  book today  shadow 13:00  carry today
            spot pot today
  SESSION   $+0.10 +0.02%
  CURVE     +===++
  MONTH     book guard $0.00 of $100.00 used  on marked equity  from $500.00  dial 20%
            ..........................
  RECORD    book closed 3  2W 1L  net $-0.09  fees and funding in
  FEES      no fills yet this run (the book trades at 00:05 UTC)
  ------------------------------------------------------------------------------------------------
 
19:27:46 | 
19:27:46 | ============================================================
19:27:46 | 📊 POSITION SUMMARY (8-MIN UPDATE)
19:27:46 | 💰 Equity: $499.67 | Unrealized: $+2.50
19:27:46 | 💵 Available: $439.47 after open P&L | Locked: $62.70
19:27:46 | 📈 Session: $+0.10 (+0.0%)
19:27:46 | 🎯 C510 Book (what trades): 9 positions, gross 0.64x, open $+2.50 | rule C2 N2+N3 + range vol (GK) | closed 3: 2W/1L $-0.09 | since 01 Oct +0.43% (normal)
19:27:46 | ============================================================
19:27:46 | ============================================================
19:27:46 | 🔻 Book guard: $0.00 of $100.00 used this month on marked equity (0%, from $500.00) · realised today -0.00% [C497]
19:27:46 | ============================================================
19:27:46 | 
19:32:37 |    👻 C489 shadow hour 14:00 UTC: 39 coins scored (full (16 features)), gate OPEN | M1 $507.67 (+1.59%) M1g $512.76 (+2.61%) over 4d [14s]
 
  19:35  up 0h48m  daily book --------------------------------------------------------------------
  PLAN      $995.95 of $1,000.00 ($-4.05)  after tax on net profit $995.95
            Delta vs Pi42 funding gap $995.95  paper
  BELOW     experiments, not your money
  EQUITY    $502.24  unreal $+2.57
  OPEN      no intraday positions  book holds 9 (BOOK row)  free $439.54 after open P&L
  SHADOW    intraday M1 $507.67 (+1.59%)  M1g $512.76 (+2.61%)  4d paper only
  CARRY     $499.01 (-0.16%)  8 held  paper only
  SPOT      $250.33 (+0.13%)  5 held  18% invested  cash earns 6.90%  paper pot
  SAVINGS   idle $313.99 (62%)  at 6.90% +$0.25 so far  ~$1.80/month  paper
  BFUSD     wallet $502.25 at 7.66%  +$0.35 so far  ~$3.21/month  vs Savings $1.80  paper
  DELTA     $503.20 (+0.64%)  9 held  fees $0.20  funding $+0.13
            paper experiment: the book on Delta
  XVENUE    $995.21 (-0.48%)  10 pairs  funding $+2.27  fees $4.87  paper, Delta vs Pi42
  BOOK      9 pos gross $319.29 (0.64x)  open $+2.57  funding $-0.08  vol 27% top 20
            rebal 2026-10-05
  CONTEXT   since 01 Oct $+2.24 (+0.45%) in 4.4d  normal -2.4% to +4.2%  top 46%: normal
  RULE      C2 N2+N3 + range vol (GK)  forward test (paper)
  TOURNEY   4d from 2026-10-01  base -0.52%  N2 -0.66%  N3 +0.20%  N2+N3 +0.11%  +K4 +0.41%
            +GK* +0.27%  +K4+GK +0.60%  +GK+DD +0.53%  +GK+XA +1.53%
  DATA      on time  prices 1s  funding booked  book today  shadow 14:00  carry today
            spot pot today
  SESSION   $+0.17 +0.03%
  CURVE     +===+++
  MONTH     book guard $0.00 of $100.00 used  on marked equity  from $500.00  dial 20%
            ..........................
  RECORD    book closed 3  2W 1L  net $-0.09  fees and funding in
  FEES      no fills yet this run (the book trades at 00:05 UTC)
  ------------------------------------------------------------------------------------------------
 
19:35:46 | 
19:35:46 | ============================================================
19:35:46 | 📊 POSITION SUMMARY (8-MIN UPDATE)
19:35:46 | 💰 Equity: $499.67 | Unrealized: $+2.57
19:35:46 | 💵 Available: $439.54 after open P&L | Locked: $62.70
19:35:46 | 📈 Session: $+0.17 (+0.0%)
19:35:46 | 🎯 C510 Book (what trades): 9 positions, gross 0.64x, open $+2.57 | rule C2 N2+N3 + range vol (GK) | closed 3: 2W/1L $-0.09 | since 01 Oct +0.45% (normal)
19:35:46 | ============================================================
19:35:46 | ============================================================
19:35:46 | 🔻 Book guard: $0.00 of $100.00 used this month on marked equity (0%, from $500.00) · realised today -0.00% [C497]
19:35:46 | ============================================================
19:35:46 | 
 
  19:43  up 0h56m  daily book --------------------------------------------------------------------
  PLAN      $996.05 of $1,000.00 ($-3.95)  after tax on net profit $996.05
            Delta vs Pi42 funding gap $996.05  paper
  BELOW     experiments, not your money
  EQUITY    $502.58  unreal $+2.91
  OPEN      no intraday positions  book holds 9 (BOOK row)  free $439.88 after open P&L
  SHADOW    intraday M1 $507.67 (+1.59%)  M1g $512.76 (+2.61%)  4d paper only
  CARRY     $499.01 (-0.16%)  8 held  paper only
  SPOT      $250.49 (+0.20%)  5 held  18% invested  cash earns 6.90%  paper pot
  SAVINGS   idle $314.29 (62%)  at 6.90% +$0.25 so far  ~$1.81/month  paper
  BFUSD     wallet $502.65 at 7.66%  +$0.35 so far  ~$3.21/month  vs Savings $1.81  paper
  DELTA     $503.41 (+0.68%)  9 held  fees $0.20  funding $+0.13
            paper experiment: the book on Delta
  XVENUE    $995.21 (-0.48%)  10 pairs  funding $+2.27  fees $4.87  paper, Delta vs Pi42
  BOOK      9 pos gross $320.38 (0.64x)  open $+2.91  funding $-0.08  vol 27% top 20
            rebal 2026-10-05
  CONTEXT   since 01 Oct $+2.58 (+0.52%) in 4.4d  normal -2.4% to +4.2%  top 45%: normal
  RULE      C2 N2+N3 + range vol (GK)  forward test (paper)
  TOURNEY   4d from 2026-10-01  base -0.52%  N2 -0.66%  N3 +0.20%  N2+N3 +0.11%  +K4 +0.41%
            +GK* +0.27%  +K4+GK +0.60%  +GK+DD +0.53%  +GK+XA +1.53%
  DATA      on time  prices 38s  funding booked  book today  shadow 14:00  carry today
            spot pot today
  SESSION   $+0.51 +0.10%
  CURVE     ====++++
  MONTH     book guard $0.00 of $100.00 used  on marked equity  from $500.00  dial 20%
            ..........................
  RECORD    book closed 3  2W 1L  net $-0.09  fees and funding in
  FEES      no fills yet this run (the book trades at 00:05 UTC)
  ------------------------------------------------------------------------------------------------
 
19:43:47 | 
19:43:47 | ============================================================
19:43:47 | 📊 POSITION SUMMARY (8-MIN UPDATE)
19:43:47 | 💰 Equity: $499.67 | Unrealized: $+2.91
19:43:47 | 💵 Available: $439.88 after open P&L | Locked: $62.70
19:43:47 | 📈 Session: $+0.51 (+0.1%)
19:43:47 | 🎯 C510 Book (what trades): 9 positions, gross 0.64x, open $+2.91 | rule C2 N2+N3 + range vol (GK) | closed 3: 2W/1L $-0.09 | since 01 Oct +0.52% (normal)
19:43:47 | ============================================================
19:43:47 | ============================================================
19:43:47 | 🔻 Book guard: $0.00 of $100.00 used this month on marked equity (0%, from $500.00) · realised today -0.00% [C497]
19:43:47 | ============================================================
19:43:47 | 
 
  19:51  up 1h04m  daily book --------------------------------------------------------------------
  PLAN      $996.16 of $1,000.00 ($-3.84)  after tax on net profit $996.16
            Delta vs Pi42 funding gap $996.16  paper
  BELOW     experiments, not your money
  EQUITY    $502.44  unreal $+2.77
  OPEN      no intraday positions  book holds 9 (BOOK row)  free $439.74 after open P&L
  SHADOW    intraday M1 $507.67 (+1.59%)  M1g $512.76 (+2.61%)  4d paper only
  CARRY     $499.01 (-0.16%)  8 held  paper only
  SPOT      $250.36 (+0.14%)  5 held  18% invested  cash earns 6.90%  paper pot
  SAVINGS   idle $314.19 (62%)  at 6.90% +$0.25 so far  ~$1.81/month  paper
  BFUSD     wallet $502.52 at 7.66%  +$0.35 so far  ~$3.21/month  vs Savings $1.81  paper
  DELTA     $503.56 (+0.71%)  9 held  fees $0.20  funding $+0.13
            paper experiment: the book on Delta
  XVENUE    $995.21 (-0.48%)  10 pairs  funding $+2.27  fees $4.87  paper, Delta vs Pi42
  BOOK      9 pos gross $319.10 (0.64x)  open $+2.77  funding $-0.08  vol 27% top 20
            rebal 2026-10-05
  CONTEXT   since 01 Oct $+2.44 (+0.49%) in 4.4d  normal -2.4% to +4.2%  top 45%: normal
  RULE      C2 N2+N3 + range vol (GK)  forward test (paper)
  TOURNEY   4d from 2026-10-01  base -0.52%  N2 -0.66%  N3 +0.20%  N2+N3 +0.11%  +K4 +0.41%
            +GK* +0.27%  +K4+GK +0.60%  +GK+DD +0.53%  +GK+XA +1.53%
  DATA      on time  prices 27s  funding booked  book today  shadow 14:00  carry today
            spot pot today
  SESSION   $+0.37 +0.07%  peak $502.58  dd 0.03%
  CURVE     ====+++++
  MONTH     book guard $0.00 of $100.00 used  on marked equity  from $500.00  dial 20%
            ..........................
  RECORD    book closed 3  2W 1L  net $-0.09  fees and funding in
  FEES      no fills yet this run (the book trades at 00:05 UTC)
  ------------------------------------------------------------------------------------------------
 
19:51:48 | 
19:51:48 | ============================================================
19:51:48 | 📊 POSITION SUMMARY (8-MIN UPDATE)
19:51:48 | 💰 Equity: $499.67 | Unrealized: $+2.77
19:51:48 | 💵 Available: $439.74 after open P&L | Locked: $62.70
19:51:48 | 📈 Session: $+0.37 (+0.1%)
19:51:48 | 🎯 C510 Book (what trades): 9 positions, gross 0.64x, open $+2.77 | rule C2 N2+N3 + range vol (GK) | closed 3: 2W/1L $-0.09 | since 01 Oct +0.49% (normal)
19:51:48 | ============================================================
19:51:48 | ============================================================
19:51:48 | 🔻 Book guard: $0.00 of $100.00 used this month on marked equity (0%, from $500.00) · realised today -0.00% [C497]
19:51:48 | ============================================================
19:51:48 | 
 
  19:59  up 1h12m  daily book --------------------------------------------------------------------
  PLAN      $996.06 of $1,000.00 ($-3.94)  after tax on net profit $996.06
            Delta vs Pi42 funding gap $996.06  paper
  BELOW     experiments, not your money
  EQUITY    $502.57  unreal $+2.90
  OPEN      no intraday positions  book holds 9 (BOOK row)  free $439.87 after open P&L
  SHADOW    intraday M1 $507.67 (+1.59%)  M1g $512.76 (+2.61%)  4d paper only
  CARRY     $499.01 (-0.16%)  8 held  paper only
  SPOT      $250.24 (+0.10%)  5 held  18% invested  cash earns 6.90%  paper pot
  SAVINGS   idle $314.16 (62%)  at 6.90% +$0.25 so far  ~$1.81/month  paper
  BFUSD     wallet $502.48 at 7.66%  +$0.35 so far  ~$3.21/month  vs Savings $1.81  paper
  DELTA     $503.28 (+0.66%)  9 held  fees $0.20  funding $+0.13
            paper experiment: the book on Delta
  XVENUE    $995.21 (-0.48%)  10 pairs  funding $+2.27  fees $4.87  paper, Delta vs Pi42
  BOOK      9 pos gross $318.60 (0.63x)  open $+2.90  funding $-0.08  vol 27% top 20
            rebal 2026-10-05
  CONTEXT   since 01 Oct $+2.57 (+0.51%) in 4.5d  normal -2.4% to +4.2%  top 45%: normal
  RULE      C2 N2+N3 + range vol (GK)  forward test (paper)
  TOURNEY   4d from 2026-10-01  base -0.52%  N2 -0.66%  N3 +0.20%  N2+N3 +0.11%  +K4 +0.41%
            +GK* +0.27%  +K4+GK +0.60%  +GK+DD +0.53%  +GK+XA +1.53%
  DATA      on time  prices 22s  funding booked  book today  shadow 14:00  carry today
            spot pot today
  SESSION   $+0.50 +0.10%  peak $502.58
  CURVE     ====++++++
  MONTH     book guard $0.00 of $100.00 used  on marked equity  from $500.00  dial 20%
            ..........................
  RECORD    book closed 3  2W 1L  net $-0.09  fees and funding in
  FEES      no fills yet this run (the book trades at 00:05 UTC)
  ------------------------------------------------------------------------------------------------
 
19:59:48 | 
19:59:48 | ============================================================
19:59:48 | 📊 POSITION SUMMARY (8-MIN UPDATE)
19:59:48 | 💰 Equity: $499.67 | Unrealized: $+2.90
19:59:48 | 💵 Available: $439.87 after open P&L | Locked: $62.70
19:59:48 | 📈 Session: $+0.50 (+0.1%)
19:59:48 | 🎯 C510 Book (what trades): 9 positions, gross 0.63x, open $+2.90 | rule C2 N2+N3 + range vol (GK) | closed 3: 2W/1L $-0.09 | since 01 Oct +0.51% (normal)
19:59:48 | ============================================================
19:59:48 | ============================================================
19:59:48 | 🔻 Book guard: $0.00 of $100.00 used this month on marked equity (0%, from $500.00) · realised today -0.00% [C497]
19:59:48 | ============================================================
19:59:48 | 
 
  20:07  up 1h20m  daily book --------------------------------------------------------------------
  PLAN      $996.66 of $1,000.00 ($-3.34)  after tax on net profit $996.66
            Delta vs Pi42 funding gap $996.66  paper
  BELOW     experiments, not your money
  EQUITY    $501.91  unreal $+2.24
  OPEN      no intraday positions  book holds 9 (BOOK row)  free $439.21 after open P&L
  SHADOW    intraday M1 $507.67 (+1.59%)  M1g $512.76 (+2.61%)  4d paper only
  CARRY     $499.01 (-0.16%)  8 held  paper only
  SPOT      $249.96 (-0.02%)  5 held  18% invested  cash earns 6.90%  paper pot
  SAVINGS   idle $313.65 (62%)  at 6.90% +$0.25 so far  ~$1.80/month  paper
  BFUSD     wallet $501.80 at 7.66%  +$0.35 so far  ~$3.20/month  vs Savings $1.80  paper
  DELTA     $502.98 (+0.60%)  9 held  fees $0.20  funding $+0.13
            paper experiment: the book on Delta
  XVENUE    $995.21 (-0.48%)  10 pairs  funding $+2.27  fees $4.87  paper, Delta vs Pi42
  BOOK      9 pos gross $316.55 (0.63x)  open $+2.24  funding $-0.08  vol 27% top 20
            rebal 2026-10-05
  CONTEXT   since 01 Oct $+1.91 (+0.38%) in 4.5d  normal -2.4% to +4.2%  top 47%: normal
  RULE      C2 N2+N3 + range vol (GK)  forward test (paper)
  TOURNEY   4d from 2026-10-01  base -0.52%  N2 -0.66%  N3 +0.20%  N2+N3 +0.11%  +K4 +0.41%
            +GK* +0.27%  +K4+GK +0.60%  +GK+DD +0.53%  +GK+XA +1.53%
  DATA      on time  prices 15s  funding booked  book today  shadow 14:00  carry today
            spot pot today
  SESSION   $-0.16 -0.03%  peak $502.58  dd 0.13%
  CURVE     ====++++++=
  MONTH     book guard $0.00 of $100.00 used  on marked equity  from $500.00  dial 20%
            ..........................
  RECORD    book closed 3  2W 1L  net $-0.09  fees and funding in
  FEES      no fills yet this run (the book trades at 00:05 UTC)
  ------------------------------------------------------------------------------------------------
 
20:07:49 | 
20:07:49 | ============================================================
20:07:49 | 📊 POSITION SUMMARY (8-MIN UPDATE)
20:07:49 | 💰 Equity: $499.67 | Unrealized: $+2.24
20:07:49 | 💵 Available: $439.21 after open P&L | Locked: $62.70
20:07:49 | 📈 Session: $-0.16 (-0.0%)
20:07:49 | 🎯 C510 Book (what trades): 9 positions, gross 0.63x, open $+2.24 | rule C2 N2+N3 + range vol (GK) | closed 3: 2W/1L $-0.09 | since 01 Oct +0.38% (normal)
20:07:49 | ============================================================
20:07:49 | ============================================================
20:07:49 | 🔻 Book guard: $0.00 of $100.00 used this month on marked equity (0%, from $500.00) · realised today -0.00% [C497]
20:07:49 | ============================================================
20:07:49 | 
 
  20:15  up 1h28m  daily book --------------------------------------------------------------------
  PLAN      $996.22 of $1,000.00 ($-3.78)  after tax on net profit $996.22
            Delta vs Pi42 funding gap $996.22  paper
  BELOW     experiments, not your money
  EQUITY    $501.73  unreal $+2.06
  OPEN      no intraday positions  book holds 9 (BOOK row)  free $439.03 after open P&L
  SHADOW    intraday M1 $507.67 (+1.59%)  M1g $512.76 (+2.61%)  4d paper only
  CARRY     $499.01 (-0.16%)  8 held  paper only
  SPOT      $250.04 (+0.02%)  5 held  18% invested  cash earns 6.90%  paper pot
  SAVINGS   idle $313.73 (62%)  at 6.90% +$0.25 so far  ~$1.80/month  paper
  BFUSD     wallet $501.90 at 7.66%  +$0.35 so far  ~$3.20/month  vs Savings $1.80  paper
  DELTA     $502.76 (+0.55%)  9 held  fees $0.20  funding $+0.13
            paper experiment: the book on Delta
  XVENUE    $995.21 (-0.48%)  10 pairs  funding $+2.27  fees $4.87  paper, Delta vs Pi42
  BOOK      9 pos gross $315.96 (0.63x)  open $+2.06  funding $-0.08  vol 27% top 20
            rebal 2026-10-05
  CONTEXT   since 01 Oct $+1.73 (+0.35%) in 4.5d  normal -2.4% to +4.2%  top 48%: normal
  RULE      C2 N2+N3 + range vol (GK)  forward test (paper)
  TOURNEY   4d from 2026-10-01  base -0.52%  N2 -0.66%  N3 +0.20%  N2+N3 +0.11%  +K4 +0.41%
            +GK* +0.27%  +K4+GK +0.60%  +GK+DD +0.53%  +GK+XA +1.53%
  DATA      on time  prices 9s  funding booked  book today  shadow 14:00  carry today
            spot pot today
  SESSION   $-0.34 -0.07%  peak $502.58  dd 0.17%
  CURVE     ====++++++==
  MONTH     book guard $0.00 of $100.00 used  on marked equity  from $500.00  dial 20%
            ..........................
  RECORD    book closed 3  2W 1L  net $-0.09  fees and funding in
  FEES      no fills yet this run (the book trades at 00:05 UTC)
  ------------------------------------------------------------------------------------------------
 
20:15:49 | 
20:15:49 | ============================================================
20:15:49 | 📊 POSITION SUMMARY (8-MIN UPDATE)
20:15:49 | 💰 Equity: $499.67 | Unrealized: $+2.06
20:15:49 | 💵 Available: $439.03 after open P&L | Locked: $62.70
20:15:49 | 📈 Session: $-0.34 (-0.1%)
20:15:49 | 🎯 C510 Book (what trades): 9 positions, gross 0.63x, open $+2.06 | rule C2 N2+N3 + range vol (GK) | closed 3: 2W/1L $-0.09 | since 01 Oct +0.35% (normal)
20:15:49 | ============================================================
20:15:49 | ============================================================
20:15:49 | 🔻 Book guard: $0.00 of $100.00 used this month on marked equity (0%, from $500.00) · realised today -0.00% [C497]
20:15:49 | ============================================================
20:15:49 | 
 
  20:23  up 1h36m  daily book --------------------------------------------------------------------
  PLAN      $996.24 of $1,000.00 ($-3.76)  after tax on net profit $996.24
            Delta vs Pi42 funding gap $996.24  paper
  BELOW     experiments, not your money
  EQUITY    $501.58  unreal $+1.91
  OPEN      no intraday positions  book holds 9 (BOOK row)  free $438.88 after open P&L
  SHADOW    intraday M1 $507.67 (+1.59%)  M1g $512.76 (+2.61%)  4d paper only
  CARRY     $499.01 (-0.16%)  8 held  paper only
  SPOT      $249.94 (-0.03%)  5 held  18% invested  cash earns 6.90%  paper pot
  SAVINGS   idle $313.46 (62%)  at 6.90% +$0.26 so far  ~$1.80/month  paper
  BFUSD     wallet $501.54 at 7.66%  +$0.35 so far  ~$3.20/month  vs Savings $1.80  paper
  DELTA     $502.26 (+0.45%)  9 held  fees $0.20  funding $+0.13
            paper experiment: the book on Delta
  XVENUE    $995.21 (-0.48%)  10 pairs  funding $+2.27  fees $4.87  paper, Delta vs Pi42
  BOOK      9 pos gross $315.69 (0.63x)  open $+1.91  funding $-0.08  vol 27% top 20
            rebal 2026-10-05
  CONTEXT   since 01 Oct $+1.58 (+0.32%) in 4.5d  normal -2.4% to +4.2%  top 48%: normal
  RULE      C2 N2+N3 + range vol (GK)  forward test (paper)
  TOURNEY   4d from 2026-10-01  base -0.52%  N2 -0.66%  N3 +0.20%  N2+N3 +0.11%  +K4 +0.41%
            +GK* +0.27%  +K4+GK +0.60%  +GK+DD +0.53%  +GK+XA +1.53%
  DATA      on time  prices 2s  funding booked  book today  shadow 14:00  carry today
            spot pot today
  SESSION   $-0.49 -0.10%  peak $502.58  dd 0.20%
  CURVE     ====++++++===
  MONTH     book guard $0.00 of $100.00 used  on marked equity  from $500.00  dial 20%
            ..........................
  RECORD    book closed 3  2W 1L  net $-0.09  fees and funding in
  FEES      no fills yet this run (the book trades at 00:05 UTC)
  ------------------------------------------------------------------------------------------------
 
20:23:49 | 
20:23:49 | ============================================================
20:23:49 | 📊 POSITION SUMMARY (8-MIN UPDATE)
20:23:49 | 💰 Equity: $499.67 | Unrealized: $+1.91
20:23:49 | 💵 Available: $438.88 after open P&L | Locked: $62.70
20:23:49 | 📈 Session: $-0.49 (-0.1%)
20:23:49 | 🎯 C510 Book (what trades): 9 positions, gross 0.63x, open $+1.91 | rule C2 N2+N3 + range vol (GK) | closed 3: 2W/1L $-0.09 | since 01 Oct +0.32% (normal)
20:23:49 | ============================================================
20:23:49 | ============================================================
20:23:49 | 🔻 Book guard: $0.00 of $100.00 used this month on marked equity (0%, from $500.00) · realised today -0.00% [C497]
20:23:49 | ============================================================
20:23:49 | 
 
  20:31  up 1h44m  daily book --------------------------------------------------------------------
  PLAN      $996.37 of $1,000.00 ($-3.63)  after tax on net profit $996.37
            Delta vs Pi42 funding gap $996.37  paper
  BELOW     experiments, not your money
  EQUITY    $501.56  unreal $+1.89
  OPEN      no intraday positions  book holds 9 (BOOK row)  free $438.86 after open P&L
  SHADOW    intraday M1 $507.67 (+1.59%)  M1g $512.76 (+2.61%)  4d paper only
  CARRY     $499.01 (-0.16%)  8 held  paper only
  SPOT      $249.91 (-0.03%)  5 held  18% invested  cash earns 6.90%  paper pot
  SAVINGS   idle $313.47 (62%)  at 6.90% +$0.26 so far  ~$1.80/month  paper
  BFUSD     wallet $501.56 at 7.66%  +$0.35 so far  ~$3.20/month  vs Savings $1.80  paper
  DELTA     $502.57 (+0.51%)  9 held  fees $0.20  funding $+0.13
            paper experiment: the book on Delta
  XVENUE    $995.21 (-0.48%)  10 pairs  funding $+2.27  fees $4.87  paper, Delta vs Pi42
  BOOK      9 pos gross $315.29 (0.63x)  open $+1.89  funding $-0.08  vol 27% top 20
            rebal 2026-10-05
  CONTEXT   since 01 Oct $+1.56 (+0.31%) in 4.5d  normal -2.4% to +4.2%  top 48%: normal
  RULE      C2 N2+N3 + range vol (GK)  forward test (paper)
  TOURNEY   4d from 2026-10-01  base -0.52%  N2 -0.66%  N3 +0.20%  N2+N3 +0.11%  +K4 +0.41%
            +GK* +0.27%  +K4+GK +0.60%  +GK+DD +0.53%  +GK+XA +1.53%
  DATA      on time  prices 37s  funding booked  book today  shadow 14:00  carry today
            spot pot today
  SESSION   $-0.51 -0.10%  peak $502.58  dd 0.20%
  CURVE     ====++++++====
  MONTH     book guard $0.00 of $100.00 used  on marked equity  from $500.00  dial 20%
            ..........................
  RECORD    book closed 3  2W 1L  net $-0.09  fees and funding in
  FEES      no fills yet this run (the book trades at 00:05 UTC)
  ------------------------------------------------------------------------------------------------
 
20:31:50 | 
20:31:50 | ============================================================
20:31:50 | 📊 POSITION SUMMARY (8-MIN UPDATE)
20:31:50 | 💰 Equity: $499.67 | Unrealized: $+1.89
20:31:50 | 💵 Available: $438.86 after open P&L | Locked: $62.70
20:31:50 | 📈 Session: $-0.51 (-0.1%)
20:31:50 | 🎯 C510 Book (what trades): 9 positions, gross 0.63x, open $+1.89 | rule C2 N2+N3 + range vol (GK) | closed 3: 2W/1L $-0.09 | since 01 Oct +0.31% (normal)
20:31:50 | ============================================================
20:31:50 | ============================================================
20:31:50 | 🔻 Book guard: $0.00 of $100.00 used this month on marked equity (0%, from $500.00) · realised today -0.00% [C497]
20:31:50 | ============================================================
20:31:50 | 
20:32:16 |    👻 C489 shadow hour 15:00 UTC: 39 coins scored (full (16 features)), gate OPEN | M1 $507.44 (+1.55%) M1g $512.66 (+2.59%) over 4d [3s]
 
  20:39  up 1h52m  daily book --------------------------------------------------------------------
  PLAN      $995.73 of $1,000.00 ($-4.27)  after tax on net profit $995.73
            Delta vs Pi42 funding gap $995.73  paper
  BELOW     experiments, not your money
  EQUITY    $501.85  unreal $+2.18
  OPEN      no intraday positions  book holds 9 (BOOK row)  free $439.15 after open P&L
  SHADOW    intraday M1 $507.44 (+1.55%)  M1g $512.66 (+2.59%)  4d paper only
  CARRY     $499.01 (-0.16%)  8 held  paper only
  SPOT      $250.00 (+0.00%)  5 held  18% invested  cash earns 6.90%  paper pot
  SAVINGS   idle $313.69 (62%)  at 6.90% +$0.26 so far  ~$1.80/month  paper
  BFUSD     wallet $501.85 at 7.66%  +$0.35 so far  ~$3.20/month  vs Savings $1.80  paper
  DELTA     $502.75 (+0.55%)  9 held  fees $0.20  funding $+0.13
            paper experiment: the book on Delta
  XVENUE    $995.21 (-0.48%)  10 pairs  funding $+2.27  fees $4.87  paper, Delta vs Pi42
  BOOK      9 pos gross $316.24 (0.63x)  open $+2.18  funding $-0.08  vol 27% top 20
            rebal 2026-10-05
  CONTEXT   since 01 Oct $+1.85 (+0.37%) in 4.5d  normal -2.4% to +4.2%  top 47%: normal
  RULE      C2 N2+N3 + range vol (GK)  forward test (paper)
  TOURNEY   4d from 2026-10-01  base -0.52%  N2 -0.66%  N3 +0.20%  N2+N3 +0.11%  +K4 +0.41%
            +GK* +0.27%  +K4+GK +0.60%  +GK+DD +0.53%  +GK+XA +1.53%
  DATA      on time  prices 30s  funding booked  book today  shadow 15:00  carry today
            spot pot today
  SESSION   $-0.22 -0.04%  peak $502.58  dd 0.15%
  CURVE     ====++++++=====
  MONTH     book guard $0.00 of $100.00 used  on marked equity  from $500.00  dial 20%
            ..........................
  RECORD    book closed 3  2W 1L  net $-0.09  fees and funding in
  FEES      no fills yet this run (the book trades at 00:05 UTC)
  ------------------------------------------------------------------------------------------------
 
20:39:50 | 
20:39:50 | ============================================================
20:39:50 | 📊 POSITION SUMMARY (8-MIN UPDATE)
20:39:50 | 💰 Equity: $499.67 | Unrealized: $+2.18
20:39:50 | 💵 Available: $439.15 after open P&L | Locked: $62.70
20:39:50 | 📈 Session: $-0.22 (-0.0%)
20:39:50 | 🎯 C510 Book (what trades): 9 positions, gross 0.63x, open $+2.18 | rule C2 N2+N3 + range vol (GK) | closed 3: 2W/1L $-0.09 | since 01 Oct +0.37% (normal)
20:39:50 | ============================================================
20:39:50 | ============================================================
20:39:50 | 🔻 Book guard: $0.00 of $100.00 used this month on marked equity (0%, from $500.00) · realised today -0.00% [C497]
20:39:50 | ============================================================
20:39:50 | 
 
  20:47  up 2h00m  daily book --------------------------------------------------------------------
  PLAN      $996.02 of $1,000.00 ($-3.98)  after tax on net profit $996.02
            Delta vs Pi42 funding gap $996.02  paper
  BELOW     experiments, not your money
  EQUITY    $501.95  unreal $+2.28
  OPEN      no intraday positions  book holds 9 (BOOK row)  free $439.25 after open P&L
  SHADOW    intraday M1 $507.44 (+1.55%)  M1g $512.66 (+2.59%)  4d paper only
  CARRY     $499.01 (-0.16%)  8 held  paper only
  SPOT      $249.97 (-0.01%)  5 held  18% invested  cash earns 6.90%  paper pot
  SAVINGS   idle $313.76 (62%)  at 6.90% +$0.26 so far  ~$1.80/month  paper
  BFUSD     wallet $501.95 at 7.66%  +$0.35 so far  ~$3.20/month  vs Savings $1.80  paper
  DELTA     $502.44 (+0.49%)  9 held  fees $0.20  funding $+0.13
            paper experiment: the book on Delta
  XVENUE    $995.21 (-0.48%)  10 pairs  funding $+2.27  fees $4.87  paper, Delta vs Pi42
  BOOK      9 pos gross $316.35 (0.63x)  open $+2.28  funding $-0.08  vol 27% top 20
            rebal 2026-10-05
  CONTEXT   since 01 Oct $+1.95 (+0.39%) in 4.5d  normal -2.4% to +4.2%  top 47%: normal
  RULE      C2 N2+N3 + range vol (GK)  forward test (paper)
  TOURNEY   4d from 2026-10-01  base -0.52%  N2 -0.66%  N3 +0.20%  N2+N3 +0.11%  +K4 +0.41%
            +GK* +0.27%  +K4+GK +0.60%  +GK+DD +0.53%  +GK+XA +1.53%
  DATA      on time  prices 24s  funding booked  book today  shadow 15:00  carry today
            spot pot today
  SESSION   $-0.12 -0.02%  peak $502.58  dd 0.13%
  CURVE     ====++++++======
  MONTH     book guard $0.00 of $100.00 used  on marked equity  from $500.00  dial 20%
            ..........................
  RECORD    book closed 3  2W 1L  net $-0.09  fees and funding in
  FEES      no fills yet this run (the book trades at 00:05 UTC)
  ------------------------------------------------------------------------------------------------
 
20:47:51 | 
20:47:51 | ============================================================
20:47:51 | 📊 POSITION SUMMARY (8-MIN UPDATE)
20:47:51 | 💰 Equity: $499.67 | Unrealized: $+2.28
20:47:51 | 💵 Available: $439.25 after open P&L | Locked: $62.70
20:47:51 | 📈 Session: $-0.12 (-0.0%)
20:47:51 | 🎯 C510 Book (what trades): 9 positions, gross 0.63x, open $+2.28 | rule C2 N2+N3 + range vol (GK) | closed 3: 2W/1L $-0.09 | since 01 Oct +0.39% (normal)
20:47:51 | ============================================================
20:47:51 | ============================================================
20:47:51 | 🔻 Book guard: $0.00 of $100.00 used this month on marked equity (0%, from $500.00) · realised today -0.00% [C497]
20:47:51 | ============================================================
20:47:51 | 
 
  20:55  up 2h08m  daily book --------------------------------------------------------------------
  PLAN      $995.96 of $1,000.00 ($-4.04)  after tax on net profit $995.96
            Delta vs Pi42 funding gap $995.96  paper
  BELOW     experiments, not your money
  EQUITY    $501.84  unreal $+2.17
  OPEN      no intraday positions  book holds 9 (BOOK row)  free $439.14 after open P&L
  SHADOW    intraday M1 $507.44 (+1.55%)  M1g $512.66 (+2.59%)  4d paper only
  CARRY     $499.01 (-0.16%)  8 held  paper only
  SPOT      $249.97 (-0.01%)  5 held  18% invested  cash earns 6.90%  paper pot
  SAVINGS   idle $313.68 (62%)  at 6.90% +$0.26 so far  ~$1.80/month  paper
  BFUSD     wallet $501.84 at 7.66%  +$0.35 so far  ~$3.20/month  vs Savings $1.80  paper
  DELTA     $502.59 (+0.52%)  9 held  fees $0.20  funding $+0.13
            paper experiment: the book on Delta
  XVENUE    $995.21 (-0.48%)  10 pairs  funding $+2.27  fees $4.87  paper, Delta vs Pi42
  BOOK      9 pos gross $316.15 (0.63x)  open $+2.17  funding $-0.08  vol 27% top 20
            rebal 2026-10-05
  CONTEXT   since 01 Oct $+1.84 (+0.37%) in 4.5d  normal -2.4% to +4.2%  top 47%: normal
  RULE      C2 N2+N3 + range vol (GK)  forward test (paper)
  TOURNEY   4d from 2026-10-01  base -0.52%  N2 -0.66%  N3 +0.20%  N2+N3 +0.11%  +K4 +0.41%
            +GK* +0.27%  +K4+GK +0.60%  +GK+DD +0.53%  +GK+XA +1.53%
  DATA      on time  prices 19s  funding booked  book today  shadow 15:00  carry today
            spot pot today
  SESSION   $-0.23 -0.05%  peak $502.58  dd 0.15%
  CURVE     ====++++++=======
  MONTH     book guard $0.00 of $100.00 used  on marked equity  from $500.00  dial 20%
            ..........................
  RECORD    book closed 3  2W 1L  net $-0.09  fees and funding in
  FEES      no fills yet this run (the book trades at 00:05 UTC)
  ------------------------------------------------------------------------------------------------
 
20:55:51 | 
20:55:51 | ============================================================
20:55:51 | 📊 POSITION SUMMARY (8-MIN UPDATE)
20:55:51 | 💰 Equity: $499.67 | Unrealized: $+2.17
20:55:51 | 💵 Available: $439.14 after open P&L | Locked: $62.70
20:55:51 | 📈 Session: $-0.23 (-0.0%)
20:55:51 | 🎯 C510 Book (what trades): 9 positions, gross 0.63x, open $+2.17 | rule C2 N2+N3 + range vol (GK) | closed 3: 2W/1L $-0.09 | since 01 Oct +0.37% (normal)
20:55:51 | ============================================================
20:55:51 | ============================================================
20:55:51 | 🔻 Book guard: $0.00 of $100.00 used this month on marked equity (0%, from $500.00) · realised today -0.00% [C497]
20:55:51 | ============================================================
20:55:51 | 
 
  21:03  up 2h16m  daily book --------------------------------------------------------------------
  PLAN      $996.22 of $1,000.00 ($-3.78)  after tax on net profit $996.22
            Delta vs Pi42 funding gap $996.22  paper
  BELOW     experiments, not your money
  EQUITY    $501.80  unreal $+2.13
  OPEN      no intraday positions  book holds 9 (BOOK row)  free $439.10 after open P&L
  SHADOW    intraday M1 $507.44 (+1.55%)  M1g $512.66 (+2.59%)  4d paper only
  CARRY     $499.01 (-0.16%)  8 held  paper only
  SPOT      $249.76 (-0.09%)  5 held  18% invested  cash earns 6.90%  paper pot
  SAVINGS   idle $313.65 (62%)  at 6.90% +$0.26 so far  ~$1.80/month  paper
  BFUSD     wallet $501.80 at 7.66%  +$0.35 so far  ~$3.20/month  vs Savings $1.80  paper
  DELTA     $502.66 (+0.53%)  9 held  fees $0.20  funding $+0.13
            paper experiment: the book on Delta
  XVENUE    $995.21 (-0.48%)  10 pairs  funding $+2.27  fees $4.87  paper, Delta vs Pi42
  BOOK      9 pos gross $314.97 (0.63x)  open $+2.13  funding $-0.08  vol 27% top 20
            rebal 2026-10-05
  CONTEXT   since 01 Oct $+1.80 (+0.36%) in 4.5d  normal -2.4% to +4.3%  top 47%: normal
  RULE      C2 N2+N3 + range vol (GK)  forward test (paper)
  TOURNEY   4d from 2026-10-01  base -0.52%  N2 -0.66%  N3 +0.20%  N2+N3 +0.11%  +K4 +0.41%
            +GK* +0.27%  +K4+GK +0.60%  +GK+DD +0.53%  +GK+XA +1.53%
  DATA      on time  prices 12s  funding booked  book today  shadow 15:00  carry today
            spot pot today
  SESSION   $-0.27 -0.05%  peak $502.58  dd 0.16%
  CURVE     ====++++++========
  MONTH     book guard $0.00 of $100.00 used  on marked equity  from $500.00  dial 20%
            ..........................
  RECORD    book closed 3  2W 1L  net $-0.09  fees and funding in
  FEES      no fills yet this run (the book trades at 00:05 UTC)
  ------------------------------------------------------------------------------------------------
 
21:03:51 | 
21:03:51 | ============================================================
21:03:51 | 📊 POSITION SUMMARY (8-MIN UPDATE)
21:03:51 | 💰 Equity: $499.67 | Unrealized: $+2.13
21:03:51 | 💵 Available: $439.10 after open P&L | Locked: $62.70
21:03:51 | 📈 Session: $-0.27 (-0.1%)
21:03:51 | 🎯 C510 Book (what trades): 9 positions, gross 0.63x, open $+2.13 | rule C2 N2+N3 + range vol (GK) | closed 3: 2W/1L $-0.09 | since 01 Oct +0.36% (normal)
21:03:51 | ============================================================
21:03:51 | ============================================================
21:03:51 | 🔻 Book guard: $0.00 of $100.00 used this month on marked equity (0%, from $500.00) · realised today -0.00% [C497]
21:03:51 | ============================================================
21:03:51 | 
 
  21:11  up 2h24m  daily book --------------------------------------------------------------------
  PLAN      $995.58 of $1,000.00 ($-4.42)  after tax on net profit $995.58
            Delta vs Pi42 funding gap $995.58  paper
  BELOW     experiments, not your money
  EQUITY    $501.87  unreal $+2.20
  OPEN      no intraday positions  book holds 9 (BOOK row)  free $439.17 after open P&L
  SHADOW    intraday M1 $507.44 (+1.55%)  M1g $512.66 (+2.59%)  4d paper only
  CARRY     $499.01 (-0.16%)  8 held  paper only
  SPOT      $249.78 (-0.09%)  5 held  18% invested  cash earns 6.90%  paper pot
  SAVINGS   idle $313.70 (62%)  at 6.90% +$0.26 so far  ~$1.80/month  paper
  BFUSD     wallet $501.87 at 7.66%  +$0.35 so far  ~$3.20/month  vs Savings $1.80  paper
  DELTA     $502.88 (+0.58%)  9 held  fees $0.20  funding $+0.13
            paper experiment: the book on Delta
  XVENUE    $995.21 (-0.48%)  10 pairs  funding $+2.27  fees $4.87  paper, Delta vs Pi42
  BOOK      9 pos gross $315.20 (0.63x)  open $+2.20  funding $-0.08  vol 27% top 20
            rebal 2026-10-05
  CONTEXT   since 01 Oct $+1.87 (+0.37%) in 4.5d  normal -2.4% to +4.3%  top 47%: normal
  RULE      C2 N2+N3 + range vol (GK)  forward test (paper)
  TOURNEY   4d from 2026-10-01  base -0.52%  N2 -0.66%  N3 +0.20%  N2+N3 +0.11%  +K4 +0.41%
            +GK* +0.27%  +K4+GK +0.60%  +GK+DD +0.53%  +GK+XA +1.53%
  DATA      on time  prices 5s  funding booked  book today  shadow 15:00  carry today
            spot pot today
  SESSION   $-0.20 -0.04%  peak $502.58  dd 0.14%
  CURVE     ====++++++=========
  MONTH     book guard $0.00 of $100.00 used  on marked equity  from $500.00  dial 20%
            ..........................
  RECORD    book closed 3  2W 1L  net $-0.09  fees and funding in
  FEES      no fills yet this run (the book trades at 00:05 UTC)
  ------------------------------------------------------------------------------------------------
 
21:11:51 | 
21:11:51 | ============================================================
21:11:51 | 📊 POSITION SUMMARY (8-MIN UPDATE)
21:11:51 | 💰 Equity: $499.67 | Unrealized: $+2.20
21:11:51 | 💵 Available: $439.17 after open P&L | Locked: $62.70
21:11:51 | 📈 Session: $-0.20 (-0.0%)
21:11:51 | 🎯 C510 Book (what trades): 9 positions, gross 0.63x, open $+2.20 | rule C2 N2+N3 + range vol (GK) | closed 3: 2W/1L $-0.09 | since 01 Oct +0.37% (normal)
21:11:51 | ============================================================
21:11:51 | ============================================================
21:11:51 | 🔻 Book guard: $0.00 of $100.00 used this month on marked equity (0%, from $500.00) · realised today -0.00% [C497]
21:11:51 | ============================================================
21:11:51 | 
