
  ================================================================================================
  OMEGA C543  PAPER  Binance perps
  09 Oct 2026   00:34
  start $502.38 realised  risk dial 20%/month
  ================================================================================================

  RISK FRAME -------------------------------------------------------------------------------------
  EQUITY    $502.38 realised  741 markets
  MONTH     dial 20% = $100.00 this month
            used $0.00 realised (the guard counts MARKED equity once prices load)
  BOOK      daily trend + momentum + carry, rebalanced 00:05 UTC
            month guard on MARKED equity (open P&L counts)  intraday scanner idle
  ------------------------------------------------------------------------------------------------



  00:42  up 0h08m  daily book --------------------------------------------------------------------
  PLAN      $999.35 of $1,000.00 ($-0.65)  after tax on net profit $999.35
            Delta vs CoinDCX funding gap $999.35  paper
  BELOW     experiments, not your money
  EQUITY    $494.04  unreal $-8.34
  OPEN      no intraday positions  book holds 12 (BOOK row)  free $430.10 after open P&L
  SHADOW    intraday M1 $483.88 (-3.17%)  M1g $504.93 (+1.04%)  7d paper only
  CARRY     $499.07 (-0.15%)  7 held  paper only
  SPOT      $247.69 (-0.92%)  2 held  7% invested  cash earns 6.69%  paper pot
  SAVINGS   idle $306.51 (62%)  at 6.69% +$0.44 so far  ~$1.71/month  paper
  BFUSD     wallet $493.93 at 7.66%  +$0.69 so far  ~$3.15/month  vs Savings $1.71  paper
  DELTA     $492.79 (-1.44%)  10 held  fees $0.40  funding $+0.13
            paper experiment: the book on Delta
  XVENUE    $998.28 (-0.17%)  10 pairs  funding $+7.48  fees $6.95  paper, Delta vs CoinDCX
  TESTS     every 8 h: ahead $0.01, 2 days  3-day avg: level $0.00, 2 days
            15 x 12%: scored from 06:00 IST  paper, vs your daily rule
  BOOK      12 pos gross $281.48 (0.57x)  open $-8.34  funding $-0.03  vol 27% top 20
            rebal 2026-10-08
  CONTEXT   since 01 Oct $-5.96 (-1.19%) in 7.6d  normal -2.9% to +6.5%  bottom 26%: normal
  RULE      C2 N2+N3 + range vol (GK)  forward test (paper)
  TOURNEY   7d from 2026-10-01  base -0.19%  N2 -0.50%  N3 -0.31%  N2+N3 -0.52%  +K4 -0.98%
            +GK* -0.32%  +K4+GK -0.64%  +GK+DD -0.06%  +GK+XA +0.33%
  DATA      on time  prices 32s  funding booked  book today  shadow 19:00  carry today
            spot pot today
  SESSION   $+0.08 +0.02%
  MONTH     book guard $5.96 of $100.00 used  on marked equity  from $500.00  dial 20%
            ##........................
  RECORD    book closed 9  5W 4L  net $+1.58  fees and funding in
  FEES      no fills yet this run (the book trades at 00:05 UTC)
  ------------------------------------------------------------------------------------------------



  00:50  up 0h16m  daily book --------------------------------------------------------------------
  PLAN      $998.99 of $1,000.00 ($-1.01)  after tax on net profit $998.99
            Delta vs CoinDCX funding gap $998.99  paper
  BELOW     experiments, not your money
  EQUITY    $493.93  unreal $-8.45
  OPEN      no intraday positions  book holds 12 (BOOK row)  free $429.99 after open P&L
  SHADOW    intraday M1 $483.88 (-3.17%)  M1g $504.93 (+1.04%)  7d paper only
  CARRY     $499.07 (-0.15%)  7 held  paper only
  SPOT      $247.68 (-0.93%)  2 held  7% invested  cash earns 6.69%  paper pot
  SAVINGS   idle $306.51 (62%)  at 6.69% +$0.44 so far  ~$1.71/month  paper
  BFUSD     wallet $493.93 at 7.66%  +$0.69 so far  ~$3.15/month  vs Savings $1.71  paper
  DELTA     $492.86 (-1.43%)  10 held  fees $0.40  funding $+0.13
            paper experiment: the book on Delta
  XVENUE    $998.28 (-0.17%)  10 pairs  funding $+7.48  fees $6.95  paper, Delta vs CoinDCX
  TESTS     every 8 h: ahead $0.01, 2 days  3-day avg: level $0.00, 2 days
            15 x 12%: scored from 06:00 IST  paper, vs your daily rule
  BOOK      12 pos gross $281.75 (0.57x)  open $-8.45  funding $-0.03  vol 27% top 20
            rebal 2026-10-08
  CONTEXT   since 01 Oct $-6.07 (-1.21%) in 7.7d  normal -2.9% to +6.5%  bottom 25%: normal
  RULE      C2 N2+N3 + range vol (GK)  forward test (paper)
  TOURNEY   7d from 2026-10-01  base -0.19%  N2 -0.50%  N3 -0.31%  N2+N3 -0.52%  +K4 -0.98%
            +GK* -0.32%  +K4+GK -0.64%  +GK+DD -0.06%  +GK+XA +0.33%
  DATA      on time  prices 23s  funding booked  book today  shadow 19:00  carry today
            spot pot today
  SESSION   $-0.03 -0.01%  peak $494.04  dd 0.02%
  MONTH     book guard $6.07 of $100.00 used  on marked equity  from $500.00  dial 20%
            ##........................
  RECORD    book closed 9  5W 4L  net $+1.58  fees and funding in
  FEES      no fills yet this run (the book trades at 00:05 UTC)
  ------------------------------------------------------------------------------------------------



  00:58  up 0h24m  daily book --------------------------------------------------------------------
  PLAN      $999.06 of $1,000.00 ($-0.94)  after tax on net profit $999.06
            Delta vs CoinDCX funding gap $999.06  paper
  BELOW     experiments, not your money
  EQUITY    $494.16  unreal $-8.22
  OPEN      no intraday positions  book holds 12 (BOOK row)  free $430.22 after open P&L
  SHADOW    intraday M1 $483.88 (-3.17%)  M1g $504.93 (+1.04%)  7d paper only
  CARRY     $499.07 (-0.15%)  7 held  paper only
  SPOT      $247.72 (-0.91%)  2 held  7% invested  cash earns 6.69%  paper pot
  SAVINGS   idle $306.72 (62%)  at 6.69% +$0.44 so far  ~$1.71/month  paper
  BFUSD     wallet $494.21 at 7.66%  +$0.69 so far  ~$3.15/month  vs Savings $1.71  paper
  DELTA     $493.02 (-1.40%)  10 held  fees $0.40  funding $+0.13
            paper experiment: the book on Delta
  XVENUE    $998.28 (-0.17%)  10 pairs  funding $+7.48  fees $6.95  paper, Delta vs CoinDCX
  TESTS     every 8 h: ahead $0.01, 2 days  3-day avg: level $0.00, 2 days
            15 x 12%: scored from 06:00 IST  paper, vs your daily rule
  BOOK      12 pos gross $282.28 (0.57x)  open $-8.22  funding $-0.03  vol 27% top 20
            rebal 2026-10-08
  CONTEXT   since 01 Oct $-5.84 (-1.17%) in 7.7d  normal -2.9% to +6.5%  bottom 26%: normal
  RULE      C2 N2+N3 + range vol (GK)  forward test (paper)
  TOURNEY   7d from 2026-10-01  base -0.19%  N2 -0.50%  N3 -0.31%  N2+N3 -0.52%  +K4 -0.98%
            +GK* -0.32%  +K4+GK -0.64%  +GK+DD -0.06%  +GK+XA +0.33%
  DATA      on time  prices 17s  funding booked  book today  shadow 19:00  carry today
            spot pot today
  SESSION   $+0.20 +0.04%
  MONTH     book guard $5.84 of $100.00 used  on marked equity  from $500.00  dial 20%
            ##........................
  RECORD    book closed 9  5W 4L  net $+1.58  fees and funding in
  FEES      no fills yet this run (the book trades at 00:05 UTC)
  ------------------------------------------------------------------------------------------------



  01:06  up 0h32m  daily book --------------------------------------------------------------------
  PLAN      $998.85 of $1,000.00 ($-1.15)  after tax on net profit $998.85
            Delta vs CoinDCX funding gap $998.85  paper
  BELOW     experiments, not your money
  EQUITY    $494.47  unreal $-7.91
  OPEN      no intraday positions  book holds 12 (BOOK row)  free $430.53 after open P&L
  SHADOW    intraday M1 $483.88 (-3.17%)  M1g $504.93 (+1.04%)  7d paper only
  CARRY     $499.07 (-0.15%)  7 held  paper only
  SPOT      $247.75 (-0.90%)  2 held  7% invested  cash earns 6.69%  paper pot
  SAVINGS   idle $306.98 (62%)  at 6.69% +$0.44 so far  ~$1.71/month  paper
  BFUSD     wallet $494.56 at 7.66%  +$0.69 so far  ~$3.16/month  vs Savings $1.71  paper
  DELTA     $493.39 (-1.32%)  10 held  fees $0.40  funding $+0.13
            paper experiment: the book on Delta
  XVENUE    $998.28 (-0.17%)  10 pairs  funding $+7.48  fees $6.95  paper, Delta vs CoinDCX
  TESTS     every 8 h: ahead $0.01, 2 days  3-day avg: level $0.00, 2 days
            15 x 12%: scored from 06:00 IST  paper, vs your daily rule
  BOOK      12 pos gross $283.01 (0.57x)  open $-7.91  funding $-0.03  vol 27% top 20
            rebal 2026-10-08
  CONTEXT   since 01 Oct $-5.53 (-1.11%) in 7.7d  normal -2.9% to +6.5%  bottom 27%: normal
  RULE      C2 N2+N3 + range vol (GK)  forward test (paper)
  TOURNEY   7d from 2026-10-01  base -0.19%  N2 -0.50%  N3 -0.31%  N2+N3 -0.52%  +K4 -0.98%
            +GK* -0.32%  +K4+GK -0.64%  +GK+DD -0.06%  +GK+XA +0.33%
  DATA      on time  prices 9s  funding booked  book today  shadow 19:00  carry today
            spot pot today
  SESSION   $+0.51 +0.10%
  MONTH     book guard $5.53 of $100.00 used  on marked equity  from $500.00  dial 20%
            #.........................
  RECORD    book closed 9  5W 4L  net $+1.58  fees and funding in
  FEES      no fills yet this run (the book trades at 00:05 UTC)
  ------------------------------------------------------------------------------------------------



  01:14  up 0h40m  daily book --------------------------------------------------------------------
  PLAN      $999.14 of $1,000.00 ($-0.86)  after tax on net profit $999.14
            Delta vs CoinDCX funding gap $999.14  paper
  BELOW     experiments, not your money
  EQUITY    $494.50  unreal $-7.88
  OPEN      no intraday positions  book holds 12 (BOOK row)  free $430.56 after open P&L
  SHADOW    intraday M1 $483.88 (-3.17%)  M1g $504.93 (+1.04%)  7d paper only
  CARRY     $499.07 (-0.15%)  7 held  paper only
  SPOT      $247.77 (-0.89%)  2 held  7% invested  cash earns 6.69%  paper pot
  SAVINGS   idle $306.95 (62%)  at 6.69% +$0.44 so far  ~$1.71/month  paper
  BFUSD     wallet $494.52 at 7.66%  +$0.69 so far  ~$3.16/month  vs Savings $1.71  paper
  DELTA     $493.65 (-1.27%)  10 held  fees $0.40  funding $+0.13
            paper experiment: the book on Delta
  XVENUE    $998.28 (-0.17%)  10 pairs  funding $+7.48  fees $6.95  paper, Delta vs CoinDCX
  TESTS     every 8 h: ahead $0.01, 2 days  3-day avg: level $0.00, 2 days
            15 x 12%: scored from 06:00 IST  paper, vs your daily rule
  BOOK      12 pos gross $283.50 (0.57x)  open $-7.88  funding $-0.03  vol 27% top 20
            rebal 2026-10-08
  CONTEXT   since 01 Oct $-5.50 (-1.10%) in 7.7d  normal -2.9% to +6.5%  bottom 27%: normal
  RULE      C2 N2+N3 + range vol (GK)  forward test (paper)
  TOURNEY   7d from 2026-10-01  base -0.19%  N2 -0.50%  N3 -0.31%  N2+N3 -0.52%  +K4 -0.98%
            +GK* -0.32%  +K4+GK -0.64%  +GK+DD -0.06%  +GK+XA +0.33%
  DATA      on time  prices 3s  funding booked  book today  shadow 19:00  carry today
            spot pot today
  SESSION   $+0.54 +0.11%
  CURVE     ====++
  MONTH     book guard $5.50 of $100.00 used  on marked equity  from $500.00  dial 20%
            #.........................
  RECORD    book closed 9  5W 4L  net $+1.58  fees and funding in
  FEES      no fills yet this run (the book trades at 00:05 UTC)
  ------------------------------------------------------------------------------------------------



  01:22  up 0h48m  daily book --------------------------------------------------------------------
  PLAN      $998.68 of $1,000.00 ($-1.32)  after tax on net profit $998.68
            Delta vs CoinDCX funding gap $998.68  paper
  BELOW     experiments, not your money
  EQUITY    $494.49  unreal $-7.89
  OPEN      no intraday positions  book holds 12 (BOOK row)  free $430.55 after open P&L
  SHADOW    intraday M1 $483.88 (-3.17%)  M1g $504.93 (+1.04%)  7d paper only
  CARRY     $499.07 (-0.15%)  7 held  paper only
  SPOT      $247.77 (-0.89%)  2 held  7% invested  cash earns 6.69%  paper pot
  SAVINGS   idle $306.93 (62%)  at 6.69% +$0.44 so far  ~$1.71/month  paper
  BFUSD     wallet $494.49 at 7.66%  +$0.69 so far  ~$3.16/month  vs Savings $1.71  paper
  DELTA     $493.76 (-1.25%)  10 held  fees $0.40  funding $+0.13
            paper experiment: the book on Delta
  XVENUE    $998.28 (-0.17%)  10 pairs  funding $+7.48  fees $6.95  paper, Delta vs CoinDCX
  TESTS     every 8 h: ahead $0.01, 2 days  3-day avg: level $0.00, 2 days
            15 x 12%: scored from 06:00 IST  paper, vs your daily rule
  BOOK      12 pos gross $283.73 (0.57x)  open $-7.89  funding $-0.03  vol 27% top 20
            rebal 2026-10-08
  CONTEXT   since 01 Oct $-5.51 (-1.10%) in 7.7d  normal -2.9% to +6.5%  bottom 27%: normal
  RULE      C2 N2+N3 + range vol (GK)  forward test (paper)
  TOURNEY   7d from 2026-10-01  base -0.19%  N2 -0.50%  N3 -0.31%  N2+N3 -0.52%  +K4 -0.98%
            +GK* -0.32%  +K4+GK -0.64%  +GK+DD -0.06%  +GK+XA +0.33%
  DATA      on time  prices 36s  funding booked  book today  shadow 19:00  carry today
            spot pot today
  SESSION   $+0.53 +0.11%  peak $494.50
  CURVE     ====+++
  MONTH     book guard $5.51 of $100.00 used  on marked equity  from $500.00  dial 20%
            #.........................
  RECORD    book closed 9  5W 4L  net $+1.58  fees and funding in
  FEES      no fills yet this run (the book trades at 00:05 UTC)
  ------------------------------------------------------------------------------------------------



  01:30  up 0h56m  daily book --------------------------------------------------------------------
  PLAN      $999.14 of $1,000.00 ($-0.86)  after tax on net profit $999.14
            Delta vs CoinDCX funding gap $999.14  paper
  BELOW     experiments, not your money
  EQUITY    $494.39  unreal $-7.98
  OPEN      no intraday positions  book holds 12 (BOOK row)  free $430.45 after open P&L
  SHADOW    intraday M1 $483.88 (-3.17%)  M1g $504.93 (+1.04%)  7d paper only
  CARRY     $499.07 (-0.15%)  7 held  paper only
  SPOT      $247.77 (-0.89%)  2 held  7% invested  cash earns 6.69%  paper pot
  SAVINGS   idle $306.86 (62%)  at 6.69% +$0.44 so far  ~$1.71/month  paper
  BFUSD     wallet $494.40 at 7.66%  +$0.69 so far  ~$3.16/month  vs Savings $1.71  paper
  DELTA     $493.89 (-1.22%)  10 held  fees $0.40  funding $+0.13
            paper experiment: the book on Delta
  XVENUE    $998.28 (-0.17%)  10 pairs  funding $+7.48  fees $6.95  paper, Delta vs CoinDCX
  TESTS     every 8 h: ahead $0.01, 2 days  3-day avg: level $0.00, 2 days
            15 x 12%: scored from 06:00 IST  paper, vs your daily rule
  BOOK      12 pos gross $283.52 (0.57x)  open $-7.98  funding $-0.03  vol 27% top 20
            rebal 2026-10-08
  CONTEXT   since 01 Oct $-5.61 (-1.12%) in 7.7d  normal -2.9% to +6.5%  bottom 27%: normal
  RULE      C2 N2+N3 + range vol (GK)  forward test (paper)
  TOURNEY   7d from 2026-10-01  base -0.19%  N2 -0.50%  N3 -0.31%  N2+N3 -0.52%  +K4 -0.98%
            +GK* -0.32%  +K4+GK -0.64%  +GK+DD -0.06%  +GK+XA +0.33%
  DATA      on time  prices 28s  funding booked  book today  shadow 19:00  carry today
            spot pot today
  SESSION   $+0.43 +0.09%  peak $494.50  dd 0.02%
  CURVE     ====++++
  MONTH     book guard $5.61 of $100.00 used  on marked equity  from $500.00  dial 20%
            #.........................
  RECORD    book closed 9  5W 4L  net $+1.58  fees and funding in
  FEES      no fills yet this run (the book trades at 00:05 UTC)
  ------------------------------------------------------------------------------------------------



  01:38  up 1h04m  daily book --------------------------------------------------------------------
  PLAN      $999.27 of $1,000.00 ($-0.73)  after tax on net profit $999.27
            Delta vs CoinDCX funding gap $999.27  paper
  BELOW     experiments, not your money
  EQUITY    $494.43  unreal $-7.94
  OPEN      no intraday positions  book holds 12 (BOOK row)  free $430.49 after open P&L
  SHADOW    intraday M1 $484.84 (-2.98%)  M1g $505.71 (+1.20%)  7d paper only
  CARRY     $499.07 (-0.15%)  7 held  paper only
  SPOT      $247.79 (-0.88%)  2 held  7% invested  cash earns 6.69%  paper pot
  SAVINGS   idle $306.91 (62%)  at 6.69% +$0.44 so far  ~$1.71/month  paper
  BFUSD     wallet $494.47 at 7.66%  +$0.69 so far  ~$3.16/month  vs Savings $1.71  paper
  DELTA     $493.96 (-1.21%)  10 held  fees $0.40  funding $+0.13
            paper experiment: the book on Delta
  XVENUE    $998.28 (-0.17%)  10 pairs  funding $+7.48  fees $6.95  paper, Delta vs CoinDCX
  TESTS     every 8 h: ahead $0.01, 2 days  3-day avg: level $0.00, 2 days
            15 x 12%: scored from 06:00 IST  paper, vs your daily rule
  BOOK      12 pos gross $284.46 (0.57x)  open $-7.94  funding $-0.03  vol 27% top 20
            rebal 2026-10-08
  CONTEXT   since 01 Oct $-5.57 (-1.11%) in 7.7d  normal -2.9% to +6.5%  bottom 27%: normal
  RULE      C2 N2+N3 + range vol (GK)  forward test (paper)
  TOURNEY   7d from 2026-10-01  base -0.19%  N2 -0.50%  N3 -0.31%  N2+N3 -0.52%  +K4 -0.98%
            +GK* -0.32%  +K4+GK -0.64%  +GK+DD -0.06%  +GK+XA +0.33%
  DATA      on time  prices 21s  funding booked  book today  shadow 20:00  carry today
            spot pot today
  SESSION   $+0.47 +0.10%  peak $494.50  dd 0.01%
  CURVE     ====+++++
  MONTH     book guard $5.57 of $100.00 used  on marked equity  from $500.00  dial 20%
            #.........................
  RECORD    book closed 9  5W 4L  net $+1.58  fees and funding in
  FEES      no fills yet this run (the book trades at 00:05 UTC)
  ------------------------------------------------------------------------------------------------



  01:46  up 1h12m  daily book --------------------------------------------------------------------
  PLAN      $999.94 of $1,000.00 ($-0.06)  after tax on net profit $999.94
            Delta vs CoinDCX funding gap $999.94  paper
  BELOW     experiments, not your money
  EQUITY    $494.83  unreal $-7.54
  OPEN      no intraday positions  book holds 12 (BOOK row)  free $430.89 after open P&L
  SHADOW    intraday M1 $484.84 (-2.98%)  M1g $505.71 (+1.20%)  7d paper only
  CARRY     $499.07 (-0.15%)  7 held  paper only
  SPOT      $247.84 (-0.86%)  2 held  7% invested  cash earns 6.69%  paper pot
  SAVINGS   idle $307.22 (62%)  at 6.69% +$0.44 so far  ~$1.71/month  paper
  BFUSD     wallet $494.88 at 7.66%  +$0.69 so far  ~$3.16/month  vs Savings $1.71  paper
  DELTA     $494.37 (-1.13%)  10 held  fees $0.40  funding $+0.13
            paper experiment: the book on Delta
  XVENUE    $998.28 (-0.17%)  10 pairs  funding $+7.48  fees $6.95  paper, Delta vs CoinDCX
  TESTS     every 8 h: ahead $0.01, 2 days  3-day avg: level $0.00, 2 days
            15 x 12%: scored from 06:00 IST  paper, vs your daily rule
  BOOK      12 pos gross $285.03 (0.58x)  open $-7.54  funding $-0.03  vol 27% top 20
            rebal 2026-10-08
  CONTEXT   since 01 Oct $-5.17 (-1.03%) in 7.7d  normal -2.9% to +6.5%  bottom 28%: normal
  RULE      C2 N2+N3 + range vol (GK)  forward test (paper)
  TOURNEY   7d from 2026-10-01  base -0.19%  N2 -0.50%  N3 -0.31%  N2+N3 -0.52%  +K4 -0.98%
            +GK* -0.32%  +K4+GK -0.64%  +GK+DD -0.06%  +GK+XA +0.33%
  DATA      on time  prices 21s  funding booked  book today  shadow 20:00  carry today
            spot pot today
  SESSION   $+0.87 +0.18%
  CURVE     ====++++++
  MONTH     book guard $5.17 of $100.00 used  on marked equity  from $500.00  dial 20%
            #.........................
  RECORD    book closed 9  5W 4L  net $+1.58  fees and funding in
  FEES      no fills yet this run (the book trades at 00:05 UTC)
  ------------------------------------------------------------------------------------------------



  01:54  up 1h20m  daily book --------------------------------------------------------------------
  PLAN      $999.59 of $1,000.00 ($-0.41)  after tax on net profit $999.59
            Delta vs CoinDCX funding gap $999.59  paper
  BELOW     experiments, not your money
  EQUITY    $494.94  unreal $-7.43
  OPEN      no intraday positions  book holds 12 (BOOK row)  free $431.00 after open P&L
  SHADOW    intraday M1 $484.84 (-2.98%)  M1g $505.71 (+1.20%)  7d paper only
  CARRY     $499.07 (-0.15%)  7 held  paper only
  SPOT      $247.86 (-0.85%)  2 held  7% invested  cash earns 6.69%  paper pot
  SAVINGS   idle $307.21 (62%)  at 6.69% +$0.44 so far  ~$1.71/month  paper
  BFUSD     wallet $494.87 at 7.66%  +$0.69 so far  ~$3.16/month  vs Savings $1.71  paper
  DELTA     $494.42 (-1.12%)  10 held  fees $0.40  funding $+0.13
            paper experiment: the book on Delta
  XVENUE    $998.28 (-0.17%)  10 pairs  funding $+7.48  fees $6.95  paper, Delta vs CoinDCX
  TESTS     every 8 h: ahead $0.01, 2 days  3-day avg: level $0.00, 2 days
            15 x 12%: scored from 06:00 IST  paper, vs your daily rule
  BOOK      12 pos gross $284.95 (0.58x)  open $-7.43  funding $-0.03  vol 27% top 20
            rebal 2026-10-08
  CONTEXT   since 01 Oct $-5.06 (-1.01%) in 7.7d  normal -2.9% to +6.5%  bottom 29%: normal
  RULE      C2 N2+N3 + range vol (GK)  forward test (paper)
  TOURNEY   7d from 2026-10-01  base -0.19%  N2 -0.50%  N3 -0.31%  N2+N3 -0.52%  +K4 -0.98%
            +GK* -0.32%  +K4+GK -0.64%  +GK+DD -0.06%  +GK+XA +0.33%
  DATA      on time  prices 8s  funding booked  book today  shadow 20:00  carry today
            spot pot today
  SESSION   $+0.98 +0.20%
  CURVE     ====+++==++
  MONTH     book guard $5.06 of $100.00 used  on marked equity  from $500.00  dial 20%
            #.........................
  RECORD    book closed 9  5W 4L  net $+1.58  fees and funding in
  FEES      no fills yet this run (the book trades at 00:05 UTC)
  ------------------------------------------------------------------------------------------------



  02:02  up 1h28m  daily book --------------------------------------------------------------------
  PLAN      $999.54 of $1,000.00 ($-0.46)  after tax on net profit $999.54
            Delta vs CoinDCX funding gap $999.54  paper
  BELOW     experiments, not your money
  EQUITY    $494.82  unreal $-7.55
  OPEN      no intraday positions  book holds 12 (BOOK row)  free $430.88 after open P&L
  SHADOW    intraday M1 $484.84 (-2.98%)  M1g $505.71 (+1.20%)  7d paper only
  CARRY     $499.07 (-0.15%)  7 held  paper only
  SPOT      $247.86 (-0.86%)  2 held  7% invested  cash earns 6.69%  paper pot
  SAVINGS   idle $307.14 (62%)  at 6.69% +$0.44 so far  ~$1.71/month  paper
  BFUSD     wallet $494.78 at 7.66%  +$0.69 so far  ~$3.16/month  vs Savings $1.71  paper
  DELTA     $494.38 (-1.12%)  10 held  fees $0.40  funding $+0.13
            paper experiment: the book on Delta
  XVENUE    $998.28 (-0.17%)  10 pairs  funding $+7.48  fees $6.95  paper, Delta vs CoinDCX
  TESTS     every 8 h: ahead $0.01, 2 days  3-day avg: level $0.00, 2 days
            15 x 12%: scored from 06:00 IST  paper, vs your daily rule
  BOOK      12 pos gross $284.87 (0.58x)  open $-7.55  funding $-0.03  vol 27% top 20
            rebal 2026-10-08
  CONTEXT   since 01 Oct $-5.18 (-1.04%) in 7.7d  normal -2.9% to +6.5%  bottom 28%: normal
  RULE      C2 N2+N3 + range vol (GK)  forward test (paper)
  TOURNEY   7d from 2026-10-01  base -0.19%  N2 -0.50%  N3 -0.31%  N2+N3 -0.52%  +K4 -0.98%
            +GK* -0.32%  +K4+GK -0.64%  +GK+DD -0.06%  +GK+XA +0.33%
  DATA      on time  prices 2s  funding booked  book today  shadow 20:00  carry today
            spot pot today
  SESSION   $+0.86 +0.17%  peak $494.94  dd 0.02%
  CURVE     ====+++==+++
  MONTH     book guard $5.18 of $100.00 used  on marked equity  from $500.00  dial 20%
            #.........................
  RECORD    book closed 9  5W 4L  net $+1.58  fees and funding in
  FEES      no fills yet this run (the book trades at 00:05 UTC)
  ------------------------------------------------------------------------------------------------



  02:10  up 1h36m  daily book --------------------------------------------------------------------
  PLAN      $999.87 of $1,000.00 ($-0.13)  after tax on net profit $999.87
            Delta vs CoinDCX funding gap $999.87  paper
  BELOW     experiments, not your money
  EQUITY    $494.83  unreal $-7.54
  OPEN      no intraday positions  book holds 12 (BOOK row)  free $430.89 after open P&L
  SHADOW    intraday M1 $484.84 (-2.98%)  M1g $505.71 (+1.20%)  7d paper only
  CARRY     $499.07 (-0.15%)  7 held  paper only
  SPOT      $247.88 (-0.85%)  2 held  7% invested  cash earns 6.69%  paper pot
  SAVINGS   idle $307.18 (62%)  at 6.69% +$0.44 so far  ~$1.71/month  paper
  BFUSD     wallet $494.83 at 7.66%  +$0.69 so far  ~$3.16/month  vs Savings $1.71  paper
  DELTA     $494.35 (-1.13%)  10 held  fees $0.40  funding $+0.13
            paper experiment: the book on Delta
  XVENUE    $998.28 (-0.17%)  10 pairs  funding $+7.48  fees $6.95  paper, Delta vs CoinDCX
  TESTS     every 8 h: ahead $0.01, 2 days  3-day avg: level $0.00, 2 days
            15 x 12%: scored from 06:00 IST  paper, vs your daily rule
  BOOK      12 pos gross $285.44 (0.58x)  open $-7.54  funding $-0.03  vol 27% top 20
            rebal 2026-10-08
  CONTEXT   since 01 Oct $-5.17 (-1.03%) in 7.7d  normal -3.0% to +6.5%  bottom 28%: normal
  RULE      C2 N2+N3 + range vol (GK)  forward test (paper)
  TOURNEY   7d from 2026-10-01  base -0.19%  N2 -0.50%  N3 -0.31%  N2+N3 -0.52%  +K4 -0.98%
            +GK* -0.32%  +K4+GK -0.64%  +GK+DD -0.06%  +GK+XA +0.33%
  DATA      on time  prices 36s  funding booked  book today  shadow 20:00  carry today
            spot pot today
  SESSION   $+0.87 +0.18%  peak $494.94  dd 0.02%
  CURVE     ====+++==++++
  MONTH     book guard $5.17 of $100.00 used  on marked equity  from $500.00  dial 20%
            #.........................
  RECORD    book closed 9  5W 4L  net $+1.58  fees and funding in
  FEES      no fills yet this run (the book trades at 00:05 UTC)
  ------------------------------------------------------------------------------------------------

