
  ================================================================================================
  OMEGA C466  PAPER  Bitget perps
  19 Sep 2026   07:55
  start $249.26  day -0.68% loss
  ================================================================================================

  << 07:56  CLOSE  S LONG @0.034000  -0.90% $-0.52  LOSS
       held 6m  REL_DRAWDOWN: PnL=-2.3%(  -0.55R  TAKER
  >> 08:02  OPEN   ADA LONG @0.231200  x2 $11.74
       target +4.5%  stop -1.3%  entry score 0.61  maker
  >> 08:02  OPEN   PYTH LONG @0.060770  x2 $5.00
       target +3.7%  stop -1.1%  entry score 0.45  maker


  08:03  up 0h08m  scan 2 ------------------------------------------------------------------------
  EQUITY    $248.76  unreal $+0.02
  SESSION   $-0.50 -0.20%  peak $249.26  dd 0.20%
  DAY       real $-1.26  loss room $1.70 (0.68%)  74% used  vol x1.00  trust x1.00
            ###################.......
  RECORD    1 closed  0W 1L  win 0%  avg $-0.52/tr
  LIFETIME  11tr 4W 7L 36%  $-1.26
  OPEN      2 pos $16.74 (7%)  free $232.00
  FEES      $0.04  mk2/tk1  0.015% of eq
  SCAN      797 > 60 > 3 passed  top ADA 0.61 (viable)  2 scans, 120 analysed
  MARKET    TRENDING  bias +0.36  breadth +0.25  taker flow +0.48
  NEWS      65 articles  + tone +0.08  UNI +0.40  DOGE +0.38  PEPE +0.38
  INFO      3 tilted  flow/news on 60
  MOVERS    AKE +103% #8  ONE +80% #9  G +51% #12  MYX +48% #31
  TAPE      -
  ------------------------------------------------------------------------------------------------
  PAIR     SIDE       ENTRY      MARK    MOVE     P&L   AGE  THESIS
  ADA      LONG    0.231200  0.231400  +0.09%   +0.00    0m  + 80% left
  PYTH     LONG    0.060770  0.060910  +0.23%   +0.02    0m  + 67% left
  ------------------------------------------------------------------------------------------------

  -> 08:11  HALF   ADA LONG @0.234100  +1.25% $+0.14
       win half banked  maker  $5.87 rides on


  08:11  up 0h16m  scan 3 ------------------------------------------------------------------------
  EQUITY    $249.10  unreal $+0.22
  SESSION   $-0.16 -0.06%  peak $249.26  dd 0.06%
  DAY       real $-1.12  loss room $1.72 (0.69%)  65% used  vol x1.01  trust x1.00
            #################.........
  RECORD    1 closed  0W 1L  win 0%  avg $-0.52/tr
  LIFETIME  11tr 4W 7L 36%  $-1.12
  OPEN      2 pos $10.87 (4%)  free $238.01
  FEES      $0.04  mk3/tk1  0.016% of eq
  SCAN      797 > 20 > 0 passed  top KAITO 0.64 (vol_floor)  3 scans, 140 analysed
  MARKET    TRENDING  bias +0.34  breadth +0.27  taker flow +0.50
  NEWS      65 articles  + tone +0.08  UNI +0.40  DOGE +0.38  PEPE +0.38
  INFO      3 tilted  flow/news on 60
  MOVERS    AKE +97% #8  ONE +83% #7  G +57% #10  STRK +45% #18
  TAPE      -
  ------------------------------------------------------------------------------------------------
  PAIR     SIDE       ENTRY      MARK    MOVE     P&L   AGE  THESIS
  ADA      LONG    0.231200  0.234300  +1.34%   +0.15    8m  + 62% left
  PYTH     LONG    0.060770  0.061260  +0.81%   +0.07    8m  + 32% left
  ------------------------------------------------------------------------------------------------

  << 08:15  CLOSE  ADA LONG @0.233400  +0.95% $+0.11  WIN
       held 12m  TRAILING_TP: peak=+3.4%   kept 56% of a +1.69% peak  +0.54R  maker


  08:19  up 0h24m  scan 4 ------------------------------------------------------------------------
  EQUITY    $249.05  unreal $+0.06
  SESSION   $-0.21 -0.08%  peak $249.26  dd 0.08%
  CURVE     +==+=+
  DAY       real $-1.01  loss room $2.56 (1.02%)  39% used  vol x1.50  trust x1.00
            ##########................
  RECORD    2 closed  1W 1L  win 50%  payoff 0.21  avg $-0.21/tr  best $+0.11  worst $-0.52
            break-even 83%
  LIFETIME  12tr 5W 7L 42%  $-1.01
  OPEN      1 pos $5.00 (2%)  free $243.99
  FEES      $0.04  mk4/tk1  0.017% of eq
  SCAN      797 > 61 > 1 passed  top ADA 0.74 (viable)  4 scans, 201 analysed
  MARKET    TRENDING  bias +0.51  breadth +0.00  taker flow -0.55
  NEWS      65 articles  + tone +0.08  UNI +0.40  DOGE +0.38  PEPE +0.38
  INFO      3 tilted  flow/news on 60
  MOVERS    AKE +96% #8  ONE +71% #9  G +59% #10  MYX +48% #29
  TAPE      - +
  ------------------------------------------------------------------------------------------------
  PAIR     SIDE       ENTRY      MARK    MOVE     P&L   AGE  THESIS
  PYTH     LONG    0.060770  0.061180  +0.67%   +0.06   17m  + 40% left
  ------------------------------------------------------------------------------------------------

  -> 08:25  HALF   PYTH LONG @0.061520  +1.23% $+0.06
       win half banked  maker  $2.50 rides on


  08:27  up 0h32m  scan 5 ------------------------------------------------------------------------
  EQUITY    $249.11  unreal $+0.06
  SESSION   $-0.15 -0.06%  peak $249.26  dd 0.06%
  CURVE     +==+=++
  DAY       real $-0.95  loss room $2.16 (0.86%)  44% used  vol x1.27  trust x1.00
            ###########...............
  RECORD    2 closed  1W 1L  win 50%  payoff 0.21  avg $-0.21/tr  best $+0.11  worst $-0.52
            break-even 83%
  LIFETIME  12tr 5W 7L 42%  $-0.95
  OPEN      1 pos $2.50 (1%)  free $246.55
  FEES      $0.04  mk5/tk1  0.018% of eq
  SCAN      797 > 1 > 0 passed  top ADA 1.11 (mtf_disagree)  5 scans, 202 analysed
  MARKET    TRENDING  bias +0.57  breadth +0.00  taker flow -0.10
  NEWS      65 articles  + tone +0.52  UNI +0.40  DOGE +0.38  PEPE +0.38
  INFO      3 tilted  flow/news on 60
  MOVERS    AKE +96% #8  ONE +71% #9  G +59% #10  MYX +48% #29
  TAPE      - +
  ------------------------------------------------------------------------------------------------
  PAIR     SIDE       ENTRY      MARK    MOVE     P&L   AGE  THESIS
  PYTH     LONG    0.060770  0.061510  +1.22%   +0.06   25m  + 39% left
  ------------------------------------------------------------------------------------------------

  << 08:30  CLOSE  PYTH LONG @0.061400  +1.04% $+0.05  WIN
       held 27m  TRAILING_TP: peak=+2.9%   kept 72% of a +1.43% peak  +0.74R  maker


  08:36  up 0h41m  scan 7 ------------------------------------------------------------------------
  EQUITY    $249.10
  SESSION   $-0.16 -0.06%  peak $249.26  dd 0.06%
  CURVE     +==+=++++
  DAY       real $-0.90  loss room $2.16 (0.86%)  42% used  vol x1.27  trust x1.00
            ###########...............
  RECORD    3 closed  2W 1L  win 67%  payoff 0.15  avg $-0.12/tr  best $+0.11  worst $-0.52
            break-even 87%
  LIFETIME  13tr 6W 7L 46%  $-0.90
  OPEN      flat  free $249.10
  FEES      $0.04  mk6/tk1  0.018% of eq
  SCAN      797 > 61 > 0 passed  top ADA 0.84 (reentry-chase 0.6A)  7 scans, 265 analysed
  MARKET    TRENDING  bias +0.54  breadth +0.00  taker flow +0.05
  NEWS      65 articles  + tone +0.52  UNI +0.40  DOGE +0.38  PEPE +0.38
  INFO      3 tilted  flow/news on 60
            info>0 1tr $+0.05 win 100%  info≤0 1tr $+0.11 win 100%
  MOVERS    AKE +97% #8  ONE +77% #9  G +52% #11  MYX +49% #29
  TAPE      - + +
  ------------------------------------------------------------------------------------------------

  .. 08:44  flat  $249.10  $-0.16 -0.06%  2W 1L 67%  9 analysed
  .. 08:52  flat  $249.10  $-0.16 -0.06%  2W 1L 67%  60 analysed
  .. 09:00  flat  $249.10  $-0.16 -0.06%  2W 1L 67%  10 analysed


  09:08  up 1h13m  scan 11 -----------------------------------------------------------------------
  EQUITY    $249.10
  SESSION   $-0.16 -0.06%  peak $249.26  dd 0.06%
  CURVE     +==+=++++++++
  DAY       real $-0.90  loss room $2.30 (0.92%)  39% used  vol x1.35  trust x1.00
            ##########................
  RECORD    3 closed  2W 1L  win 67%  payoff 0.15  avg $-0.12/tr  best $+0.11  worst $-0.52
            break-even 87%
  LIFETIME  13tr 6W 7L 46%  $-0.90
  OPEN      flat  free $249.10
  FEES      $0.04  mk6/tk1  0.018% of eq
  SCAN      797 > 60 > 0 passed  top ZRO 0.51 (quality 0.276 < 0.)  11 scans, 404 analysed
  MARKET    TRENDING  bias +0.43  breadth +0.40  taker flow +0.07
  NEWS      65 articles  + tone +0.44  ONE +0.43  NEAR +0.41  XRP +0.29
  INFO      3 tilted  flow/news on 60
            info>0 1tr $+0.05 win 100%  info≤0 1tr $+0.11 win 100%
  MOVERS    AKE +95% #8  G +75% #7  ONE +58% #10  MYX +48% #24
  TAPE      - + +
  ------------------------------------------------------------------------------------------------

  >> 09:16  OPEN   ENA LONG @0.182100  x1 $25.20
       target +9.3%  stop -2.7%  entry score 0.67  maker
  >> 09:16  OPEN   OP LONG @0.124700  x1 $24.67
       target +8.7%  stop -2.5%  entry score 0.78  maker


  09:16  up 1h21m  scan 13 -----------------------------------------------------------------------
  EQUITY    $249.14  unreal $+0.04
  SESSION   $-0.12 -0.05%  peak $249.26  dd 0.05%
  CURVE     +==+=+++++++++
  DAY       real $-0.90  loss room $2.47 (0.99%)  36% used  vol x1.45  trust x1.00
            #########.................
  RECORD    3 closed  2W 1L  win 67%  payoff 0.15  avg $-0.12/tr  best $+0.11  worst $-0.52
            break-even 87%
  LIFETIME  13tr 6W 7L 46%  $-0.90
  OPEN      2 pos $49.87 (20%)  free $199.23
  FEES      $0.05  mk8/tk1  0.022% of eq
  SCAN      797 > 60 > 2 passed  top OP 0.78 (viable)  13 scans, 477 analysed
  MARKET    TRENDING  bias +0.53  breadth -0.15  taker flow +0.28
  NEWS      65 articles  + tone +0.44  NEAR +0.29  ZEC +0.28  UNI +0.28
  INFO      2 tilted  flow/news/oi on 103
            info>0 1tr $+0.05 win 100%  info≤0 1tr $+0.11 win 100%
  MOVERS    AKE +98% #9  G +71% #8  ONE +61% #11  MYX +49% #20
  TAPE      - + +
  ------------------------------------------------------------------------------------------------
  PAIR     SIDE       ENTRY      MARK    MOVE     P&L   AGE  THESIS
  ENA      LONG    0.182100  0.182230  +0.07%   -0.00    0m  - 76% left
  OP       LONG    0.124700  0.125000  +0.24%   +0.04    0m  + 100% left
  ------------------------------------------------------------------------------------------------



  09:24  up 1h29m  scan 14 -----------------------------------------------------------------------
  EQUITY    $249.70  unreal $+0.60
  SESSION   $+0.44 +0.18%
  CURVE     +=============+
  DAY       real $-0.90  loss room $2.56 (1.02%)  35% used  vol x1.50  trust x1.00
            #########.................
  RECORD    3 closed  2W 1L  win 67%  payoff 0.15  avg $-0.12/tr  best $+0.11  worst $-0.52
            break-even 87%
  LIFETIME  13tr 6W 7L 46%  $-0.90
  OPEN      2 pos $49.87 (20%)  free $199.23
  FEES      $0.05  mk8/tk1  0.022% of eq
  SCAN      797 > 15 > 0 passed  top ENA 0.82 (late-leg F=-0.05)  14 scans, 492 analysed
  MARKET    TRENDING  bias +0.56  breadth +0.07  taker flow -0.16
  NEWS      65 articles  + tone +0.44  NEAR +0.29  ZEC +0.28  UNI +0.28
  INFO      2 tilted  flow/news/oi on 103
            info>0 1tr $+0.05 win 100%  info≤0 1tr $+0.11 win 100%
  MOVERS    AKE +93% cut  G +71% #7  ONE +65% #8  AR +45% #19
  TAPE      - + +
  ------------------------------------------------------------------------------------------------
  PAIR     SIDE       ENTRY      MARK    MOVE     P&L   AGE  THESIS
  ENA      LONG    0.182100  0.183850  +0.96%   +0.22    8m  + 53% left
  OP       LONG    0.124700  0.126700  +1.60%   +0.38    8m  + 87% left
  ------------------------------------------------------------------------------------------------

  -> 09:28  HALF   OP LONG @0.128000  +2.65% $+0.32
       win half banked  maker  $12.34 rides on


  09:33  up 1h37m  scan 15 -----------------------------------------------------------------------
  EQUITY    $250.04  unreal $+0.62
  SESSION   $+0.78 +0.31%
  CURVE     =-============+*
  DAY       real $-0.58  loss room $2.56 (1.02%)  23% used  vol x1.50  trust x1.00
            ######....................
  RECORD    3 closed  2W 1L  win 67%  payoff 0.15  avg $-0.12/tr  best $+0.11  worst $-0.52
            break-even 87%
  LIFETIME  13tr 6W 7L 46%  $-0.58
  OPEN      2 pos $37.53 (15%)  free $211.89
  FEES      $0.06  mk9/tk1  0.023% of eq
  SCAN      797 > 60 > 0 passed  top ONDO 0.26 (score 0.191 < 0.47)  15 scans, 552 analysed
  MARKET    MIXED  bias +0.49  breadth +0.00  taker flow +0.24
  NEWS      65 articles  - tone -0.07  NEAR +0.29  ZEC +0.28  UNI +0.28
  INFO      2 tilted  flow/news/oi on 103
            info>0 1tr $+0.05 win 100%  info≤0 1tr $+0.11 win 100%
  MOVERS    AKE +94% cut  G +70% #6  ONE +61% #8  MYX +51% #21
  TAPE      - + +
  ------------------------------------------------------------------------------------------------
  PAIR     SIDE       ENTRY      MARK    MOVE     P&L   AGE  THESIS
  ENA      LONG    0.182100  0.184000  +1.04%   +0.24   16m  + 53% left
  OP       LONG    0.124700  0.128600  +3.13%   +0.38   16m  + 108% left
  ------------------------------------------------------------------------------------------------

  << 09:36  CLOSE  OP LONG @0.126800  +1.68% $+0.20  WIN
       held 20m  TRAILING_TP: peak=+3.4%   kept 49% of a +3.45% peak  +0.50R  maker


  09:41  up 1h45m  scan 16 -----------------------------------------------------------------------
  EQUITY    $249.58  unreal $-0.04
  SESSION   $+0.32 +0.13%  peak $250.04  dd 0.18%
  CURVE     =-============+*++
  DAY       real $-0.38  loss room $2.56 (1.02%)  15% used  vol x1.50  trust x1.00
            ####......................
  RECORD    4 closed  3W 1L  win 75%  payoff 0.23  avg $-0.04/tr  best $+0.20  worst $-0.52
            break-even 81%
  LIFETIME  14tr 7W 7L 50%  $-0.38
  OPEN      1 pos $25.20 (10%)  free $224.42
  FEES      $0.06  mk10/tk1  0.024% of eq
  SCAN      797 > 12 > 0 passed  top WLD 0.20 (score 0.196 < 0.50)  16 scans, 564 analysed
  MARKET    TRENDING  bias +0.31  breadth +0.00  taker flow +0.39
  NEWS      65 articles  - tone -0.07  XRP -0.25  STRK -0.24  ARB -0.24
  INFO      2 tilted  flow/news/oi on 103
            info>0 1tr $+0.05 win 100%  info≤0 2tr $+0.15 win 100%
  MOVERS    AKE +98% cut  G +71% #5  ONE +58% #6  MYX +56% #16
  TAPE      - + + +
  ------------------------------------------------------------------------------------------------
  PAIR     SIDE       ENTRY      MARK    MOVE     P&L   AGE  THESIS
  ENA      LONG    0.182100  0.181960  -0.08%   -0.04   24m  - 52% left
  ------------------------------------------------------------------------------------------------

  << 09:46  CLOSE  ENA LONG @0.181280  -0.45% $-0.13  LOSS
       held 30m  PEAK_REVERSAL: peak=+1.3  round trip from +1.34%  -0.13R  TAKER


  09:49  up 1h53m  scan 16 -----------------------------------------------------------------------
  EQUITY    $249.49
  SESSION   $+0.23 +0.09%  peak $250.04  dd 0.22%
  CURVE     =--===========+*++++
  DAY       real $-0.51  loss room $2.04 (0.82%)  25% used  vol x1.20  trust x1.00
            ######....................
  RECORD    5 closed  3W 2L  win 60%  payoff 0.37  avg $-0.06/tr  best $+0.20  worst $-0.52
            break-even 73%
  LIFETIME  15tr 7W 8L 47%  $-0.51
  OPEN      flat  free $249.49
  FEES      $0.07  mk10/tk2  0.030% of eq
  SCAN      797 > 12 > 0 passed  top WLD 0.20 (score 0.196 < 0.50)  16 scans, 564 analysed
  MARKET    TRENDING  bias +0.31  breadth -0.08  taker flow -0.56
  NEWS      65 articles  - tone -0.07  XRP -0.25  STRK -0.24  ARB -0.24
  INFO      2 tilted  flow/news/oi on 103
            info>0 2tr $-0.04 win 50%  info≤0 2tr $+0.15 win 100%
  MOVERS    AKE +98% cut  G +71% #5  ONE +58% #6  MYX +56% #16
  TAPE      - + + + -
  ------------------------------------------------------------------------------------------------

  >> 09:55  OPEN   VET LONG @0.00823800  x1 $25.52
       target +9.3%  stop -2.7%  entry score 0.52  maker


  09:57  up 2h01m  scan 17 -----------------------------------------------------------------------
  EQUITY    $249.53  unreal $+0.04
  SESSION   $+0.27 +0.11%  peak $250.04  dd 0.20%
  CURVE     =--===========+*+++++
  DAY       real $-0.51  loss room $2.04 (0.82%)  25% used  vol x1.20  trust x1.00
            ######....................
  RECORD    5 closed  3W 2L  win 60%  payoff 0.37  avg $-0.06/tr  best $+0.20  worst $-0.52
            break-even 73%
  LIFETIME  15tr 7W 8L 47%  $-0.51
  OPEN      1 pos $25.52 (10%)  free $223.97
  FEES      $0.08  mk11/tk2  0.032% of eq
  SCAN      797 > 60 > 2 passed  top VET 0.52 (viable)  17 scans, 624 analysed
  MARKET    TRENDING  bias +0.44  breadth +0.00  taker flow +0.36
  NEWS      65 articles  - tone -0.07  XRP -0.25  STRK -0.24  ARB -0.24
  INFO      2 tilted  flow/news/oi on 118
            info>0 2tr $-0.04 win 50%  info≤0 2tr $+0.15 win 100%
  MOVERS    AKE +102% #6  G +76% #5  ONE +58% #8  MYX +56% #17
  TAPE      - + + + -
  ------------------------------------------------------------------------------------------------
  PAIR     SIDE       ENTRY      MARK    MOVE     P&L   AGE  THESIS
  VET      LONG  0.008238000.00825700  +0.23%   +0.04    1m  + 56% left
  ------------------------------------------------------------------------------------------------



  10:05  up 2h09m  scan 19 -----------------------------------------------------------------------
  EQUITY    $249.44  unreal $-0.05
  SESSION   $+0.18 +0.07%  peak $250.04  dd 0.24%
  CURVE     =-============+*++++++
  DAY       real $-0.51  loss room $2.56 (1.02%)  20% used  vol x1.50  trust x1.00
            #####.....................
  RECORD    5 closed  3W 2L  win 60%  payoff 0.37  avg $-0.06/tr  best $+0.20  worst $-0.52
            break-even 73%
  LIFETIME  15tr 7W 8L 47%  $-0.51
  OPEN      1 pos $25.52 (10%)  free $223.97
  FEES      $0.08  mk11/tk2  0.032% of eq
  SCAN      797 > 60 > 0 passed  top OP 0.89 (reentry-chase 0.9A)  19 scans, 686 analysed
  MARKET    TRENDING  bias +0.36  breadth +0.00  taker flow +0.31
  NEWS      65 articles  + tone +0.25  XRP -0.25  STRK -0.24  ARB -0.24
  INFO      2 tilted  flow/news/oi on 118
            info>0 2tr $-0.04 win 50%  info≤0 2tr $+0.15 win 100%
  MOVERS    AKE +102% #6  G +76% #5  ONE +58% #8  MYX +56% #17
  TAPE      - + + + -
  ------------------------------------------------------------------------------------------------
  PAIR     SIDE       ENTRY      MARK    MOVE     P&L   AGE  THESIS
  VET      LONG  0.008238000.00822700  -0.13%   -0.05    9m  - 53% left
  ------------------------------------------------------------------------------------------------



  10:13  up 2h17m  scan 20 -----------------------------------------------------------------------
  EQUITY    $249.23  unreal $-0.26
  SESSION   $-0.03 -0.01%  peak $250.04  dd 0.32%
  CURVE     =-============+*++++++=
  DAY       real $-0.51  loss room $2.56 (1.02%)  20% used  vol x1.50  trust x1.00
            #####.....................
  RECORD    5 closed  3W 2L  win 60%  payoff 0.37  avg $-0.06/tr  best $+0.20  worst $-0.52
            break-even 73%
  LIFETIME  15tr 7W 8L 47%  $-0.51
  OPEN      1 pos $25.52 (10%)  free $223.97
  FEES      $0.08  mk11/tk2  0.032% of eq
  SCAN      797 > 10 > 0 passed  20 scans, 696 analysed
  MARKET    TRENDING  bias +0.33  breadth +0.07  taker flow +0.31
  NEWS      65 articles  + tone +0.25  STRK -0.24  ARB -0.24  ZEC +0.19
  INFO      2 tilted  flow/news/oi on 118
            info>0 2tr $-0.04 win 50%  info≤0 2tr $+0.15 win 100%
  MOVERS    AKE +117% #6  G +78% #7  MYX +52% #19  ONE +50% #8
  TAPE      - + + + -
  ------------------------------------------------------------------------------------------------
  PAIR     SIDE       ENTRY      MARK    MOVE     P&L   AGE  THESIS
  VET      LONG  0.008238000.00816200  -0.92%   -0.26   17m  - 40% left
  ------------------------------------------------------------------------------------------------

  << 10:16  CLOSE  VET LONG @0.00821300  -0.30% $-0.10  LOSS
       held 20m  REGIME_EXIT: R=-0.34 opp  round trip from +0.56%  -0.08R  TAKER


  10:21  up 2h25m  scan 20 -----------------------------------------------------------------------
  EQUITY    $249.39
  SESSION   $+0.13 +0.05%  peak $250.04  dd 0.26%
  CURVE     =--===========+*++++++=+=
  DAY       real $-0.61  loss room $2.17 (0.87%)  28% used  vol x1.27  trust x1.00
            #######...................
  RECORD    6 closed  3W 3L  win 50%  payoff 0.48  avg $-0.07/tr  best $+0.20  worst $-0.52
            break-even 68%
  LIFETIME  16tr 7W 9L 44%  $-0.61
  OPEN      flat  free $249.39
  FEES      $0.10  mk11/tk3  0.038% of eq
  SCAN      797 > 10 > 0 passed  20 scans, 696 analysed
  MARKET    TRENDING  bias +0.33  breadth -0.20  taker flow +0.06
  NEWS      65 articles  + tone +0.25  STRK -0.24  ARB -0.24  ZEC +0.19
  INFO      2 tilted  flow/news/oi on 118
            info>0 3tr $-0.06 win 33%  info≤0 2tr $+0.15 win 100%
  MOVERS    AKE +117% #6  G +78% #7  MYX +52% #19  ONE +50% #8
  TAPE      - + + + - -
  ------------------------------------------------------------------------------------------------

  .. 10:29  flat  $249.39  $+0.13 +0.05%  3W 3L 50%  60 analysed
  .. 10:37  flat  $249.39  $+0.13 +0.05%  3W 3L 50%  12 analysed
  .. 10:45  flat  $249.39  $+0.13 +0.05%  3W 3L 50%  12 analysed


  10:53  up 2h57m  scan 24 -----------------------------------------------------------------------
  EQUITY    $249.39
  SESSION   $+0.13 +0.05%  peak $250.04  dd 0.26%
  CURVE     =--===========+*++++++=+=====
  DAY       real $-0.61  loss room $2.47 (0.99%)  25% used  vol x1.45  trust x1.00
            ######....................
  RECORD    6 closed  3W 3L  win 50%  payoff 0.48  avg $-0.07/tr  best $+0.20  worst $-0.52
            break-even 68%
  LIFETIME  16tr 7W 9L 44%  $-0.61
  OPEN      flat  free $249.39
  FEES      $0.10  mk11/tk3  0.038% of eq
  SCAN      797 > 60 > 0 passed  top ETH 0.07 (score 0.068 < 0.46)  24 scans, 888 analysed
  MARKET    MIXED  bias +0.23  breadth +0.00  taker flow +0.13
  NEWS      65 articles  + tone +0.24  LINK +0.40  ARB -0.28  STRK -0.24
  INFO      2 tilted  flow/news/oi on 118
            info>0 3tr $-0.06 win 33%  info≤0 2tr $+0.15 win 100%
  MOVERS    AKE +129% #6  G +67% #8  MYX +52% #17  PIEVERSE +50% #22
  TAPE      - + + + - -
  ------------------------------------------------------------------------------------------------

  .. 11:01  flat  $249.39  $+0.13 +0.05%  3W 3L 50%  1 analysed
  .. 11:09  flat  $249.39  $+0.13 +0.05%  3W 3L 50%  60 analysed
  .. 11:17  flat  $249.39  $+0.13 +0.05%  3W 3L 50%  11 analysed


  11:25  up 3h29m  scan 28 -----------------------------------------------------------------------
  EQUITY    $249.39
  SESSION   $+0.13 +0.05%  peak $250.04  dd 0.26%
  CURVE     =--===========+*++++++=+=========
  DAY       real $-0.61  loss room $2.18 (0.87%)  28% used  vol x1.28  trust x1.00
            #######...................
  RECORD    6 closed  3W 3L  win 50%  payoff 0.48  avg $-0.07/tr  best $+0.20  worst $-0.52
            break-even 68%
  LIFETIME  16tr 7W 9L 44%  $-0.61
  OPEN      flat  free $249.39
  FEES      $0.10  mk11/tk3  0.038% of eq
  SCAN      797 > 60 > 0 passed  top GRAM 0.04 (score 0.037 < 0.46)  28 scans, 1020 analysed
  MARKET    TRENDING  bias +0.37  breadth +0.00  taker flow -0.16
  NEWS      65 articles  + tone +0.67  LINK +0.40  ARB -0.28  STRK -0.24
  INFO      2 tilted  flow/news/oi on 118
            info>0 3tr $-0.06 win 33%  info≤0 2tr $+0.15 win 100%
  MOVERS    AKE +151% #6  G +57% #9  AR +52% #21  PIEVERSE +52% #24
  TAPE      - + + + - -
  ------------------------------------------------------------------------------------------------


  SESSION SUMMARY --------------------------------------------------------------------------------
  RAN       3h32m  28 scans  1020 pair-analyses  6 closed trades
  P&L       $+0.13 (+0.05%)  $249.26 > $249.39  maxDD 0.32%
  CURVE     =..-__--------*@**++++=+=========
  RECORD    3W 3L  win 50%  payoff 0.48  profit factor 0.48  avg win $+0.12  avg loss $-0.25
            break-even 68%  expectancy $-0.07/tr  gross $0.36 won  $0.75 lost
  HOLD      median 20m  range 6-30m
  COST      fees $0.10  maker 11 / taker 3 fills  32% of gross  79% of fills maker  maker $0.03
            taker $0.06
  INFO A/B  agreed 3tr $-0.06/tr win 33%  disagreed 2tr $+0.15/tr win 100%  gap $-0.22/tr
  EXITS     REL_DRAWDOWN: PnL=-2 1  TRAILING_TP: peak=+3 1  TRAILING_TP: peak=+2 1
            TRAILING_TP: peak=+3 1  PEAK_REVERSAL: peak= 1  REGIME_EXIT: R=-0.34 1
  ------------------------------------------------------------------------------------------------
  PAIR     SIDE      MOVE      NET   HELD  EXIT
  S        LONG    -0.90%   $-0.52     6m  REL_DRAWDOWN: PnL=-2 [L]
  ADA      LONG    +0.95%   $+0.11    12m  TRAILING_TP: peak=+3 [W]
  PYTH     LONG    +1.04%   $+0.05    27m  TRAILING_TP: peak=+2 [W]
  OP       LONG    +1.68%   $+0.20    20m  TRAILING_TP: peak=+3 [W]
  ENA      LONG    -0.45%   $-0.13    30m  PEAK_REVERSAL: peak= [L]
  VET      LONG    -0.30%   $-0.10    20m  REGIME_EXIT: R=-0.34 [L]
  ------------------------------------------------------------------------------------------------

