
  ================================================================================================
  OMEGA C541  PAPER  Binance perps
  08 Oct 2026   16:56
  start $502.37 realised  risk dial 20%/month
  ================================================================================================

  RISK FRAME -------------------------------------------------------------------------------------
  EQUITY    $502.37 realised  741 markets
  MONTH     dial 20% = $100.00 this month
            used $0.00 realised (the guard counts MARKED equity once prices load)
  BOOK      daily trend + momentum + carry, rebalanced 00:05 UTC
            month guard on MARKED equity (open P&L counts)  intraday scanner idle
  ------------------------------------------------------------------------------------------------



  17:04  up 0h08m  daily book --------------------------------------------------------------------
  PLAN      $1,001.58 of $1,000.00 ($+1.58)  after tax on net profit $1,001.09
            Delta vs Pi42 funding gap $1,001.58  paper
  BELOW     experiments, not your money
  EQUITY    $502.81  unreal $+0.44
  OPEN      no intraday positions  book holds 12 (BOOK row)  free $438.87 after open P&L
  SHADOW    intraday M1 $495.61 (-0.82%)  M1g $512.69 (+2.60%)  7d paper only
  CARRY     $499.07 (-0.15%)  7 held  paper only
  SPOT      $248.72 (-0.51%)  2 held  7% invested  cash earns 6.56%  paper pot
  SAVINGS   idle $313.21 (62%)  at 6.56% +$0.42 so far  ~$1.71/month  paper
  BFUSD     wallet $502.86 at 7.66%  +$0.65 so far  ~$3.21/month  vs Savings $1.71  paper
  DELTA     $502.13 (+0.43%)  10 held  fees $0.40  funding $+0.14
            paper experiment: the book on Delta
  XVENUE    $1,000.35 (+0.04%)  10 pairs  funding $+7.48  fees $4.87  paper, Delta vs Pi42
  TESTS     every 8 h: ahead $0.01, 2 days  3-day avg: level $0.00, 2 days
            CoinDCX: scored from 06:00 IST  paper, vs your daily rule
  BOOK      12 pos gross $299.61 (0.60x)  open $+0.45  funding $-0.03  vol 27% top 20
            rebal 2026-10-08
  CONTEXT   since 01 Oct $+2.81 (+0.56%) in 7.3d  normal -2.9% to +6.3%  top 47%: normal
  RULE      C2 N2+N3 + range vol (GK)  forward test (paper)
  TOURNEY   7d from 2026-10-01  base -0.19%  N2 -0.50%  N3 -0.31%  N2+N3 -0.52%  +K4 -0.98%
            +GK* -0.32%  +K4+GK -0.64%  +GK+DD -0.06%  +GK+XA +0.33%
  DATA      on time  prices 33s  funding booked  book today  shadow 11:00  carry today
            spot pot today
  SESSION   $-0.09 -0.02%  peak $502.90  dd 0.02%
  MONTH     book guard $0.00 of $100.00 used  on marked equity  from $500.00  dial 20%
            ..........................
  RECORD    book closed 9  5W 4L  net $+1.58  fees and funding in
  FEES      no fills yet this run (the book trades at 00:05 UTC)
  ------------------------------------------------------------------------------------------------



  17:12  up 0h16m  daily book --------------------------------------------------------------------
  PLAN      $1,000.78 of $1,000.00 ($+0.78)  after tax on net profit $1,000.54
            Delta vs Pi42 funding gap $1,000.78  paper
  BELOW     experiments, not your money
  EQUITY    $502.70  unreal $+0.33
  OPEN      no intraday positions  book holds 12 (BOOK row)  free $438.76 after open P&L
  SHADOW    intraday M1 $495.61 (-0.82%)  M1g $512.69 (+2.60%)  7d paper only
  CARRY     $499.07 (-0.15%)  7 held  paper only
  SPOT      $248.74 (-0.50%)  2 held  7% invested  cash earns 6.56%  paper pot
  SAVINGS   idle $313.02 (62%)  at 6.56% +$0.42 so far  ~$1.71/month  paper
  BFUSD     wallet $502.61 at 7.66%  +$0.65 so far  ~$3.21/month  vs Savings $1.71  paper
  DELTA     $502.23 (+0.45%)  10 held  fees $0.40  funding $+0.14
            paper experiment: the book on Delta
  XVENUE    $1,000.35 (+0.04%)  10 pairs  funding $+7.48  fees $4.87  paper, Delta vs Pi42
  TESTS     every 8 h: ahead $0.01, 2 days  3-day avg: level $0.00, 2 days
            CoinDCX: scored from 06:00 IST  paper, vs your daily rule
  BOOK      12 pos gross $300.18 (0.60x)  open $+0.33  funding $-0.03  vol 27% top 20
            rebal 2026-10-08
  CONTEXT   since 01 Oct $+2.70 (+0.54%) in 7.3d  normal -2.9% to +6.3%  top 48%: normal
  RULE      C2 N2+N3 + range vol (GK)  forward test (paper)
  TOURNEY   7d from 2026-10-01  base -0.19%  N2 -0.50%  N3 -0.31%  N2+N3 -0.52%  +K4 -0.98%
            +GK* -0.32%  +K4+GK -0.64%  +GK+DD -0.06%  +GK+XA +0.33%
  DATA      on time  prices 27s  funding booked  book today  shadow 11:00  carry today
            spot pot today
  SESSION   $-0.20 -0.04%  peak $502.90  dd 0.04%
  MONTH     book guard $0.00 of $100.00 used  on marked equity  from $500.00  dial 20%
            ..........................
  RECORD    book closed 9  5W 4L  net $+1.58  fees and funding in
  FEES      no fills yet this run (the book trades at 00:05 UTC)
  ------------------------------------------------------------------------------------------------



  17:20  up 0h24m  daily book --------------------------------------------------------------------
  PLAN      $1,000.67 of $1,000.00 ($+0.67)  after tax on net profit $1,000.46
            Delta vs Pi42 funding gap $1,000.67  paper
  BELOW     experiments, not your money
  EQUITY    $502.55  unreal $+0.18
  OPEN      no intraday positions  book holds 12 (BOOK row)  free $438.61 after open P&L
  SHADOW    intraday M1 $495.61 (-0.82%)  M1g $512.69 (+2.60%)  7d paper only
  CARRY     $499.07 (-0.15%)  7 held  paper only
  SPOT      $248.71 (-0.52%)  2 held  7% invested  cash earns 6.56%  paper pot
  SAVINGS   idle $312.91 (62%)  at 6.56% +$0.42 so far  ~$1.71/month  paper
  BFUSD     wallet $502.47 at 7.66%  +$0.65 so far  ~$3.21/month  vs Savings $1.71  paper
  DELTA     $502.05 (+0.41%)  10 held  fees $0.40  funding $+0.14
            paper experiment: the book on Delta
  XVENUE    $1,000.35 (+0.04%)  10 pairs  funding $+7.48  fees $4.87  paper, Delta vs Pi42
  TESTS     every 8 h: ahead $0.01, 2 days  3-day avg: level $0.00, 2 days
            CoinDCX: scored from 06:00 IST  paper, vs your daily rule
  BOOK      12 pos gross $299.53 (0.60x)  open $+0.18  funding $-0.03  vol 27% top 20
            rebal 2026-10-08
  CONTEXT   since 01 Oct $+2.55 (+0.51%) in 7.3d  normal -2.9% to +6.3%  top 48%: normal
  RULE      C2 N2+N3 + range vol (GK)  forward test (paper)
  TOURNEY   7d from 2026-10-01  base -0.19%  N2 -0.50%  N3 -0.31%  N2+N3 -0.52%  +K4 -0.98%
            +GK* -0.32%  +K4+GK -0.64%  +GK+DD -0.06%  +GK+XA +0.33%
  DATA      on time  prices 20s  funding booked  book today  shadow 11:00  carry today
            spot pot today
  SESSION   $-0.35 -0.07%  peak $502.90  dd 0.07%
  MONTH     book guard $0.00 of $100.00 used  on marked equity  from $500.00  dial 20%
            ..........................
  RECORD    book closed 9  5W 4L  net $+1.58  fees and funding in
  FEES      no fills yet this run (the book trades at 00:05 UTC)
  ------------------------------------------------------------------------------------------------



  17:28  up 0h32m  daily book --------------------------------------------------------------------
  PLAN      $1,000.72 of $1,000.00 ($+0.72)  after tax on net profit $1,000.50
            Delta vs Pi42 funding gap $1,000.72  paper
  BELOW     experiments, not your money
  EQUITY    $502.31  unreal $-0.06
  OPEN      no intraday positions  book holds 12 (BOOK row)  free $438.37 after open P&L
  SHADOW    intraday M1 $495.61 (-0.82%)  M1g $512.69 (+2.60%)  7d paper only
  CARRY     $499.07 (-0.15%)  7 held  paper only
  SPOT      $248.70 (-0.52%)  2 held  7% invested  cash earns 6.56%  paper pot
  SAVINGS   idle $312.85 (62%)  at 6.56% +$0.42 so far  ~$1.71/month  paper
  BFUSD     wallet $502.38 at 7.66%  +$0.65 so far  ~$3.21/month  vs Savings $1.71  paper
  DELTA     $501.90 (+0.38%)  10 held  fees $0.40  funding $+0.14
            paper experiment: the book on Delta
  XVENUE    $1,000.35 (+0.04%)  10 pairs  funding $+7.48  fees $4.87  paper, Delta vs Pi42
  TESTS     every 8 h: ahead $0.01, 2 days  3-day avg: level $0.00, 2 days
            CoinDCX: scored from 06:00 IST  paper, vs your daily rule
  BOOK      12 pos gross $299.11 (0.59x)  open $-0.06  funding $-0.03  vol 27% top 20
            rebal 2026-10-08
  CONTEXT   since 01 Oct $+2.31 (+0.46%) in 7.3d  normal -2.9% to +6.3%  top 48%: normal
  RULE      C2 N2+N3 + range vol (GK)  forward test (paper)
  TOURNEY   7d from 2026-10-01  base -0.19%  N2 -0.50%  N3 -0.31%  N2+N3 -0.52%  +K4 -0.98%
            +GK* -0.32%  +K4+GK -0.64%  +GK+DD -0.06%  +GK+XA +0.33%
  DATA      on time  prices 13s  funding booked  book today  shadow 11:00  carry today
            spot pot today
  SESSION   $-0.59 -0.12%  peak $502.90  dd 0.12%
  MONTH     book guard $0.00 of $100.00 used  on marked equity  from $500.00  dial 20%
            ..........................
  RECORD    book closed 9  5W 4L  net $+1.58  fees and funding in
  FEES      no fills yet this run (the book trades at 00:05 UTC)
  ------------------------------------------------------------------------------------------------



  17:36  up 0h40m  daily book --------------------------------------------------------------------
  PLAN      $1,001.08 of $1,000.00 ($+1.08)  after tax on net profit $1,000.74
            Delta vs Pi42 funding gap $1,001.08  paper
  BELOW     experiments, not your money
  EQUITY    $502.01  unreal $-0.36
  OPEN      no intraday positions  book holds 12 (BOOK row)  free $438.07 after open P&L
  SHADOW    intraday M1 $494.63 (-1.02%)  M1g $511.67 (+2.39%)  7d paper only
  CARRY     $499.07 (-0.15%)  7 held  paper only
  SPOT      $248.65 (-0.54%)  2 held  7% invested  cash earns 6.56%  paper pot
  SAVINGS   idle $312.63 (62%)  at 6.56% +$0.42 so far  ~$1.71/month  paper
  BFUSD     wallet $502.09 at 7.66%  +$0.65 so far  ~$3.21/month  vs Savings $1.71  paper
  DELTA     $501.65 (+0.33%)  10 held  fees $0.40  funding $+0.14
            paper experiment: the book on Delta
  XVENUE    $1,000.35 (+0.04%)  10 pairs  funding $+7.48  fees $4.87  paper, Delta vs Pi42
  TESTS     every 8 h: ahead $0.01, 2 days  3-day avg: level $0.00, 2 days
            CoinDCX: scored from 06:00 IST  paper, vs your daily rule
  BOOK      12 pos gross $298.35 (0.59x)  open $-0.36  funding $-0.03  vol 27% top 20
            rebal 2026-10-08
  CONTEXT   since 01 Oct $+2.01 (+0.40%) in 7.3d  normal -2.9% to +6.3%  top 49%: normal
  RULE      C2 N2+N3 + range vol (GK)  forward test (paper)
  TOURNEY   7d from 2026-10-01  base -0.19%  N2 -0.50%  N3 -0.31%  N2+N3 -0.52%  +K4 -0.98%
            +GK* -0.32%  +K4+GK -0.64%  +GK+DD -0.06%  +GK+XA +0.33%
  DATA      on time  prices 1s  funding booked  book today  shadow 12:00  carry today
            spot pot today
  SESSION   $-0.89 -0.18%  peak $502.90  dd 0.18%
  CURVE     ++++==
  MONTH     book guard $0.00 of $100.00 used  on marked equity  from $500.00  dial 20%
            ..........................
  RECORD    book closed 9  5W 4L  net $+1.58  fees and funding in
  FEES      no fills yet this run (the book trades at 00:05 UTC)
  ------------------------------------------------------------------------------------------------



  17:44  up 0h48m  daily book --------------------------------------------------------------------
  PLAN      $1,001.20 of $1,000.00 ($+1.20)  after tax on net profit $1,000.83
            Delta vs Pi42 funding gap $1,001.20  paper
  BELOW     experiments, not your money
  EQUITY    $502.15  unreal $-0.22
  OPEN      no intraday positions  book holds 12 (BOOK row)  free $438.21 after open P&L
  SHADOW    intraday M1 $494.63 (-1.02%)  M1g $511.67 (+2.39%)  7d paper only
  CARRY     $499.07 (-0.15%)  7 held  paper only
  SPOT      $248.68 (-0.53%)  2 held  7% invested  cash earns 6.56%  paper pot
  SAVINGS   idle $312.66 (62%)  at 6.56% +$0.42 so far  ~$1.71/month  paper
  BFUSD     wallet $502.14 at 7.66%  +$0.66 so far  ~$3.21/month  vs Savings $1.71  paper
  DELTA     $501.47 (+0.29%)  10 held  fees $0.40  funding $+0.14
            paper experiment: the book on Delta
  XVENUE    $1,000.35 (+0.04%)  10 pairs  funding $+7.48  fees $4.87  paper, Delta vs Pi42
  TESTS     every 8 h: ahead $0.01, 2 days  3-day avg: level $0.00, 2 days
            CoinDCX: scored from 06:00 IST  paper, vs your daily rule
  BOOK      12 pos gross $298.29 (0.59x)  open $-0.22  funding $-0.03  vol 27% top 20
            rebal 2026-10-08
  CONTEXT   since 01 Oct $+2.15 (+0.43%) in 7.3d  normal -2.9% to +6.3%  top 49%: normal
  RULE      C2 N2+N3 + range vol (GK)  forward test (paper)
  TOURNEY   7d from 2026-10-01  base -0.19%  N2 -0.50%  N3 -0.31%  N2+N3 -0.52%  +K4 -0.98%
            +GK* -0.32%  +K4+GK -0.64%  +GK+DD -0.06%  +GK+XA +0.33%
  DATA      on time  prices 34s  funding booked  book today  shadow 12:00  carry today
            spot pot today
  SESSION   $-0.75 -0.15%  peak $502.90  dd 0.15%
  CURVE     ++++===
  MONTH     book guard $0.00 of $100.00 used  on marked equity  from $500.00  dial 20%
            ..........................
  RECORD    book closed 9  5W 4L  net $+1.58  fees and funding in
  FEES      no fills yet this run (the book trades at 00:05 UTC)
  ------------------------------------------------------------------------------------------------



  17:52  up 0h56m  daily book --------------------------------------------------------------------
  PLAN      $1,001.17 of $1,000.00 ($+1.17)  after tax on net profit $1,000.80
            Delta vs Pi42 funding gap $1,001.17  paper
  BELOW     experiments, not your money
  EQUITY    $502.05  unreal $-0.32
  OPEN      no intraday positions  book holds 12 (BOOK row)  free $438.11 after open P&L
  SHADOW    intraday M1 $494.63 (-1.02%)  M1g $511.67 (+2.39%)  7d paper only
  CARRY     $499.07 (-0.15%)  7 held  paper only
  SPOT      $248.68 (-0.53%)  2 held  7% invested  cash earns 6.56%  paper pot
  SAVINGS   idle $312.63 (62%)  at 6.56% +$0.42 so far  ~$1.71/month  paper
  BFUSD     wallet $502.10 at 7.66%  +$0.66 so far  ~$3.21/month  vs Savings $1.71  paper
  DELTA     $501.64 (+0.33%)  10 held  fees $0.40  funding $+0.14
            paper experiment: the book on Delta
  XVENUE    $1,000.35 (+0.04%)  10 pairs  funding $+7.48  fees $4.87  paper, Delta vs Pi42
  TESTS     every 8 h: ahead $0.01, 2 days  3-day avg: level $0.00, 2 days
            CoinDCX: scored from 06:00 IST  paper, vs your daily rule
  BOOK      12 pos gross $298.47 (0.59x)  open $-0.32  funding $-0.03  vol 27% top 20
            rebal 2026-10-08
  CONTEXT   since 01 Oct $+2.05 (+0.41%) in 7.4d  normal -2.9% to +6.3%  top 49%: normal
  RULE      C2 N2+N3 + range vol (GK)  forward test (paper)
  TOURNEY   7d from 2026-10-01  base -0.19%  N2 -0.50%  N3 -0.31%  N2+N3 -0.52%  +K4 -0.98%
            +GK* -0.32%  +K4+GK -0.64%  +GK+DD -0.06%  +GK+XA +0.33%
  DATA      on time  prices 26s  funding booked  book today  shadow 12:00  carry today
            spot pot today
  SESSION   $-0.85 -0.17%  peak $502.90  dd 0.17%
  CURVE     ++++====
  MONTH     book guard $0.00 of $100.00 used  on marked equity  from $500.00  dial 20%
            ..........................
  RECORD    book closed 9  5W 4L  net $+1.58  fees and funding in
  FEES      no fills yet this run (the book trades at 00:05 UTC)
  ------------------------------------------------------------------------------------------------



  18:00  up 1h04m  daily book --------------------------------------------------------------------
  PLAN      $1,000.81 of $1,000.00 ($+0.81)  after tax on net profit $1,000.56
            Delta vs Pi42 funding gap $1,000.81  paper
  BELOW     experiments, not your money
  EQUITY    $502.10  unreal $-0.27
  OPEN      no intraday positions  book holds 12 (BOOK row)  free $438.16 after open P&L
  SHADOW    intraday M1 $494.63 (-1.02%)  M1g $511.67 (+2.39%)  7d paper only
  CARRY     $499.07 (-0.15%)  7 held  paper only
  SPOT      $248.67 (-0.53%)  2 held  7% invested  cash earns 6.56%  paper pot
  SAVINGS   idle $312.66 (62%)  at 6.56% +$0.42 so far  ~$1.71/month  paper
  BFUSD     wallet $502.13 at 7.66%  +$0.66 so far  ~$3.21/month  vs Savings $1.71  paper
  DELTA     $501.58 (+0.32%)  10 held  fees $0.40  funding $+0.14
            paper experiment: the book on Delta
  XVENUE    $1,000.35 (+0.04%)  10 pairs  funding $+7.48  fees $4.87  paper, Delta vs Pi42
  TESTS     every 8 h: ahead $0.01, 2 days  3-day avg: level $0.00, 2 days
            CoinDCX: scored from 06:00 IST  paper, vs your daily rule
  BOOK      12 pos gross $297.78 (0.59x)  open $-0.27  funding $-0.03  vol 27% top 20
            rebal 2026-10-08
  CONTEXT   since 01 Oct $+2.10 (+0.42%) in 7.4d  normal -2.9% to +6.3%  top 49%: normal
  RULE      C2 N2+N3 + range vol (GK)  forward test (paper)
  TOURNEY   7d from 2026-10-01  base -0.19%  N2 -0.50%  N3 -0.31%  N2+N3 -0.52%  +K4 -0.98%
            +GK* -0.32%  +K4+GK -0.64%  +GK+DD -0.06%  +GK+XA +0.33%
  DATA      on time  prices 18s  funding booked  book today  shadow 12:00  carry today
            spot pot today
  SESSION   $-0.80 -0.16%  peak $502.90  dd 0.16%
  CURVE     ++++=====
  MONTH     book guard $0.00 of $100.00 used  on marked equity  from $500.00  dial 20%
            ..........................
  RECORD    book closed 9  5W 4L  net $+1.58  fees and funding in
  FEES      no fills yet this run (the book trades at 00:05 UTC)
  ------------------------------------------------------------------------------------------------



  18:08  up 1h12m  daily book --------------------------------------------------------------------
  PLAN      $1,000.85 of $1,000.00 ($+0.85)  after tax on net profit $1,000.58
            Delta vs Pi42 funding gap $1,000.85  paper
  BELOW     experiments, not your money
  EQUITY    $501.94  unreal $-0.43
  OPEN      no intraday positions  book holds 12 (BOOK row)  free $438.00 after open P&L
  SHADOW    intraday M1 $494.63 (-1.02%)  M1g $511.67 (+2.39%)  7d paper only
  CARRY     $499.07 (-0.15%)  7 held  paper only
  SPOT      $248.64 (-0.54%)  2 held  7% invested  cash earns 6.56%  paper pot
  SAVINGS   idle $312.51 (62%)  at 6.56% +$0.42 so far  ~$1.71/month  paper
  BFUSD     wallet $501.93 at 7.66%  +$0.66 so far  ~$3.20/month  vs Savings $1.71  paper
  DELTA     $501.32 (+0.26%)  10 held  fees $0.40  funding $+0.14
            paper experiment: the book on Delta
  XVENUE    $1,000.35 (+0.04%)  10 pairs  funding $+7.48  fees $4.87  paper, Delta vs Pi42
  TESTS     every 8 h: ahead $0.01, 2 days  3-day avg: level $0.00, 2 days
            CoinDCX: scored from 06:00 IST  paper, vs your daily rule
  BOOK      12 pos gross $297.37 (0.59x)  open $-0.43  funding $-0.03  vol 27% top 20
            rebal 2026-10-08
  CONTEXT   since 01 Oct $+1.94 (+0.39%) in 7.4d  normal -2.9% to +6.4%  top 49%: normal
  RULE      C2 N2+N3 + range vol (GK)  forward test (paper)
  TOURNEY   7d from 2026-10-01  base -0.19%  N2 -0.50%  N3 -0.31%  N2+N3 -0.52%  +K4 -0.98%
            +GK* -0.32%  +K4+GK -0.64%  +GK+DD -0.06%  +GK+XA +0.33%
  DATA      on time  prices 11s  funding booked  book today  shadow 12:00  carry today
            spot pot today
  SESSION   $-0.96 -0.19%  peak $502.90  dd 0.19%
  CURVE     ++++======
  MONTH     book guard $0.00 of $100.00 used  on marked equity  from $500.00  dial 20%
            ..........................
  RECORD    book closed 9  5W 4L  net $+1.58  fees and funding in
  FEES      no fills yet this run (the book trades at 00:05 UTC)
  ------------------------------------------------------------------------------------------------



  18:16  up 1h20m  daily book --------------------------------------------------------------------
  PLAN      $1,001.05 of $1,000.00 ($+1.05)  after tax on net profit $1,000.72
            Delta vs Pi42 funding gap $1,001.05  paper
  BELOW     experiments, not your money
  EQUITY    $501.67  unreal $-0.70
  OPEN      no intraday positions  book holds 12 (BOOK row)  free $437.73 after open P&L
  SHADOW    intraday M1 $494.63 (-1.02%)  M1g $511.67 (+2.39%)  7d paper only
  CARRY     $499.07 (-0.15%)  7 held  paper only
  SPOT      $248.59 (-0.56%)  2 held  7% invested  cash earns 6.56%  paper pot
  SAVINGS   idle $312.31 (62%)  at 6.56% +$0.42 so far  ~$1.71/month  paper
  BFUSD     wallet $501.66 at 7.66%  +$0.66 so far  ~$3.20/month  vs Savings $1.71  paper
  DELTA     $501.12 (+0.22%)  10 held  fees $0.40  funding $+0.14
            paper experiment: the book on Delta
  XVENUE    $1,000.35 (+0.04%)  10 pairs  funding $+7.48  fees $4.87  paper, Delta vs Pi42
  TESTS     every 8 h: ahead $0.01, 2 days  3-day avg: level $0.00, 2 days
            CoinDCX: scored from 06:00 IST  paper, vs your daily rule
  BOOK      12 pos gross $296.92 (0.59x)  open $-0.70  funding $-0.03  vol 27% top 20
            rebal 2026-10-08
  CONTEXT   since 01 Oct $+1.67 (+0.33%) in 7.4d  normal -2.9% to +6.4%  top 50%: normal
  RULE      C2 N2+N3 + range vol (GK)  forward test (paper)
  TOURNEY   7d from 2026-10-01  base -0.19%  N2 -0.50%  N3 -0.31%  N2+N3 -0.52%  +K4 -0.98%
            +GK* -0.32%  +K4+GK -0.64%  +GK+DD -0.06%  +GK+XA +0.33%
  DATA      on time  prices 4s  funding booked  book today  shadow 12:00  carry today
            spot pot today
  SESSION   $-1.23 -0.25%  peak $502.90  dd 0.24%
  CURVE     +++++======
  MONTH     book guard $0.00 of $100.00 used  on marked equity  from $500.00  dial 20%
            ..........................
  RECORD    book closed 9  5W 4L  net $+1.58  fees and funding in
  FEES      no fills yet this run (the book trades at 00:05 UTC)
  ------------------------------------------------------------------------------------------------

