
  ================================================================================================
  OMEGA C479  PAPER  Bitget perps
  20 Sep 2026   11:27
  start $250.00  day -0.68% loss
  ================================================================================================

  RISK FRAME -------------------------------------------------------------------------------------
  EQUITY    $250.00  797 markets
  DAY       -0.68% = $1.70 loss room  (15% DD / 22)
  RISK      0.341% = $0.85/trade  trades/day NO CAP
  EDGE      +0.0607 blended
  NEED      32% win at 2.17 payoff
  ------------------------------------------------------------------------------------------------



  11:35  up 0h08m  scan 2 ------------------------------------------------------------------------
  EQUITY    $250.00
  SESSION   $+0.00 +0.00%
  DAY       real $+0.00  loss room $2.13 (0.85%)  0% used  vol x1.00  trust x1.25
            ..........................
  RECORD    no closed trades yet this run
  OPEN      flat  free $250.00
  FEES      no fills yet this run
  SCAN      797 > 60 > 0 passed  top XMR 0.56 (mtf_disagree)  2 scans, 120 analysed
  MARKET    TRENDING  bias -0.46  breadth -0.33  taker flow -0.21
  NEWS      65 articles  + tone +0.11  UNI -0.54  PEPE -0.50  JUP -0.29
  MOVERS    CELR +114% #10  ONE +88% #6  G +79% #7  B2 +31% #16
  ------------------------------------------------------------------------------------------------

  .. 11:43  flat  $250.00  $+0.00 +0.00%  0W 0L  13 analysed
  >> 11:49  OPEN   ZRO SHORT @1.0761  x2 $22.92
       target +5.0%  stop -1.3%  entry score 0.44  maker


  11:51  up 0h24m  scan 4 ------------------------------------------------------------------------
  EQUITY    $250.00
  SESSION   $+0.00 +0.00%
  DAY       real $+0.00  loss room $1.61 (0.64%)  0% used  vol x0.76  trust x1.25
            ..........................
  RECORD    no closed trades yet this run
  OPEN      1 pos $22.92 (9%)  free $227.08
  FEES      $0.01  mk1/tk0  0.004% of eq
  SCAN      797 > 60 > 1 passed  top ZRO 0.44 (viable)  4 scans, 193 analysed
  MARKET    TRENDING  bias -0.50  breadth -0.15  taker flow +0.33
  NEWS      65 articles  + tone +0.11  UNI -0.54  PEPE -0.50  JUP -0.29
  INFO      1 tilted  flow/fund/news on 73
  MOVERS    CELR +100% #13  ONE +91% #7  G +85% #6  ZAMA +36% #15
  ------------------------------------------------------------------------------------------------
  PAIR     SIDE       ENTRY      MARK    MOVE     P&L   AGE  THESIS
  ZRO      SHORT     1.0761    1.0752  +0.08%   +0.00    2m  + 43% left
  ------------------------------------------------------------------------------------------------



  11:59  up 0h32m  scan 5 ------------------------------------------------------------------------
  EQUITY    $250.01  unreal $+0.01
  SESSION   $+0.01 +0.00%
  DAY       real $+0.00  loss room $1.49 (0.60%)  0% used  vol x0.70  trust x1.25
            ..........................
  RECORD    no closed trades yet this run
  OPEN      1 pos $22.92 (9%)  free $227.08
  FEES      $0.01  mk1/tk0  0.004% of eq
  SCAN      797 > 17 > 0 passed  top ZRO 0.45 (score 0.339 < 0.45)  5 scans, 210 analysed
  MARKET    TRENDING  bias -0.44  breadth +0.00  taker flow -0.17
  NEWS      65 articles  + tone +0.33  UNI -0.54  PEPE -0.50  JUP -0.29
  INFO      1 tilted  flow/fund/news on 73
  MOVERS    CELR +105% #14  G +98% #4  ONE +83% #5  ZAMA +38% #15
  ------------------------------------------------------------------------------------------------
  PAIR     SIDE       ENTRY      MARK    MOVE     P&L   AGE  THESIS
  ZRO      SHORT     1.0761    1.0751  +0.09%   +0.01   10m  + 40% left
  ------------------------------------------------------------------------------------------------



  12:07  up 0h40m  scan 7 ------------------------------------------------------------------------
  EQUITY    $250.04  unreal $+0.04
  SESSION   $+0.04 +0.02%
  CURVE     =====+
  DAY       real $+0.00  loss room $2.04 (0.82%)  0% used  vol x0.96  trust x1.25
            ..........................
  RECORD    no closed trades yet this run
  OPEN      1 pos $22.92 (9%)  free $227.08
  FEES      $0.01  mk1/tk0  0.004% of eq
  SCAN      797 > 1 > 0 passed  top XMR 0.64 (quality 0.208 < 0.)  7 scans, 271 analysed
  MARKET    TRENDING  bias -0.43  breadth +0.28  taker flow -0.09
  NEWS      65 articles  + tone +0.33  UNI +0.73  CAKE +0.73  PEPE +0.70
  INFO      1 tilted  flow/fund/news/oi on 93
  MOVERS    CELR +108% #13  G +98% #6  ONE +79% #7  ZAMA +37% #16
  ------------------------------------------------------------------------------------------------
  PAIR     SIDE       ENTRY      MARK    MOVE     P&L   AGE  THESIS
  ZRO      SHORT     1.0761    1.0742  +0.18%   +0.04   18m  + 44% left
  ------------------------------------------------------------------------------------------------



  12:16  up 0h48m  scan 8 ------------------------------------------------------------------------
  EQUITY    $250.25  unreal $+0.25
  SESSION   $+0.25 +0.10%
  CURVE     ======+
  DAY       real $+0.00  loss room $2.04 (0.82%)  0% used  vol x0.96  trust x1.25
            ..........................
  RECORD    no closed trades yet this run
  OPEN      1 pos $22.92 (9%)  free $227.08
  FEES      $0.01  mk1/tk0  0.004% of eq
  SCAN      797 > 60 > 1 passed  top XMR 0.60 (viable)  8 scans, 331 analysed
  MARKET    TRENDING  bias -0.33  breadth +0.00  taker flow -0.02
  NEWS      65 articles  + tone +0.33  UNI +0.73  CAKE +0.73  PEPE +0.70
  INFO      1 tilted  flow/fund/news/oi on 100
  MOVERS    CELR +112% cut  G +95% #6  ONE +73% #7  ZAMA +36% #16
  ------------------------------------------------------------------------------------------------
  PAIR     SIDE       ENTRY      MARK    MOVE     P&L   AGE  THESIS
  ZRO      SHORT     1.0761    1.0694  +0.62%   +0.25   26m  + 47% left
  ------------------------------------------------------------------------------------------------



  12:24  up 0h56m  scan 9 ------------------------------------------------------------------------
  EQUITY    $250.15  unreal $+0.15
  SESSION   $+0.15 +0.06%  peak $250.25  dd 0.04%
  CURVE     ======++
  DAY       real $+0.00  loss room $1.58 (0.63%)  0% used  vol x0.74  trust x1.25
            ..........................
  RECORD    no closed trades yet this run
  OPEN      1 pos $22.92 (9%)  free $227.08
  FEES      $0.01  mk1/tk0  0.004% of eq
  SCAN      797 > 1 > 0 passed  top XMR 0.78 (mtf_disagree)  9 scans, 332 analysed
  MARKET    TRENDING  bias -0.35  breadth +0.20  taker flow -0.10
  NEWS      65 articles  + tone +0.33  UNI +0.73  CAKE +0.73  PEPE +0.70
  INFO      1 tilted  flow/fund/news/oi on 100
  MOVERS    CELR +112% cut  G +95% #6  ONE +73% #7  ZAMA +36% #16
  ------------------------------------------------------------------------------------------------
  PAIR     SIDE       ENTRY      MARK    MOVE     P&L   AGE  THESIS
  ZRO      SHORT     1.0761    1.0718  +0.40%   +0.15   34m  + 46% left
  ------------------------------------------------------------------------------------------------



  12:33  up 1h05m  scan 11 -----------------------------------------------------------------------
  EQUITY    $250.05  unreal $+0.05
  SESSION   $+0.05 +0.02%  peak $250.25  dd 0.08%
  CURVE     ======++=
  DAY       real $+0.00  loss room $1.49 (0.60%)  0% used  vol x0.70  trust x1.25
            ..........................
  RECORD    no closed trades yet this run
  OPEN      1 pos $22.92 (9%)  free $227.08
  FEES      $0.01  mk1/tk0  0.004% of eq
  SCAN      797 > 61 > 1 passed  top MINA 0.49 (viable)  11 scans, 406 analysed
  MARKET    TRENDING  bias -0.25  breadth +0.31  taker flow +0.53
  NEWS      65 articles  + tone +0.21  UNI +0.73  CAKE +0.73  PEPE +0.70
  INFO      1 tilted  flow/fund/news/oi on 105
  MOVERS    CELR +110% #11  G +96% #6  ONE +70% #7  ZAMA +40% #15
  ------------------------------------------------------------------------------------------------
  PAIR     SIDE       ENTRY      MARK    MOVE     P&L   AGE  THESIS
  ZRO      SHORT     1.0761    1.0740  +0.20%   +0.05   44m  + 38% left
  ------------------------------------------------------------------------------------------------



  12:41  up 1h14m  scan 12 -----------------------------------------------------------------------
  EQUITY    $250.09  unreal $+0.09
  SESSION   $+0.09 +0.04%  peak $250.25  dd 0.06%
  CURVE     ======++==
  DAY       real $+0.00  loss room $1.49 (0.60%)  0% used  vol x0.70  trust x1.25
            ..........................
  RECORD    no closed trades yet this run
  OPEN      1 pos $22.92 (9%)  free $227.08
  FEES      $0.01  mk1/tk0  0.004% of eq
  SCAN      797 > 13 > 1 passed  top MINA 0.49 (viable)  12 scans, 419 analysed
  MARKET    TRENDING  bias -0.24  breadth +0.00  taker flow -0.23
  NEWS      65 articles  + tone +0.21  CAKE +0.73  LINK +0.55  ENA +0.55
  INFO      1 tilted  flow/fund/news/oi on 108
  MOVERS    CELR +103% #9  G +80% #6  ONE +74% cut  C +41% #32
  ------------------------------------------------------------------------------------------------
  PAIR     SIDE       ENTRY      MARK    MOVE     P&L   AGE  THESIS
  ZRO      SHORT     1.0761    1.0731  +0.28%   +0.09   52m  + 38% left
  ------------------------------------------------------------------------------------------------



  12:50  up 1h23m  scan 14 -----------------------------------------------------------------------
  EQUITY    $250.27  unreal $+0.27
  SESSION   $+0.27 +0.11%
  CURVE     ======++==+
  DAY       real $+0.00  loss room $1.49 (0.60%)  0% used  vol x0.70  trust x1.25
            ..........................
  RECORD    no closed trades yet this run
  OPEN      1 pos $22.92 (9%)  free $227.08
  FEES      $0.01  mk1/tk0  0.004% of eq
  SCAN      797 > 60 > 0 passed  top COTI 0.63 (post_penalty_quali)  14 scans, 480 analysed
  MARKET    TRENDING  bias -0.18  breadth +0.00  taker flow +0.33
  NEWS      65 articles  + tone +0.21  CAKE +0.73  LINK +0.55  ENA +0.55
  INFO      1 tilted  flow/fund/news/oi on 108
  MOVERS    CELR +89% #10  ONE +67% cut  ZAMA +37% #12  B2 +32% #15
  ------------------------------------------------------------------------------------------------
  PAIR     SIDE       ENTRY      MARK    MOVE     P&L   AGE  THESIS
  ZRO      SHORT     1.0761    1.0688  +0.68%   +0.27 1h01m  + 38% left
  ------------------------------------------------------------------------------------------------



  12:58  up 1h31m  scan 14 -----------------------------------------------------------------------
  EQUITY    $250.04  unreal $+0.04
  SESSION   $+0.04 +0.02%  peak $250.27  dd 0.09%
  CURVE     ======++==+=
  DAY       real $+0.00  loss room $1.53 (0.61%)  0% used  vol x0.72  trust x1.25
            ..........................
  RECORD    no closed trades yet this run
  OPEN      1 pos $22.92 (9%)  free $227.08
  FEES      $0.01  mk1/tk0  0.004% of eq
  SCAN      797 > 60 > 0 passed  top COTI 0.63 (post_penalty_quali)  14 scans, 480 analysed
  MARKET    TRENDING  bias -0.18  breadth +0.13  taker flow +0.20
  NEWS      65 articles  + tone +0.21  CAKE +0.73  LINK +0.55  ENA +0.55
  INFO      1 tilted  flow/fund/news/oi on 108
  MOVERS    CELR +89% #10  ONE +67% cut  ZAMA +37% #12  B2 +32% #15
  ------------------------------------------------------------------------------------------------
  PAIR     SIDE       ENTRY      MARK    MOVE     P&L   AGE  THESIS
  ZRO      SHORT     1.0761    1.0742  +0.18%   +0.04 1h09m  + 3% left
  ------------------------------------------------------------------------------------------------



  13:06  up 1h39m  scan 15 -----------------------------------------------------------------------
  EQUITY    $250.24  unreal $+0.24
  SESSION   $+0.24 +0.10%  peak $250.27  dd 0.01%
  CURVE     ======++==+=+
  DAY       real $+0.00  loss room $1.53 (0.61%)  0% used  vol x0.72  trust x1.25
            ..........................
  RECORD    no closed trades yet this run
  OPEN      1 pos $22.92 (9%)  free $227.08
  FEES      $0.01  mk1/tk0  0.004% of eq
  SCAN      797 > 61 > 0 passed  top MINA 0.46 (score 0.346 < 0.44)  15 scans, 541 analysed
  MARKET    TRENDING  bias -0.24  breadth +0.00  taker flow +0.47
  NEWS      65 articles  + tone +0.21  CAKE +0.73  LINK +0.55  ENA +0.55
  INFO      1 tilted  flow/fund/news/oi on 108
  MOVERS    CELR +86% #10  ONE +72% #6  ZIL +37% #23  M +31% cut
  ------------------------------------------------------------------------------------------------
  PAIR     SIDE       ENTRY      MARK    MOVE     P&L   AGE  THESIS
  ZRO      SHORT     1.0761    1.0697  +0.59%   +0.24 1h17m  + 0% left
  ------------------------------------------------------------------------------------------------



  13:14  up 1h47m  scan 16 -----------------------------------------------------------------------
  EQUITY    $250.24  unreal $+0.24
  SESSION   $+0.24 +0.10%  peak $250.27  dd 0.01%
  CURVE     ======++==+=++
  DAY       real $+0.00  loss room $1.98 (0.79%)  0% used  vol x0.93  trust x1.25
            ..........................
  RECORD    no closed trades yet this run
  OPEN      1 pos $22.92 (9%)  free $227.08
  FEES      $0.01  mk1/tk0  0.004% of eq
  SCAN      797 > 5 > 0 passed  top STRK 0.09 (score 0.092 < 0.44)  16 scans, 546 analysed
  MARKET    TRENDING  bias -0.18  breadth +0.00  taker flow +0.12
  NEWS      65 articles  + tone +0.50  CAKE +0.73  LINK +0.55  ENA +0.55
  INFO      1 tilted  flow/fund/news/oi on 108
  MOVERS    CELR +71% #13  ONE +66% #6  ZIL +36% #24  EVAA +28% #22
  ------------------------------------------------------------------------------------------------
  PAIR     SIDE       ENTRY      MARK    MOVE     P&L   AGE  THESIS
  ZRO      SHORT     1.0761    1.0697  +0.59%   +0.24 1h25m  + 0% left
  ------------------------------------------------------------------------------------------------

