01:16:38 | 📊 Paper Mode
01:16:38 | ✅ Connected | 741 futures markets (Binance USDⓈ-M)
01:16:38 | 📊 Binance Fees: Maker 0.02% | Taker 0.05%
01:16:38 | 📊 Market type: PERPETUAL FUTURES (swap) — verified
01:16:38 | 📋 Limit Orders: ENABLED (offset 0.1%) -- the idle intraday scanner's; the book trades with market orders
01:16:38 | 📂 Loaded state: $500.77 realised | 0 intraday positions | available $440.32 before open P&L (locked $60.44)
01:16:38 | 📐 RISK @ $500.77: monthly dial 20% = $100.00/month (20% of this month's anchor $500.00)  |  the portfolio book trades: its month guard closes the book if MARKED equity falls that far below the month's anchor [C497]
 
  ================================================================================================
  OMEGA C546  PAPER  Binance perps
  10 Oct 2026   01:16
  start $500.77 realised  risk dial 20%/month
  ================================================================================================
 
  RISK FRAME -------------------------------------------------------------------------------------
  EQUITY    $500.77 realised  741 markets
  MONTH     dial 20% = $100.00 this month
            used $0.00 realised (the guard counts MARKED equity once prices load)
  BOOK      daily trend + momentum + carry, rebalanced 00:05 UTC
            month guard on MARKED equity (open P&L counts)  intraday scanner idle
  ------------------------------------------------------------------------------------------------
 
01:16:38 |    (legacy Flask page not installed — the dashboard is the control panel)
01:16:38 | 🌐 Remote control on http://0.0.0.0:8138 — TOKEN REQUIRED
01:16:38 |    📱 Local network: http://10.0.0.160:8138/?t=<your token> (this machine's own address)
01:16:38 |    🌍 Internet: put a Cloudflare Tunnel in front of this port.
01:16:38 |        See deploy/DEPLOY.md — one command, no open ports, free.
01:16:38 | ============================================================
01:16:38 | 🤖 OMEGA V60 — INFORMATION ENGINE (C466)
01:16:38 | 📊 C532 YOUR PLAN (paper until you go live): Delta vs CoinDCX funding gap (both in rupees) $1000 = $1000 of your $1000
01:16:38 | 📊 C503 WHAT IS RUNNING -- the portfolio book trades the Binance paper account (an experiment, not your plan):
01:16:38 |    RULE   C2 N2+N3 + range vol (GK): C2 = residual momentum, no crowded shorts (N2+N3) -- a FORWARD TEST in paper (C510); the admitted rule is scored beside it in the rule tournament
01:16:38 |    BOOK   trend (C1) + momentum (C2) + carry (C3), equal risk; vol target 27% from the 20% dial; gross <= 3x equity; top 20 crypto; $6 minimum; 30% band
01:16:38 |           rebalanced daily 00:05 UTC with market orders (paper fills at the ask/bid, taker 0.05%); 5x cross margin; funding at each coin's own interval; its one limit is the month guard on MARKED equity
01:16:38 |    PAPER  never touches the account: intraday shadow (C489) hourly · carry (C490) 00:10 UTC · spot pot (C501/C502) $250, spot minimum $5, 00:20 UTC · idle cash -> Savings at Binance's own rate (read every 6 h; 6.69% until the first read) every minute · rule tournament (C510, 9 rules on the same prices) at each rebalance · BFUSD wallet at 7.66% (C521) · the same book on Delta Exchange India, $500 (C521), an experiment · Delta vs CoinDCX funding spread, both legs, $1000 (C532/C542: both in rupees; CoinDCX's rates are Binance's)
01:16:38 |    IDLE   the intraday scanner, the OLD strategy (139 trades, 44W/95L before the 29 Sep 2026 fresh start; it lost after fees): it opens nothing, and its boot description is not printed (OMEGA_ENGINE=intraday runs and describes it)
01:16:39 | 💡 Stop safely: sudo systemctl stop omega (Ctrl+C only when run by hand)
01:16:39 | ============================================================
01:16:39 | 🔄 Monitoring thread started — SPLIT LOOP [C397]: FAST leg every 0.8s (prices in PARALLEL → hard stop, trailing floor, peak floor, capture floor); SLOW leg every 20s (OHLCV/DRI) and 90s (BTC/ETH regime, AFTER positions are checked, never before) -- it watches INTRADAY positions; the book has no stops, its one limit is the month guard
01:16:40 |    🇮🇳 C534 CoinDCX's coin list loaded: 505 rupee perps (api.coindcx.com); held pairs CoinDCX does not list, closed at the next daily run: none
01:16:40 |    🏦 C527 Binance Flexible Savings USDT: 2.49% = 2.49% market (read every 6 h)
01:16:45 |    🔍 C540 real account (read-only) Delta India: no balance, 0 position(s), rent last 24 h +0.0000, 0 fill(s) | the paper ledger holds 10 pairs; nothing is traded live
01:16:45 | ⚠️ C540 real account Pi42 (read-only) not read: Pi42's firewall answered instead of its API (HTTP 403): this network may be blocked -- check from the server: curl -sI https://fapi.pi42.com
01:16:46 |    🔍 C540 real account (read-only) CoinDCX: futures no futures balance; rupee wallet INR 0.00, 0 position(s), rent last 24 h 0 | nothing is traded live
01:16:46 | 💼 C488: portfolio engine ON -- the intraday scanner opens no new positions (OMEGA_ENGINE=intraday restores it); the book holds 10 positions
 
  01:24  up 0h08m  daily book --------------------------------------------------------------------
  PLAN      $1,000.48 of $1,000.00 ($+0.48)  after tax on net profit $1,000.33
            Delta vs CoinDCX funding gap $1,000.48  paper
  BELOW     experiments, not your money
  EQUITY    $494.97  unreal $-5.80
  OPEN      no intraday positions  book holds 10 (BOOK row)  free $434.53 after open P&L
  SHADOW    intraday M1 $483.35 (-3.28%)  M1g $507.19 (+1.49%)  8d paper only
  CARRY     $498.97 (-0.17%)  5 held  paper only
  SPOT      $247.69 (-0.92%)  0 held  0% invested  cash earns 2.49%  paper pot
  SAVINGS   idle $310.75 (63%)  at 2.49% +$0.47 so far  ~$0.64/month  paper
  BFUSD     wallet $494.92 at 7.66%  +$0.79 so far  ~$3.16/month  vs Savings $0.64  paper
  DELTA     $495.74 (-0.85%)  8 held  fees $0.41  funding $+0.24
            paper experiment: the book on Delta
  XVENUE    $999.54 (-0.05%)  10 pairs  funding $+8.98  fees $6.95  paper, Delta vs CoinDCX
  TESTS     every 8 h: ahead $0.01, 3 days  3-day avg: behind $0.31, 3 days
            15 x 12%: behind $0.95, 1 day  paper, vs your daily rule
  BOOK      10 pos gross $271.59 (0.55x)  open $-5.80  funding $-0.01  vol 27% top 20
            rebal 2026-10-09
  CONTEXT   since 01 Oct $-5.03 (-1.01%) in 8.7d  normal -3.0% to +6.9%  bottom 29%: normal
  RULE      C2 N2+N3 + range vol (GK)  forward test (paper)
  TOURNEY   8d from 2026-10-01  base -1.00%  N2 -1.50%  N3 -1.32%  N2+N3 -1.74%  +K4 -3.23%
            +GK* -1.45%  +K4+GK -2.54%  +GK+DD -1.17%  +GK+XA -2.00%
  DATA      on time  prices 34s  funding booked  book today  shadow 19:00  carry today
            spot pot today
  SESSION   $+0.00 +0.00%
  MONTH     book guard $5.03 of $100.00 used  on marked equity  from $500.00  dial 20%
            #.........................
  RECORD    book closed 11  5W 6L  net $-0.06  fees and funding in
  FEES      no fills yet this run (the book trades at 00:05 UTC)
  ------------------------------------------------------------------------------------------------
 
01:24:38 | 
01:24:38 | ============================================================
01:24:38 | 📊 POSITION SUMMARY (8-MIN UPDATE)
01:24:38 | 💰 Equity: $494.97 marked (the Binance book, an experiment) = cash $500.77 + open $-5.80
01:24:38 | 💵 Available: $434.53 after open P&L | Locked: $60.44
01:24:38 | 📈 Session: $+0.00 (+0.0%)
01:24:38 | 🎯 C510 Book (what trades): 10 positions, gross 0.55x, open $-5.80 | rule C2 N2+N3 + range vol (GK) | closed 11: 5W/6L $-0.06 | since 01 Oct -1.01% (normal)
01:24:38 | ============================================================
01:24:38 | ============================================================
01:24:38 | 🔵 Book guard: $5.03 of $100.00 used this month on marked equity (5%, from $500.00) · realised today +0.00% [C497]
01:24:38 | ============================================================
01:24:38 | 
01:32:36 |    👻 C489 shadow hour 20:00 UTC: 39 coins scored (full (16 features)), gate OPEN | M1 $482.69 (-3.41%) M1g $506.67 (+1.39%) over 8d [14s]
 
  01:32  up 0h16m  daily book --------------------------------------------------------------------
  PLAN      $1,000.78 of $1,000.00 ($+0.78)  after tax on net profit $1,000.54
            Delta vs CoinDCX funding gap $1,000.78  paper
  BELOW     experiments, not your money
  EQUITY    $495.16  unreal $-5.61
  OPEN      no intraday positions  book holds 10 (BOOK row)  free $434.72 after open P&L
  SHADOW    intraday M1 $482.69 (-3.41%)  M1g $506.67 (+1.39%)  8d paper only
  CARRY     $498.97 (-0.17%)  5 held  paper only
  SPOT      $247.69 (-0.92%)  0 held  0% invested  cash earns 2.49%  paper pot
  SAVINGS   idle $310.86 (63%)  at 2.49% +$0.47 so far  ~$0.65/month  paper
  BFUSD     wallet $495.07 at 7.66%  +$0.79 so far  ~$3.16/month  vs Savings $0.65  paper
  DELTA     $495.86 (-0.83%)  8 held  fees $0.41  funding $+0.25
            paper experiment: the book on Delta
  XVENUE    $999.54 (-0.05%)  10 pairs  funding $+8.98  fees $6.95  paper, Delta vs CoinDCX
  TESTS     every 8 h: ahead $0.01, 3 days  3-day avg: behind $0.31, 3 days
            15 x 12%: behind $0.95, 1 day  paper, vs your daily rule
  BOOK      10 pos gross $272.05 (0.55x)  open $-5.61  funding $-0.00  vol 27% top 20
            rebal 2026-10-09
  CONTEXT   since 01 Oct $-4.84 (-0.97%) in 8.7d  normal -3.0% to +6.9%  bottom 30%: normal
  RULE      C2 N2+N3 + range vol (GK)  forward test (paper)
  TOURNEY   8d from 2026-10-01  base -1.00%  N2 -1.50%  N3 -1.32%  N2+N3 -1.74%  +K4 -3.23%
            +GK* -1.45%  +K4+GK -2.54%  +GK+DD -1.17%  +GK+XA -2.00%
  DATA      on time  prices 26s  funding booked  book today  shadow 20:00  carry today
            spot pot today
  SESSION   $+0.19 +0.04%
  MONTH     book guard $4.84 of $100.00 used  on marked equity  from $500.00  dial 20%
            #.........................
  RECORD    book closed 11  5W 6L  net $-0.06  fees and funding in
  FEES      no fills yet this run (the book trades at 00:05 UTC)
  ------------------------------------------------------------------------------------------------
 
01:32:39 | 
01:32:39 | ============================================================
01:32:39 | 📊 POSITION SUMMARY (8-MIN UPDATE)
01:32:39 | 💰 Equity: $495.16 marked (the Binance book, an experiment) = cash $500.77 + open $-5.61
01:32:39 | 💵 Available: $434.72 after open P&L | Locked: $60.44
01:32:39 | 📈 Session: $+0.19 (+0.0%)
01:32:39 | 🎯 C510 Book (what trades): 10 positions, gross 0.55x, open $-5.61 | rule C2 N2+N3 + range vol (GK) | closed 11: 5W/6L $-0.06 | since 01 Oct -0.97% (normal)
01:32:39 | ============================================================
01:32:39 | ============================================================
01:32:39 | 🔵 Book guard: $4.84 of $100.00 used this month on marked equity (5%, from $500.00) · realised today +0.00% [C497]
01:32:39 | ============================================================
01:32:39 | 
01:36:46 |    🔍 C540 real account (read-only) Delta India: no balance, 0 position(s), rent last 24 h +0.0000, 0 fill(s) | the paper ledger holds 10 pairs; nothing is traded live
01:36:47 |    🔍 C540 real account (read-only) CoinDCX: futures no futures balance; rupee wallet INR 0.00, 0 position(s), rent last 24 h 0 | nothing is traded live
 
  01:40  up 0h24m  daily book --------------------------------------------------------------------
  PLAN      $1,001.00 of $1,000.00 ($+1.00)  after tax on net profit $1,000.69
            Delta vs CoinDCX funding gap $1,001.00  paper
  BELOW     experiments, not your money
  EQUITY    $495.16  unreal $-5.61
  OPEN      no intraday positions  book holds 10 (BOOK row)  free $434.72 after open P&L
  SHADOW    intraday M1 $482.69 (-3.41%)  M1g $506.67 (+1.39%)  8d paper only
  CARRY     $498.97 (-0.17%)  5 held  paper only
  SPOT      $247.69 (-0.92%)  0 held  0% invested  cash earns 2.49%  paper pot
  SAVINGS   idle $310.98 (63%)  at 2.49% +$0.47 so far  ~$0.65/month  paper
  BFUSD     wallet $495.22 at 7.66%  +$0.79 so far  ~$3.16/month  vs Savings $0.65  paper
  DELTA     $496.00 (-0.80%)  8 held  fees $0.41  funding $+0.25
            paper experiment: the book on Delta
  XVENUE    $999.54 (-0.05%)  10 pairs  funding $+8.98  fees $6.95  paper, Delta vs CoinDCX
  TESTS     every 8 h: ahead $0.01, 3 days  3-day avg: behind $0.31, 3 days
            15 x 12%: behind $0.95, 1 day  paper, vs your daily rule
  BOOK      10 pos gross $272.01 (0.55x)  open $-5.61  funding $-0.00  vol 27% top 20
            rebal 2026-10-09
  CONTEXT   since 01 Oct $-4.84 (-0.97%) in 8.7d  normal -3.0% to +6.9%  bottom 30%: normal
  RULE      C2 N2+N3 + range vol (GK)  forward test (paper)
  TOURNEY   8d from 2026-10-01  base -1.00%  N2 -1.50%  N3 -1.32%  N2+N3 -1.74%  +K4 -3.23%
            +GK* -1.45%  +K4+GK -2.54%  +GK+DD -1.17%  +GK+XA -2.00%
  DATA      on time  prices 14s  funding booked  book today  shadow 20:00  carry today
            spot pot today
  SESSION   $+0.19 +0.04%
  MONTH     book guard $4.84 of $100.00 used  on marked equity  from $500.00  dial 20%
            #.........................
  RECORD    book closed 11  5W 6L  net $-0.06  fees and funding in
  FEES      no fills yet this run (the book trades at 00:05 UTC)
  ------------------------------------------------------------------------------------------------
 
01:40:39 | 
01:40:39 | ============================================================
01:40:39 | 📊 POSITION SUMMARY (8-MIN UPDATE)
01:40:39 | 💰 Equity: $495.16 marked (the Binance book, an experiment) = cash $500.77 + open $-5.61
01:40:39 | 💵 Available: $434.72 after open P&L | Locked: $60.44
01:40:39 | 📈 Session: $+0.19 (+0.0%)
01:40:39 | 🎯 C510 Book (what trades): 10 positions, gross 0.55x, open $-5.61 | rule C2 N2+N3 + range vol (GK) | closed 11: 5W/6L $-0.06 | since 01 Oct -0.97% (normal)
01:40:39 | ============================================================
01:40:39 | ============================================================
01:40:39 | 🔵 Book guard: $4.84 of $100.00 used this month on marked equity (5%, from $500.00) · realised today +0.00% [C497]
01:40:39 | ============================================================
01:40:39 | 
 
  01:48  up 0h32m  daily book --------------------------------------------------------------------
  PLAN      $1,000.91 of $1,000.00 ($+0.91)  after tax on net profit $1,000.63
            Delta vs CoinDCX funding gap $1,000.91  paper
  BELOW     experiments, not your money
  EQUITY    $495.24  unreal $-5.53
  OPEN      no intraday positions  book holds 10 (BOOK row)  free $434.80 after open P&L
  SHADOW    intraday M1 $482.69 (-3.41%)  M1g $506.67 (+1.39%)  8d paper only
  CARRY     $498.97 (-0.17%)  5 held  paper only
  SPOT      $247.69 (-0.92%)  0 held  0% invested  cash earns 2.49%  paper pot
  SAVINGS   idle $311.00 (63%)  at 2.49% +$0.47 so far  ~$0.65/month  paper
  BFUSD     wallet $495.25 at 7.66%  +$0.79 so far  ~$3.16/month  vs Savings $0.65  paper
  DELTA     $496.16 (-0.77%)  8 held  fees $0.41  funding $+0.25
            paper experiment: the book on Delta
  XVENUE    $999.54 (-0.05%)  10 pairs  funding $+8.98  fees $6.95  paper, Delta vs CoinDCX
  TESTS     every 8 h: ahead $0.01, 3 days  3-day avg: behind $0.31, 3 days
            15 x 12%: behind $0.95, 1 day  paper, vs your daily rule
  BOOK      10 pos gross $272.62 (0.55x)  open $-5.53  funding $-0.00  vol 27% top 20
            rebal 2026-10-09
  CONTEXT   since 01 Oct $-4.76 (-0.95%) in 8.7d  normal -3.0% to +6.9%  bottom 30%: normal
  RULE      C2 N2+N3 + range vol (GK)  forward test (paper)
  TOURNEY   8d from 2026-10-01  base -1.00%  N2 -1.50%  N3 -1.32%  N2+N3 -1.74%  +K4 -3.23%
            +GK* -1.45%  +K4+GK -2.54%  +GK+DD -1.17%  +GK+XA -2.00%
  DATA      on time  prices 9s  funding booked  book today  shadow 20:00  carry today
            spot pot today
  SESSION   $+0.27 +0.05%
  MONTH     book guard $4.76 of $100.00 used  on marked equity  from $500.00  dial 20%
            #.........................
  RECORD    book closed 11  5W 6L  net $-0.06  fees and funding in
  FEES      no fills yet this run (the book trades at 00:05 UTC)
  ------------------------------------------------------------------------------------------------
 
01:48:39 | 
01:48:39 | ============================================================
01:48:39 | 📊 POSITION SUMMARY (8-MIN UPDATE)
01:48:39 | 💰 Equity: $495.24 marked (the Binance book, an experiment) = cash $500.77 + open $-5.53
01:48:39 | 💵 Available: $434.80 after open P&L | Locked: $60.44
01:48:39 | 📈 Session: $+0.27 (+0.1%)
01:48:39 | 🎯 C510 Book (what trades): 10 positions, gross 0.55x, open $-5.53 | rule C2 N2+N3 + range vol (GK) | closed 11: 5W/6L $-0.06 | since 01 Oct -0.95% (normal)
01:48:39 | ============================================================
01:48:39 | ============================================================
01:48:39 | 🔵 Book guard: $4.76 of $100.00 used this month on marked equity (5%, from $500.00) · realised today +0.00% [C497]
01:48:39 | ============================================================
01:48:39 | 
 
  01:56  up 0h40m  daily book --------------------------------------------------------------------
  PLAN      $1,000.95 of $1,000.00 ($+0.95)  after tax on net profit $1,000.65
            Delta vs CoinDCX funding gap $1,000.95  paper
  BELOW     experiments, not your money
  EQUITY    $495.23  unreal $-5.54
  OPEN      no intraday positions  book holds 10 (BOOK row)  free $434.79 after open P&L
  SHADOW    intraday M1 $482.69 (-3.41%)  M1g $506.67 (+1.39%)  8d paper only
  CARRY     $498.97 (-0.17%)  5 held  paper only
  SPOT      $247.69 (-0.92%)  0 held  0% invested  cash earns 2.49%  paper pot
  SAVINGS   idle $311.01 (63%)  at 2.49% +$0.47 so far  ~$0.65/month  paper
  BFUSD     wallet $495.27 at 7.66%  +$0.79 so far  ~$3.16/month  vs Savings $0.65  paper
  DELTA     $496.20 (-0.76%)  8 held  fees $0.41  funding $+0.25
            paper experiment: the book on Delta
  XVENUE    $999.54 (-0.05%)  10 pairs  funding $+8.98  fees $6.95  paper, Delta vs CoinDCX
  TESTS     every 8 h: ahead $0.01, 3 days  3-day avg: behind $0.31, 3 days
            15 x 12%: behind $0.95, 1 day  paper, vs your daily rule
  BOOK      10 pos gross $272.73 (0.55x)  open $-5.54  funding $-0.00  vol 27% top 20
            rebal 2026-10-09
  CONTEXT   since 01 Oct $-4.77 (-0.95%) in 8.7d  normal -3.0% to +6.9%  bottom 30%: normal
  RULE      C2 N2+N3 + range vol (GK)  forward test (paper)
  TOURNEY   8d from 2026-10-01  base -1.00%  N2 -1.50%  N3 -1.32%  N2+N3 -1.74%  +K4 -3.23%
            +GK* -1.45%  +K4+GK -2.54%  +GK+DD -1.17%  +GK+XA -2.00%
  DATA      on time  prices 3s  funding booked  book today  shadow 20:00  carry today
            spot pot today
  SESSION   $+0.26 +0.05%  peak $495.24
  CURVE     ==++++
  MONTH     book guard $4.77 of $100.00 used  on marked equity  from $500.00  dial 20%
            #.........................
  RECORD    book closed 11  5W 6L  net $-0.06  fees and funding in
  FEES      no fills yet this run (the book trades at 00:05 UTC)
  ------------------------------------------------------------------------------------------------
 
01:56:40 | 
01:56:40 | ============================================================
01:56:40 | 📊 POSITION SUMMARY (8-MIN UPDATE)
01:56:40 | 💰 Equity: $495.23 marked (the Binance book, an experiment) = cash $500.77 + open $-5.54
01:56:40 | 💵 Available: $434.79 after open P&L | Locked: $60.44
01:56:40 | 📈 Session: $+0.26 (+0.1%)
01:56:40 | 🎯 C510 Book (what trades): 10 positions, gross 0.55x, open $-5.54 | rule C2 N2+N3 + range vol (GK) | closed 11: 5W/6L $-0.06 | since 01 Oct -0.95% (normal)
01:56:40 | ============================================================
01:56:40 | ============================================================
01:56:40 | 🔵 Book guard: $4.77 of $100.00 used this month on marked equity (5%, from $500.00) · realised today +0.00% [C497]
01:56:40 | ============================================================
01:56:40 | 
 
  02:04  up 0h48m  daily book --------------------------------------------------------------------
  PLAN      $1,001.38 of $1,000.00 ($+1.38)  after tax on net profit $1,000.95
            Delta vs CoinDCX funding gap $1,001.38  paper
  BELOW     experiments, not your money
  EQUITY    $495.15  unreal $-5.62
  OPEN      no intraday positions  book holds 10 (BOOK row)  free $434.71 after open P&L
  SHADOW    intraday M1 $482.69 (-3.41%)  M1g $506.67 (+1.39%)  8d paper only
  CARRY     $498.97 (-0.17%)  5 held  paper only
  SPOT      $247.69 (-0.92%)  0 held  0% invested  cash earns 2.49%  paper pot
  SAVINGS   idle $310.92 (63%)  at 2.49% +$0.47 so far  ~$0.65/month  paper
  BFUSD     wallet $495.15 at 7.66%  +$0.80 so far  ~$3.16/month  vs Savings $0.65  paper
  DELTA     $496.00 (-0.80%)  8 held  fees $0.41  funding $+0.25
            paper experiment: the book on Delta
  XVENUE    $999.54 (-0.05%)  10 pairs  funding $+8.98  fees $6.95  paper, Delta vs CoinDCX
  TESTS     every 8 h: ahead $0.01, 3 days  3-day avg: behind $0.31, 3 days
            15 x 12%: behind $0.95, 1 day  paper, vs your daily rule
  BOOK      10 pos gross $272.23 (0.55x)  open $-5.62  funding $-0.00  vol 27% top 20
            rebal 2026-10-09
  CONTEXT   since 01 Oct $-4.85 (-0.97%) in 8.7d  normal -3.0% to +6.9%  bottom 30%: normal
  RULE      C2 N2+N3 + range vol (GK)  forward test (paper)
  TOURNEY   8d from 2026-10-01  base -1.00%  N2 -1.50%  N3 -1.32%  N2+N3 -1.74%  +K4 -3.23%
            +GK* -1.45%  +K4+GK -2.54%  +GK+DD -1.17%  +GK+XA -2.00%
  DATA      on time  prices 37s  funding booked  book today  shadow 20:00  carry today
            spot pot today
  SESSION   $+0.18 +0.04%  peak $495.24  dd 0.02%
  CURVE     ==+++++
  MONTH     book guard $4.85 of $100.00 used  on marked equity  from $500.00  dial 20%
            #.........................
  RECORD    book closed 11  5W 6L  net $-0.06  fees and funding in
  FEES      no fills yet this run (the book trades at 00:05 UTC)
  ------------------------------------------------------------------------------------------------
 
02:04:40 | 
02:04:40 | ============================================================
02:04:40 | 📊 POSITION SUMMARY (8-MIN UPDATE)
02:04:40 | 💰 Equity: $495.15 marked (the Binance book, an experiment) = cash $500.77 + open $-5.62
02:04:40 | 💵 Available: $434.71 after open P&L | Locked: $60.44
02:04:40 | 📈 Session: $+0.18 (+0.0%)
02:04:40 | 🎯 C510 Book (what trades): 10 positions, gross 0.55x, open $-5.62 | rule C2 N2+N3 + range vol (GK) | closed 11: 5W/6L $-0.06 | since 01 Oct -0.97% (normal)
02:04:40 | ============================================================
02:04:40 | ============================================================
02:04:40 | 🔵 Book guard: $4.85 of $100.00 used this month on marked equity (5%, from $500.00) · realised today +0.00% [C497]
02:04:40 | ============================================================
02:04:40 | 
 
  02:12  up 0h56m  daily book --------------------------------------------------------------------
  PLAN      $1,000.90 of $1,000.00 ($+0.90)  after tax on net profit $1,000.62
            Delta vs CoinDCX funding gap $1,000.90  paper
  BELOW     experiments, not your money
  EQUITY    $495.31  unreal $-5.46
  OPEN      no intraday positions  book holds 10 (BOOK row)  free $434.87 after open P&L
  SHADOW    intraday M1 $482.69 (-3.41%)  M1g $506.67 (+1.39%)  8d paper only
  CARRY     $498.97 (-0.17%)  5 held  paper only
  SPOT      $247.69 (-0.92%)  0 held  0% invested  cash earns 2.49%  paper pot
  SAVINGS   idle $311.04 (63%)  at 2.49% +$0.47 so far  ~$0.65/month  paper
  BFUSD     wallet $495.31 at 7.66%  +$0.80 so far  ~$3.16/month  vs Savings $0.65  paper
  DELTA     $496.14 (-0.77%)  8 held  fees $0.41  funding $+0.25
            paper experiment: the book on Delta
  XVENUE    $999.54 (-0.05%)  10 pairs  funding $+8.98  fees $6.95  paper, Delta vs CoinDCX
  TESTS     every 8 h: ahead $0.01, 3 days  3-day avg: behind $0.31, 3 days
            15 x 12%: behind $0.95, 1 day  paper, vs your daily rule
  BOOK      10 pos gross $272.73 (0.55x)  open $-5.46  funding $-0.00  vol 27% top 20
            rebal 2026-10-09
  CONTEXT   since 01 Oct $-4.69 (-0.94%) in 8.7d  normal -3.0% to +6.9%  bottom 30%: normal
  RULE      C2 N2+N3 + range vol (GK)  forward test (paper)
  TOURNEY   8d from 2026-10-01  base -1.00%  N2 -1.50%  N3 -1.32%  N2+N3 -1.74%  +K4 -3.23%
            +GK* -1.45%  +K4+GK -2.54%  +GK+DD -1.17%  +GK+XA -2.00%
  DATA      on time  prices 30s  funding booked  book today  shadow 20:00  carry today
            spot pot today
  SESSION   $+0.34 +0.07%
  CURVE     ==++++++
  MONTH     book guard $4.69 of $100.00 used  on marked equity  from $500.00  dial 20%
            #.........................
  RECORD    book closed 11  5W 6L  net $-0.06  fees and funding in
  FEES      no fills yet this run (the book trades at 00:05 UTC)
  ------------------------------------------------------------------------------------------------
 
02:12:41 | 
02:12:41 | ============================================================
02:12:41 | 📊 POSITION SUMMARY (8-MIN UPDATE)
02:12:41 | 💰 Equity: $495.31 marked (the Binance book, an experiment) = cash $500.77 + open $-5.46
02:12:41 | 💵 Available: $434.87 after open P&L | Locked: $60.44
02:12:41 | 📈 Session: $+0.34 (+0.1%)
02:12:41 | 🎯 C510 Book (what trades): 10 positions, gross 0.55x, open $-5.46 | rule C2 N2+N3 + range vol (GK) | closed 11: 5W/6L $-0.06 | since 01 Oct -0.94% (normal)
02:12:41 | ============================================================
02:12:41 | ============================================================
02:12:41 | 🔵 Book guard: $4.69 of $100.00 used this month on marked equity (5%, from $500.00) · realised today +0.00% [C497]
02:12:41 | ============================================================
02:12:41 | 
