
  ================================================================================================
  OMEGA C492  PAPER  Bitget perps
  26 Sep 2026   17:53
  start $252.22  risk dial 15%/month
  ================================================================================================

  RISK FRAME -------------------------------------------------------------------------------------
  EQUITY    $252.22  805 markets
  MONTH     dial 15% = $37.92 this month  used $0.59
  DAY       limit $9.34  25% of what the month has left, fixed at midnight
  RISK      0.341% = $0.86/trade  trades/day NO CAP
  EDGE      +0.0474 blended  44W 95L realised
  NEED      32% win at 2.10 payoff
  ------------------------------------------------------------------------------------------------



  18:01  up 0h08m  scan 0 ------------------------------------------------------------------------
  EQUITY    $249.25  unreal $-2.97
  OPEN      flat  free $233.88
  SHADOW    intraday M1 $254.10 (+0.73%)  M1g $252.26 (+0.00%)  2d paper only
  CARRY     $251.86 (-0.16%)  8 held  paper only
  BOOK      8 pos gross $94.18 (0.38x)  open $-2.97  funding $+0.01  vol 20% top 20
            rebal 2026-09-26
  SESSION   $-2.97 -1.18%  peak $252.22  dd 1.18%
  DAY       real $-0.04  limit $9.34 (3.70%)  0% used
            ..........................
  MONTH     dial 15%  used $0.59 of $37.92  from $252.81
  RECORD    no closed trades yet this run
  LIFETIME  139tr 44W 95L 32%  $+2.22
  FEES      no fills yet this run
  MARKET    bias +0.00  breadth +0.00
  ------------------------------------------------------------------------------------------------



  18:09  up 0h16m  scan 0 ------------------------------------------------------------------------
  EQUITY    $249.29  unreal $-2.93
  OPEN      flat  free $233.88
  SHADOW    intraday M1 $254.10 (+0.73%)  M1g $252.26 (+0.00%)  2d paper only
  CARRY     $251.86 (-0.16%)  8 held  paper only
  BOOK      8 pos gross $93.84 (0.38x)  open $-2.93  funding $+0.01  vol 20% top 20
            rebal 2026-09-26
  SESSION   $-2.93 -1.16%  peak $252.22  dd 1.16%
  DAY       real $-0.04  limit $9.34 (3.70%)  0% used
            ..........................
  MONTH     dial 15%  used $0.59 of $37.92  from $252.81
  RECORD    no closed trades yet this run
  LIFETIME  139tr 44W 95L 32%  $+2.22
  FEES      no fills yet this run
  MARKET    bias +0.00  breadth +0.00
  ------------------------------------------------------------------------------------------------



  18:17  up 0h24m  scan 0 ------------------------------------------------------------------------
  EQUITY    $249.25  unreal $-2.97
  OPEN      flat  free $233.88
  SHADOW    intraday M1 $254.10 (+0.73%)  M1g $252.26 (+0.00%)  2d paper only
  CARRY     $251.86 (-0.16%)  8 held  paper only
  BOOK      8 pos gross $93.71 (0.38x)  open $-2.97  funding $+0.01  vol 20% top 20
            rebal 2026-09-26
  SESSION   $-2.97 -1.18%  peak $252.22  dd 1.18%
  DAY       real $-0.04  limit $9.34 (3.70%)  0% used
            ..........................
  MONTH     dial 15%  used $0.59 of $37.92  from $252.81
  RECORD    no closed trades yet this run
  LIFETIME  139tr 44W 95L 32%  $+2.22
  FEES      no fills yet this run
  MARKET    bias +0.00  breadth +0.00
  ------------------------------------------------------------------------------------------------



  18:25  up 0h32m  scan 0 ------------------------------------------------------------------------
  EQUITY    $249.46  unreal $-2.76
  OPEN      flat  free $233.88
  SHADOW    intraday M1 $254.10 (+0.73%)  M1g $252.26 (+0.00%)  2d paper only
  CARRY     $251.86 (-0.16%)  8 held  paper only
  BOOK      8 pos gross $93.70 (0.38x)  open $-2.76  funding $+0.01  vol 20% top 20
            rebal 2026-09-26
  SESSION   $-2.76 -1.09%  peak $252.22  dd 1.09%
  DAY       real $-0.04  limit $9.34 (3.70%)  0% used
            ..........................
  MONTH     dial 15%  used $0.59 of $37.92  from $252.81
  RECORD    no closed trades yet this run
  LIFETIME  139tr 44W 95L 32%  $+2.22
  FEES      no fills yet this run
  MARKET    bias +0.00  breadth +0.00
  ------------------------------------------------------------------------------------------------



  18:33  up 0h40m  scan 0 ------------------------------------------------------------------------
  EQUITY    $249.50  unreal $-2.72
  OPEN      flat  free $233.88
  SHADOW    intraday M1 $254.10 (+0.73%)  M1g $252.26 (+0.00%)  2d paper only
  CARRY     $251.86 (-0.16%)  8 held  paper only
  BOOK      8 pos gross $93.90 (0.38x)  open $-2.72  funding $+0.01  vol 20% top 20
            rebal 2026-09-26
  SESSION   $-2.72 -1.08%  peak $252.22  dd 1.08%
  CURVE     +=====
  DAY       real $-0.04  limit $9.34 (3.70%)  0% used
            ..........................
  MONTH     dial 15%  used $0.59 of $37.92  from $252.81
  RECORD    no closed trades yet this run
  LIFETIME  139tr 44W 95L 32%  $+2.22
  FEES      no fills yet this run
  MARKET    bias +0.00  breadth +0.00
  ------------------------------------------------------------------------------------------------



  18:41  up 0h48m  scan 0 ------------------------------------------------------------------------
  EQUITY    $249.47  unreal $-2.75
  OPEN      flat  free $233.88
  SHADOW    intraday M1 $254.10 (+0.73%)  M1g $252.26 (+0.00%)  2d paper only
  CARRY     $251.86 (-0.16%)  8 held  paper only
  BOOK      8 pos gross $93.85 (0.38x)  open $-2.75  funding $+0.01  vol 20% top 20
            rebal 2026-09-26
  SESSION   $-2.75 -1.09%  peak $252.22  dd 1.09%
  CURVE     +======
  DAY       real $-0.04  limit $9.34 (3.70%)  0% used
            ..........................
  MONTH     dial 15%  used $0.59 of $37.92  from $252.81
  RECORD    no closed trades yet this run
  LIFETIME  139tr 44W 95L 32%  $+2.22
  FEES      no fills yet this run
  MARKET    bias +0.00  breadth +0.00
  ------------------------------------------------------------------------------------------------



  18:49  up 0h56m  scan 0 ------------------------------------------------------------------------
  EQUITY    $249.45  unreal $-2.77
  OPEN      flat  free $233.88
  SHADOW    intraday M1 $254.10 (+0.73%)  M1g $252.26 (+0.00%)  2d paper only
  CARRY     $251.86 (-0.16%)  8 held  paper only
  BOOK      8 pos gross $93.44 (0.38x)  open $-2.77  funding $+0.01  vol 20% top 20
            rebal 2026-09-26
  SESSION   $-2.77 -1.10%  peak $252.22  dd 1.10%
  CURVE     +=======
  DAY       real $-0.04  limit $9.34 (3.70%)  0% used
            ..........................
  MONTH     dial 15%  used $0.59 of $37.92  from $252.81
  RECORD    no closed trades yet this run
  LIFETIME  139tr 44W 95L 32%  $+2.22
  FEES      no fills yet this run
  MARKET    bias +0.00  breadth +0.00
  ------------------------------------------------------------------------------------------------



  18:57  up 1h04m  scan 0 ------------------------------------------------------------------------
  EQUITY    $249.33  unreal $-2.89
  OPEN      flat  free $233.88
  SHADOW    intraday M1 $254.10 (+0.73%)  M1g $252.26 (+0.00%)  2d paper only
  CARRY     $251.86 (-0.16%)  8 held  paper only
  BOOK      8 pos gross $93.38 (0.38x)  open $-2.89  funding $+0.01  vol 20% top 20
            rebal 2026-09-26
  SESSION   $-2.89 -1.15%  peak $252.22  dd 1.15%
  CURVE     +========
  DAY       real $-0.04  limit $9.34 (3.70%)  0% used
            ..........................
  MONTH     dial 15%  used $0.59 of $37.92  from $252.81
  RECORD    no closed trades yet this run
  LIFETIME  139tr 44W 95L 32%  $+2.22
  FEES      no fills yet this run
  MARKET    bias +0.00  breadth +0.00
  ------------------------------------------------------------------------------------------------



  19:05  up 1h12m  scan 0 ------------------------------------------------------------------------
  EQUITY    $249.32  unreal $-2.90
  OPEN      flat  free $233.88
  SHADOW    intraday M1 $254.10 (+0.73%)  M1g $252.26 (+0.00%)  2d paper only
  CARRY     $251.86 (-0.16%)  8 held  paper only
  BOOK      8 pos gross $93.45 (0.38x)  open $-2.90  funding $+0.01  vol 20% top 20
            rebal 2026-09-26
  SESSION   $-2.90 -1.15%  peak $252.22  dd 1.15%
  CURVE     +=========
  DAY       real $-0.04  limit $9.34 (3.70%)  0% used
            ..........................
  MONTH     dial 15%  used $0.59 of $37.92  from $252.81
  RECORD    no closed trades yet this run
  LIFETIME  139tr 44W 95L 32%  $+2.22
  FEES      no fills yet this run
  MARKET    bias +0.00  breadth +0.00
  ------------------------------------------------------------------------------------------------



  19:13  up 1h20m  scan 0 ------------------------------------------------------------------------
  EQUITY    $249.39  unreal $-2.83
  OPEN      flat  free $233.88
  SHADOW    intraday M1 $254.10 (+0.73%)  M1g $252.26 (+0.00%)  2d paper only
  CARRY     $251.86 (-0.16%)  8 held  paper only
  BOOK      8 pos gross $93.48 (0.38x)  open $-2.83  funding $+0.01  vol 20% top 20
            rebal 2026-09-26
  SESSION   $-2.83 -1.12%  peak $252.22  dd 1.12%
  CURVE     +==========
  DAY       real $-0.04  limit $9.34 (3.70%)  0% used
            ..........................
  MONTH     dial 15%  used $0.59 of $37.92  from $252.81
  RECORD    no closed trades yet this run
  LIFETIME  139tr 44W 95L 32%  $+2.22
  FEES      no fills yet this run
  MARKET    bias +0.00  breadth +0.00
  ------------------------------------------------------------------------------------------------

