00:01:01 | ⊥ C97 TF-CONFLICT: 1h=-0.75×4h=+0.24=d14=-0.18 — only shorts allowed (1h dominant)
00:01:53 |    ⚖️ C462-7 PENGU: penalties 0.79→0.50 (×0.64) vs bar 0.72 — the stack decided
00:02:05 |    ⚖️ C462-7 USELESS: penalties 0.84→0.71 (×0.85) vs bar 0.72 — the stack decided
00:02:19 |    ⚖️ C462-7 MUU: penalties 0.98→0.62 (×0.64) vs bar 0.72 — the stack decided
00:02:45 |    ⚖️ C462-7 CYS: penalties 0.77→0.65 (×0.85) vs bar 0.72 — the stack decided
00:03:19 | 📊 Step 3 result: 131 analyzed → 1 viable → Step 4 DRI/DSI
00:03:20 |    🎲 C378 odds-size: orderliness 0.14 -> risk x0.78 ($0.680)
00:03:20 |    🔒 C378 stop level $0.02467 recorded (paper — C377 enforces it in-process) [C397
    tick-legal]
  >> 00:03  OPEN   TUT LONG @0.025370  x1 $24.37
       target +12.2%  stop -2.8%  entry score 0.65  maker
 
 
  00:06  up 60h39m  scan 473 ---------------------------------------------------------------------
  EQUITY    $254.85  unreal $-0.13
  SESSION   $+4.85 +1.94%  peak $257.44  dd 1.01%
  CURVE     .__.......______---++==++*#*#*#*+++++++*@@@@##@@@@@@@@@@@@@###############***#********
  DAY       real $+0.00  loss room $1.22 (0.48%)  0% used  vol x0.70  trust x1.00
            ..........................
  RECORD    74 closed  24W 50L  win 32%  payoff 1.66  avg $-0.04/tr  best $+1.36  worst $-1.64
            break-even 38%
  OPEN      1 pos $24.37 (10%)  free $230.61
  FEES      $1.30  mk114/tk56  0.511% of eq
  SCAN      802 > 131 > 1 passed  top TUT 0.65 (viable)  473 scans, 21245 analysed
  MARKET    MIXED  bias +0.27  breadth +0.55  taker flow -0.06
  NEWS      65 articles  + tone +0.19  DOT +0.53  LUNA +0.50  APE +0.39
  INFO      1 tilted  flow/fund/news/oi on 373
            info>0 52tr $-0.02 win 37%  info≤0 22tr $-0.06 win 23%
  MOVERS    MUBARAK +81% #7  龙虾 -43% #42  MARSCOIN +40% #24  CHR +39% cut
  TAPE      - - - + + + - - - - - + - - - + - - + - - - - - + - - - - - + + - - - - - + + - - - -
  ------------------------------------------------------------------------------------------------
  PAIR     SIDE       ENTRY      MARK    MOVE     P&L   AGE  THESIS
  TUT      LONG    0.025370  0.025250  -0.47%   -0.13    2m  - 68% left
  ------------------------------------------------------------------------------------------------
 
00:13:49 |    🪞 C266 board-parity (top movers vs screen): MUBARAK +86%[#8] | DRIFT +50%[#94] | 龙虾
    -44%[#45] | CHR +38%[Live=0.39<cut] | MARSCOIN +31%[#31]
00:13:50 | ⊥ C97 TF-CONFLICT: 1h=-0.75×4h=+0.24=d14=-0.18 — only shorts allowed (1h dominant)
00:14:34 | 📊 Step 3 result: 24 analyzed (+105 cached this 15m candle) → 0 passed | score_zero=1,
    low_confidence=14, low_score=43, mtf_disagree=1, ct_noisy_block=31, pair_cap=5,
    flat_projection=13, no_structural_room=10, poor_reward_risk=8, capitulation=3
00:14:34 |    📌 Nearest miss: TUT score=0.815 conf=0.536 quality=0.437/0.26 reason=mtf_disagree
 
  00:14  up 60h47m  scan 474 ---------------------------------------------------------------------
  EQUITY    $254.84  unreal $-0.14
  SESSION   $+4.84 +1.94%  peak $257.44  dd 1.01%
  CURVE     .__.......______---++==++*#*#*#*+++++++*@@@@##@@@@@@@@@@@@@###############************
  DAY       real $+0.00  loss room $1.22 (0.48%)  0% used  vol x0.70  trust x1.00
            ..........................
  RECORD    74 closed  24W 50L  win 32%  payoff 1.66  avg $-0.04/tr  best $+1.36  worst $-1.64
            break-even 38%
  OPEN      1 pos $24.37 (10%)  free $230.61
  FEES      $1.30  mk114/tk56  0.511% of eq
  SCAN      802 > 24 > 0 passed  top TUT 0.81 (mtf_disagree)  474 scans, 21269 analysed
  MARKET    MIXED  bias +0.18  breadth +0.38  taker flow +0.03
  NEWS      65 articles  + tone +0.19  DOT +0.53  LUNA +0.50  APE +0.39
  INFO      1 tilted  flow/fund/news/oi on 373
            info>0 52tr $-0.02 win 37%  info≤0 22tr $-0.06 win 23%
  MOVERS    MUBARAK +86% #8  DRIFT +50% #94  龙虾 -44% #45  CHR +38% cut
  TAPE      - - - + + + - - - - - + - - - + - - + - - - - - + - - - - - + + - - - - - + + - - - -
  ------------------------------------------------------------------------------------------------
  PAIR     SIDE       ENTRY      MARK    MOVE     P&L   AGE  THESIS
  TUT      LONG    0.025370  0.025240  -0.51%   -0.14   11m  - 65% left
  ------------------------------------------------------------------------------------------------
 
