14:13:46 | 📊 Paper Mode
14:13:48 | ✅ Connected | 804 futures markets
14:13:48 | 📊 Bitget Fees: Maker 0.02% | Taker 0.06%
14:13:48 | 📊 Market type: PERPETUAL FUTURES (swap) — verified
14:13:48 | 📋 Limit Orders: ENABLED (offset 0.1%) -- the idle intraday scanner's; the book trades with market orders
14:13:48 |    📅 C482 month anchor 2026-09: $250.00 (budget 20% = $50.00)
14:13:48 | 📐 RISK @ $250.00: monthly dial 20% = $50.00/month (20% of this month's anchor $250.00)  |  the portfolio book trades: its month guard closes the book if MARKED equity falls that far below the month's anchor [C497]
 
  ================================================================================================
  OMEGA C510  PAPER  Bitget perps
  29 Sep 2026   14:13
  start $250.00 realised  risk dial 20%/month
  ================================================================================================
 
  RISK FRAME -------------------------------------------------------------------------------------
  EQUITY    $250.00 realised  804 markets
  MONTH     dial 20% = $50.00 this month  used $0.00 realised
  BOOK      daily trend + momentum + carry, rebalanced 00:05 UTC
            month guard on MARKED equity (open P&L counts)  intraday scanner idle
  ------------------------------------------------------------------------------------------------
 
14:13:48 | 📊 Day start equity set: $250.00 | Day cap: 0.91% = $2.27 [C309]
14:13:48 | 🔄 Trading mode reset
14:13:48 | 💼 Normal mode start equity: $250.00
14:13:48 |    (legacy Flask page not installed — the dashboard is the control panel)
14:13:48 | 🌐 Remote control on http://0.0.0.0:8138 — TOKEN REQUIRED
14:13:48 |    📱 Local network: http://10.0.0.160:8138/?t=<your token> (this machine's own address)
14:13:48 |    🌍 Internet: put a Cloudflare Tunnel in front of this port.
14:13:48 |        See deploy/DEPLOY.md — one command, no open ports, free.
14:13:48 | ============================================================
14:13:48 | 🤖 OMEGA V60 — INFORMATION ENGINE (C466)
14:13:48 |    ℹ️ C497: the portfolio book trades. The blocks below describe the INTRADAY SCANNER, which is idle (OMEGA_ENGINE=intraday restores it); the book is summarised in the RISK FRAME above and the BOOK row every 8 min
14:13:48 | 📊 C503 WHAT IS RUNNING -- the portfolio book trades:
14:13:48 |    RULE   C2 N2+N3: C2 = residual momentum, no crowded shorts (N2+N3) -- a FORWARD TEST in paper (C510); the admitted rule is scored beside it in the rule tournament
14:13:48 |    BOOK   trend (C1) + momentum (C2) + carry (C3), equal risk; vol target 27% from the 20% dial; gross <= 3x equity; top 20 crypto; $6 minimum; 30% band
14:13:48 |           rebalanced daily 00:05 UTC with market orders (paper fills at the ask/bid, taker 0.06%); 5x cross margin; funding at each coin's own interval; its one limit is the month guard on MARKED equity
14:13:48 |    PAPER  never touches the account: intraday shadow (C489) hourly · carry (C490) 00:10 UTC · spot pot (C501/C502) $250, spot minimum $1, 00:20 UTC · idle cash -> Savings at 7.63% every minute · allostatic shadow (K4) at each rebalance · rule tournament (C510, 7 rules on the same prices) at each rebalance
14:13:48 |    IDLE   the intraday scanner, the OLD strategy (0 trades, 0W/0L, lost after fees; OMEGA_ENGINE=intraday restores it): every block below, to the 'stop safely' line, describes it
14:13:48 |    🧪 C364 PAPER=LIVE PARITY — costs modelled in paper (the idle scanner's; the book's are in the summary above):
14:13:48 |       • entries: post-only, REJECTED if the limit would cross (mirrors C363 live)
14:13:48 |       • market fills: lift the ASK / hit the BID — never the last price
14:13:48 |       • exit fee: taker on current notional
14:13:48 |       • funding: charged per 8h settlement crossed
14:13:48 |       NOT modelled: partial fills, API outages, queue position.
14:13:48 | ============================================================
14:13:48 | 🔒 Score floor reset: 0.32 (single mode — HP retired at C403-3) -- the idle scanner's
14:13:48 | 🧮 C458 EDGE STATE (the idle scanner's own trade record) — what it would permit today:
14:13:48 |    realised 6W/14L → shrunk base rate 0.400; fair odds for a 2.00R target are 0.333
14:13:48 |    blended edge +0.0474  (prior +0.0467 x0.60 + realised +0.0485 x0.40 (n=20; anchored on realised payoff 2.10 (7W/13L in R) (break-even wr 0.322 vs realised 0.400 = e +0.0776) x extrapolation shrink 0.63 to T 1.41R))
14:13:48 |    (the idle scanner's own bookkeeping, not a measured edge: the C487 audit found it lost after fees -- 0 trades, 0W/0L; it opens nothing while the book trades)
14:13:49 | 📋 Version history: OMEGA_CODE_ATLAS.md in the repo; CHANGELOG.md here records up to C466
14:13:49 | ============================================================
14:13:49 | 📊 INTRADAY SCANNER — IDLE while the book trades; what OMEGA_ENGINE=intraday would run:
14:13:49 |   1 SCANNER    804 markets → volume floor → top 30 by liveliness
14:13:49 |   2 ENTRY      11 signal components → one score; only 3 hard vetoes
14:13:49 |                (can't pay fees / no room to stop / not tradeable).
14:13:49 |                Everything else is a weighted penalty [C403-5].
14:13:49 |                EXPECTANCY GATE [C404/C405]: R = proj×√t ÷ stop,
14:13:49 |                E = p(R×0.60)−(1−p); E must clear 0 AND the live percentile bar.
14:13:49 |                TRADES/DAY [C467]: NO CAP. No count target, no hard cap, no per-scan limit. 2/pair still applies (that is concentration, not pace).
14:13:49 |                What refuses a trade now: the three hard vetoes only — can't pay fees, no room to stop, not tradeable. E<0 is a PENALTY while p has no measured skill [C467].
14:13:49 |   3 MONITOR    SPLIT LOOP [C397]: prices every 0.8s (stop, floors);
14:13:49 |                OHLCV/DRI every 20s; regime every 90s, AFTER positions.
14:13:49 |   4 EXIT       4 questions: hard stop · thesis dead (C399 retention)
14:13:49 |                · profit floor (C397 runner floor binds) · time.
14:13:49 |                Loss patience is BOUNDED at 1.35× the soft limit [C404-2].
14:13:49 |   SESSIONS     when each market DISCOVERS its price, in IST (US is currently on EDT):
14:13:49 |                crypto        24/7        · metals+energy  Globex ~24/5
14:13:49 |                US equity     19:00–01:30 IST  (a NIGHT session from India)
14:13:49 |                index futures Globex ~24/5 (SP500/NDX100 are futures, not cash)
14:13:49 |                Korea (KRX)   05:30–12:00 IST · HK  07:00–13:30 IST (lunch 09:30–10:30)
14:13:49 |                ● OPEN  crypto        24/7
14:13:49 |                ○ shut  us_equity     US cash closed
14:13:49 |                ● OPEN  index_future  Globex index
14:13:49 |                ● OPEN  metal         Globex
14:13:49 |                ○ shut  korea_equity  KRX closed
14:13:49 |                ○ shut  hk_equity     HKEX closed
14:13:49 |   UNIVERSE     464 crypto + 340 RWA perps (stocks/metals/energy/ETFs) today,
14:13:49 |                session-gated; leverage scaled to each instrument's own ATR;
14:13:49 |                fee burden inside E. ONE POOL, no per-class quota [C409].
14:13:49 |                WHY (measured at C409): crypto alive 39.3% of bars, ANY asset alive 59.8%
14:13:49 |                (+20.5pp). Cross-class aliveness corr +0.04/+0.14 vs
14:13:49 |                crypto's OWN internal factor corr +0.925 — real diversification.
14:13:49 |   EDGES        C398 capitulation tilt (down-side only, +4.67pp measured)
14:13:49 |                C396 session tilt · C401 taker-flow (instrumented)
14:13:49 |                C403-7 flow term ±10% on direction
14:13:49 |   RETIRED      HP phase ladder (C403-3: 5 incident classes, 0 benefit)
14:13:49 |                Guardian + C329 (C403-4: 4 controllers, none knew the risk)
14:13:49 |                per-symbol learning (C403-2: needs ~10 months of trades)
14:13:49 |                DSI+DRI divergence / DRI HARD (C399: unreachable by construction)
14:13:49 | ============================================================
14:13:49 | ============================================================
14:13:49 | ✅ DRI SYSTEM (11 components, renormalised to exactly 1.0 [C400]) -- the idle scanner's exit model:
14:13:49 |    Threshold: 0.3 | Hard: 0.5
14:13:49 |    Weights: Mom=0.18 Tech=0.16 Vol=0.11
14:13:49 |    ML=0.04 Wave=0.04 OFI=0.06
14:13:49 |    Fund=0.05 MTF=0.06 RVS=0.07
14:13:49 |    PA=0.15(dyn→0.45) Time=0.10 — nominal sum 1.02, rescaled to 1.00 at runtime [C400: was 1.113]
14:13:49 |    DSI = 6 of those 11 (Mom/Vol/Tech/ML/Wave/MTF, sum 0.59) inverted, Hurst-modulated, now unit-scaled [C400]
14:13:49 |    READ THEM AS: DRI negative = reversal thesis STRONG; DRI→0 = thesis DYING. DSI positive = sustainable; DSI→0 = spent.
14:13:49 |    Updates: every 20s (15m candles do not move faster; prices stay on the 0.8s leg)
14:13:49 | ============================================================
14:13:49 | 📋 CONFIGURATION:
14:13:49 |    💰 Equity: $250.00 realised | Available: $250.00 before open P&L
14:13:49 |    📊 Position Sizing (idle scanner): Dynamic allocation, min $5.0 | 3-5 positions
14:13:49 |    🎲 Leverage (idle scanner): 1x-10x  (single mode — HP retired, C403-3)
14:13:49 |    📋 Limit Orders (idle scanner): ON | Maker 0.02% Taker 0.06%
14:13:49 |    🎚️ Loss control: monthly risk dial 20% — the book's month guard on marked equity; no day limit applies to the book (C497)
14:13:49 |    🛡️ Session drawdown breaker: off | Guardian: report only (C482)
14:13:49 |    ⏱️ Prices 0.8s | DRI 20s | Summary 480s | Min age 15min (the summary is the 8-min block; the rest are the scanner's)
14:13:49 |    🧠 Shared learning ON (Markov chains, calibration). Per-symbol memory OFF [C403-2]. -- the idle scanner's
14:13:49 | ============================================================
14:13:49 | 📊 MODE: NORMAL
14:13:49 | ============================================================
14:13:49 | 💡 Stop safely: sudo systemctl stop omega (Ctrl+C only when run by hand)
14:13:49 | ============================================================
14:13:49 | 🔄 Monitoring thread started — SPLIT LOOP [C397]: FAST leg every 0.8s (prices in PARALLEL → hard stop, trailing floor, peak floor, capture floor); SLOW leg every 20s (OHLCV/DRI) and 90s (BTC/ETH regime, AFTER positions are checked, never before) -- it watches INTRADAY positions; the book has no stops, its one limit is the month guard
14:13:49 |    📅 C488 month anchor 2026-09: $250.00 (marked; budget 20% = $50.00)
14:14:24 |    🧬 C501 allostatic shadow (paper): K4 gross 0.70x vs running 0.42x | 0 days scored: K4 +0.00% vs +0.00% (same rules, same data)
14:14:24 |    📋 C488 PLAN 2026-09-29: 80 candidates, 20 eligible, eq $250.00 | HYPE +15.05 C1/C3, ENA +14.48 C1/C2/C3, XRP -10.69 C1/C2, TRUMP +9.95 C3, DOGE -9.71 C1/C2, SUI +9.58 C1/C2, NEAR +7.60 C1/C2, ZEC +7.55 C1/C3, PEPE -7.05 C1/C2, UNI -6.59 C1/C3, FIL -6.33 C1/C3 | under $6: 9 (PUMP -5.97, LINK +2.64, BTC +2.23, ETH +2.10, ADA +2.06, SOL +1.43, TAO +0.81, ONDO +0.80)
14:14:24 |    📋 C488 CANDIDATES (80 with history): 0G 1000BONK AAVE ADA AERO AKE ALGO APT ARB ARX ASTER AVAX BCH BGB BNB BTC BTW CRV DASH DOGE DOT ENA ETC ETH ETHFI FARTCOIN FET FIL GRAM GRASS GRT HBAR HYPE ICP INJ IOTA JASMY JUP LINK LSK LTC MARSCOIN MON MUBARAK NEAR NIL NMR ONDO ONE OP PENGU PEPE PHA PI PONS PUMP Q QNT RAY RENDER SEI SHIB SOL SOON SUI TAO TIA TRUMP UNI US USELESS VIRTUAL WLD XLM XPL XRP ZEC ZRO 牛来 龙虾
14:14:24 |    💸 C364 market fill crossed the book: DOGE sell @$0.094810 (0.53bp worse than mid, src=book)
14:14:24 | 📉 FILL: DOGE SELL @$0.094810 | paper=True
14:14:24 |    💼 C488 first: SELL DOGE 102 @ $0.094810 ($9.67; fee $0.006) -> holding -102
14:14:24 |    💸 C364 market fill crossed the book: ENA buy @$0.251040 (0.40bp worse than mid, src=book)
14:14:24 | 📉 FILL: ENA BUY @$0.251040 | paper=True
14:14:24 |    💼 C488 first: BUY ENA 58 @ $0.251040 ($14.56; fee $0.009) -> holding +58
14:14:24 |    💸 C364 market fill crossed the book: FIL sell @$1.0606 (0.47bp worse than mid, src=book)
14:14:24 | 📉 FILL: FIL SELL @$1.0606 | paper=True
14:14:24 |    💼 C488 first: SELL FIL 6 @ $1.0606 ($6.36; fee $0.004) -> holding -6
14:14:24 |    💸 C364 market fill crossed the book: HYPE buy @$88.1770 (0.17bp worse than mid, src=book)
14:14:24 | 📉 FILL: HYPE BUY @$88.1770 | paper=True
14:14:24 |    💼 C488 first: BUY HYPE 0.17 @ $88.1770 ($14.99; fee $0.009) -> holding +0.17
14:14:24 |    💸 C364 market fill crossed the book: NEAR buy @$4.7466 (0.11bp worse than mid, src=book)
14:14:24 | 📉 FILL: NEAR BUY @$4.7466 | paper=True
14:14:24 |    💼 C488 first: BUY NEAR 2 @ $4.7466 ($9.49; fee $0.006) -> holding +2
14:14:25 |    💸 C364 market fill crossed the book: PEPE sell @$0.0000042586 (0.12bp worse than mid, src=book)
14:14:25 | 📉 FILL: PEPE SELL @$0.0000042586 | paper=True
14:14:25 |    💼 C488 first: SELL PEPE 1.655e+06 @ $0.0000042586 ($7.05; fee $0.004) -> holding -1.655e+06
14:14:25 |    💸 C364 market fill crossed the book: SUI buy @$1.1437 (0.44bp worse than mid, src=book)
14:14:25 | 📉 FILL: SUI BUY @$1.1437 | paper=True
14:14:25 |    💼 C488 first: BUY SUI 8.4 @ $1.1437 ($9.61; fee $0.006) -> holding +8.4
14:14:25 |    💸 C364 market fill crossed the book: TRUMP buy @$2.0140 (2.48bp worse than mid, src=book)
14:14:25 | 📉 FILL: TRUMP BUY @$2.0140 | paper=True
14:14:25 |    💼 C488 first: BUY TRUMP 4.9 @ $2.0140 ($9.87; fee $0.006) -> holding +4.9
14:14:25 |    💸 C364 market fill crossed the book: UNI sell @$9.0040 (1.11bp worse than mid, src=book)
14:14:25 | 📉 FILL: UNI SELL @$9.0040 | paper=True
14:14:25 |    💼 C488 first: SELL UNI 1 @ $9.0040 ($9.00; fee $0.005) -> holding -1
14:14:25 |    💸 C364 market fill crossed the book: XRP sell @$1.5001 (0.33bp worse than mid, src=book)
14:14:25 | 📉 FILL: XRP SELL @$1.5001 | paper=True
14:14:25 |    💼 C488 first: SELL XRP 7 @ $1.5001 ($10.50; fee $0.006) -> holding -7
14:14:25 |    💸 C364 market fill crossed the book: ZEC buy @$1410.45 (0.04bp worse than mid, src=book)
14:14:25 | 📉 FILL: ZEC BUY @$1410.45 | paper=True
14:14:25 |    💼 C488 first: BUY ZEC 0.005 @ $1410.45 ($7.05; fee $0.004) -> holding +0.005
14:14:25 | 💼 C488 REBALANCE (first): 11 positions targeted, gross 0.42x of $250.00, 11 trades $108.16, top 20, vol target 26.7%, rule C2 N2+N3 [37s]
14:14:26 |    🏁 C510 tournament (paper, same prices, 0 days scored since 2026-09-29): admitted C488 rule +0.00% | N2 no crowded shorts +0.00% | N3 residual momentum +0.00% | N2+N3 (traded) +0.00% | N2+N3, K4 sizing +0.00% | N2+N3, range vol +0.00% | N2+N3, K4, range vol +0.00% [1s]
14:14:26 |    📏 C509 since the book began 29 Sep: -0.05% in 0.0 days (under a day: too early to judge)
14:14:55 |    👻 C489 shadow hour 08:00 UTC: 38 coins scored (warm-up (14, no flow)), gate shut | M1 $249.89 (-0.02%) M1g $249.94 (+0.00%) over 1d [28s]
14:15:20 |    💱 C490 carry (paper ledger) 2026-09-29: day -0.40 -> $249.54 (-0.16%) | 8 held, 24 of 37 eligible above 10%/yr | in FET,TRUMP,PUMP,FARTCOIN,APT,XLM,WLD,UNI [25s]
14:15:20 |    🪙 C501 spot pot (paper) 2026-09-29: $249.95 (-0.02%) | 15 held, 22% invested, cash $195.76 earning 7.63% | 15 trades today [0s]
14:15:20 |    🪙 C501 spot pot holds: LINK $5.85, BTC $4.95, ETH $4.64, ADA $4.56, SUI $4.45, ONDO $3.49, FIL $3.30, SOL $3.16, NEAR $3.08, PUMP $3.04, HYPE $2.96, XRP $2.82, ZEC $2.74, ENA $2.58, DOGE $2.56
14:15:20 | 💼 C488: portfolio engine ON -- the intraday scanner opens no new positions (OMEGA_ENGINE=intraday restores it); the book holds 11 positions
