00:25:48 | 📊 Paper Mode
00:25:48 | ✅ Connected | 740 futures markets (Binance USDⓈ-M)
00:25:48 | 📊 Binance Fees: Maker 0.02% | Taker 0.05%
00:25:48 | 📊 Market type: PERPETUAL FUTURES (swap) — verified
00:25:48 | 📋 Limit Orders: ENABLED (offset 0.1%) -- the idle intraday scanner's; the book trades with market orders
00:25:48 | 📂 Loaded state: $499.71 realised | 0 intraday positions | available $437.00 before open P&L (locked $62.70)
00:25:48 | 📐 RISK @ $499.71: monthly dial 20% = $100.00/month (20% of this month's anchor $500.00)  |  the portfolio book trades: its month guard closes the book if MARKED equity falls that far below the month's anchor [C497]
 
  ================================================================================================
  OMEGA C529  PAPER  Binance perps
  04 Oct 2026   00:25
  start $499.71 realised  risk dial 20%/month
  ================================================================================================
 
  RISK FRAME -------------------------------------------------------------------------------------
  EQUITY    $499.71 realised  740 markets
  MONTH     dial 20% = $100.00 this month
            used $0.29 realised (the guard counts MARKED equity once prices load)
  BOOK      daily trend + momentum + carry, rebalanced 00:05 UTC
            month guard on MARKED equity (open P&L counts)  intraday scanner idle
  ------------------------------------------------------------------------------------------------
 
00:25:48 |    (legacy Flask page not installed — the dashboard is the control panel)
00:25:48 | 🌐 Remote control on http://0.0.0.0:8138 — TOKEN REQUIRED
00:25:48 |    📱 Local network: http://10.0.0.160:8138/?t=<your token> (this machine's own address)
00:25:48 |    🌍 Internet: put a Cloudflare Tunnel in front of this port.
00:25:48 |        See deploy/DEPLOY.md — one command, no open ports, free.
00:25:48 | ============================================================
00:25:48 | 🤖 OMEGA V60 — INFORMATION ENGINE (C466)
00:25:48 | 📊 C503 WHAT IS RUNNING -- the portfolio book trades:
00:25:48 |    RULE   C2 N2+N3 + range vol (GK): C2 = residual momentum, no crowded shorts (N2+N3) -- a FORWARD TEST in paper (C510); the admitted rule is scored beside it in the rule tournament
00:25:48 |    BOOK   trend (C1) + momentum (C2) + carry (C3), equal risk; vol target 27% from the 20% dial; gross <= 3x equity; top 20 crypto; $6 minimum; 30% band
00:25:48 |           rebalanced daily 00:05 UTC with market orders (paper fills at the ask/bid, taker 0.05%); 5x cross margin; funding at each coin's own interval; its one limit is the month guard on MARKED equity
00:25:48 |    PAPER  never touches the account: intraday shadow (C489) hourly · carry (C490) 00:10 UTC · spot pot (C501/C502) $250, spot minimum $5, 00:20 UTC · idle cash -> Savings at Binance's own rate (read every 6 h; 6.69% until the first read) every minute · rule tournament (C510, 9 rules on the same prices) at each rebalance · BFUSD wallet at 7.66% (C521) · the same plan on Delta Exchange India, $500 (C521) · Delta vs Binance funding spread, both legs, $500 (C524)
00:25:48 |    IDLE   the intraday scanner, the OLD strategy (139 trades, 44W/95L before the 29 Sep 2026 fresh start; it lost after fees): it opens nothing, and its boot description is not printed (OMEGA_ENGINE=intraday runs and describes it)
00:25:48 | 💡 Stop safely: sudo systemctl stop omega (Ctrl+C only when run by hand)
00:25:48 | ============================================================
00:25:48 | 🔄 Monitoring thread started — SPLIT LOOP [C397]: FAST leg every 0.8s (prices in PARALLEL → hard stop, trailing floor, peak floor, capture floor); SLOW leg every 20s (OHLCV/DRI) and 90s (BTC/ETH regime, AFTER positions are checked, never before) -- it watches INTRADAY positions; the book has no stops, its one limit is the month guard
00:25:49 |    🇮🇳 C529 Delta book month anchor 2026-10: $501.98 marked (budget 20% = $100.40)
00:25:49 |    🏦 C527 Binance Flexible Savings USDT: 6.67% = 2.67% market + 4.00% on the first 1,000 USDT (read every 6 h)
00:25:54 | 💼 C488: portfolio engine ON -- the intraday scanner opens no new positions (OMEGA_ENGINE=intraday restores it); the book holds 9 positions
00:32:39 |    👻 C489 shadow hour 19:00 UTC: 39 coins scored (full (16 features)), gate OPEN | M1 $503.56 (+0.77%) M1g $501.62 (+0.38%) over 2d [14s]
 
  00:33  up 0h08m  daily book --------------------------------------------------------------------
  EQUITY    $501.44  unreal $+1.73
  OPEN      no intraday positions  book holds 9 (BOOK row)  free $438.74 after open P&L
  SHADOW    intraday M1 $503.56 (+0.77%)  M1g $501.62 (+0.38%)  2d paper only
  CARRY     $499.11 (-0.15%)  8 held  paper only
  SPOT      $249.79 (-0.09%)  1 held  4% invested  cash earns 6.67%  paper pot
  SAVINGS   idle $313.37 (62%)  at 6.67% +$0.15 so far  ~$1.74/month  paper
  BFUSD     wallet $501.42 at 7.66%  +$0.16 so far  ~$3.20/month  vs Savings $1.74  paper
  DELTA     $502.08 (+0.42%)  9 held  fees $0.20  funding $+0.01  paper, same plan
  XVENUE    $499.35 (-0.13%)  10 pairs  funding $+0.00  fees $0.74  paper, Delta vs Binance
  PLAN      $1,001.15 of $1,000.00 ($+1.15)  after tax on net profit $1,000.79  paper
  BOOK      9 pos gross $311.63 (0.62x)  open $+1.73  funding $-0.05  vol 27% top 20
            rebal 2026-10-03
  CONTEXT   since 01 Oct $+1.44 (+0.29%) in 2.6d  normal -1.9% to +2.9%  top 46%: normal
  RULE      C2 N2+N3 + range vol (GK)  forward test (paper)
  TOURNEY   2d from 2026-10-01  base -0.60%  N2 -0.66%  N3 -0.37%  N2+N3 -0.37%  +K4 -0.42%
            +GK* -0.30%  +K4+GK -0.38%  +GK+DD new  +GK+XA new
  DATA      on time  prices 26s  funding booked  book today  shadow 19:00  carry today
            spot pot today
  SESSION   $+0.11 +0.02%
  MONTH     book guard $0.00 of $100.00 used  on marked equity  from $500.00  dial 20%
            ..........................
  RECORD    book closed 3  2W 1L  net $-0.09  fees and funding in
  FEES      no fills yet this run (the book trades at 00:05 UTC)
  ------------------------------------------------------------------------------------------------
 
00:33:48 | 
00:33:48 | ============================================================
00:33:48 | 📊 POSITION SUMMARY (8-MIN UPDATE)
00:33:48 | 💰 Equity: $499.71 | Unrealized: $+1.73
00:33:48 | 💵 Available: $438.74 after open P&L | Locked: $62.70
00:33:48 | 📈 Session: $+0.11 (+0.0%)
00:33:48 | 🎯 C510 Book (what trades): 9 positions, gross 0.62x, open $+1.73 | rule C2 N2+N3 + range vol (GK) | closed 3: 2W/1L $-0.09 | since 01 Oct +0.29% (normal)
00:33:48 | ============================================================
00:33:48 | ============================================================
00:33:48 | 🔵 Book guard: $0.00 of $100.00 used this month on marked equity (0%, from $500.00) · realised today +0.00% [C497]
00:33:48 | ============================================================
00:33:48 | 
 
  00:41  up 0h16m  daily book --------------------------------------------------------------------
  EQUITY    $501.50  unreal $+1.79
  OPEN      no intraday positions  book holds 9 (BOOK row)  free $438.80 after open P&L
  SHADOW    intraday M1 $503.56 (+0.77%)  M1g $501.62 (+0.38%)  2d paper only
  CARRY     $499.11 (-0.15%)  8 held  paper only
  SPOT      $249.78 (-0.09%)  1 held  4% invested  cash earns 6.67%  paper pot
  SAVINGS   idle $313.41 (62%)  at 6.67% +$0.15 so far  ~$1.74/month  paper
  BFUSD     wallet $501.48 at 7.66%  +$0.16 so far  ~$3.20/month  vs Savings $1.74  paper
  DELTA     $502.13 (+0.43%)  9 held  fees $0.20  funding $+0.01  paper, same plan
  XVENUE    $499.35 (-0.13%)  10 pairs  funding $+0.00  fees $0.74  paper, Delta vs Binance
  PLAN      $1,002.60 of $1,000.00 ($+2.60)  after tax on net profit $1,001.79  paper
  BOOK      9 pos gross $311.67 (0.62x)  open $+1.79  funding $-0.05  vol 27% top 20
            rebal 2026-10-03
  CONTEXT   since 01 Oct $+1.50 (+0.30%) in 2.6d  normal -1.9% to +2.9%  top 46%: normal
  RULE      C2 N2+N3 + range vol (GK)  forward test (paper)
  TOURNEY   2d from 2026-10-01  base -0.60%  N2 -0.66%  N3 -0.37%  N2+N3 -0.37%  +K4 -0.42%
            +GK* -0.30%  +K4+GK -0.38%  +GK+DD new  +GK+XA new
  DATA      on time  prices 19s  funding booked  book today  shadow 19:00  carry today
            spot pot today
  SESSION   $+0.17 +0.03%
  MONTH     book guard $0.00 of $100.00 used  on marked equity  from $500.00  dial 20%
            ..........................
  RECORD    book closed 3  2W 1L  net $-0.09  fees and funding in
  FEES      no fills yet this run (the book trades at 00:05 UTC)
  ------------------------------------------------------------------------------------------------
 
00:41:48 | 
00:41:48 | ============================================================
00:41:48 | 📊 POSITION SUMMARY (8-MIN UPDATE)
00:41:48 | 💰 Equity: $499.71 | Unrealized: $+1.79
00:41:48 | 💵 Available: $438.80 after open P&L | Locked: $62.70
00:41:48 | 📈 Session: $+0.17 (+0.0%)
00:41:48 | 🎯 C510 Book (what trades): 9 positions, gross 0.62x, open $+1.79 | rule C2 N2+N3 + range vol (GK) | closed 3: 2W/1L $-0.09 | since 01 Oct +0.30% (normal)
00:41:48 | ============================================================
00:41:48 | ============================================================
00:41:48 | 🔵 Book guard: $0.00 of $100.00 used this month on marked equity (0%, from $500.00) · realised today +0.00% [C497]
00:41:48 | ============================================================
00:41:48 | 
 
  00:49  up 0h24m  daily book --------------------------------------------------------------------
  EQUITY    $501.70  unreal $+1.99
  OPEN      no intraday positions  book holds 9 (BOOK row)  free $439.00 after open P&L
  SHADOW    intraday M1 $503.56 (+0.77%)  M1g $501.62 (+0.38%)  2d paper only
  CARRY     $499.11 (-0.15%)  8 held  paper only
  SPOT      $249.78 (-0.09%)  1 held  4% invested  cash earns 6.67%  paper pot
  SAVINGS   idle $313.63 (62%)  at 6.67% +$0.15 so far  ~$1.74/month  paper
  BFUSD     wallet $501.77 at 7.66%  +$0.16 so far  ~$3.20/month  vs Savings $1.74  paper
  DELTA     $502.37 (+0.47%)  9 held  fees $0.20  funding $+0.01  paper, same plan
  XVENUE    $499.35 (-0.13%)  10 pairs  funding $+0.00  fees $0.74  paper, Delta vs Binance
  PLAN      $1,001.52 of $1,000.00 ($+1.52)  after tax on net profit $1,001.05  paper
  BOOK      9 pos gross $311.73 (0.62x)  open $+1.99  funding $-0.05  vol 27% top 20
            rebal 2026-10-03
  CONTEXT   since 01 Oct $+1.70 (+0.34%) in 2.6d  normal -1.9% to +2.9%  top 45%: normal
  RULE      C2 N2+N3 + range vol (GK)  forward test (paper)
  TOURNEY   2d from 2026-10-01  base -0.60%  N2 -0.66%  N3 -0.37%  N2+N3 -0.37%  +K4 -0.42%
            +GK* -0.30%  +K4+GK -0.38%  +GK+DD new  +GK+XA new
  DATA      on time  prices 11s  funding booked  book today  shadow 19:00  carry today
            spot pot today
  SESSION   $+0.37 +0.07%
  MONTH     book guard $0.00 of $100.00 used  on marked equity  from $500.00  dial 20%
            ..........................
  RECORD    book closed 3  2W 1L  net $-0.09  fees and funding in
  FEES      no fills yet this run (the book trades at 00:05 UTC)
  ------------------------------------------------------------------------------------------------
 
00:49:48 | 
00:49:48 | ============================================================
00:49:48 | 📊 POSITION SUMMARY (8-MIN UPDATE)
00:49:48 | 💰 Equity: $499.71 | Unrealized: $+1.99
00:49:48 | 💵 Available: $439.00 after open P&L | Locked: $62.70
00:49:48 | 📈 Session: $+0.37 (+0.1%)
00:49:48 | 🎯 C510 Book (what trades): 9 positions, gross 0.62x, open $+1.99 | rule C2 N2+N3 + range vol (GK) | closed 3: 2W/1L $-0.09 | since 01 Oct +0.34% (normal)
00:49:48 | ============================================================
00:49:48 | ============================================================
00:49:48 | 🔵 Book guard: $0.00 of $100.00 used this month on marked equity (0%, from $500.00) · realised today +0.00% [C497]
00:49:48 | ============================================================
00:49:48 | 
 
  00:57  up 0h32m  daily book --------------------------------------------------------------------
  EQUITY    $501.61  unreal $+1.90
  OPEN      no intraday positions  book holds 9 (BOOK row)  free $438.91 after open P&L
  SHADOW    intraday M1 $503.56 (+0.77%)  M1g $501.62 (+0.38%)  2d paper only
  CARRY     $499.11 (-0.15%)  8 held  paper only
  SPOT      $249.78 (-0.09%)  1 held  4% invested  cash earns 6.67%  paper pot
  SAVINGS   idle $313.51 (62%)  at 6.67% +$0.15 so far  ~$1.74/month  paper
  BFUSD     wallet $501.62 at 7.66%  +$0.16 so far  ~$3.20/month  vs Savings $1.74  paper
  DELTA     $502.35 (+0.47%)  9 held  fees $0.20  funding $+0.01  paper, same plan
  XVENUE    $499.35 (-0.13%)  10 pairs  funding $+0.00  fees $0.74  paper, Delta vs Binance
  PLAN      $1,003.01 of $1,000.00 ($+3.01)  after tax on net profit $1,002.07  paper
  BOOK      9 pos gross $311.88 (0.62x)  open $+1.90  funding $-0.05  vol 27% top 20
            rebal 2026-10-03
  CONTEXT   since 01 Oct $+1.61 (+0.32%) in 2.6d  normal -1.9% to +2.9%  top 46%: normal
  RULE      C2 N2+N3 + range vol (GK)  forward test (paper)
  TOURNEY   2d from 2026-10-01  base -0.60%  N2 -0.66%  N3 -0.37%  N2+N3 -0.37%  +K4 -0.42%
            +GK* -0.30%  +K4+GK -0.38%  +GK+DD new  +GK+XA new
  DATA      on time  prices 4s  funding booked  book today  shadow 19:00  carry today
            spot pot today
  SESSION   $+0.28 +0.06%  peak $501.70  dd 0.02%
  MONTH     book guard $0.00 of $100.00 used  on marked equity  from $500.00  dial 20%
            ..........................
  RECORD    book closed 3  2W 1L  net $-0.09  fees and funding in
  FEES      no fills yet this run (the book trades at 00:05 UTC)
  ------------------------------------------------------------------------------------------------
 
00:57:49 | 
00:57:49 | ============================================================
00:57:49 | 📊 POSITION SUMMARY (8-MIN UPDATE)
00:57:49 | 💰 Equity: $499.71 | Unrealized: $+1.90
00:57:49 | 💵 Available: $438.91 after open P&L | Locked: $62.70
00:57:49 | 📈 Session: $+0.28 (+0.1%)
00:57:49 | 🎯 C510 Book (what trades): 9 positions, gross 0.62x, open $+1.90 | rule C2 N2+N3 + range vol (GK) | closed 3: 2W/1L $-0.09 | since 01 Oct +0.32% (normal)
00:57:49 | ============================================================
00:57:49 | ============================================================
00:57:49 | 🔵 Book guard: $0.00 of $100.00 used this month on marked equity (0%, from $500.00) · realised today +0.00% [C497]
00:57:49 | ============================================================
00:57:49 | 
 
  01:05  up 0h40m  daily book --------------------------------------------------------------------
  EQUITY    $501.35  unreal $+1.64
  OPEN      no intraday positions  book holds 9 (BOOK row)  free $438.65 after open P&L
  SHADOW    intraday M1 $503.56 (+0.77%)  M1g $501.62 (+0.38%)  2d paper only
  CARRY     $499.11 (-0.15%)  8 held  paper only
  SPOT      $249.77 (-0.09%)  1 held  4% invested  cash earns 6.67%  paper pot
  SAVINGS   idle $313.31 (62%)  at 6.67% +$0.15 so far  ~$1.74/month  paper
  BFUSD     wallet $501.35 at 7.66%  +$0.16 so far  ~$3.20/month  vs Savings $1.74  paper
  DELTA     $502.17 (+0.43%)  9 held  fees $0.20  funding $+0.01  paper, same plan
  XVENUE    $499.35 (-0.13%)  10 pairs  funding $+0.00  fees $0.74  paper, Delta vs Binance
  PLAN      $1,002.96 of $1,000.00 ($+2.96)  after tax on net profit $1,002.04  paper
  BOOK      9 pos gross $311.63 (0.62x)  open $+1.64  funding $-0.05  vol 27% top 20
            rebal 2026-10-03
  CONTEXT   since 01 Oct $+1.35 (+0.27%) in 2.7d  normal -1.9% to +2.9%  top 47%: normal
  RULE      C2 N2+N3 + range vol (GK)  forward test (paper)
  TOURNEY   2d from 2026-10-01  base -0.60%  N2 -0.66%  N3 -0.37%  N2+N3 -0.37%  +K4 -0.42%
            +GK* -0.30%  +K4+GK -0.38%  +GK+DD new  +GK+XA new
  DATA      on time  prices 36s  funding booked  book today  shadow 19:00  carry today
            spot pot today
  SESSION   $+0.02 +0.00%  peak $501.70  dd 0.07%
  CURVE     ===++=
  MONTH     book guard $0.00 of $100.00 used  on marked equity  from $500.00  dial 20%
            ..........................
  RECORD    book closed 3  2W 1L  net $-0.09  fees and funding in
  FEES      no fills yet this run (the book trades at 00:05 UTC)
  ------------------------------------------------------------------------------------------------
 
01:05:49 | 
01:05:49 | ============================================================
01:05:49 | 📊 POSITION SUMMARY (8-MIN UPDATE)
01:05:49 | 💰 Equity: $499.71 | Unrealized: $+1.64
01:05:49 | 💵 Available: $438.65 after open P&L | Locked: $62.70
01:05:49 | 📈 Session: $+0.02 (+0.0%)
01:05:49 | 🎯 C510 Book (what trades): 9 positions, gross 0.62x, open $+1.64 | rule C2 N2+N3 + range vol (GK) | closed 3: 2W/1L $-0.09 | since 01 Oct +0.27% (normal)
01:05:49 | ============================================================
01:05:49 | ============================================================
01:05:49 | 🔵 Book guard: $0.00 of $100.00 used this month on marked equity (0%, from $500.00) · realised today +0.00% [C497]
01:05:49 | ============================================================
01:05:49 | 
 
  01:13  up 0h48m  daily book --------------------------------------------------------------------
  EQUITY    $501.34  unreal $+1.63
  OPEN      no intraday positions  book holds 9 (BOOK row)  free $438.64 after open P&L
  SHADOW    intraday M1 $503.56 (+0.77%)  M1g $501.62 (+0.38%)  2d paper only
  CARRY     $499.11 (-0.15%)  8 held  paper only
  SPOT      $249.77 (-0.09%)  1 held  4% invested  cash earns 6.67%  paper pot
  SAVINGS   idle $313.30 (62%)  at 6.67% +$0.15 so far  ~$1.74/month  paper
  BFUSD     wallet $501.34 at 7.66%  +$0.16 so far  ~$3.20/month  vs Savings $1.74  paper
  DELTA     $502.01 (+0.40%)  9 held  fees $0.20  funding $+0.01  paper, same plan
  XVENUE    $499.35 (-0.13%)  10 pairs  funding $+0.00  fees $0.74  paper, Delta vs Binance
  PLAN      $1,003.11 of $1,000.00 ($+3.11)  after tax on net profit $1,002.14  paper
  BOOK      9 pos gross $311.73 (0.62x)  open $+1.63  funding $-0.05  vol 27% top 20
            rebal 2026-10-03
  CONTEXT   since 01 Oct $+1.34 (+0.27%) in 2.7d  normal -1.9% to +2.9%  top 47%: normal
  RULE      C2 N2+N3 + range vol (GK)  forward test (paper)
  TOURNEY   2d from 2026-10-01  base -0.60%  N2 -0.66%  N3 -0.37%  N2+N3 -0.37%  +K4 -0.42%
            +GK* -0.30%  +K4+GK -0.38%  +GK+DD new  +GK+XA new
  DATA      on time  prices 29s  funding booked  book today  shadow 19:00  carry today
            spot pot today
  SESSION   $+0.01 +0.00%  peak $501.70  dd 0.07%
  CURVE     ===++==
  MONTH     book guard $0.00 of $100.00 used  on marked equity  from $500.00  dial 20%
            ..........................
  RECORD    book closed 3  2W 1L  net $-0.09  fees and funding in
  FEES      no fills yet this run (the book trades at 00:05 UTC)
  ------------------------------------------------------------------------------------------------
 
01:13:49 | 
01:13:49 | ============================================================
01:13:49 | 📊 POSITION SUMMARY (8-MIN UPDATE)
01:13:49 | 💰 Equity: $499.71 | Unrealized: $+1.63
01:13:49 | 💵 Available: $438.64 after open P&L | Locked: $62.70
01:13:49 | 📈 Session: $+0.01 (+0.0%)
01:13:49 | 🎯 C510 Book (what trades): 9 positions, gross 0.62x, open $+1.63 | rule C2 N2+N3 + range vol (GK) | closed 3: 2W/1L $-0.09 | since 01 Oct +0.27% (normal)
01:13:49 | ============================================================
01:13:49 | ============================================================
01:13:49 | 🔵 Book guard: $0.00 of $100.00 used this month on marked equity (0%, from $500.00) · realised today +0.00% [C497]
01:13:49 | ============================================================
01:13:49 | 
