20:13:45 | 📊 Paper Mode
20:13:47 | ✅ Connected | 804 futures markets
 
  ================================================================================================
  OMEGA C511  PAPER  Bitget perps
  29 Sep 2026   20:13
  start $249.93 realised  risk dial 20%/month
  ================================================================================================
 
  RISK FRAME -------------------------------------------------------------------------------------
  EQUITY    $249.93 realised  804 markets
  MONTH     dial 20% = $50.00 this month  used $0.07 realised
  BOOK      daily trend + momentum + carry, rebalanced 00:05 UTC
            month guard on MARKED equity (open P&L counts)  intraday scanner idle
  ------------------------------------------------------------------------------------------------
 
20:13:47 | 🌐 Remote control on http://0.0.0.0:8138 — TOKEN REQUIRED
20:13:47 |    📱 Local network: http://10.0.0.160:8138/?t=<your token> (this machine's own address)
20:13:47 |    🌍 Internet: put a Cloudflare Tunnel in front of this port.
20:13:47 |        See deploy/DEPLOY.md — one command, no open ports, free.
20:13:47 | 📊 C503 WHAT IS RUNNING -- the portfolio book trades:
20:13:47 |    RULE   C2 N2+N3: C2 = residual momentum, no crowded shorts (N2+N3) -- a FORWARD TEST
    in paper (C510); the admitted rule is scored beside it in the rule tournament
20:13:47 |    BOOK   trend (C1) + momentum (C2) + carry (C3), equal risk; vol target 27% from the
    20% dial; gross <= 3x equity; top 20 crypto; $6 minimum; 30% band
20:13:47 |           rebalanced daily 00:05 UTC with market orders (paper fills at the ask/bid,
    taker 0.06%); 5x cross margin; funding at each coin's own interval; its one limit is the month
    guard on MARKED equity
20:13:47 |    PAPER  never touches the account: intraday shadow (C489) hourly · carry (C490) 00:10
    UTC · spot pot (C501/C502) $250, spot minimum $1, 00:20 UTC · idle cash -> Savings at 7.63%
    every minute · rule tournament (C510, 7 rules on the same prices) at each rebalance
20:13:47 |    IDLE   the intraday scanner, the OLD strategy (139 trades, 44W/95L before the 29 Sep
    2026 fresh start; it lost after fees): it opens nothing, and its boot description is not printed
    (OMEGA_ENGINE=intraday runs and describes it)
20:13:47 | 💡 Stop safely: sudo systemctl stop omega (Ctrl+C only when run by hand)
