12:33:54 |    day cap 0.68%  |  per-trade risk 0.341%  |  break-even WR 50.0% AT 1:1 PAYOFF — no
    R-denominated payoff measured yet, so the honest break-even is the 1:1 figure above and nothing
    better [C406/C463-10]
12:33:54 | 📊 Paper Mode
12:33:57 | ✅ Connected | 797 futures markets
12:33:57 |    day cap 0.68%  |  per-trade risk 0.341%  |  break-even WR 50.0% AT 1:1 PAYOFF — at the
    measured 1.60 payoff (7W/7L in R) it is 38%, which is the number that matters [C406/C463-10]
 
  ================================================================================================
  OMEGA C469  PAPER  Bitget perps
  19 Sep 2026   12:33
  start $250.00  day -0.68% loss
  ================================================================================================
 
  RISK FRAME -------------------------------------------------------------------------------------
  EQUITY    $250.00  797 markets
  DAY       -0.68% = $1.70 loss room  (15% DD / 22)
  RISK      0.341% = $0.85/trade  trades/day NO CAP
  EDGE      +0.0527 blended
  NEED      38% win at 1.60 payoff
  ------------------------------------------------------------------------------------------------
 
12:33:57 |   4 EXIT       4 questions: HARD STOP · THESIS DEAD (C399 retention)
12:33:57 | 💡 Press Ctrl+C to stop safely
12:34:02 |    🪞 C266 board-parity (top movers vs screen): AKE +148%[#4] | MYX +51%[#16] | BR
    +47%[#9] | AR +41%[#20] | PIEVERSE +32%[#27]

============================================================
📝 Log saved: 2026-09-19 12:34:09
============================================================
 
  SESSION SUMMARY --------------------------------------------------------------------------------
  RAN       0h00m  0 scans  0 pair-analyses  0 closed trades
  P&L       $+0.00 (+0.00%)  $250.00 > $250.00  maxDD 0.00%
  COST      fees $0.00  maker 0 / taker 0 fills
  ------------------------------------------------------------------------------------------------
 

============================================================
📝 Log saved: 2026-09-19 12:34:17
============================================================
