
  ================================================================================================
  OMEGA C498  PAPER  Bitget perps
  26 Sep 2026   23:48
  start $252.22  risk dial 15%/month
  ================================================================================================

  RISK FRAME -------------------------------------------------------------------------------------
  EQUITY    $252.22  805 markets
  MONTH     dial 15% = $37.92 this month  used $0.59 realised
  BOOK      daily trend + momentum + carry, rebalanced 00:05 UTC
            month guard on MARKED equity (open P&L counts)  intraday scanner idle
  ------------------------------------------------------------------------------------------------



  23:56  up 0h08m  scan 0 ------------------------------------------------------------------------
  EQUITY    $247.62  unreal $-4.60
  OPEN      no intraday positions  book holds 8 (BOOK row)  free $233.88
  SHADOW    intraday M1 $254.16 (+0.75%)  M1g $252.26 (+0.00%)  2d paper only
  CARRY     $251.86 (-0.16%)  8 held  paper only
  BOOK      8 pos gross $95.92 (0.39x)  open $-4.60  funding $+0.01  vol 20% top 20
            rebal 2026-09-26
  SESSION   $-0.02 -0.01%
  MONTH     book guard $5.19 of $37.92 used  on marked equity  from $252.81  dial 15%
            ####......................
  RECORD    no closed trades yet this run
  LIFETIME  139tr 44W 95L 32%  $+2.22
  FEES      no fills yet this run
  MARKET    bias +0.00  breadth +0.00
  ------------------------------------------------------------------------------------------------



  00:04  up 0h16m  scan 0 ------------------------------------------------------------------------
  EQUITY    $247.63  unreal $-4.59
  OPEN      no intraday positions  book holds 8 (BOOK row)  free $233.88
  SHADOW    intraday M1 $254.16 (+0.75%)  M1g $252.26 (+0.00%)  2d paper only
  CARRY     $251.86 (-0.16%)  8 held  paper only
  BOOK      8 pos gross $95.75 (0.39x)  open $-4.59  funding $+0.01  vol 20% top 20
            rebal 2026-09-26
  SESSION   $-0.01 -0.00%
  MONTH     book guard $5.18 of $37.92 used  on marked equity  from $252.81  dial 15%
            ####......................
  RECORD    no closed trades yet this run
  LIFETIME  139tr 44W 95L 32%  $+2.22
  FEES      no fills yet this run
  MARKET    bias +0.00  breadth +0.00
  ------------------------------------------------------------------------------------------------



  00:12  up 0h24m  scan 0 ------------------------------------------------------------------------
  EQUITY    $247.71  unreal $-4.51
  OPEN      no intraday positions  book holds 8 (BOOK row)  free $233.88
  SHADOW    intraday M1 $254.16 (+0.75%)  M1g $252.26 (+0.00%)  2d paper only
  CARRY     $251.86 (-0.16%)  8 held  paper only
  BOOK      8 pos gross $95.35 (0.39x)  open $-4.51  funding $+0.01  vol 20% top 20
            rebal 2026-09-26
  SESSION   $+0.07 +0.03%
  MONTH     book guard $5.10 of $37.92 used  on marked equity  from $252.81  dial 15%
            ###.......................
  RECORD    no closed trades yet this run
  LIFETIME  139tr 44W 95L 32%  $+2.22
  FEES      no fills yet this run
  MARKET    bias +0.00  breadth +0.00
  ------------------------------------------------------------------------------------------------

