13:09:01 | 📊 Paper Mode
13:09:03 | ✅ Connected | 804 futures markets
 
  ================================================================================================
  OMEGA C501  PAPER  Bitget perps
  28 Sep 2026   13:09
  start $250.39  risk dial 15%/month
  ================================================================================================
 
  RISK FRAME -------------------------------------------------------------------------------------
  EQUITY    $250.39  804 markets
  MONTH     dial 15% = $37.92 this month  used $2.41 realised
  BOOK      daily trend + momentum + carry, rebalanced 00:05 UTC
            month guard on MARKED equity (open P&L counts)  intraday scanner idle
  ------------------------------------------------------------------------------------------------
 
13:09:03 | 🌐 Remote control on http://0.0.0.0:8138 — TOKEN REQUIRED
13:09:03 |    📱 Same WiFi: http://10.0.0.160:8138/?t=<your token>
13:09:03 |    🌍 Internet: put a Cloudflare Tunnel in front of this port.
13:09:03 |        See deploy/DEPLOY.md — one command, no open ports, free.
13:09:03 |   4 EXIT       4 questions: HARD STOP · THESIS DEAD (C399 retention)
13:09:03 |    🛡️ Session drawdown breaker: off | Guardian: report only (C482)
13:09:03 | 💡 Press Ctrl+C to stop safely
 
  13:17  up 0h08m  scan 0 ------------------------------------------------------------------------
  EQUITY    $244.60  unreal $-5.79
  OPEN      no intraday positions  book holds 9 (BOOK row)  free $226.45
  SHADOW    intraday M1 $262.51 (+4.06%)  M1g $253.98 (+0.68%)  4d paper only
  CARRY     $252.12 (-0.06%)  8 held  paper only
  SPOT      $249.97 (-0.01%)  3 held  10% invested  cash earns 7.63%  paper pot
  SAVINGS   idle $171.74 (70%)  at 7.63% +$0.00 so far  ~$1.09/month  paper
  BOOK      9 pos gross $120.61 (0.49x)  open $-5.79  funding $+0.02  vol 20% top 20
            rebal 2026-09-28
  SESSION   $+0.03 +0.01%
  MONTH     book guard $8.21 of $37.92 used  on marked equity  from $252.81  dial 15%
            ######....................
  RECORD    no closed trades yet this run
  LIFETIME  139tr 44W 95L 32%  $+0.39
  FEES      no fills yet this run
  MARKET    bias +0.00  breadth +0.00
  ------------------------------------------------------------------------------------------------
 
 
  13:25  up 0h16m  scan 0 ------------------------------------------------------------------------
  EQUITY    $244.49  unreal $-5.90
  OPEN      no intraday positions  book holds 9 (BOOK row)  free $226.45
  SHADOW    intraday M1 $262.51 (+4.06%)  M1g $253.98 (+0.68%)  4d paper only
  CARRY     $252.12 (-0.06%)  8 held  paper only
  SPOT      $249.98 (-0.01%)  3 held  10% invested  cash earns 7.63%  paper pot
  SAVINGS   idle $171.65 (70%)  at 7.63% +$0.00 so far  ~$1.09/month  paper
  BOOK      9 pos gross $120.65 (0.49x)  open $-5.90  funding $+0.02  vol 20% top 20
            rebal 2026-09-28
  SESSION   $-0.08 -0.03%  peak $244.60  dd 0.04%
  MONTH     book guard $8.32 of $37.92 used  on marked equity  from $252.81  dial 15%
            ######....................
  RECORD    no closed trades yet this run
  LIFETIME  139tr 44W 95L 32%  $+0.39
  FEES      no fills yet this run
  MARKET    bias +0.00  breadth +0.00
  ------------------------------------------------------------------------------------------------
 
13:32:36 |    👻 C489 shadow hour 08:00 UTC: 38 coins scored (warm-up (14, no flow)), gate shut | M1
    $262.65 (+4.12%) M1g $253.98 (+0.68%) over 4d [30s]
 
  13:33  up 0h24m  scan 0 ------------------------------------------------------------------------
  EQUITY    $244.68  unreal $-5.71
  OPEN      no intraday positions  book holds 9 (BOOK row)  free $226.45
  SHADOW    intraday M1 $262.65 (+4.12%)  M1g $253.98 (+0.68%)  4d paper only
  CARRY     $252.12 (-0.06%)  8 held  paper only
  SPOT      $250.04 (+0.02%)  3 held  10% invested  cash earns 7.63%  paper pot
  SAVINGS   idle $171.80 (70%)  at 7.63% +$0.00 so far  ~$1.09/month  paper
  BOOK      9 pos gross $121.12 (0.49x)  open $-5.71  funding $+0.02  vol 20% top 20
            rebal 2026-09-28
  SESSION   $+0.11 +0.05%
  MONTH     book guard $8.13 of $37.92 used  on marked equity  from $252.81  dial 15%
            ######....................
  RECORD    no closed trades yet this run
  LIFETIME  139tr 44W 95L 32%  $+0.39
  FEES      no fills yet this run
  MARKET    bias +0.00  breadth +0.00
  ------------------------------------------------------------------------------------------------
 

============================================================
📝 Log saved: 2026-09-28 13:36:27
============================================================
 
  SESSION SUMMARY --------------------------------------------------------------------------------
  RAN       0h27m  0 scans  0 pair-analyses  0 closed trades
  P&L       $+0.08 (+0.03%)  $244.60 > $244.68  maxDD 0.04%
  CURVE     +.@
  COST      fees $0.00  maker 0 / taker 0 fills
  ------------------------------------------------------------------------------------------------
 

============================================================
📝 Log saved: 2026-09-28 13:36:27
============================================================
