
  ================================================================================================
  OMEGA C513  PAPER  Bitget perps
  30 Sep 2026   10:05
  start $249.93 realised  risk dial 20%/month
  ================================================================================================

  RISK FRAME -------------------------------------------------------------------------------------
  EQUITY    $249.93 realised  804 markets
  MONTH     dial 20% = $50.00 this month  used $0.07 realised
  BOOK      daily trend + momentum + carry, rebalanced 00:05 UTC
            month guard on MARKED equity (open P&L counts)  intraday scanner idle
  ------------------------------------------------------------------------------------------------



  10:13  up 0h08m  daily book --------------------------------------------------------------------
  EQUITY    $250.43  unreal $+0.50
  OPEN      no intraday positions  book holds 12 (BOOK row)  free $227.57 after open P&L
  SHADOW    intraday M1 $250.50 (+0.23%)  M1g $250.79 (+0.34%)  2d paper only
  CARRY     $249.61 (-0.13%)  8 held  paper only
  SPOT      $249.91 (-0.03%)  14 held  20% invested  cash earns 7.63%  paper pot
  SAVINGS   idle $164.97 (66%)  at 7.63% +$0.03 so far  ~$1.05/month  paper
  BOOK      12 pos gross $114.09 (0.46x)  open $+0.50  funding $-0.00  vol 27% top 20
            rebal 2026-09-30
  CONTEXT   since 29 Sep +0.17%  under a day: too early to judge
  RULE      C2 N2+N3  forward test (paper)
  TOURNEY   7 rules held  first score at the next rebalance, for 2026-09-30
  DATA      on time  prices 31s  funding booked  book today  shadow 04:00  carry today
            spot pot today
  SESSION   $-0.01 -0.00%  peak $250.44
  MONTH     book guard $0.00 of $50.00 used  on marked equity  from $250.00  dial 20%
            ..........................
  RECORD    book closed 0  0W 0L  net $+0.00  fees and funding in
  FEES      no fills yet this run (the book trades at 00:05 UTC)
  ------------------------------------------------------------------------------------------------



  10:21  up 0h16m  daily book --------------------------------------------------------------------
  EQUITY    $250.45  unreal $+0.52
  OPEN      no intraday positions  book holds 12 (BOOK row)  free $227.59 after open P&L
  SHADOW    intraday M1 $250.50 (+0.23%)  M1g $250.79 (+0.34%)  2d paper only
  CARRY     $249.61 (-0.13%)  8 held  paper only
  SPOT      $249.94 (-0.03%)  14 held  20% invested  cash earns 7.63%  paper pot
  SAVINGS   idle $164.96 (66%)  at 7.63% +$0.03 so far  ~$1.05/month  paper
  BOOK      12 pos gross $114.06 (0.46x)  open $+0.52  funding $-0.00  vol 27% top 20
            rebal 2026-09-30
  CONTEXT   since 29 Sep +0.18%  under a day: too early to judge
  RULE      C2 N2+N3  forward test (paper)
  TOURNEY   7 rules held  first score at the next rebalance, for 2026-09-30
  DATA      on time  prices 25s  funding booked  book today  shadow 04:00  carry today
            spot pot today
  SESSION   $+0.01 +0.00%
  MONTH     book guard $0.00 of $50.00 used  on marked equity  from $250.00  dial 20%
            ..........................
  RECORD    book closed 0  0W 0L  net $+0.00  fees and funding in
  FEES      no fills yet this run (the book trades at 00:05 UTC)
  ------------------------------------------------------------------------------------------------



  10:29  up 0h24m  daily book --------------------------------------------------------------------
  EQUITY    $250.28  unreal $+0.35
  OPEN      no intraday positions  book holds 12 (BOOK row)  free $227.42 after open P&L
  SHADOW    intraday M1 $250.50 (+0.23%)  M1g $250.79 (+0.34%)  2d paper only
  CARRY     $249.61 (-0.13%)  8 held  paper only
  SPOT      $249.79 (-0.08%)  14 held  20% invested  cash earns 7.63%  paper pot
  SAVINGS   idle $164.85 (66%)  at 7.63% +$0.03 so far  ~$1.05/month  paper
  BOOK      12 pos gross $113.64 (0.45x)  open $+0.35  funding $-0.00  vol 27% top 20
            rebal 2026-09-30
  CONTEXT   since 29 Sep +0.11%  under a day: too early to judge
  RULE      C2 N2+N3  forward test (paper)
  TOURNEY   7 rules held  first score at the next rebalance, for 2026-09-30
  DATA      on time  prices 20s  funding booked  book today  shadow 04:00  carry today
            spot pot today
  SESSION   $-0.16 -0.06%  peak $250.45  dd 0.07%
  MONTH     book guard $0.00 of $50.00 used  on marked equity  from $250.00  dial 20%
            ..........................
  RECORD    book closed 0  0W 0L  net $+0.00  fees and funding in
  FEES      no fills yet this run (the book trades at 00:05 UTC)
  ------------------------------------------------------------------------------------------------



  10:37  up 0h32m  daily book --------------------------------------------------------------------
  EQUITY    $250.29  unreal $+0.36
  OPEN      no intraday positions  book holds 12 (BOOK row)  free $227.43 after open P&L
  SHADOW    intraday M1 $250.50 (+0.23%)  M1g $250.74 (+0.32%)  2d paper only
  CARRY     $249.61 (-0.13%)  8 held  paper only
  SPOT      $249.91 (-0.04%)  14 held  20% invested  cash earns 7.63%  paper pot
  SAVINGS   idle $164.86 (66%)  at 7.63% +$0.03 so far  ~$1.05/month  paper
  BOOK      12 pos gross $113.97 (0.46x)  open $+0.36  funding $-0.00  vol 27% top 20
            rebal 2026-09-30
  CONTEXT   since 29 Sep +0.12%  under a day: too early to judge
  RULE      C2 N2+N3  forward test (paper)
  TOURNEY   7 rules held  first score at the next rebalance, for 2026-09-30
  DATA      on time  prices 29s  funding booked  book today  shadow 05:00  carry today
            spot pot today
  SESSION   $-0.15 -0.06%  peak $250.45  dd 0.06%
  MONTH     book guard $0.00 of $50.00 used  on marked equity  from $250.00  dial 20%
            ..........................
  RECORD    book closed 0  0W 0L  net $+0.00  fees and funding in
  FEES      no fills yet this run (the book trades at 00:05 UTC)
  ------------------------------------------------------------------------------------------------



  10:45  up 0h40m  daily book --------------------------------------------------------------------
  EQUITY    $250.18  unreal $+0.25
  OPEN      no intraday positions  book holds 12 (BOOK row)  free $227.32 after open P&L
  SHADOW    intraday M1 $250.50 (+0.23%)  M1g $250.74 (+0.32%)  2d paper only
  CARRY     $249.61 (-0.13%)  8 held  paper only
  SPOT      $249.73 (-0.11%)  14 held  20% invested  cash earns 7.63%  paper pot
  SAVINGS   idle $164.77 (66%)  at 7.63% +$0.03 so far  ~$1.05/month  paper
  BOOK      12 pos gross $113.47 (0.45x)  open $+0.25  funding $-0.00  vol 27% top 20
            rebal 2026-09-30
  CONTEXT   since 29 Sep +0.07%  under a day: too early to judge
  RULE      C2 N2+N3  forward test (paper)
  TOURNEY   7 rules held  first score at the next rebalance, for 2026-09-30
  DATA      on time  prices 22s  funding booked  book today  shadow 05:00  carry today
            spot pot today
  SESSION   $-0.26 -0.10%  peak $250.45  dd 0.11%
  CURVE     +++===
  MONTH     book guard $0.00 of $50.00 used  on marked equity  from $250.00  dial 20%
            ..........................
  RECORD    book closed 0  0W 0L  net $+0.00  fees and funding in
  FEES      no fills yet this run (the book trades at 00:05 UTC)
  ------------------------------------------------------------------------------------------------



  10:53  up 0h48m  daily book --------------------------------------------------------------------
  EQUITY    $250.22  unreal $+0.29
  OPEN      no intraday positions  book holds 12 (BOOK row)  free $227.36 after open P&L
  SHADOW    intraday M1 $250.50 (+0.23%)  M1g $250.74 (+0.32%)  2d paper only
  CARRY     $249.61 (-0.13%)  8 held  paper only
  SPOT      $249.85 (-0.06%)  14 held  20% invested  cash earns 7.63%  paper pot
  SAVINGS   idle $164.79 (66%)  at 7.63% +$0.03 so far  ~$1.05/month  paper
  BOOK      12 pos gross $113.86 (0.46x)  open $+0.29  funding $-0.00  vol 27% top 20
            rebal 2026-09-30
  CONTEXT   since 29 Sep +0.09%  under a day: too early to judge
  RULE      C2 N2+N3  forward test (paper)
  TOURNEY   7 rules held  first score at the next rebalance, for 2026-09-30
  DATA      on time  prices 17s  funding booked  book today  shadow 05:00  carry today
            spot pot today
  SESSION   $-0.22 -0.09%  peak $250.45  dd 0.09%
  CURVE     +++====
  MONTH     book guard $0.00 of $50.00 used  on marked equity  from $250.00  dial 20%
            ..........................
  RECORD    book closed 0  0W 0L  net $+0.00  fees and funding in
  FEES      no fills yet this run (the book trades at 00:05 UTC)
  ------------------------------------------------------------------------------------------------



  11:01  up 0h56m  daily book --------------------------------------------------------------------
  EQUITY    $250.26  unreal $+0.33
  OPEN      no intraday positions  book holds 12 (BOOK row)  free $227.40 after open P&L
  SHADOW    intraday M1 $250.50 (+0.23%)  M1g $250.74 (+0.32%)  2d paper only
  CARRY     $249.61 (-0.13%)  8 held  paper only
  SPOT      $250.06 (+0.02%)  14 held  20% invested  cash earns 7.63%  paper pot
  SAVINGS   idle $164.84 (66%)  at 7.63% +$0.03 so far  ~$1.05/month  paper
  BOOK      12 pos gross $114.34 (0.46x)  open $+0.33  funding $-0.00  vol 27% top 20
            rebal 2026-09-30
  CONTEXT   since 29 Sep +0.10%  under a day: too early to judge
  RULE      C2 N2+N3  forward test (paper)
  TOURNEY   7 rules held  first score at the next rebalance, for 2026-09-30
  DATA      on time  prices 12s  funding booked  book today  shadow 05:00  carry today
            spot pot today
  SESSION   $-0.18 -0.07%  peak $250.45  dd 0.08%
  CURVE     +++=====
  MONTH     book guard $0.00 of $50.00 used  on marked equity  from $250.00  dial 20%
            ..........................
  RECORD    book closed 0  0W 0L  net $+0.00  fees and funding in
  FEES      no fills yet this run (the book trades at 00:05 UTC)
  ------------------------------------------------------------------------------------------------



  11:09  up 1h04m  daily book --------------------------------------------------------------------
  EQUITY    $250.26  unreal $+0.33
  OPEN      no intraday positions  book holds 12 (BOOK row)  free $227.40 after open P&L
  SHADOW    intraday M1 $250.50 (+0.23%)  M1g $250.74 (+0.32%)  2d paper only
  CARRY     $249.61 (-0.13%)  8 held  paper only
  SPOT      $250.06 (+0.03%)  14 held  20% invested  cash earns 7.63%  paper pot
  SAVINGS   idle $164.81 (66%)  at 7.63% +$0.03 so far  ~$1.05/month  paper
  BOOK      12 pos gross $114.26 (0.46x)  open $+0.33  funding $-0.00  vol 27% top 20
            rebal 2026-09-30
  CONTEXT   since 29 Sep +0.10%  under a day: too early to judge
  RULE      C2 N2+N3  forward test (paper)
  TOURNEY   7 rules held  first score at the next rebalance, for 2026-09-30
  DATA      on time  prices 6s  funding booked  book today  shadow 05:00  carry today
            spot pot today
  SESSION   $-0.18 -0.07%  peak $250.45  dd 0.08%
  CURVE     +++======
  MONTH     book guard $0.00 of $50.00 used  on marked equity  from $250.00  dial 20%
            ..........................
  RECORD    book closed 0  0W 0L  net $+0.00  fees and funding in
  FEES      no fills yet this run (the book trades at 00:05 UTC)
  ------------------------------------------------------------------------------------------------



  11:17  up 1h12m  daily book --------------------------------------------------------------------
  EQUITY    $250.29  unreal $+0.36
  OPEN      no intraday positions  book holds 12 (BOOK row)  free $227.43 after open P&L
  SHADOW    intraday M1 $250.50 (+0.23%)  M1g $250.74 (+0.32%)  2d paper only
  CARRY     $249.61 (-0.13%)  8 held  paper only
  SPOT      $250.16 (+0.06%)  14 held  20% invested  cash earns 7.63%  paper pot
  SAVINGS   idle $164.90 (66%)  at 7.63% +$0.03 so far  ~$1.05/month  paper
  BOOK      12 pos gross $114.40 (0.46x)  open $+0.36  funding $-0.00  vol 27% top 20
            rebal 2026-09-30
  CONTEXT   since 29 Sep +0.12%  under a day: too early to judge
  RULE      C2 N2+N3  forward test (paper)
  TOURNEY   7 rules held  first score at the next rebalance, for 2026-09-30
  DATA      on time  prices 1s  funding booked  book today  shadow 05:00  carry today
            spot pot today
  SESSION   $-0.15 -0.06%  peak $250.45  dd 0.06%
  CURVE     +++=======
  MONTH     book guard $0.00 of $50.00 used  on marked equity  from $250.00  dial 20%
            ..........................
  RECORD    book closed 0  0W 0L  net $+0.00  fees and funding in
  FEES      no fills yet this run (the book trades at 00:05 UTC)
  ------------------------------------------------------------------------------------------------



  11:25  up 1h20m  daily book --------------------------------------------------------------------
  EQUITY    $250.21  unreal $+0.28
  OPEN      no intraday positions  book holds 12 (BOOK row)  free $227.35 after open P&L
  SHADOW    intraday M1 $250.50 (+0.23%)  M1g $250.74 (+0.32%)  2d paper only
  CARRY     $249.61 (-0.13%)  8 held  paper only
  SPOT      $250.00 (+0.00%)  14 held  20% invested  cash earns 7.63%  paper pot
  SAVINGS   idle $164.80 (66%)  at 7.63% +$0.03 so far  ~$1.05/month  paper
  BOOK      12 pos gross $114.08 (0.46x)  open $+0.28  funding $-0.00  vol 27% top 20
            rebal 2026-09-30
  CONTEXT   since 29 Sep +0.08%  under a day: too early to judge
  RULE      C2 N2+N3  forward test (paper)
  TOURNEY   7 rules held  first score at the next rebalance, for 2026-09-30
  DATA      on time  prices 36s  funding booked  book today  shadow 05:00  carry today
            spot pot today
  SESSION   $-0.23 -0.09%  peak $250.45  dd 0.10%
  CURVE     +++========
  MONTH     book guard $0.00 of $50.00 used  on marked equity  from $250.00  dial 20%
            ..........................
  RECORD    book closed 0  0W 0L  net $+0.00  fees and funding in
  FEES      no fills yet this run (the book trades at 00:05 UTC)
  ------------------------------------------------------------------------------------------------



  11:33  up 1h28m  daily book --------------------------------------------------------------------
  EQUITY    $250.25  unreal $+0.32
  OPEN      no intraday positions  book holds 12 (BOOK row)  free $227.39 after open P&L
  SHADOW    intraday M1 $250.34 (+0.16%)  M1g $250.41 (+0.19%)  2d paper only
  CARRY     $249.61 (-0.13%)  8 held  paper only
  SPOT      $250.04 (+0.01%)  14 held  20% invested  cash earns 7.63%  paper pot
  SAVINGS   idle $164.83 (66%)  at 7.63% +$0.03 so far  ~$1.05/month  paper
  BOOK      12 pos gross $114.25 (0.46x)  open $+0.32  funding $-0.00  vol 27% top 20
            rebal 2026-09-30
  CONTEXT   since 29 Sep +0.10%  under a day: too early to judge
  RULE      C2 N2+N3  forward test (paper)
  TOURNEY   7 rules held  first score at the next rebalance, for 2026-09-30
  DATA      on time  prices 31s  funding booked  book today  shadow 06:00  carry today
            spot pot today
  SESSION   $-0.19 -0.08%  peak $250.45  dd 0.08%
  CURVE     +++=========
  MONTH     book guard $0.00 of $50.00 used  on marked equity  from $250.00  dial 20%
            ..........................
  RECORD    book closed 0  0W 0L  net $+0.00  fees and funding in
  FEES      no fills yet this run (the book trades at 00:05 UTC)
  ------------------------------------------------------------------------------------------------



  11:41  up 1h36m  daily book --------------------------------------------------------------------
  EQUITY    $250.13  unreal $+0.20
  OPEN      no intraday positions  book holds 12 (BOOK row)  free $227.27 after open P&L
  SHADOW    intraday M1 $250.34 (+0.16%)  M1g $250.41 (+0.19%)  2d paper only
  CARRY     $249.61 (-0.13%)  8 held  paper only
  SPOT      $249.95 (-0.02%)  14 held  20% invested  cash earns 7.63%  paper pot
  SAVINGS   idle $164.73 (66%)  at 7.63% +$0.03 so far  ~$1.05/month  paper
  BOOK      12 pos gross $113.86 (0.46x)  open $+0.20  funding $-0.00  vol 27% top 20
            rebal 2026-09-30
  CONTEXT   since 29 Sep +0.05%  under a day: too early to judge
  RULE      C2 N2+N3  forward test (paper)
  TOURNEY   7 rules held  first score at the next rebalance, for 2026-09-30
  DATA      on time  prices 25s  funding booked  book today  shadow 06:00  carry today
            spot pot today
  SESSION   $-0.31 -0.12%  peak $250.45  dd 0.13%
  CURVE     +++==========
  MONTH     book guard $0.00 of $50.00 used  on marked equity  from $250.00  dial 20%
            ..........................
  RECORD    book closed 0  0W 0L  net $+0.00  fees and funding in
  FEES      no fills yet this run (the book trades at 00:05 UTC)
  ------------------------------------------------------------------------------------------------



  11:49  up 1h44m  daily book --------------------------------------------------------------------
  EQUITY    $250.20  unreal $+0.27
  OPEN      no intraday positions  book holds 12 (BOOK row)  free $227.34 after open P&L
  SHADOW    intraday M1 $250.34 (+0.16%)  M1g $250.41 (+0.19%)  2d paper only
  CARRY     $249.61 (-0.13%)  8 held  paper only
  SPOT      $249.87 (-0.05%)  14 held  20% invested  cash earns 7.63%  paper pot
  SAVINGS   idle $164.80 (66%)  at 7.63% +$0.03 so far  ~$1.05/month  paper
  BOOK      12 pos gross $113.89 (0.46x)  open $+0.27  funding $-0.00  vol 27% top 20
            rebal 2026-09-30
  CONTEXT   since 29 Sep +0.08%  under a day: too early to judge
  RULE      C2 N2+N3  forward test (paper)
  TOURNEY   7 rules held  first score at the next rebalance, for 2026-09-30
  DATA      on time  prices 20s  funding booked  book today  shadow 06:00  carry today
            spot pot today
  SESSION   $-0.24 -0.10%  peak $250.45  dd 0.10%
  CURVE     +++===========
  MONTH     book guard $0.00 of $50.00 used  on marked equity  from $250.00  dial 20%
            ..........................
  RECORD    book closed 0  0W 0L  net $+0.00  fees and funding in
  FEES      no fills yet this run (the book trades at 00:05 UTC)
  ------------------------------------------------------------------------------------------------



  11:57  up 1h52m  daily book --------------------------------------------------------------------
  EQUITY    $250.20  unreal $+0.27
  OPEN      no intraday positions  book holds 12 (BOOK row)  free $227.34 after open P&L
  SHADOW    intraday M1 $250.34 (+0.16%)  M1g $250.41 (+0.19%)  2d paper only
  CARRY     $249.61 (-0.13%)  8 held  paper only
  SPOT      $249.70 (-0.12%)  14 held  20% invested  cash earns 7.63%  paper pot
  SAVINGS   idle $164.78 (66%)  at 7.63% +$0.03 so far  ~$1.05/month  paper
  BOOK      12 pos gross $113.36 (0.45x)  open $+0.27  funding $-0.00  vol 27% top 20
            rebal 2026-09-30
  CONTEXT   since 29 Sep +0.08%  under a day: too early to judge
  RULE      C2 N2+N3  forward test (paper)
  TOURNEY   7 rules held  first score at the next rebalance, for 2026-09-30
  DATA      on time  prices 14s  funding booked  book today  shadow 06:00  carry today
            spot pot today
  SESSION   $-0.24 -0.10%  peak $250.45  dd 0.10%
  CURVE     +++============
  MONTH     book guard $0.00 of $50.00 used  on marked equity  from $250.00  dial 20%
            ..........................
  RECORD    book closed 0  0W 0L  net $+0.00  fees and funding in
  FEES      no fills yet this run (the book trades at 00:05 UTC)
  ------------------------------------------------------------------------------------------------



  12:05  up 2h00m  daily book --------------------------------------------------------------------
  EQUITY    $250.14  unreal $+0.21
  OPEN      no intraday positions  book holds 12 (BOOK row)  free $227.28 after open P&L
  SHADOW    intraday M1 $250.34 (+0.16%)  M1g $250.41 (+0.19%)  2d paper only
  CARRY     $249.61 (-0.13%)  8 held  paper only
  SPOT      $249.71 (-0.12%)  14 held  20% invested  cash earns 7.63%  paper pot
  SAVINGS   idle $164.74 (66%)  at 7.63% +$0.03 so far  ~$1.05/month  paper
  BOOK      12 pos gross $113.36 (0.45x)  open $+0.21  funding $-0.00  vol 27% top 20
            rebal 2026-09-30
  CONTEXT   since 29 Sep +0.06%  under a day: too early to judge
  RULE      C2 N2+N3  forward test (paper)
  TOURNEY   7 rules held  first score at the next rebalance, for 2026-09-30
  DATA      on time  prices 9s  funding booked  book today  shadow 06:00  carry today
            spot pot today
  SESSION   $-0.30 -0.12%  peak $250.45  dd 0.12%
  CURVE     +++=============
  MONTH     book guard $0.00 of $50.00 used  on marked equity  from $250.00  dial 20%
            ..........................
  RECORD    book closed 0  0W 0L  net $+0.00  fees and funding in
  FEES      no fills yet this run (the book trades at 00:05 UTC)
  ------------------------------------------------------------------------------------------------



  12:13  up 2h08m  daily book --------------------------------------------------------------------
  EQUITY    $250.25  unreal $+0.32
  OPEN      no intraday positions  book holds 12 (BOOK row)  free $227.39 after open P&L
  SHADOW    intraday M1 $250.34 (+0.16%)  M1g $250.41 (+0.19%)  2d paper only
  CARRY     $249.61 (-0.13%)  8 held  paper only
  SPOT      $249.81 (-0.07%)  14 held  20% invested  cash earns 7.63%  paper pot
  SAVINGS   idle $164.83 (66%)  at 7.63% +$0.03 so far  ~$1.05/month  paper
  BOOK      12 pos gross $113.47 (0.45x)  open $+0.32  funding $-0.00  vol 27% top 20
            rebal 2026-09-30
  CONTEXT   since 29 Sep +0.10%  under a day: too early to judge
  RULE      C2 N2+N3  forward test (paper)
  TOURNEY   7 rules held  first score at the next rebalance, for 2026-09-30
  DATA      on time  prices 2s  funding booked  book today  shadow 06:00  carry today
            spot pot today
  SESSION   $-0.19 -0.08%  peak $250.45  dd 0.08%
  CURVE     +++==============
  MONTH     book guard $0.00 of $50.00 used  on marked equity  from $250.00  dial 20%
            ..........................
  RECORD    book closed 0  0W 0L  net $+0.00  fees and funding in
  FEES      no fills yet this run (the book trades at 00:05 UTC)
  ------------------------------------------------------------------------------------------------



  12:21  up 2h16m  daily book --------------------------------------------------------------------
  EQUITY    $250.17  unreal $+0.24
  OPEN      no intraday positions  book holds 12 (BOOK row)  free $227.31 after open P&L
  SHADOW    intraday M1 $250.34 (+0.16%)  M1g $250.41 (+0.19%)  2d paper only
  CARRY     $249.61 (-0.13%)  8 held  paper only
  SPOT      $249.66 (-0.14%)  14 held  20% invested  cash earns 7.63%  paper pot
  SAVINGS   idle $164.77 (66%)  at 7.63% +$0.03 so far  ~$1.05/month  paper
  BOOK      12 pos gross $113.05 (0.45x)  open $+0.24  funding $-0.00  vol 27% top 20
            rebal 2026-09-30
  CONTEXT   since 29 Sep +0.07%  under a day: too early to judge
  RULE      C2 N2+N3  forward test (paper)
  TOURNEY   7 rules held  first score at the next rebalance, for 2026-09-30
  DATA      on time  prices 37s  funding booked  book today  shadow 06:00  carry today
            spot pot today
  SESSION   $-0.27 -0.11%  peak $250.45  dd 0.11%
  CURVE     +++===============
  MONTH     book guard $0.00 of $50.00 used  on marked equity  from $250.00  dial 20%
            ..........................
  RECORD    book closed 0  0W 0L  net $+0.00  fees and funding in
  FEES      no fills yet this run (the book trades at 00:05 UTC)
  ------------------------------------------------------------------------------------------------



  12:29  up 2h24m  daily book --------------------------------------------------------------------
  EQUITY    $250.18  unreal $+0.25
  OPEN      no intraday positions  book holds 12 (BOOK row)  free $227.32 after open P&L
  SHADOW    intraday M1 $250.34 (+0.16%)  M1g $250.41 (+0.19%)  2d paper only
  CARRY     $249.61 (-0.13%)  8 held  paper only
  SPOT      $249.70 (-0.12%)  14 held  20% invested  cash earns 7.63%  paper pot
  SAVINGS   idle $164.78 (66%)  at 7.63% +$0.03 so far  ~$1.05/month  paper
  BOOK      12 pos gross $113.16 (0.45x)  open $+0.24  funding $-0.00  vol 27% top 20
            rebal 2026-09-30
  CONTEXT   since 29 Sep +0.07%  under a day: too early to judge
  RULE      C2 N2+N3  forward test (paper)
  TOURNEY   7 rules held  first score at the next rebalance, for 2026-09-30
  DATA      on time  prices 30s  funding booked  book today  shadow 06:00  carry today
            spot pot today
  SESSION   $-0.26 -0.10%  peak $250.45  dd 0.11%
  CURVE     +++================
  MONTH     book guard $0.00 of $50.00 used  on marked equity  from $250.00  dial 20%
            ..........................
  RECORD    book closed 0  0W 0L  net $+0.00  fees and funding in
  FEES      no fills yet this run (the book trades at 00:05 UTC)
  ------------------------------------------------------------------------------------------------



  12:37  up 2h32m  daily book --------------------------------------------------------------------
  EQUITY    $250.08  unreal $+0.15
  OPEN      no intraday positions  book holds 12 (BOOK row)  free $227.22 after open P&L
  SHADOW    intraday M1 $248.65 (-0.51%)  M1g $249.57 (-0.15%)  2d paper only
  CARRY     $249.61 (-0.13%)  8 held  paper only
  SPOT      $249.59 (-0.17%)  14 held  20% invested  cash earns 7.63%  paper pot
  SAVINGS   idle $164.67 (66%)  at 7.63% +$0.03 so far  ~$1.05/month  paper
  BOOK      12 pos gross $113.00 (0.45x)  open $+0.14  funding $-0.00  vol 27% top 20
            rebal 2026-09-30
  CONTEXT   since 29 Sep +0.03%  under a day: too early to judge
  RULE      C2 N2+N3  forward test (paper)
  TOURNEY   7 rules held  first score at the next rebalance, for 2026-09-30
  DATA      on time  prices 22s  funding booked  book today  shadow 07:00  carry today
            spot pot today
  SESSION   $-0.36 -0.14%  peak $250.45  dd 0.15%
  CURVE     +++++====+==========
  MONTH     book guard $0.00 of $50.00 used  on marked equity  from $250.00  dial 20%
            ..........................
  RECORD    book closed 0  0W 0L  net $+0.00  fees and funding in
  FEES      no fills yet this run (the book trades at 00:05 UTC)
  ------------------------------------------------------------------------------------------------



  12:45  up 2h40m  daily book --------------------------------------------------------------------
  EQUITY    $250.03  unreal $+0.10
  OPEN      no intraday positions  book holds 12 (BOOK row)  free $227.17 after open P&L
  SHADOW    intraday M1 $248.65 (-0.51%)  M1g $249.57 (-0.15%)  2d paper only
  CARRY     $249.61 (-0.13%)  8 held  paper only
  SPOT      $249.55 (-0.18%)  14 held  20% invested  cash earns 7.63%  paper pot
  SAVINGS   idle $164.64 (66%)  at 7.63% +$0.03 so far  ~$1.05/month  paper
  BOOK      12 pos gross $112.97 (0.45x)  open $+0.10  funding $-0.00  vol 27% top 20
            rebal 2026-09-30
  CONTEXT   since 29 Sep +0.01%  under a day: too early to judge
  RULE      C2 N2+N3  forward test (paper)
  TOURNEY   7 rules held  first score at the next rebalance, for 2026-09-30
  DATA      on time  prices 15s  funding booked  book today  shadow 07:00  carry today
            spot pot today
  SESSION   $-0.41 -0.16%  peak $250.45  dd 0.17%
  CURVE     +++++==+++=+====+====
  MONTH     book guard $0.00 of $50.00 used  on marked equity  from $250.00  dial 20%
            ..........................
  RECORD    book closed 0  0W 0L  net $+0.00  fees and funding in
  FEES      no fills yet this run (the book trades at 00:05 UTC)
  ------------------------------------------------------------------------------------------------



  12:53  up 2h48m  daily book --------------------------------------------------------------------
  EQUITY    $250.15  unreal $+0.22
  OPEN      no intraday positions  book holds 12 (BOOK row)  free $227.29 after open P&L
  SHADOW    intraday M1 $248.65 (-0.51%)  M1g $249.57 (-0.15%)  2d paper only
  CARRY     $249.61 (-0.13%)  8 held  paper only
  SPOT      $249.90 (-0.04%)  14 held  20% invested  cash earns 7.63%  paper pot
  SAVINGS   idle $164.74 (66%)  at 7.63% +$0.03 so far  ~$1.05/month  paper
  BOOK      12 pos gross $113.85 (0.46x)  open $+0.21  funding $-0.00  vol 27% top 20
            rebal 2026-09-30
  CONTEXT   since 29 Sep +0.06%  under a day: too early to judge
  RULE      C2 N2+N3  forward test (paper)
  TOURNEY   7 rules held  first score at the next rebalance, for 2026-09-30
  DATA      on time  prices 9s  funding booked  book today  shadow 07:00  carry today
            spot pot today
  SESSION   $-0.29 -0.12%  peak $250.45  dd 0.12%
  CURVE     +++++==+++=+====+=====
  MONTH     book guard $0.00 of $50.00 used  on marked equity  from $250.00  dial 20%
            ..........................
  RECORD    book closed 0  0W 0L  net $+0.00  fees and funding in
  FEES      no fills yet this run (the book trades at 00:05 UTC)
  ------------------------------------------------------------------------------------------------



  13:01  up 2h56m  daily book --------------------------------------------------------------------
  EQUITY    $250.30  unreal $+0.37
  OPEN      no intraday positions  book holds 12 (BOOK row)  free $227.44 after open P&L
  SHADOW    intraday M1 $248.65 (-0.51%)  M1g $249.57 (-0.15%)  2d paper only
  CARRY     $249.61 (-0.13%)  8 held  paper only
  SPOT      $249.90 (-0.04%)  14 held  20% invested  cash earns 7.63%  paper pot
  SAVINGS   idle $164.83 (66%)  at 7.63% +$0.03 so far  ~$1.05/month  paper
  BOOK      12 pos gross $113.87 (0.46x)  open $+0.37  funding $-0.00  vol 27% top 20
            rebal 2026-09-30
  CONTEXT   since 29 Sep +0.12%  under a day: too early to judge
  RULE      C2 N2+N3  forward test (paper)
  TOURNEY   7 rules held  first score at the next rebalance, for 2026-09-30
  DATA      on time  prices 3s  funding booked  book today  shadow 07:00  carry today
            spot pot today
  SESSION   $-0.14 -0.06%  peak $250.45  dd 0.06%
  CURVE     +++++==+++=+====+=====+
  MONTH     book guard $0.00 of $50.00 used  on marked equity  from $250.00  dial 20%
            ..........................
  RECORD    book closed 0  0W 0L  net $+0.00  fees and funding in
  FEES      no fills yet this run (the book trades at 00:05 UTC)
  ------------------------------------------------------------------------------------------------



  13:09  up 3h04m  daily book --------------------------------------------------------------------
  EQUITY    $250.48  unreal $+0.55
  OPEN      no intraday positions  book holds 12 (BOOK row)  free $227.62 after open P&L
  SHADOW    intraday M1 $248.65 (-0.51%)  M1g $249.57 (-0.15%)  2d paper only
  CARRY     $249.61 (-0.13%)  8 held  paper only
  SPOT      $250.03 (+0.01%)  14 held  20% invested  cash earns 7.63%  paper pot
  SAVINGS   idle $165.00 (66%)  at 7.63% +$0.03 so far  ~$1.05/month  paper
  BOOK      12 pos gross $114.30 (0.46x)  open $+0.55  funding $-0.00  vol 27% top 20
            rebal 2026-09-30
  CONTEXT   since 29 Sep +0.19%  under a day: too early to judge
  RULE      C2 N2+N3  forward test (paper)
  TOURNEY   7 rules held  first score at the next rebalance, for 2026-09-30
  DATA      on time  prices 38s  funding booked  book today  shadow 07:00  carry today
            spot pot today
  SESSION   $+0.04 +0.02%
  CURVE     +++++==+++============++
  MONTH     book guard $0.00 of $50.00 used  on marked equity  from $250.00  dial 20%
            ..........................
  RECORD    book closed 0  0W 0L  net $+0.00  fees and funding in
  FEES      no fills yet this run (the book trades at 00:05 UTC)
  ------------------------------------------------------------------------------------------------



  13:17  up 3h12m  daily book --------------------------------------------------------------------
  EQUITY    $250.70  unreal $+0.77
  OPEN      no intraday positions  book holds 12 (BOOK row)  free $227.84 after open P&L
  SHADOW    intraday M1 $248.65 (-0.51%)  M1g $249.57 (-0.15%)  2d paper only
  CARRY     $249.61 (-0.13%)  8 held  paper only
  SPOT      $250.11 (+0.04%)  14 held  20% invested  cash earns 7.63%  paper pot
  SAVINGS   idle $165.16 (66%)  at 7.63% +$0.03 so far  ~$1.05/month  paper
  BOOK      12 pos gross $114.61 (0.46x)  open $+0.77  funding $-0.00  vol 27% top 20
            rebal 2026-09-30
  CONTEXT   since 29 Sep +0.28%  under a day: too early to judge
  RULE      C2 N2+N3  forward test (paper)
  TOURNEY   7 rules held  first score at the next rebalance, for 2026-09-30
  DATA      on time  prices 32s  funding booked  book today  shadow 07:00  carry today
            spot pot today
  SESSION   $+0.26 +0.10%
  CURVE     +++====================++
  MONTH     book guard $0.00 of $50.00 used  on marked equity  from $250.00  dial 20%
            ..........................
  RECORD    book closed 0  0W 0L  net $+0.00  fees and funding in
  FEES      no fills yet this run (the book trades at 00:05 UTC)
  ------------------------------------------------------------------------------------------------



  13:25  up 3h20m  daily book --------------------------------------------------------------------
  EQUITY    $250.78  unreal $+0.85
  OPEN      no intraday positions  book holds 12 (BOOK row)  free $227.92 after open P&L
  SHADOW    intraday M1 $248.65 (-0.51%)  M1g $249.57 (-0.15%)  2d paper only
  CARRY     $249.61 (-0.13%)  8 held  paper only
  SPOT      $250.14 (+0.05%)  14 held  20% invested  cash earns 7.63%  paper pot
  SAVINGS   idle $165.22 (66%)  at 7.63% +$0.03 so far  ~$1.05/month  paper
  BOOK      12 pos gross $114.60 (0.46x)  open $+0.85  funding $-0.00  vol 27% top 20
            rebal 2026-09-30
  CONTEXT   since 29 Sep +0.31%  under a day: too early to judge
  RULE      C2 N2+N3  forward test (paper)
  TOURNEY   7 rules held  first score at the next rebalance, for 2026-09-30
  DATA      on time  prices 26s  funding booked  book today  shadow 07:00  carry today
            spot pot today
  SESSION   $+0.34 +0.14%
  CURVE     +++====================+++
  MONTH     book guard $0.00 of $50.00 used  on marked equity  from $250.00  dial 20%
            ..........................
  RECORD    book closed 0  0W 0L  net $+0.00  fees and funding in
  FEES      no fills yet this run (the book trades at 00:05 UTC)
  ------------------------------------------------------------------------------------------------



  13:33  up 3h28m  daily book --------------------------------------------------------------------
  EQUITY    $250.71  unreal $+0.78
  OPEN      no intraday positions  book holds 12 (BOOK row)  free $227.85 after open P&L
  SHADOW    intraday M1 $249.57 (-0.15%)  M1g $250.25 (+0.13%)  2d paper only
  CARRY     $249.61 (-0.13%)  8 held  paper only
  SPOT      $250.03 (+0.01%)  14 held  20% invested  cash earns 7.63%  paper pot
  SAVINGS   idle $165.15 (66%)  at 7.63% +$0.03 so far  ~$1.05/month  paper
  BOOK      12 pos gross $114.39 (0.46x)  open $+0.78  funding $-0.00  vol 27% top 20
            rebal 2026-09-30
  CONTEXT   since 29 Sep +0.28%  under a day: too early to judge
  RULE      C2 N2+N3  forward test (paper)
  TOURNEY   7 rules held  first score at the next rebalance, for 2026-09-30
  DATA      on time  prices 30s  funding booked  book today  shadow 08:00  carry today
            spot pot today
  SESSION   $+0.27 +0.11%  peak $250.78  dd 0.03%
  CURVE     +++====================++++
  MONTH     book guard $0.00 of $50.00 used  on marked equity  from $250.00  dial 20%
            ..........................
  RECORD    book closed 0  0W 0L  net $+0.00  fees and funding in
  FEES      no fills yet this run (the book trades at 00:05 UTC)
  ------------------------------------------------------------------------------------------------



  13:41  up 3h36m  daily book --------------------------------------------------------------------
  EQUITY    $250.54  unreal $+0.61
  OPEN      no intraday positions  book holds 12 (BOOK row)  free $227.68 after open P&L
  SHADOW    intraday M1 $249.57 (-0.15%)  M1g $250.25 (+0.13%)  2d paper only
  CARRY     $249.61 (-0.13%)  8 held  paper only
  SPOT      $249.82 (-0.07%)  14 held  20% invested  cash earns 7.63%  paper pot
  SAVINGS   idle $165.04 (66%)  at 7.63% +$0.03 so far  ~$1.05/month  paper
  BOOK      12 pos gross $113.79 (0.45x)  open $+0.61  funding $-0.00  vol 27% top 20
            rebal 2026-09-30
  CONTEXT   since 29 Sep +0.22%  under a day: too early to judge
  RULE      C2 N2+N3  forward test (paper)
  TOURNEY   7 rules held  first score at the next rebalance, for 2026-09-30
  DATA      on time  prices 24s  funding booked  book today  shadow 08:00  carry today
            spot pot today
  SESSION   $+0.10 +0.04%  peak $250.78  dd 0.10%
  CURVE     +++====================+++++
  MONTH     book guard $0.00 of $50.00 used  on marked equity  from $250.00  dial 20%
            ..........................
  RECORD    book closed 0  0W 0L  net $+0.00  fees and funding in
  FEES      no fills yet this run (the book trades at 00:05 UTC)
  ------------------------------------------------------------------------------------------------



  13:49  up 3h44m  daily book --------------------------------------------------------------------
  EQUITY    $250.81  unreal $+0.88
  OPEN      no intraday positions  book holds 12 (BOOK row)  free $227.95 after open P&L
  SHADOW    intraday M1 $249.57 (-0.15%)  M1g $250.25 (+0.13%)  2d paper only
  CARRY     $249.61 (-0.13%)  8 held  paper only
  SPOT      $250.01 (+0.00%)  14 held  20% invested  cash earns 7.63%  paper pot
  SAVINGS   idle $165.21 (66%)  at 7.63% +$0.03 so far  ~$1.05/month  paper
  BOOK      12 pos gross $114.55 (0.46x)  open $+0.88  funding $-0.00  vol 27% top 20
            rebal 2026-09-30
  CONTEXT   since 29 Sep +0.32%  under a day: too early to judge
  RULE      C2 N2+N3  forward test (paper)
  TOURNEY   7 rules held  first score at the next rebalance, for 2026-09-30
  DATA      on time  prices 18s  funding booked  book today  shadow 08:00  carry today
            spot pot today
  SESSION   $+0.37 +0.15%
  CURVE     +++====================++++++
  MONTH     book guard $0.00 of $50.00 used  on marked equity  from $250.00  dial 20%
            ..........................
  RECORD    book closed 0  0W 0L  net $+0.00  fees and funding in
  FEES      no fills yet this run (the book trades at 00:05 UTC)
  ------------------------------------------------------------------------------------------------



  13:57  up 3h52m  daily book --------------------------------------------------------------------
  EQUITY    $250.96  unreal $+1.03
  OPEN      no intraday positions  book holds 12 (BOOK row)  free $228.10 after open P&L
  SHADOW    intraday M1 $249.57 (-0.15%)  M1g $250.25 (+0.13%)  2d paper only
  CARRY     $249.61 (-0.13%)  8 held  paper only
  SPOT      $250.05 (+0.02%)  14 held  20% invested  cash earns 7.63%  paper pot
  SAVINGS   idle $165.32 (66%)  at 7.63% +$0.03 so far  ~$1.05/month  paper
  BOOK      12 pos gross $114.69 (0.46x)  open $+1.03  funding $-0.00  vol 27% top 20
            rebal 2026-09-30
  CONTEXT   since 29 Sep +0.38%  under a day: too early to judge
  RULE      C2 N2+N3  forward test (paper)
  TOURNEY   7 rules held  first score at the next rebalance, for 2026-09-30
  DATA      on time  prices 11s  funding booked  book today  shadow 08:00  carry today
            spot pot today
  SESSION   $+0.52 +0.21%
  CURVE     ========================++++++
  MONTH     book guard $0.00 of $50.00 used  on marked equity  from $250.00  dial 20%
            ..........................
  RECORD    book closed 0  0W 0L  net $+0.00  fees and funding in
  FEES      no fills yet this run (the book trades at 00:05 UTC)
  ------------------------------------------------------------------------------------------------



  14:05  up 4h00m  daily book --------------------------------------------------------------------
  EQUITY    $250.68  unreal $+0.75
  OPEN      no intraday positions  book holds 12 (BOOK row)  free $227.82 after open P&L
  SHADOW    intraday M1 $249.57 (-0.15%)  M1g $250.25 (+0.13%)  2d paper only
  CARRY     $249.61 (-0.13%)  8 held  paper only
  SPOT      $249.84 (-0.06%)  14 held  20% invested  cash earns 7.63%  paper pot
  SAVINGS   idle $165.18 (66%)  at 7.63% +$0.03 so far  ~$1.05/month  paper
  BOOK      12 pos gross $114.03 (0.46x)  open $+0.75  funding $-0.00  vol 27% top 20
            rebal 2026-09-30
  CONTEXT   since 29 Sep +0.27%  under a day: too early to judge
  RULE      C2 N2+N3  forward test (paper)
  TOURNEY   7 rules held  first score at the next rebalance, for 2026-09-30
  DATA      on time  prices 5s  funding booked  book today  shadow 08:00  carry today
            spot pot today
  SESSION   $+0.24 +0.10%  peak $250.96  dd 0.11%
  CURVE     ========================+++++++
  MONTH     book guard $0.00 of $50.00 used  on marked equity  from $250.00  dial 20%
            ..........................
  RECORD    book closed 0  0W 0L  net $+0.00  fees and funding in
  FEES      no fills yet this run (the book trades at 00:05 UTC)
  ------------------------------------------------------------------------------------------------



  14:13  up 4h08m  daily book --------------------------------------------------------------------
  EQUITY    $250.70  unreal $+0.77
  OPEN      no intraday positions  book holds 12 (BOOK row)  free $227.84 after open P&L
  SHADOW    intraday M1 $249.57 (-0.15%)  M1g $250.25 (+0.13%)  2d paper only
  CARRY     $249.61 (-0.13%)  8 held  paper only
  SPOT      $249.89 (-0.04%)  14 held  20% invested  cash earns 7.63%  paper pot
  SAVINGS   idle $165.16 (66%)  at 7.63% +$0.03 so far  ~$1.05/month  paper
  BOOK      12 pos gross $114.18 (0.46x)  open $+0.77  funding $-0.00  vol 27% top 20
            rebal 2026-09-30
  CONTEXT   since 29 Sep +0.28%  under a day: too early to judge
  RULE      C2 N2+N3  forward test (paper)
  TOURNEY   7 rules held  first score at the next rebalance, for 2026-09-30
  DATA      on time  prices 39s  funding booked  book today  shadow 08:00  carry today
            spot pot today
  SESSION   $+0.26 +0.10%  peak $250.96  dd 0.10%
  CURVE     ========================++++++++
  MONTH     book guard $0.00 of $50.00 used  on marked equity  from $250.00  dial 20%
            ..........................
  RECORD    book closed 0  0W 0L  net $+0.00  fees and funding in
  FEES      no fills yet this run (the book trades at 00:05 UTC)
  ------------------------------------------------------------------------------------------------



  14:21  up 4h16m  daily book --------------------------------------------------------------------
  EQUITY    $251.15  unreal $+1.22
  OPEN      no intraday positions  book holds 12 (BOOK row)  free $228.29 after open P&L
  SHADOW    intraday M1 $249.57 (-0.15%)  M1g $250.25 (+0.13%)  2d paper only
  CARRY     $249.61 (-0.13%)  8 held  paper only
  SPOT      $250.13 (+0.05%)  14 held  20% invested  cash earns 7.63%  paper pot
  SAVINGS   idle $165.50 (66%)  at 7.63% +$0.03 so far  ~$1.05/month  paper
  BOOK      12 pos gross $115.20 (0.46x)  open $+1.22  funding $-0.00  vol 27% top 20
            rebal 2026-09-30
  CONTEXT   since 29 Sep $+1.15 (+0.46%) in 1.0d  normal -1.3% to +1.7%  top 34%: normal
  RULE      C2 N2+N3  forward test (paper)
  TOURNEY   7 rules held  first score at the next rebalance, for 2026-09-30
  DATA      on time  prices 33s  funding booked  book today  shadow 08:00  carry today
            spot pot today
  SESSION   $+0.71 +0.28%
  CURVE     ========================+++=+++++
  MONTH     book guard $0.00 of $50.00 used  on marked equity  from $250.00  dial 20%
            ..........................
  RECORD    book closed 0  0W 0L  net $+0.00  fees and funding in
  FEES      no fills yet this run (the book trades at 00:05 UTC)
  ------------------------------------------------------------------------------------------------



  14:29  up 4h24m  daily book --------------------------------------------------------------------
  EQUITY    $251.10  unreal $+1.17
  OPEN      no intraday positions  book holds 12 (BOOK row)  free $228.24 after open P&L
  SHADOW    intraday M1 $249.57 (-0.15%)  M1g $250.25 (+0.13%)  2d paper only
  CARRY     $249.61 (-0.13%)  8 held  paper only
  SPOT      $250.27 (+0.11%)  14 held  20% invested  cash earns 7.63%  paper pot
  SAVINGS   idle $165.53 (66%)  at 7.63% +$0.04 so far  ~$1.05/month  paper
  BOOK      12 pos gross $114.98 (0.46x)  open $+1.17  funding $-0.00  vol 27% top 20
            rebal 2026-09-30
  CONTEXT   since 29 Sep $+1.10 (+0.44%) in 1.0d  normal -1.3% to +1.7%  top 34%: normal
  RULE      C2 N2+N3  forward test (paper)
  TOURNEY   7 rules held  first score at the next rebalance, for 2026-09-30
  DATA      on time  prices 27s  funding booked  book today  shadow 08:00  carry today
            spot pot today
  SESSION   $+0.66 +0.26%  peak $251.15  dd 0.02%
  CURVE     ========================+++=++++++
  MONTH     book guard $0.00 of $50.00 used  on marked equity  from $250.00  dial 20%
            ..........................
  RECORD    book closed 0  0W 0L  net $+0.00  fees and funding in
  FEES      no fills yet this run (the book trades at 00:05 UTC)
  ------------------------------------------------------------------------------------------------



  14:37  up 4h32m  daily book --------------------------------------------------------------------
  EQUITY    $251.06  unreal $+1.13
  OPEN      no intraday positions  book holds 12 (BOOK row)  free $228.20 after open P&L
  SHADOW    intraday M1 $249.03 (-0.36%)  M1g $250.14 (+0.08%)  2d paper only
  CARRY     $249.61 (-0.13%)  8 held  paper only
  SPOT      $250.38 (+0.15%)  14 held  20% invested  cash earns 7.63%  paper pot
  SAVINGS   idle $165.45 (66%)  at 7.63% +$0.04 so far  ~$1.05/month  paper
  BOOK      12 pos gross $115.13 (0.46x)  open $+1.13  funding $-0.00  vol 27% top 20
            rebal 2026-09-30
  CONTEXT   since 29 Sep $+1.06 (+0.42%) in 1.0d  normal -1.3% to +1.7%  top 35%: normal
  RULE      C2 N2+N3  forward test (paper)
  TOURNEY   7 rules held  first score at the next rebalance, for 2026-09-30
  DATA      on time  prices 16s  funding booked  book today  shadow 09:00  carry today
            spot pot today
  SESSION   $+0.62 +0.25%  peak $251.15  dd 0.04%
  CURVE     ========================+++=+++++++
  MONTH     book guard $0.00 of $50.00 used  on marked equity  from $250.00  dial 20%
            ..........................
  RECORD    book closed 0  0W 0L  net $+0.00  fees and funding in
  FEES      no fills yet this run (the book trades at 00:05 UTC)
  ------------------------------------------------------------------------------------------------



  14:45  up 4h40m  daily book --------------------------------------------------------------------
  EQUITY    $251.35  unreal $+1.42
  OPEN      no intraday positions  book holds 12 (BOOK row)  free $228.49 after open P&L
  SHADOW    intraday M1 $249.03 (-0.36%)  M1g $250.14 (+0.08%)  2d paper only
  CARRY     $249.61 (-0.13%)  8 held  paper only
  SPOT      $250.40 (+0.16%)  14 held  20% invested  cash earns 7.63%  paper pot
  SAVINGS   idle $165.73 (66%)  at 7.63% +$0.04 so far  ~$1.05/month  paper
  BOOK      12 pos gross $115.47 (0.46x)  open $+1.42  funding $-0.00  vol 27% top 20
            rebal 2026-09-30
  CONTEXT   since 29 Sep $+1.35 (+0.54%) in 1.0d  normal -1.3% to +1.7%  top 31%: normal
  RULE      C2 N2+N3  forward test (paper)
  TOURNEY   7 rules held  first score at the next rebalance, for 2026-09-30
  DATA      on time  prices 10s  funding booked  book today  shadow 09:00  carry today
            spot pot today
  SESSION   $+0.91 +0.36%
  CURVE     ========================+++=++=+++++
  MONTH     book guard $0.00 of $50.00 used  on marked equity  from $250.00  dial 20%
            ..........................
  RECORD    book closed 0  0W 0L  net $+0.00  fees and funding in
  FEES      no fills yet this run (the book trades at 00:05 UTC)
  ------------------------------------------------------------------------------------------------



  14:53  up 4h48m  daily book --------------------------------------------------------------------
  EQUITY    $251.24  unreal $+1.31
  OPEN      no intraday positions  book holds 12 (BOOK row)  free $228.38 after open P&L
  SHADOW    intraday M1 $249.03 (-0.36%)  M1g $250.14 (+0.08%)  2d paper only
  CARRY     $249.61 (-0.13%)  8 held  paper only
  SPOT      $250.40 (+0.16%)  14 held  20% invested  cash earns 7.63%  paper pot
  SAVINGS   idle $165.58 (66%)  at 7.63% +$0.04 so far  ~$1.05/month  paper
  BOOK      12 pos gross $115.38 (0.46x)  open $+1.31  funding $-0.00  vol 27% top 20
            rebal 2026-09-30
  CONTEXT   since 29 Sep $+1.24 (+0.50%) in 1.0d  normal -1.3% to +1.8%  top 32%: normal
  RULE      C2 N2+N3  forward test (paper)
  TOURNEY   7 rules held  first score at the next rebalance, for 2026-09-30
  DATA      on time  prices 3s  funding booked  book today  shadow 09:00  carry today
            spot pot today
  SESSION   $+0.80 +0.32%  peak $251.35  dd 0.04%
  CURVE     ========================+++=++=++++++
  MONTH     book guard $0.00 of $50.00 used  on marked equity  from $250.00  dial 20%
            ..........................
  RECORD    book closed 0  0W 0L  net $+0.00  fees and funding in
  FEES      no fills yet this run (the book trades at 00:05 UTC)
  ------------------------------------------------------------------------------------------------



  15:01  up 4h56m  daily book --------------------------------------------------------------------
  EQUITY    $251.17  unreal $+1.24
  OPEN      no intraday positions  book holds 12 (BOOK row)  free $228.31 after open P&L
  SHADOW    intraday M1 $249.03 (-0.36%)  M1g $250.14 (+0.08%)  2d paper only
  CARRY     $249.61 (-0.13%)  8 held  paper only
  SPOT      $250.51 (+0.20%)  14 held  20% invested  cash earns 7.63%  paper pot
  SAVINGS   idle $165.52 (66%)  at 7.63% +$0.04 so far  ~$1.05/month  paper
  BOOK      12 pos gross $115.43 (0.46x)  open $+1.24  funding $-0.00  vol 27% top 20
            rebal 2026-09-30
  CONTEXT   since 29 Sep $+1.17 (+0.47%) in 1.0d  normal -1.3% to +1.8%  top 34%: normal
  RULE      C2 N2+N3  forward test (paper)
  TOURNEY   7 rules held  first score at the next rebalance, for 2026-09-30
  DATA      on time  prices 38s  funding booked  book today  shadow 09:00  carry today
            spot pot today
  SESSION   $+0.73 +0.29%  peak $251.35  dd 0.07%
  CURVE     ========================+++=++=+++++++
  MONTH     book guard $0.00 of $50.00 used  on marked equity  from $250.00  dial 20%
            ..........................
  RECORD    book closed 0  0W 0L  net $+0.00  fees and funding in
  FEES      no fills yet this run (the book trades at 00:05 UTC)
  ------------------------------------------------------------------------------------------------



  15:09  up 5h04m  daily book --------------------------------------------------------------------
  EQUITY    $251.31  unreal $+1.38
  OPEN      no intraday positions  book holds 12 (BOOK row)  free $228.45 after open P&L
  SHADOW    intraday M1 $249.03 (-0.36%)  M1g $250.14 (+0.08%)  2d paper only
  CARRY     $249.61 (-0.13%)  8 held  paper only
  SPOT      $250.60 (+0.24%)  14 held  20% invested  cash earns 7.63%  paper pot
  SAVINGS   idle $165.62 (66%)  at 7.63% +$0.04 so far  ~$1.05/month  paper
  BOOK      12 pos gross $115.82 (0.46x)  open $+1.38  funding $-0.00  vol 27% top 20
            rebal 2026-09-30
  CONTEXT   since 29 Sep $+1.31 (+0.52%) in 1.0d  normal -1.3% to +1.8%  top 31%: normal
  RULE      C2 N2+N3  forward test (paper)
  TOURNEY   7 rules held  first score at the next rebalance, for 2026-09-30
  DATA      on time  prices 32s  funding booked  book today  shadow 09:00  carry today
            spot pot today
  SESSION   $+0.87 +0.35%  peak $251.35  dd 0.02%
  CURVE     ========================+++=++=++++++++
  MONTH     book guard $0.00 of $50.00 used  on marked equity  from $250.00  dial 20%
            ..........................
  RECORD    book closed 0  0W 0L  net $+0.00  fees and funding in
  FEES      no fills yet this run (the book trades at 00:05 UTC)
  ------------------------------------------------------------------------------------------------



  15:17  up 5h12m  daily book --------------------------------------------------------------------
  EQUITY    $251.28  unreal $+1.35
  OPEN      no intraday positions  book holds 12 (BOOK row)  free $228.42 after open P&L
  SHADOW    intraday M1 $249.03 (-0.36%)  M1g $250.14 (+0.08%)  2d paper only
  CARRY     $249.61 (-0.13%)  8 held  paper only
  SPOT      $250.54 (+0.21%)  14 held  20% invested  cash earns 7.63%  paper pot
  SAVINGS   idle $165.60 (66%)  at 7.63% +$0.04 so far  ~$1.05/month  paper
  BOOK      12 pos gross $115.78 (0.46x)  open $+1.35  funding $-0.00  vol 27% top 20
            rebal 2026-09-30
  CONTEXT   since 29 Sep $+1.28 (+0.51%) in 1.0d  normal -1.3% to +1.8%  top 32%: normal
  RULE      C2 N2+N3  forward test (paper)
  TOURNEY   7 rules held  first score at the next rebalance, for 2026-09-30
  DATA      on time  prices 27s  funding booked  book today  shadow 09:00  carry today
            spot pot today
  SESSION   $+0.84 +0.34%  peak $251.35  dd 0.03%
  CURVE     ========================+++=++=+++++++++
  MONTH     book guard $0.00 of $50.00 used  on marked equity  from $250.00  dial 20%
            ..........................
  RECORD    book closed 0  0W 0L  net $+0.00  fees and funding in
  FEES      no fills yet this run (the book trades at 00:05 UTC)
  ------------------------------------------------------------------------------------------------



  15:25  up 5h20m  daily book --------------------------------------------------------------------
  EQUITY    $251.21  unreal $+1.28
  OPEN      no intraday positions  book holds 12 (BOOK row)  free $228.35 after open P&L
  SHADOW    intraday M1 $249.03 (-0.36%)  M1g $250.14 (+0.08%)  2d paper only
  CARRY     $249.61 (-0.13%)  8 held  paper only
  SPOT      $250.48 (+0.19%)  14 held  20% invested  cash earns 7.63%  paper pot
  SAVINGS   idle $165.55 (66%)  at 7.63% +$0.04 so far  ~$1.05/month  paper
  BOOK      12 pos gross $115.66 (0.46x)  open $+1.28  funding $-0.00  vol 27% top 20
            rebal 2026-09-30
  CONTEXT   since 29 Sep $+1.21 (+0.48%) in 1.1d  normal -1.3% to +1.8%  top 33%: normal
  RULE      C2 N2+N3  forward test (paper)
  TOURNEY   7 rules held  first score at the next rebalance, for 2026-09-30
  DATA      on time  prices 21s  funding booked  book today  shadow 09:00  carry today
            spot pot today
  SESSION   $+0.77 +0.31%  peak $251.35  dd 0.06%
  CURVE     ========================+++=++=++++++++++
  MONTH     book guard $0.00 of $50.00 used  on marked equity  from $250.00  dial 20%
            ..........................
  RECORD    book closed 0  0W 0L  net $+0.00  fees and funding in
  FEES      no fills yet this run (the book trades at 00:05 UTC)
  ------------------------------------------------------------------------------------------------



  15:33  up 5h28m  daily book --------------------------------------------------------------------
  EQUITY    $251.12  unreal $+1.19
  OPEN      no intraday positions  book holds 12 (BOOK row)  free $228.26 after open P&L
  SHADOW    intraday M1 $249.27 (-0.27%)  M1g $250.19 (+0.10%)  2d paper only
  CARRY     $249.61 (-0.13%)  8 held  paper only
  SPOT      $250.48 (+0.19%)  14 held  20% invested  cash earns 7.63%  paper pot
  SAVINGS   idle $165.48 (66%)  at 7.63% +$0.04 so far  ~$1.05/month  paper
  BOOK      12 pos gross $115.46 (0.46x)  open $+1.19  funding $-0.00  vol 27% top 20
            rebal 2026-09-30
  CONTEXT   since 29 Sep $+1.12 (+0.45%) in 1.1d  normal -1.3% to +1.8%  top 34%: normal
  RULE      C2 N2+N3  forward test (paper)
  TOURNEY   7 rules held  first score at the next rebalance, for 2026-09-30
  DATA      on time  prices 14s  funding booked  book today  shadow 10:00  carry today
            spot pot today
  SESSION   $+0.68 +0.27%  peak $251.35  dd 0.09%
  CURVE     ========================+++=++=+++++++++++
  MONTH     book guard $0.00 of $50.00 used  on marked equity  from $250.00  dial 20%
            ..........................
  RECORD    book closed 0  0W 0L  net $+0.00  fees and funding in
  FEES      no fills yet this run (the book trades at 00:05 UTC)
  ------------------------------------------------------------------------------------------------



  15:41  up 5h36m  daily book --------------------------------------------------------------------
  EQUITY    $251.16  unreal $+1.23
  OPEN      no intraday positions  book holds 12 (BOOK row)  free $228.30 after open P&L
  SHADOW    intraday M1 $249.27 (-0.27%)  M1g $250.19 (+0.10%)  2d paper only
  CARRY     $249.61 (-0.13%)  8 held  paper only
  SPOT      $250.49 (+0.19%)  14 held  20% invested  cash earns 7.63%  paper pot
  SAVINGS   idle $165.51 (66%)  at 7.63% +$0.04 so far  ~$1.05/month  paper
  BOOK      12 pos gross $115.46 (0.46x)  open $+1.23  funding $-0.00  vol 27% top 20
            rebal 2026-09-30
  CONTEXT   since 29 Sep $+1.16 (+0.46%) in 1.1d  normal -1.3% to +1.8%  top 34%: normal
  RULE      C2 N2+N3  forward test (paper)
  TOURNEY   7 rules held  first score at the next rebalance, for 2026-09-30
  DATA      on time  prices 7s  funding booked  book today  shadow 10:00  carry today
            spot pot today
  SESSION   $+0.72 +0.29%  peak $251.35  dd 0.08%
  CURVE     ========================+++=++=++++++++++++
  MONTH     book guard $0.00 of $50.00 used  on marked equity  from $250.00  dial 20%
            ..........................
  RECORD    book closed 0  0W 0L  net $+0.00  fees and funding in
  FEES      no fills yet this run (the book trades at 00:05 UTC)
  ------------------------------------------------------------------------------------------------



  15:49  up 5h44m  daily book --------------------------------------------------------------------
  EQUITY    $251.20  unreal $+1.27
  OPEN      no intraday positions  book holds 12 (BOOK row)  free $228.34 after open P&L
  SHADOW    intraday M1 $249.27 (-0.27%)  M1g $250.19 (+0.10%)  2d paper only
  CARRY     $249.61 (-0.13%)  8 held  paper only
  SPOT      $250.51 (+0.20%)  14 held  20% invested  cash earns 7.63%  paper pot
  SAVINGS   idle $165.54 (66%)  at 7.63% +$0.04 so far  ~$1.05/month  paper
  BOOK      12 pos gross $115.57 (0.46x)  open $+1.27  funding $-0.00  vol 27% top 20
            rebal 2026-09-30
  CONTEXT   since 29 Sep $+1.20 (+0.48%) in 1.1d  normal -1.3% to +1.8%  top 33%: normal
  RULE      C2 N2+N3  forward test (paper)
  TOURNEY   7 rules held  first score at the next rebalance, for 2026-09-30
  DATA      on time  prices 2s  funding booked  book today  shadow 10:00  carry today
            spot pot today
  SESSION   $+0.76 +0.30%  peak $251.35  dd 0.06%
  CURVE     ========================+++=++=+++++++++++++
  MONTH     book guard $0.00 of $50.00 used  on marked equity  from $250.00  dial 20%
            ..........................
  RECORD    book closed 0  0W 0L  net $+0.00  fees and funding in
  FEES      no fills yet this run (the book trades at 00:05 UTC)
  ------------------------------------------------------------------------------------------------



  15:57  up 5h52m  daily book --------------------------------------------------------------------
  EQUITY    $251.11  unreal $+1.18
  OPEN      no intraday positions  book holds 12 (BOOK row)  free $228.25 after open P&L
  SHADOW    intraday M1 $249.27 (-0.27%)  M1g $250.19 (+0.10%)  2d paper only
  CARRY     $249.61 (-0.13%)  8 held  paper only
  SPOT      $250.61 (+0.25%)  14 held  20% invested  cash earns 7.63%  paper pot
  SAVINGS   idle $165.45 (66%)  at 7.63% +$0.04 so far  ~$1.05/month  paper
  BOOK      12 pos gross $115.70 (0.46x)  open $+1.18  funding $-0.00  vol 27% top 20
            rebal 2026-09-30
  CONTEXT   since 29 Sep $+1.11 (+0.44%) in 1.1d  normal -1.3% to +1.8%  top 35%: normal
  RULE      C2 N2+N3  forward test (paper)
  TOURNEY   7 rules held  first score at the next rebalance, for 2026-09-30
  DATA      on time  prices 36s  funding booked  book today  shadow 10:00  carry today
            spot pot today
  SESSION   $+0.67 +0.27%  peak $251.35  dd 0.10%
  CURVE     ========================+++=++=++++++++++++++
  MONTH     book guard $0.00 of $50.00 used  on marked equity  from $250.00  dial 20%
            ..........................
  RECORD    book closed 0  0W 0L  net $+0.00  fees and funding in
  FEES      no fills yet this run (the book trades at 00:05 UTC)
  ------------------------------------------------------------------------------------------------



  16:05  up 6h00m  daily book --------------------------------------------------------------------
  EQUITY    $251.21  unreal $+1.28
  OPEN      no intraday positions  book holds 12 (BOOK row)  free $228.35 after open P&L
  SHADOW    intraday M1 $249.27 (-0.27%)  M1g $250.19 (+0.10%)  2d paper only
  CARRY     $249.61 (-0.13%)  8 held  paper only
  SPOT      $250.73 (+0.29%)  14 held  20% invested  cash earns 7.63%  paper pot
  SAVINGS   idle $165.55 (66%)  at 7.63% +$0.04 so far  ~$1.05/month  paper
  BOOK      12 pos gross $115.98 (0.46x)  open $+1.28  funding $-0.00  vol 27% top 20
            rebal 2026-09-30
  CONTEXT   since 29 Sep $+1.21 (+0.48%) in 1.1d  normal -1.3% to +1.8%  top 33%: normal
  RULE      C2 N2+N3  forward test (paper)
  TOURNEY   7 rules held  first score at the next rebalance, for 2026-09-30
  DATA      on time  prices 30s  funding booked  book today  shadow 10:00  carry today
            spot pot today
  SESSION   $+0.77 +0.31%  peak $251.35  dd 0.06%
  CURVE     ========================+++=++=+++++++++++++++
  MONTH     book guard $0.00 of $50.00 used  on marked equity  from $250.00  dial 20%
            ..........................
  RECORD    book closed 0  0W 0L  net $+0.00  fees and funding in
  FEES      no fills yet this run (the book trades at 00:05 UTC)
  ------------------------------------------------------------------------------------------------



  16:13  up 6h08m  daily book --------------------------------------------------------------------
  EQUITY    $251.07  unreal $+1.14
  OPEN      no intraday positions  book holds 12 (BOOK row)  free $228.21 after open P&L
  SHADOW    intraday M1 $249.27 (-0.27%)  M1g $250.19 (+0.10%)  2d paper only
  CARRY     $249.61 (-0.13%)  8 held  paper only
  SPOT      $250.56 (+0.23%)  14 held  20% invested  cash earns 7.63%  paper pot
  SAVINGS   idle $165.49 (66%)  at 7.63% +$0.04 so far  ~$1.05/month  paper
  BOOK      12 pos gross $115.70 (0.46x)  open $+1.14  funding $-0.00  vol 27% top 20
            rebal 2026-09-30
  CONTEXT   since 29 Sep $+1.07 (+0.43%) in 1.1d  normal -1.3% to +1.8%  top 35%: normal
  RULE      C2 N2+N3  forward test (paper)
  TOURNEY   7 rules held  first score at the next rebalance, for 2026-09-30
  DATA      on time  prices 24s  funding booked  book today  shadow 10:00  carry today
            spot pot today
  SESSION   $+0.63 +0.25%  peak $251.35  dd 0.11%
  CURVE     ========================+++=++=++++++++++++++++
  MONTH     book guard $0.00 of $50.00 used  on marked equity  from $250.00  dial 20%
            ..........................
  RECORD    book closed 0  0W 0L  net $+0.00  fees and funding in
  FEES      no fills yet this run (the book trades at 00:05 UTC)
  ------------------------------------------------------------------------------------------------



  16:21  up 6h16m  daily book --------------------------------------------------------------------
  EQUITY    $251.28  unreal $+1.35
  OPEN      no intraday positions  book holds 12 (BOOK row)  free $228.42 after open P&L
  SHADOW    intraday M1 $249.27 (-0.27%)  M1g $250.19 (+0.10%)  2d paper only
  CARRY     $249.61 (-0.13%)  8 held  paper only
  SPOT      $250.64 (+0.25%)  14 held  20% invested  cash earns 7.63%  paper pot
  SAVINGS   idle $165.61 (66%)  at 7.63% +$0.04 so far  ~$1.05/month  paper
  BOOK      12 pos gross $115.96 (0.46x)  open $+1.35  funding $-0.00  vol 27% top 20
            rebal 2026-09-30
  CONTEXT   since 29 Sep $+1.28 (+0.51%) in 1.1d  normal -1.3% to +1.8%  top 32%: normal
  RULE      C2 N2+N3  forward test (paper)
  TOURNEY   7 rules held  first score at the next rebalance, for 2026-09-30
  DATA      on time  prices 18s  funding booked  book today  shadow 10:00  carry today
            spot pot today
  SESSION   $+0.84 +0.34%  peak $251.35  dd 0.03%
  CURVE     ========================+++=++=+++++++++++++++++
  MONTH     book guard $0.00 of $50.00 used  on marked equity  from $250.00  dial 20%
            ..........................
  RECORD    book closed 0  0W 0L  net $+0.00  fees and funding in
  FEES      no fills yet this run (the book trades at 00:05 UTC)
  ------------------------------------------------------------------------------------------------



  16:29  up 6h24m  daily book --------------------------------------------------------------------
  EQUITY    $251.41  unreal $+1.48
  OPEN      no intraday positions  book holds 12 (BOOK row)  free $228.55 after open P&L
  SHADOW    intraday M1 $249.27 (-0.27%)  M1g $250.19 (+0.10%)  2d paper only
  CARRY     $249.61 (-0.13%)  8 held  paper only
  SPOT      $250.65 (+0.26%)  14 held  20% invested  cash earns 7.63%  paper pot
  SAVINGS   idle $165.68 (66%)  at 7.63% +$0.04 so far  ~$1.05/month  paper
  BOOK      12 pos gross $116.10 (0.46x)  open $+1.48  funding $-0.00  vol 27% top 20
            rebal 2026-09-30
  CONTEXT   since 29 Sep $+1.41 (+0.56%) in 1.1d  normal -1.3% to +1.8%  top 30%: normal
  RULE      C2 N2+N3  forward test (paper)
  TOURNEY   7 rules held  first score at the next rebalance, for 2026-09-30
  DATA      on time  prices 14s  funding booked  book today  shadow 10:00  carry today
            spot pot today
  SESSION   $+0.97 +0.39%
  CURVE     =========================+==++==+++++++++++++++++
  MONTH     book guard $0.00 of $50.00 used  on marked equity  from $250.00  dial 20%
            ..........................
  RECORD    book closed 0  0W 0L  net $+0.00  fees and funding in
  FEES      no fills yet this run (the book trades at 00:05 UTC)
  ------------------------------------------------------------------------------------------------



  16:37  up 6h32m  daily book --------------------------------------------------------------------
  EQUITY    $251.37  unreal $+1.44
  OPEN      no intraday positions  book holds 12 (BOOK row)  free $228.51 after open P&L
  SHADOW    intraday M1 $251.15 (+0.49%)  M1g $250.57 (+0.25%)  2d paper only
  CARRY     $249.61 (-0.13%)  8 held  paper only
  SPOT      $250.40 (+0.16%)  14 held  20% invested  cash earns 7.63%  paper pot
  SAVINGS   idle $165.68 (66%)  at 7.63% +$0.04 so far  ~$1.05/month  paper
  BOOK      12 pos gross $115.47 (0.46x)  open $+1.44  funding $-0.00  vol 27% top 20
            rebal 2026-09-30
  CONTEXT   since 29 Sep $+1.37 (+0.55%) in 1.1d  normal -1.3% to +1.8%  top 31%: normal
  RULE      C2 N2+N3  forward test (paper)
  TOURNEY   7 rules held  first score at the next rebalance, for 2026-09-30
  DATA      on time  prices 19s  funding booked  book today  shadow 11:00  carry today
            spot pot today
  SESSION   $+0.93 +0.37%  peak $251.41  dd 0.02%
  CURVE     =========================+==++==++++++++++++++++++
  MONTH     book guard $0.00 of $50.00 used  on marked equity  from $250.00  dial 20%
            ..........................
  RECORD    book closed 0  0W 0L  net $+0.00  fees and funding in
  FEES      no fills yet this run (the book trades at 00:05 UTC)
  ------------------------------------------------------------------------------------------------



  16:45  up 6h40m  daily book --------------------------------------------------------------------
  EQUITY    $251.43  unreal $+1.50
  OPEN      no intraday positions  book holds 12 (BOOK row)  free $228.57 after open P&L
  SHADOW    intraday M1 $251.15 (+0.49%)  M1g $250.57 (+0.25%)  2d paper only
  CARRY     $249.61 (-0.13%)  8 held  paper only
  SPOT      $250.59 (+0.23%)  14 held  20% invested  cash earns 7.63%  paper pot
  SAVINGS   idle $165.69 (66%)  at 7.63% +$0.04 so far  ~$1.05/month  paper
  BOOK      12 pos gross $115.83 (0.46x)  open $+1.50  funding $-0.00  vol 27% top 20
            rebal 2026-09-30
  CONTEXT   since 29 Sep $+1.43 (+0.57%) in 1.1d  normal -1.3% to +1.8%  top 30%: normal
  RULE      C2 N2+N3  forward test (paper)
  TOURNEY   7 rules held  first score at the next rebalance, for 2026-09-30
  DATA      on time  prices 14s  funding booked  book today  shadow 11:00  carry today
            spot pot today
  SESSION   $+0.99 +0.40%
  CURVE     =========================+==++==+++++++++++++++++++
  MONTH     book guard $0.00 of $50.00 used  on marked equity  from $250.00  dial 20%
            ..........................
  RECORD    book closed 0  0W 0L  net $+0.00  fees and funding in
  FEES      no fills yet this run (the book trades at 00:05 UTC)
  ------------------------------------------------------------------------------------------------



  16:53  up 6h48m  daily book --------------------------------------------------------------------
  EQUITY    $251.39  unreal $+1.46
  OPEN      no intraday positions  book holds 12 (BOOK row)  free $228.53 after open P&L
  SHADOW    intraday M1 $251.15 (+0.49%)  M1g $250.57 (+0.25%)  2d paper only
  CARRY     $249.61 (-0.13%)  8 held  paper only
  SPOT      $250.53 (+0.21%)  14 held  20% invested  cash earns 7.63%  paper pot
  SAVINGS   idle $165.67 (66%)  at 7.63% +$0.04 so far  ~$1.05/month  paper
  BOOK      12 pos gross $115.87 (0.46x)  open $+1.46  funding $-0.00  vol 27% top 20
            rebal 2026-09-30
  CONTEXT   since 29 Sep $+1.39 (+0.56%) in 1.1d  normal -1.3% to +1.8%  top 31%: normal
  RULE      C2 N2+N3  forward test (paper)
  TOURNEY   7 rules held  first score at the next rebalance, for 2026-09-30
  DATA      on time  prices 8s  funding booked  book today  shadow 11:00  carry today
            spot pot today
  SESSION   $+0.95 +0.38%  peak $251.43  dd 0.02%
  CURVE     =========================+==++==++++++++++++++++++++
  MONTH     book guard $0.00 of $50.00 used  on marked equity  from $250.00  dial 20%
            ..........................
  RECORD    book closed 0  0W 0L  net $+0.00  fees and funding in
  FEES      no fills yet this run (the book trades at 00:05 UTC)
  ------------------------------------------------------------------------------------------------



  17:01  up 6h56m  daily book --------------------------------------------------------------------
  EQUITY    $251.28  unreal $+1.35
  OPEN      no intraday positions  book holds 12 (BOOK row)  free $228.42 after open P&L
  SHADOW    intraday M1 $251.15 (+0.49%)  M1g $250.57 (+0.25%)  2d paper only
  CARRY     $249.61 (-0.13%)  8 held  paper only
  SPOT      $250.63 (+0.25%)  14 held  20% invested  cash earns 7.63%  paper pot
  SAVINGS   idle $165.63 (66%)  at 7.63% +$0.04 so far  ~$1.05/month  paper
  BOOK      12 pos gross $115.71 (0.46x)  open $+1.35  funding $-0.00  vol 27% top 20
            rebal 2026-09-30
  CONTEXT   since 29 Sep $+1.28 (+0.51%) in 1.1d  normal -1.3% to +1.8%  top 33%: normal
  RULE      C2 N2+N3  forward test (paper)
  TOURNEY   7 rules held  first score at the next rebalance, for 2026-09-30
  DATA      on time  prices 2s  funding booked  book today  shadow 11:00  carry today
            spot pot today
  SESSION   $+0.84 +0.34%  peak $251.43  dd 0.06%
  CURVE     =========================+==++==+++++++++++++++++++++
  MONTH     book guard $0.00 of $50.00 used  on marked equity  from $250.00  dial 20%
            ..........................
  RECORD    book closed 0  0W 0L  net $+0.00  fees and funding in
  FEES      no fills yet this run (the book trades at 00:05 UTC)
  ------------------------------------------------------------------------------------------------



  17:09  up 7h04m  daily book --------------------------------------------------------------------
  EQUITY    $251.19  unreal $+1.26
  OPEN      no intraday positions  book holds 12 (BOOK row)  free $228.33 after open P&L
  SHADOW    intraday M1 $251.15 (+0.49%)  M1g $250.57 (+0.25%)  2d paper only
  CARRY     $249.61 (-0.13%)  8 held  paper only
  SPOT      $250.67 (+0.27%)  14 held  20% invested  cash earns 7.63%  paper pot
  SAVINGS   idle $165.53 (66%)  at 7.63% +$0.04 so far  ~$1.05/month  paper
  BOOK      12 pos gross $115.75 (0.46x)  open $+1.26  funding $-0.00  vol 27% top 20
            rebal 2026-09-30
  CONTEXT   since 29 Sep $+1.19 (+0.48%) in 1.1d  normal -1.3% to +1.8%  top 34%: normal
  RULE      C2 N2+N3  forward test (paper)
  TOURNEY   7 rules held  first score at the next rebalance, for 2026-09-30
  DATA      on time  prices 37s  funding booked  book today  shadow 11:00  carry today
            spot pot today
  SESSION   $+0.75 +0.30%  peak $251.43  dd 0.10%
  CURVE     =========================+==++==++++++++++++++++++++++
  MONTH     book guard $0.00 of $50.00 used  on marked equity  from $250.00  dial 20%
            ..........................
  RECORD    book closed 0  0W 0L  net $+0.00  fees and funding in
  FEES      no fills yet this run (the book trades at 00:05 UTC)
  ------------------------------------------------------------------------------------------------

