
  ================================================================================================
  OMEGA C529  PAPER  Binance perps
  04 Oct 2026   00:25
  start $499.71 realised  risk dial 20%/month
  ================================================================================================

  RISK FRAME -------------------------------------------------------------------------------------
  EQUITY    $499.71 realised  740 markets
  MONTH     dial 20% = $100.00 this month
            used $0.29 realised (the guard counts MARKED equity once prices load)
  BOOK      daily trend + momentum + carry, rebalanced 00:05 UTC
            month guard on MARKED equity (open P&L counts)  intraday scanner idle
  ------------------------------------------------------------------------------------------------



  00:33  up 0h08m  daily book --------------------------------------------------------------------
  EQUITY    $501.44  unreal $+1.73
  OPEN      no intraday positions  book holds 9 (BOOK row)  free $438.74 after open P&L
  SHADOW    intraday M1 $503.56 (+0.77%)  M1g $501.62 (+0.38%)  2d paper only
  CARRY     $499.11 (-0.15%)  8 held  paper only
  SPOT      $249.79 (-0.09%)  1 held  4% invested  cash earns 6.67%  paper pot
  SAVINGS   idle $313.37 (62%)  at 6.67% +$0.15 so far  ~$1.74/month  paper
  BFUSD     wallet $501.42 at 7.66%  +$0.16 so far  ~$3.20/month  vs Savings $1.74  paper
  DELTA     $502.08 (+0.42%)  9 held  fees $0.20  funding $+0.01  paper, same plan
  XVENUE    $499.35 (-0.13%)  10 pairs  funding $+0.00  fees $0.74  paper, Delta vs Binance
  PLAN      $1,001.15 of $1,000.00 ($+1.15)  after tax on net profit $1,000.79  paper
  BOOK      9 pos gross $311.63 (0.62x)  open $+1.73  funding $-0.05  vol 27% top 20
            rebal 2026-10-03
  CONTEXT   since 01 Oct $+1.44 (+0.29%) in 2.6d  normal -1.9% to +2.9%  top 46%: normal
  RULE      C2 N2+N3 + range vol (GK)  forward test (paper)
  TOURNEY   2d from 2026-10-01  base -0.60%  N2 -0.66%  N3 -0.37%  N2+N3 -0.37%  +K4 -0.42%
            +GK* -0.30%  +K4+GK -0.38%  +GK+DD new  +GK+XA new
  DATA      on time  prices 26s  funding booked  book today  shadow 19:00  carry today
            spot pot today
  SESSION   $+0.11 +0.02%
  MONTH     book guard $0.00 of $100.00 used  on marked equity  from $500.00  dial 20%
            ..........................
  RECORD    book closed 3  2W 1L  net $-0.09  fees and funding in
  FEES      no fills yet this run (the book trades at 00:05 UTC)
  ------------------------------------------------------------------------------------------------



  00:41  up 0h16m  daily book --------------------------------------------------------------------
  EQUITY    $501.50  unreal $+1.79
  OPEN      no intraday positions  book holds 9 (BOOK row)  free $438.80 after open P&L
  SHADOW    intraday M1 $503.56 (+0.77%)  M1g $501.62 (+0.38%)  2d paper only
  CARRY     $499.11 (-0.15%)  8 held  paper only
  SPOT      $249.78 (-0.09%)  1 held  4% invested  cash earns 6.67%  paper pot
  SAVINGS   idle $313.41 (62%)  at 6.67% +$0.15 so far  ~$1.74/month  paper
  BFUSD     wallet $501.48 at 7.66%  +$0.16 so far  ~$3.20/month  vs Savings $1.74  paper
  DELTA     $502.13 (+0.43%)  9 held  fees $0.20  funding $+0.01  paper, same plan
  XVENUE    $499.35 (-0.13%)  10 pairs  funding $+0.00  fees $0.74  paper, Delta vs Binance
  PLAN      $1,002.60 of $1,000.00 ($+2.60)  after tax on net profit $1,001.79  paper
  BOOK      9 pos gross $311.67 (0.62x)  open $+1.79  funding $-0.05  vol 27% top 20
            rebal 2026-10-03
  CONTEXT   since 01 Oct $+1.50 (+0.30%) in 2.6d  normal -1.9% to +2.9%  top 46%: normal
  RULE      C2 N2+N3 + range vol (GK)  forward test (paper)
  TOURNEY   2d from 2026-10-01  base -0.60%  N2 -0.66%  N3 -0.37%  N2+N3 -0.37%  +K4 -0.42%
            +GK* -0.30%  +K4+GK -0.38%  +GK+DD new  +GK+XA new
  DATA      on time  prices 19s  funding booked  book today  shadow 19:00  carry today
            spot pot today
  SESSION   $+0.17 +0.03%
  MONTH     book guard $0.00 of $100.00 used  on marked equity  from $500.00  dial 20%
            ..........................
  RECORD    book closed 3  2W 1L  net $-0.09  fees and funding in
  FEES      no fills yet this run (the book trades at 00:05 UTC)
  ------------------------------------------------------------------------------------------------



  00:49  up 0h24m  daily book --------------------------------------------------------------------
  EQUITY    $501.70  unreal $+1.99
  OPEN      no intraday positions  book holds 9 (BOOK row)  free $439.00 after open P&L
  SHADOW    intraday M1 $503.56 (+0.77%)  M1g $501.62 (+0.38%)  2d paper only
  CARRY     $499.11 (-0.15%)  8 held  paper only
  SPOT      $249.78 (-0.09%)  1 held  4% invested  cash earns 6.67%  paper pot
  SAVINGS   idle $313.63 (62%)  at 6.67% +$0.15 so far  ~$1.74/month  paper
  BFUSD     wallet $501.77 at 7.66%  +$0.16 so far  ~$3.20/month  vs Savings $1.74  paper
  DELTA     $502.37 (+0.47%)  9 held  fees $0.20  funding $+0.01  paper, same plan
  XVENUE    $499.35 (-0.13%)  10 pairs  funding $+0.00  fees $0.74  paper, Delta vs Binance
  PLAN      $1,001.52 of $1,000.00 ($+1.52)  after tax on net profit $1,001.05  paper
  BOOK      9 pos gross $311.73 (0.62x)  open $+1.99  funding $-0.05  vol 27% top 20
            rebal 2026-10-03
  CONTEXT   since 01 Oct $+1.70 (+0.34%) in 2.6d  normal -1.9% to +2.9%  top 45%: normal
  RULE      C2 N2+N3 + range vol (GK)  forward test (paper)
  TOURNEY   2d from 2026-10-01  base -0.60%  N2 -0.66%  N3 -0.37%  N2+N3 -0.37%  +K4 -0.42%
            +GK* -0.30%  +K4+GK -0.38%  +GK+DD new  +GK+XA new
  DATA      on time  prices 11s  funding booked  book today  shadow 19:00  carry today
            spot pot today
  SESSION   $+0.37 +0.07%
  MONTH     book guard $0.00 of $100.00 used  on marked equity  from $500.00  dial 20%
            ..........................
  RECORD    book closed 3  2W 1L  net $-0.09  fees and funding in
  FEES      no fills yet this run (the book trades at 00:05 UTC)
  ------------------------------------------------------------------------------------------------



  00:57  up 0h32m  daily book --------------------------------------------------------------------
  EQUITY    $501.61  unreal $+1.90
  OPEN      no intraday positions  book holds 9 (BOOK row)  free $438.91 after open P&L
  SHADOW    intraday M1 $503.56 (+0.77%)  M1g $501.62 (+0.38%)  2d paper only
  CARRY     $499.11 (-0.15%)  8 held  paper only
  SPOT      $249.78 (-0.09%)  1 held  4% invested  cash earns 6.67%  paper pot
  SAVINGS   idle $313.51 (62%)  at 6.67% +$0.15 so far  ~$1.74/month  paper
  BFUSD     wallet $501.62 at 7.66%  +$0.16 so far  ~$3.20/month  vs Savings $1.74  paper
  DELTA     $502.35 (+0.47%)  9 held  fees $0.20  funding $+0.01  paper, same plan
  XVENUE    $499.35 (-0.13%)  10 pairs  funding $+0.00  fees $0.74  paper, Delta vs Binance
  PLAN      $1,003.01 of $1,000.00 ($+3.01)  after tax on net profit $1,002.07  paper
  BOOK      9 pos gross $311.88 (0.62x)  open $+1.90  funding $-0.05  vol 27% top 20
            rebal 2026-10-03
  CONTEXT   since 01 Oct $+1.61 (+0.32%) in 2.6d  normal -1.9% to +2.9%  top 46%: normal
  RULE      C2 N2+N3 + range vol (GK)  forward test (paper)
  TOURNEY   2d from 2026-10-01  base -0.60%  N2 -0.66%  N3 -0.37%  N2+N3 -0.37%  +K4 -0.42%
            +GK* -0.30%  +K4+GK -0.38%  +GK+DD new  +GK+XA new
  DATA      on time  prices 4s  funding booked  book today  shadow 19:00  carry today
            spot pot today
  SESSION   $+0.28 +0.06%  peak $501.70  dd 0.02%
  MONTH     book guard $0.00 of $100.00 used  on marked equity  from $500.00  dial 20%
            ..........................
  RECORD    book closed 3  2W 1L  net $-0.09  fees and funding in
  FEES      no fills yet this run (the book trades at 00:05 UTC)
  ------------------------------------------------------------------------------------------------



  01:05  up 0h40m  daily book --------------------------------------------------------------------
  EQUITY    $501.35  unreal $+1.64
  OPEN      no intraday positions  book holds 9 (BOOK row)  free $438.65 after open P&L
  SHADOW    intraday M1 $503.56 (+0.77%)  M1g $501.62 (+0.38%)  2d paper only
  CARRY     $499.11 (-0.15%)  8 held  paper only
  SPOT      $249.77 (-0.09%)  1 held  4% invested  cash earns 6.67%  paper pot
  SAVINGS   idle $313.31 (62%)  at 6.67% +$0.15 so far  ~$1.74/month  paper
  BFUSD     wallet $501.35 at 7.66%  +$0.16 so far  ~$3.20/month  vs Savings $1.74  paper
  DELTA     $502.17 (+0.43%)  9 held  fees $0.20  funding $+0.01  paper, same plan
  XVENUE    $499.35 (-0.13%)  10 pairs  funding $+0.00  fees $0.74  paper, Delta vs Binance
  PLAN      $1,002.96 of $1,000.00 ($+2.96)  after tax on net profit $1,002.04  paper
  BOOK      9 pos gross $311.63 (0.62x)  open $+1.64  funding $-0.05  vol 27% top 20
            rebal 2026-10-03
  CONTEXT   since 01 Oct $+1.35 (+0.27%) in 2.7d  normal -1.9% to +2.9%  top 47%: normal
  RULE      C2 N2+N3 + range vol (GK)  forward test (paper)
  TOURNEY   2d from 2026-10-01  base -0.60%  N2 -0.66%  N3 -0.37%  N2+N3 -0.37%  +K4 -0.42%
            +GK* -0.30%  +K4+GK -0.38%  +GK+DD new  +GK+XA new
  DATA      on time  prices 36s  funding booked  book today  shadow 19:00  carry today
            spot pot today
  SESSION   $+0.02 +0.00%  peak $501.70  dd 0.07%
  CURVE     ===++=
  MONTH     book guard $0.00 of $100.00 used  on marked equity  from $500.00  dial 20%
            ..........................
  RECORD    book closed 3  2W 1L  net $-0.09  fees and funding in
  FEES      no fills yet this run (the book trades at 00:05 UTC)
  ------------------------------------------------------------------------------------------------



  01:13  up 0h48m  daily book --------------------------------------------------------------------
  EQUITY    $501.34  unreal $+1.63
  OPEN      no intraday positions  book holds 9 (BOOK row)  free $438.64 after open P&L
  SHADOW    intraday M1 $503.56 (+0.77%)  M1g $501.62 (+0.38%)  2d paper only
  CARRY     $499.11 (-0.15%)  8 held  paper only
  SPOT      $249.77 (-0.09%)  1 held  4% invested  cash earns 6.67%  paper pot
  SAVINGS   idle $313.30 (62%)  at 6.67% +$0.15 so far  ~$1.74/month  paper
  BFUSD     wallet $501.34 at 7.66%  +$0.16 so far  ~$3.20/month  vs Savings $1.74  paper
  DELTA     $502.01 (+0.40%)  9 held  fees $0.20  funding $+0.01  paper, same plan
  XVENUE    $499.35 (-0.13%)  10 pairs  funding $+0.00  fees $0.74  paper, Delta vs Binance
  PLAN      $1,003.11 of $1,000.00 ($+3.11)  after tax on net profit $1,002.14  paper
  BOOK      9 pos gross $311.73 (0.62x)  open $+1.63  funding $-0.05  vol 27% top 20
            rebal 2026-10-03
  CONTEXT   since 01 Oct $+1.34 (+0.27%) in 2.7d  normal -1.9% to +2.9%  top 47%: normal
  RULE      C2 N2+N3 + range vol (GK)  forward test (paper)
  TOURNEY   2d from 2026-10-01  base -0.60%  N2 -0.66%  N3 -0.37%  N2+N3 -0.37%  +K4 -0.42%
            +GK* -0.30%  +K4+GK -0.38%  +GK+DD new  +GK+XA new
  DATA      on time  prices 29s  funding booked  book today  shadow 19:00  carry today
            spot pot today
  SESSION   $+0.01 +0.00%  peak $501.70  dd 0.07%
  CURVE     ===++==
  MONTH     book guard $0.00 of $100.00 used  on marked equity  from $500.00  dial 20%
            ..........................
  RECORD    book closed 3  2W 1L  net $-0.09  fees and funding in
  FEES      no fills yet this run (the book trades at 00:05 UTC)
  ------------------------------------------------------------------------------------------------

