
  ================================================================================================
  OMEGA C513  PAPER  Bitget perps
  30 Sep 2026   18:16
  start $249.93 realised  risk dial 20%/month
  ================================================================================================

  RISK FRAME -------------------------------------------------------------------------------------
  EQUITY    $249.93 realised  812 markets
  MONTH     dial 20% = $50.00 this month  used $0.07 realised
  BOOK      daily trend + momentum + carry, rebalanced 00:05 UTC
            month guard on MARKED equity (open P&L counts)  intraday scanner idle
  ------------------------------------------------------------------------------------------------



  18:24  up 0h08m  daily book --------------------------------------------------------------------
  EQUITY    $251.69  unreal $+1.76
  OPEN      no intraday positions  book holds 12 (BOOK row)  free $228.83 after open P&L
  SHADOW    intraday M1 $251.23 (+0.52%)  M1g $250.57 (+0.25%)  2d paper only
  CARRY     $249.61 (-0.13%)  8 held  paper only
  SPOT      $251.75 (+0.70%)  14 held  20% invested  cash earns 7.63%  paper pot
  SAVINGS   idle $165.96 (66%)  at 7.63% +$0.04 so far  ~$1.06/month  paper
  BOOK      12 pos gross $118.05 (0.47x)  open $+1.76  funding $-0.00  vol 27% top 20
            rebal 2026-09-30
  CONTEXT   since 29 Sep $+1.69 (+0.68%) in 1.2d  normal -1.3% to +1.9%  top 27%: normal
  RULE      C2 N2+N3  forward test (paper)
  TOURNEY   7 rules held  first score at the next rebalance, for 2026-09-30
  DATA      on time  prices 30s  funding booked  book today  shadow 12:00  carry today
            spot pot today
  SESSION   $+0.00 +0.00%
  MONTH     book guard $0.00 of $50.00 used  on marked equity  from $250.00  dial 20%
            ..........................
  RECORD    book closed 0  0W 0L  net $+0.00  fees and funding in
  FEES      no fills yet this run (the book trades at 00:05 UTC)
  ------------------------------------------------------------------------------------------------



  18:32  up 0h16m  daily book --------------------------------------------------------------------
  EQUITY    $251.50  unreal $+1.57
  OPEN      no intraday positions  book holds 12 (BOOK row)  free $228.64 after open P&L
  SHADOW    intraday M1 $251.46 (+0.61%)  M1g $250.57 (+0.25%)  2d paper only
  CARRY     $249.61 (-0.13%)  8 held  paper only
  SPOT      $251.65 (+0.66%)  14 held  20% invested  cash earns 7.63%  paper pot
  SAVINGS   idle $165.76 (66%)  at 7.63% +$0.04 so far  ~$1.05/month  paper
  BOOK      12 pos gross $117.71 (0.47x)  open $+1.57  funding $-0.00  vol 27% top 20
            rebal 2026-09-30
  CONTEXT   since 29 Sep $+1.50 (+0.60%) in 1.2d  normal -1.3% to +1.9%  top 30%: normal
  RULE      C2 N2+N3  forward test (paper)
  TOURNEY   7 rules held  first score at the next rebalance, for 2026-09-30
  DATA      on time  prices 49s  funding booked  book today  shadow 13:00  carry today
            spot pot today
  SESSION   $-0.19 -0.08%  peak $251.69  dd 0.08%
  MONTH     book guard $0.00 of $50.00 used  on marked equity  from $250.00  dial 20%
            ..........................
  RECORD    book closed 0  0W 0L  net $+0.00  fees and funding in
  FEES      no fills yet this run (the book trades at 00:05 UTC)
  ------------------------------------------------------------------------------------------------



  18:40  up 0h24m  daily book --------------------------------------------------------------------
  EQUITY    $252.04  unreal $+2.11
  OPEN      no intraday positions  book holds 12 (BOOK row)  free $229.18 after open P&L
  SHADOW    intraday M1 $251.46 (+0.61%)  M1g $250.57 (+0.25%)  2d paper only
  CARRY     $249.61 (-0.13%)  8 held  paper only
  SPOT      $252.11 (+0.84%)  14 held  21% invested  cash earns 7.63%  paper pot
  SAVINGS   idle $166.18 (66%)  at 7.63% +$0.04 so far  ~$1.06/month  paper
  BOOK      12 pos gross $118.45 (0.47x)  open $+2.11  funding $-0.00  vol 27% top 20
            rebal 2026-09-30
  CONTEXT   since 29 Sep $+2.04 (+0.82%) in 1.2d  normal -1.3% to +1.9%  top 24%: normal
  RULE      C2 N2+N3  forward test (paper)
  TOURNEY   7 rules held  first score at the next rebalance, for 2026-09-30
  DATA      on time  prices 34s  funding booked  book today  shadow 13:00  carry today
            spot pot today
  SESSION   $+0.35 +0.14%
  MONTH     book guard $0.00 of $50.00 used  on marked equity  from $250.00  dial 20%
            ..........................
  RECORD    book closed 0  0W 0L  net $+0.00  fees and funding in
  FEES      no fills yet this run (the book trades at 00:05 UTC)
  ------------------------------------------------------------------------------------------------



  18:48  up 0h32m  daily book --------------------------------------------------------------------
  EQUITY    $252.33  unreal $+2.40
  OPEN      no intraday positions  book holds 12 (BOOK row)  free $229.47 after open P&L
  SHADOW    intraday M1 $251.46 (+0.61%)  M1g $250.57 (+0.25%)  2d paper only
  CARRY     $249.61 (-0.13%)  8 held  paper only
  SPOT      $251.94 (+0.77%)  14 held  20% invested  cash earns 7.63%  paper pot
  SAVINGS   idle $166.37 (66%)  at 7.63% +$0.04 so far  ~$1.06/month  paper
  BOOK      12 pos gross $118.64 (0.47x)  open $+2.40  funding $-0.00  vol 27% top 20
            rebal 2026-09-30
  CONTEXT   since 29 Sep $+2.33 (+0.93%) in 1.2d  normal -1.4% to +1.9%  top 22%: normal
  RULE      C2 N2+N3  forward test (paper)
  TOURNEY   7 rules held  first score at the next rebalance, for 2026-09-30
  DATA      on time  prices 26s  funding booked  book today  shadow 13:00  carry today
            spot pot today
  SESSION   $+0.64 +0.25%
  MONTH     book guard $0.00 of $50.00 used  on marked equity  from $250.00  dial 20%
            ..........................
  RECORD    book closed 0  0W 0L  net $+0.00  fees and funding in
  FEES      no fills yet this run (the book trades at 00:05 UTC)
  ------------------------------------------------------------------------------------------------



  18:56  up 0h40m  daily book --------------------------------------------------------------------
  EQUITY    $252.39  unreal $+2.46
  OPEN      no intraday positions  book holds 12 (BOOK row)  free $229.53 after open P&L
  SHADOW    intraday M1 $251.46 (+0.61%)  M1g $250.57 (+0.25%)  2d paper only
  CARRY     $249.61 (-0.13%)  8 held  paper only
  SPOT      $251.98 (+0.79%)  14 held  20% invested  cash earns 7.63%  paper pot
  SAVINGS   idle $166.43 (66%)  at 7.63% +$0.04 so far  ~$1.06/month  paper
  BOOK      12 pos gross $118.91 (0.47x)  open $+2.46  funding $-0.00  vol 27% top 20
            rebal 2026-09-30
  CONTEXT   since 29 Sep $+2.39 (+0.96%) in 1.2d  normal -1.4% to +1.9%  top 22%: normal
  RULE      C2 N2+N3  forward test (paper)
  TOURNEY   7 rules held  first score at the next rebalance, for 2026-09-30
  DATA      on time  prices 20s  funding booked  book today  shadow 13:00  carry today
            spot pot today
  SESSION   $+0.70 +0.28%
  CURVE     ===+++
  MONTH     book guard $0.00 of $50.00 used  on marked equity  from $250.00  dial 20%
            ..........................
  RECORD    book closed 0  0W 0L  net $+0.00  fees and funding in
  FEES      no fills yet this run (the book trades at 00:05 UTC)
  ------------------------------------------------------------------------------------------------



  19:04  up 0h48m  daily book --------------------------------------------------------------------
  EQUITY    $252.47  unreal $+2.54
  OPEN      no intraday positions  book holds 12 (BOOK row)  free $229.61 after open P&L
  SHADOW    intraday M1 $251.46 (+0.61%)  M1g $250.57 (+0.25%)  2d paper only
  CARRY     $249.61 (-0.13%)  8 held  paper only
  SPOT      $251.90 (+0.76%)  14 held  20% invested  cash earns 7.63%  paper pot
  SAVINGS   idle $166.51 (66%)  at 7.63% +$0.04 so far  ~$1.06/month  paper
  BOOK      12 pos gross $118.72 (0.47x)  open $+2.54  funding $-0.00  vol 27% top 20
            rebal 2026-09-30
  CONTEXT   since 29 Sep $+2.47 (+0.99%) in 1.2d  normal -1.4% to +1.9%  top 22%: normal
  RULE      C2 N2+N3  forward test (paper)
  TOURNEY   7 rules held  first score at the next rebalance, for 2026-09-30
  DATA      on time  prices 13s  funding booked  book today  shadow 13:00  carry today
            spot pot today
  SESSION   $+0.78 +0.31%
  CURVE     ===++++
  MONTH     book guard $0.00 of $50.00 used  on marked equity  from $250.00  dial 20%
            ..........................
  RECORD    book closed 0  0W 0L  net $+0.00  fees and funding in
  FEES      no fills yet this run (the book trades at 00:05 UTC)
  ------------------------------------------------------------------------------------------------



  19:12  up 0h56m  daily book --------------------------------------------------------------------
  EQUITY    $252.19  unreal $+2.26
  OPEN      no intraday positions  book holds 12 (BOOK row)  free $229.33 after open P&L
  SHADOW    intraday M1 $251.46 (+0.61%)  M1g $250.57 (+0.25%)  2d paper only
  CARRY     $249.61 (-0.13%)  8 held  paper only
  SPOT      $251.19 (+0.47%)  14 held  20% invested  cash earns 7.63%  paper pot
  SAVINGS   idle $166.18 (66%)  at 7.63% +$0.04 so far  ~$1.06/month  paper
  BOOK      12 pos gross $117.06 (0.46x)  open $+2.26  funding $-0.00  vol 27% top 20
            rebal 2026-09-30
  CONTEXT   since 29 Sep $+2.19 (+0.88%) in 1.2d  normal -1.4% to +1.9%  top 23%: normal
  RULE      C2 N2+N3  forward test (paper)
  TOURNEY   7 rules held  first score at the next rebalance, for 2026-09-30
  DATA      on time  prices 6s  funding booked  book today  shadow 13:00  carry today
            spot pot today
  SESSION   $+0.50 +0.20%  peak $252.47  dd 0.11%
  CURVE     ===+++++
  MONTH     book guard $0.00 of $50.00 used  on marked equity  from $250.00  dial 20%
            ..........................
  RECORD    book closed 0  0W 0L  net $+0.00  fees and funding in
  FEES      no fills yet this run (the book trades at 00:05 UTC)
  ------------------------------------------------------------------------------------------------

