
  ================================================================================================
  OMEGA C497  PAPER  Bitget perps
  26 Sep 2026   22:41
  start $252.22  risk dial 15%/month
  ================================================================================================

  RISK FRAME -------------------------------------------------------------------------------------
  EQUITY    $252.22  805 markets
  MONTH     dial 15% = $37.92 this month  used $0.59 realised
  BOOK      daily trend + momentum + carry, rebalanced 00:05 UTC
            month guard on MARKED equity (open P&L counts)  intraday scanner idle
  ------------------------------------------------------------------------------------------------



  22:49  up 0h08m  scan 0 ------------------------------------------------------------------------
  EQUITY    $248.04  unreal $-4.18
  OPEN      no intraday positions  book holds 8 (BOOK row)  free $233.88
  SHADOW    intraday M1 $254.04 (+0.71%)  M1g $252.26 (+0.00%)  2d paper only
  CARRY     $251.86 (-0.16%)  8 held  paper only
  BOOK      8 pos gross $95.57 (0.39x)  open $-4.18  funding $+0.01  vol 20% top 20
            rebal 2026-09-26
  SESSION   $-4.18 -1.66%  peak $252.22  dd 1.66%
  MONTH     book guard $4.77 of $37.92 used  on marked equity  from $252.81  dial 15%
            ###.......................
  RECORD    no closed trades yet this run
  LIFETIME  139tr 44W 95L 32%  $+2.22
  FEES      no fills yet this run
  MARKET    bias +0.00  breadth +0.00
  ------------------------------------------------------------------------------------------------



  22:57  up 0h16m  scan 0 ------------------------------------------------------------------------
  EQUITY    $247.79  unreal $-4.43
  OPEN      no intraday positions  book holds 8 (BOOK row)  free $233.88
  SHADOW    intraday M1 $254.04 (+0.71%)  M1g $252.26 (+0.00%)  2d paper only
  CARRY     $251.86 (-0.16%)  8 held  paper only
  BOOK      8 pos gross $96.03 (0.39x)  open $-4.43  funding $+0.01  vol 20% top 20
            rebal 2026-09-26
  SESSION   $-4.43 -1.76%  peak $252.22  dd 1.76%
  MONTH     book guard $5.02 of $37.92 used  on marked equity  from $252.81  dial 15%
            ###.......................
  RECORD    no closed trades yet this run
  LIFETIME  139tr 44W 95L 32%  $+2.22
  FEES      no fills yet this run
  MARKET    bias +0.00  breadth +0.00
  ------------------------------------------------------------------------------------------------



  23:05  up 0h24m  scan 0 ------------------------------------------------------------------------
  EQUITY    $247.65  unreal $-4.57
  OPEN      no intraday positions  book holds 8 (BOOK row)  free $233.88
  SHADOW    intraday M1 $254.04 (+0.71%)  M1g $252.26 (+0.00%)  2d paper only
  CARRY     $251.86 (-0.16%)  8 held  paper only
  BOOK      8 pos gross $95.97 (0.39x)  open $-4.57  funding $+0.01  vol 20% top 20
            rebal 2026-09-26
  SESSION   $-4.57 -1.81%  peak $252.22  dd 1.81%
  MONTH     book guard $5.16 of $37.92 used  on marked equity  from $252.81  dial 15%
            ####......................
  RECORD    no closed trades yet this run
  LIFETIME  139tr 44W 95L 32%  $+2.22
  FEES      no fills yet this run
  MARKET    bias +0.00  breadth +0.00
  ------------------------------------------------------------------------------------------------



  23:13  up 0h32m  scan 0 ------------------------------------------------------------------------
  EQUITY    $247.61  unreal $-4.61
  OPEN      no intraday positions  book holds 8 (BOOK row)  free $233.88
  SHADOW    intraday M1 $254.04 (+0.71%)  M1g $252.26 (+0.00%)  2d paper only
  CARRY     $251.86 (-0.16%)  8 held  paper only
  BOOK      8 pos gross $95.97 (0.39x)  open $-4.61  funding $+0.01  vol 20% top 20
            rebal 2026-09-26
  SESSION   $-4.61 -1.83%  peak $252.22  dd 1.83%
  MONTH     book guard $5.20 of $37.92 used  on marked equity  from $252.81  dial 15%
            ####......................
  RECORD    no closed trades yet this run
  LIFETIME  139tr 44W 95L 32%  $+2.22
  FEES      no fills yet this run
  MARKET    bias +0.00  breadth +0.00
  ------------------------------------------------------------------------------------------------

