19:14:17 | 📊 Paper Mode
19:14:17 | ✅ Connected | 741 futures markets (Binance USDⓈ-M)
 
  ================================================================================================
  OMEGA C542  PAPER  Binance perps
  08 Oct 2026   19:14
  start $502.37 realised  risk dial 20%/month
  ================================================================================================
 
  RISK FRAME -------------------------------------------------------------------------------------
  EQUITY    $502.37 realised  741 markets
  MONTH     dial 20% = $100.00 this month
            used $0.00 realised (the guard counts MARKED equity once prices load)
  BOOK      daily trend + momentum + carry, rebalanced 00:05 UTC
            month guard on MARKED equity (open P&L counts)  intraday scanner idle
  ------------------------------------------------------------------------------------------------
 
19:14:17 | 🌐 Remote control on http://0.0.0.0:8138 — TOKEN REQUIRED
19:14:17 |    📱 Local network: http://10.0.0.160:8138/?t=<your token> (this machine's own address)
19:14:17 |    🌍 Internet: put a Cloudflare Tunnel in front of this port.
19:14:17 |        See deploy/DEPLOY.md — one command, no open ports, free.
19:14:17 | 📊 C503 WHAT IS RUNNING -- the portfolio book trades the Binance paper account (an
    experiment, not your plan):
19:14:17 |    RULE   C2 N2+N3 + range vol (GK): C2 = residual momentum, no crowded shorts (N2+N3) --
    a FORWARD TEST in paper (C510); the admitted rule is scored beside it in the rule tournament
19:14:17 |    BOOK   trend (C1) + momentum (C2) + carry (C3), equal risk; vol target 27% from the
    20% dial; gross <= 3x equity; top 20 crypto; $6 minimum; 30% band
19:14:17 |           rebalanced daily 00:05 UTC with market orders (paper fills at the ask/bid,
    taker 0.05%); 5x cross margin; funding at each coin's own interval; its one limit is the month
    guard on MARKED equity
19:14:17 |    PAPER  never touches the account: intraday shadow (C489) hourly · carry (C490) 00:10
    UTC · spot pot (C501/C502) $250, spot minimum $5, 00:20 UTC · idle cash -> Savings at Binance's
    own rate (read every 6 h; 6.69% until the first read) every minute · rule tournament (C510, 9
    rules on the same prices) at each rebalance · BFUSD wallet at 7.66% (C521) · the same book on
    Delta Exchange India, $500 (C521), an experiment · Delta vs CoinDCX funding spread, both legs,
    $1000 (C532/C542: both in rupees; CoinDCX's rates are Binance's)
19:14:17 |    IDLE   the intraday scanner, the OLD strategy (139 trades, 44W/95L before the 29 Sep
    2026 fresh start; it lost after fees): it opens nothing, and its boot description is not printed
    (OMEGA_ENGINE=intraday runs and describes it)
19:14:18 | 💡 Stop safely: sudo systemctl stop omega (Ctrl+C only when run by hand)
19:14:23 | ⚠️ C540 real account Pi42 (read-only) not read: Pi42's firewall answered instead of its
    API (HTTP 403): this network may be blocked -- check from the server: curl -sI
    https://fapi.pi42.com
