
  ================================================================================================
  OMEGA C489  PAPER  Bitget perps
  25 Sep 2026   17:46
  start $253.13  risk dial 15%/month
  ================================================================================================

  RISK FRAME -------------------------------------------------------------------------------------
  EQUITY    $253.13  805 markets
  MONTH     dial 15% = $37.92 this month  used $0.00
  DAY       limit $9.44  25% of what the month has left, fixed at midnight
  RISK      0.341% = $0.86/trade  trades/day NO CAP
  EDGE      +0.0496 blended  44W 94L realised
  NEED      35% win at 1.87 payoff
  ------------------------------------------------------------------------------------------------

  << 17:49  CLOSE  FET LONG @0.236300  -1.62% $-0.79  LOSS
       held 13m  C377_RISK_STOP: -1.62% =  round trip from +1.12%  -0.77R  TAKER


  17:54  up 0h08m  scan 0 ------------------------------------------------------------------------
  EQUITY    $252.45  unreal $+0.19
  OPEN      flat  free $228.54
  SHADOW    intraday M1 +0.00%  M1g +0.00%  1d paper only
  BOOK      9 pos gross $119.35 (0.47x)  open $+0.19  funding $+0.00  vol 20% top 20
            rebal 2026-09-25
  SESSION   $-0.68 -0.27%  peak $253.13  dd 0.27%
  DAY       real $-0.37  limit $9.44 (3.74%)  4% used
            #.........................
  MONTH     dial 15%  used $0.54 of $37.92  from $252.81
  RECORD    1 closed  0W 1L  win 0%  avg $-0.79/tr
  LIFETIME  139tr 44W 95L 32%  $+2.26
  FEES      $0.03  mk0/tk1  0.011% of eq
  MARKET    MIXED  bias +0.00  breadth +0.00  taker flow -0.21
  TAPE      -
  ------------------------------------------------------------------------------------------------



  18:02  up 0h16m  scan 0 ------------------------------------------------------------------------
  EQUITY    $252.61  unreal $+0.35
  OPEN      flat  free $228.54
  SHADOW    intraday M1 +0.00%  M1g +0.00%  1d paper only
  BOOK      9 pos gross $119.77 (0.47x)  open $+0.35  funding $+0.00  vol 20% top 20
            rebal 2026-09-25
  SESSION   $-0.52 -0.20%  peak $253.13  dd 0.20%
  DAY       real $-0.37  limit $9.44 (3.74%)  4% used
            #.........................
  MONTH     dial 15%  used $0.54 of $37.92  from $252.81
  RECORD    1 closed  0W 1L  win 0%  avg $-0.79/tr
  LIFETIME  139tr 44W 95L 32%  $+2.26
  FEES      $0.03  mk0/tk1  0.011% of eq
  MARKET    MIXED  bias +0.00  breadth +0.00  taker flow -0.21
  TAPE      -
  ------------------------------------------------------------------------------------------------



  18:10  up 0h24m  scan 0 ------------------------------------------------------------------------
  EQUITY    $252.62  unreal $+0.36
  OPEN      flat  free $228.54
  SHADOW    intraday M1 +0.00%  M1g +0.00%  1d paper only
  BOOK      9 pos gross $120.50 (0.48x)  open $+0.36  funding $+0.00  vol 20% top 20
            rebal 2026-09-25
  SESSION   $-0.51 -0.20%  peak $253.13  dd 0.20%
  DAY       real $-0.37  limit $9.44 (3.74%)  4% used
            #.........................
  MONTH     dial 15%  used $0.54 of $37.92  from $252.81
  RECORD    1 closed  0W 1L  win 0%  avg $-0.79/tr
  LIFETIME  139tr 44W 95L 32%  $+2.26
  FEES      $0.03  mk0/tk1  0.011% of eq
  MARKET    MIXED  bias +0.00  breadth +0.00  taker flow -0.21
  TAPE      -
  ------------------------------------------------------------------------------------------------

