11:16:32 | 📊 Paper Mode
11:16:32 | ✅ Connected | 739 futures markets (Binance USDⓈ-M)
11:16:32 | 📊 Binance Fees: Maker 0.02% | Taker 0.05%
11:16:32 | 📊 Market type: PERPETUAL FUTURES (swap) — verified
11:16:32 | 📋 Limit Orders: ENABLED (offset 0.1%) -- the idle intraday scanner's; the book trades with market orders
11:16:32 | 📂 Loaded state: $499.83 realised | 0 intraday positions | available $433.22 before open P&L (locked $66.62)
11:16:32 | 📐 RISK @ $499.83: monthly dial 20% = $100.00/month (20% of this month's anchor $500.00)  |  the portfolio book trades: its month guard closes the book if MARKED equity falls that far below the month's anchor [C497]
 
  ================================================================================================
  OMEGA C520  PAPER  Binance perps
  01 Oct 2026   11:16
  start $499.83 realised  risk dial 20%/month
  ================================================================================================
 
  RISK FRAME -------------------------------------------------------------------------------------
  EQUITY    $499.83 realised  739 markets
  MONTH     dial 20% = $100.00 this month  used $0.17 realised
  BOOK      daily trend + momentum + carry, rebalanced 00:05 UTC
            month guard on MARKED equity (open P&L counts)  intraday scanner idle
  ------------------------------------------------------------------------------------------------
 
11:16:32 |    (legacy Flask page not installed — the dashboard is the control panel)
11:16:32 | 🌐 Remote control on http://0.0.0.0:8138 — TOKEN REQUIRED
11:16:32 |    📱 Local network: http://10.0.0.160:8138/?t=<your token> (this machine's own address)
11:16:32 |    🌍 Internet: put a Cloudflare Tunnel in front of this port.
11:16:32 |        See deploy/DEPLOY.md — one command, no open ports, free.
11:16:32 | ============================================================
11:16:32 | 🤖 OMEGA V60 — INFORMATION ENGINE (C466)
11:16:32 | 📊 C503 WHAT IS RUNNING -- the portfolio book trades:
11:16:32 |    RULE   C2 N2+N3: C2 = residual momentum, no crowded shorts (N2+N3) -- a FORWARD TEST in paper (C510); the admitted rule is scored beside it in the rule tournament
11:16:32 |    BOOK   trend (C1) + momentum (C2) + carry (C3), equal risk; vol target 27% from the 20% dial; gross <= 3x equity; top 20 crypto; $6 minimum; 30% band
11:16:32 |           rebalanced daily 00:05 UTC with market orders (paper fills at the ask/bid, taker 0.05%); 5x cross margin; funding at each coin's own interval; its one limit is the month guard on MARKED equity
11:16:32 |    PAPER  never touches the account: intraday shadow (C489) hourly · carry (C490) 00:10 UTC · spot pot (C501/C502) $250, spot minimum $5, 00:20 UTC · idle cash -> Savings at 6.69% every minute · rule tournament (C510, 7 rules on the same prices) at each rebalance
11:16:32 |    IDLE   the intraday scanner, the OLD strategy (139 trades, 44W/95L before the 29 Sep 2026 fresh start; it lost after fees): it opens nothing, and its boot description is not printed (OMEGA_ENGINE=intraday runs and describes it)
11:16:33 | 💡 Stop safely: sudo systemctl stop omega (Ctrl+C only when run by hand)
11:16:33 | ============================================================
11:16:33 | 🔄 Monitoring thread started — SPLIT LOOP [C397]: FAST leg every 0.8s (prices in PARALLEL → hard stop, trailing floor, peak floor, capture floor); SLOW leg every 20s (OHLCV/DRI) and 90s (BTC/ETH regime, AFTER positions are checked, never before) -- it watches INTRADAY positions; the book has no stops, its one limit is the month guard
11:16:34 | 💼 C488: portfolio engine ON -- the intraday scanner opens no new positions (OMEGA_ENGINE=intraday restores it); the book holds 12 positions
 
  11:24  up 0h08m  daily book --------------------------------------------------------------------
  EQUITY    $500.72  unreal $+0.89
  OPEN      no intraday positions  book holds 12 (BOOK row)  free $434.10 after open P&L
  SHADOW    intraday M1 $499.23 (-0.12%)  M1g $499.83 (+0.00%)  1d paper only
  CARRY     $499.07 (-0.15%)  8 held  paper only
  SPOT      $250.19 (+0.08%)  3 held  10% invested  cash earns 6.69%  paper pot
  SAVINGS   idle $308.88 (62%)  at 6.69% +$0.01 so far  ~$1.72/month  paper
  BOOK      12 pos gross $335.22 (0.67x)  open $+0.89  funding $+0.00  vol 27% top 20
            rebal 2026-10-01
  CONTEXT   since 01 Oct +0.14%  under a day: too early to judge
  RULE      C2 N2+N3  forward test (paper)
  TOURNEY   7 rules held  first score at the next rebalance, for 2026-10-01
  DATA      on time  prices 34s  funding booked  book today  shadow 05:00  carry today
            spot pot today
  SESSION   $+0.10 +0.02%
  MONTH     book guard $0.00 of $100.00 used  on marked equity  from $500.00  dial 20%
            ..........................
  RECORD    book closed 0  0W 0L  net $+0.00  fees and funding in
  FEES      no fills yet this run (the book trades at 00:05 UTC)
  ------------------------------------------------------------------------------------------------
 
11:24:32 | 
11:24:32 | ============================================================
11:24:32 | 📊 POSITION SUMMARY (8-MIN UPDATE)
11:24:32 | 💰 Equity: $499.83 | Unrealized: $+0.89
11:24:32 | 💵 Available: $434.10 after open P&L | Locked: $66.62
11:24:32 | 📈 Session: $+0.10 (+0.0%)
11:24:32 | 🎯 C510 Book (what trades): 12 positions, gross 0.67x, open $+0.89 | rule C2 N2+N3 | closed 0: 0W/0L $+0.00
11:24:32 | ============================================================
11:24:32 | ============================================================
11:24:32 | 🔻 Book guard: $0.00 of $100.00 used this month on marked equity (0%, from $500.00) · realised today -0.03% [C497]
11:24:32 | ============================================================
11:24:32 | 
11:32:21 |    👻 C489 shadow hour 06:00 UTC: 39 coins scored (full (16 features)), gate shut | M1 $497.50 (-0.47%) M1g $499.83 (+0.00%) over 1d [5s]
 
  11:32  up 0h16m  daily book --------------------------------------------------------------------
  EQUITY    $500.74  unreal $+0.91
  OPEN      no intraday positions  book holds 12 (BOOK row)  free $434.12 after open P&L
  SHADOW    intraday M1 $497.50 (-0.47%)  M1g $499.83 (+0.00%)  1d paper only
  CARRY     $499.07 (-0.15%)  8 held  paper only
  SPOT      $250.17 (+0.07%)  3 held  10% invested  cash earns 6.69%  paper pot
  SAVINGS   idle $308.96 (62%)  at 6.69% +$0.01 so far  ~$1.72/month  paper
  BOOK      12 pos gross $335.33 (0.67x)  open $+0.91  funding $+0.00  vol 27% top 20
            rebal 2026-10-01
  CONTEXT   since 01 Oct +0.15%  under a day: too early to judge
  RULE      C2 N2+N3  forward test (paper)
  TOURNEY   7 rules held  first score at the next rebalance, for 2026-10-01
  DATA      on time  prices 27s  funding booked  book today  shadow 06:00  carry today
            spot pot today
  SESSION   $+0.12 +0.02%
  MONTH     book guard $0.00 of $100.00 used  on marked equity  from $500.00  dial 20%
            ..........................
  RECORD    book closed 0  0W 0L  net $+0.00  fees and funding in
  FEES      no fills yet this run (the book trades at 00:05 UTC)
  ------------------------------------------------------------------------------------------------
 
11:32:33 | 
11:32:33 | ============================================================
11:32:33 | 📊 POSITION SUMMARY (8-MIN UPDATE)
11:32:33 | 💰 Equity: $499.83 | Unrealized: $+0.91
11:32:33 | 💵 Available: $434.12 after open P&L | Locked: $66.62
11:32:33 | 📈 Session: $+0.12 (+0.0%)
11:32:33 | 🎯 C510 Book (what trades): 12 positions, gross 0.67x, open $+0.91 | rule C2 N2+N3 | closed 0: 0W/0L $+0.00
11:32:33 | ============================================================
11:32:33 | ============================================================
11:32:33 | 🔻 Book guard: $0.00 of $100.00 used this month on marked equity (0%, from $500.00) · realised today -0.03% [C497]
11:32:33 | ============================================================
11:32:33 | 
 
  11:40  up 0h24m  daily book --------------------------------------------------------------------
  EQUITY    $500.85  unreal $+1.02
  OPEN      no intraday positions  book holds 12 (BOOK row)  free $434.23 after open P&L
  SHADOW    intraday M1 $497.50 (-0.47%)  M1g $499.83 (+0.00%)  1d paper only
  CARRY     $499.07 (-0.15%)  8 held  paper only
  SPOT      $250.16 (+0.07%)  3 held  10% invested  cash earns 6.69%  paper pot
  SAVINGS   idle $309.00 (62%)  at 6.69% +$0.01 so far  ~$1.72/month  paper
  BOOK      12 pos gross $335.21 (0.67x)  open $+1.02  funding $+0.00  vol 27% top 20
            rebal 2026-10-01
  CONTEXT   since 01 Oct +0.17%  under a day: too early to judge
  RULE      C2 N2+N3  forward test (paper)
  TOURNEY   7 rules held  first score at the next rebalance, for 2026-10-01
  DATA      on time  prices 21s  funding booked  book today  shadow 06:00  carry today
            spot pot today
  SESSION   $+0.23 +0.05%
  MONTH     book guard $0.00 of $100.00 used  on marked equity  from $500.00  dial 20%
            ..........................
  RECORD    book closed 0  0W 0L  net $+0.00  fees and funding in
  FEES      no fills yet this run (the book trades at 00:05 UTC)
  ------------------------------------------------------------------------------------------------
 
11:40:34 | 
11:40:34 | ============================================================
11:40:34 | 📊 POSITION SUMMARY (8-MIN UPDATE)
11:40:34 | 💰 Equity: $499.83 | Unrealized: $+1.02
11:40:34 | 💵 Available: $434.23 after open P&L | Locked: $66.62
11:40:34 | 📈 Session: $+0.23 (+0.0%)
11:40:34 | 🎯 C510 Book (what trades): 12 positions, gross 0.67x, open $+1.02 | rule C2 N2+N3 | closed 0: 0W/0L $+0.00
11:40:34 | ============================================================
11:40:34 | ============================================================
11:40:34 | 🔻 Book guard: $0.00 of $100.00 used this month on marked equity (0%, from $500.00) · realised today -0.03% [C497]
11:40:34 | ============================================================
11:40:34 | 
 
  11:48  up 0h32m  daily book --------------------------------------------------------------------
  EQUITY    $500.82  unreal $+0.99
  OPEN      no intraday positions  book holds 12 (BOOK row)  free $434.20 after open P&L
  SHADOW    intraday M1 $497.50 (-0.47%)  M1g $499.83 (+0.00%)  1d paper only
  CARRY     $499.07 (-0.15%)  8 held  paper only
  SPOT      $250.18 (+0.07%)  3 held  10% invested  cash earns 6.69%  paper pot
  SAVINGS   idle $309.06 (62%)  at 6.69% +$0.01 so far  ~$1.72/month  paper
  BOOK      12 pos gross $335.25 (0.67x)  open $+0.99  funding $+0.00  vol 27% top 20
            rebal 2026-10-01
  CONTEXT   since 01 Oct +0.16%  under a day: too early to judge
  RULE      C2 N2+N3  forward test (paper)
  TOURNEY   7 rules held  first score at the next rebalance, for 2026-10-01
  DATA      on time  prices 15s  funding booked  book today  shadow 06:00  carry today
            spot pot today
  SESSION   $+0.20 +0.04%  peak $500.85  dd 0.01%
  MONTH     book guard $0.00 of $100.00 used  on marked equity  from $500.00  dial 20%
            ..........................
  RECORD    book closed 0  0W 0L  net $+0.00  fees and funding in
  FEES      no fills yet this run (the book trades at 00:05 UTC)
  ------------------------------------------------------------------------------------------------
 
11:48:34 | 
11:48:34 | ============================================================
11:48:34 | 📊 POSITION SUMMARY (8-MIN UPDATE)
11:48:34 | 💰 Equity: $499.83 | Unrealized: $+0.99
11:48:34 | 💵 Available: $434.20 after open P&L | Locked: $66.62
11:48:34 | 📈 Session: $+0.20 (+0.0%)
11:48:34 | 🎯 C510 Book (what trades): 12 positions, gross 0.67x, open $+0.99 | rule C2 N2+N3 | closed 0: 0W/0L $+0.00
11:48:34 | ============================================================
11:48:34 | ============================================================
11:48:34 | 🔻 Book guard: $0.00 of $100.00 used this month on marked equity (0%, from $500.00) · realised today -0.03% [C497]
11:48:34 | ============================================================
11:48:34 | 
 
  11:56  up 0h40m  daily book --------------------------------------------------------------------
  EQUITY    $500.89  unreal $+1.06
  OPEN      no intraday positions  book holds 12 (BOOK row)  free $434.27 after open P&L
  SHADOW    intraday M1 $497.50 (-0.47%)  M1g $499.83 (+0.00%)  1d paper only
  CARRY     $499.07 (-0.15%)  8 held  paper only
  SPOT      $250.19 (+0.07%)  3 held  10% invested  cash earns 6.69%  paper pot
  SAVINGS   idle $308.98 (62%)  at 6.69% +$0.01 so far  ~$1.72/month  paper
  BOOK      12 pos gross $335.62 (0.67x)  open $+1.06  funding $+0.00  vol 27% top 20
            rebal 2026-10-01
  CONTEXT   since 01 Oct +0.18%  under a day: too early to judge
  RULE      C2 N2+N3  forward test (paper)
  TOURNEY   7 rules held  first score at the next rebalance, for 2026-10-01
  DATA      on time  prices 7s  funding booked  book today  shadow 06:00  carry today
            spot pot today
  SESSION   $+0.27 +0.05%
  CURVE     ===+++
  MONTH     book guard $0.00 of $100.00 used  on marked equity  from $500.00  dial 20%
            ..........................
  RECORD    book closed 0  0W 0L  net $+0.00  fees and funding in
  FEES      no fills yet this run (the book trades at 00:05 UTC)
  ------------------------------------------------------------------------------------------------
 
11:56:34 | 
11:56:34 | ============================================================
11:56:34 | 📊 POSITION SUMMARY (8-MIN UPDATE)
11:56:34 | 💰 Equity: $499.83 | Unrealized: $+1.06
11:56:34 | 💵 Available: $434.27 after open P&L | Locked: $66.62
11:56:34 | 📈 Session: $+0.27 (+0.1%)
11:56:34 | 🎯 C510 Book (what trades): 12 positions, gross 0.67x, open $+1.06 | rule C2 N2+N3 | closed 0: 0W/0L $+0.00
11:56:34 | ============================================================
11:56:34 | ============================================================
11:56:34 | 🔻 Book guard: $0.00 of $100.00 used this month on marked equity (0%, from $500.00) · realised today -0.03% [C497]
11:56:34 | ============================================================
11:56:34 | 
 
  12:04  up 0h48m  daily book --------------------------------------------------------------------
  EQUITY    $500.59  unreal $+0.76
  OPEN      no intraday positions  book holds 12 (BOOK row)  free $433.97 after open P&L
  SHADOW    intraday M1 $497.50 (-0.47%)  M1g $499.83 (+0.00%)  1d paper only
  CARRY     $499.07 (-0.15%)  8 held  paper only
  SPOT      $250.16 (+0.06%)  3 held  10% invested  cash earns 6.69%  paper pot
  SAVINGS   idle $308.82 (62%)  at 6.69% +$0.01 so far  ~$1.72/month  paper
  BOOK      12 pos gross $335.01 (0.67x)  open $+0.77  funding $+0.00  vol 27% top 20
            rebal 2026-10-01
  CONTEXT   since 01 Oct +0.12%  under a day: too early to judge
  RULE      C2 N2+N3  forward test (paper)
  TOURNEY   7 rules held  first score at the next rebalance, for 2026-10-01
  DATA      on time  prices 1s  funding booked  book today  shadow 06:00  carry today
            spot pot today
  SESSION   $-0.03 -0.01%  peak $500.89  dd 0.06%
  CURVE     ===+++=
  MONTH     book guard $0.00 of $100.00 used  on marked equity  from $500.00  dial 20%
            ..........................
  RECORD    book closed 0  0W 0L  net $+0.00  fees and funding in
  FEES      no fills yet this run (the book trades at 00:05 UTC)
  ------------------------------------------------------------------------------------------------
 
12:04:35 | 
12:04:35 | ============================================================
12:04:35 | 📊 POSITION SUMMARY (8-MIN UPDATE)
12:04:35 | 💰 Equity: $499.83 | Unrealized: $+0.76
12:04:35 | 💵 Available: $433.97 after open P&L | Locked: $66.62
12:04:35 | 📈 Session: $-0.03 (-0.0%)
12:04:35 | 🎯 C510 Book (what trades): 12 positions, gross 0.67x, open $+0.77 | rule C2 N2+N3 | closed 0: 0W/0L $+0.00
12:04:35 | ============================================================
12:04:35 | ============================================================
12:04:35 | 🔻 Book guard: $0.00 of $100.00 used this month on marked equity (0%, from $500.00) · realised today -0.03% [C497]
12:04:35 | ============================================================
12:04:35 | 
 
  12:12  up 0h56m  daily book --------------------------------------------------------------------
  EQUITY    $500.35  unreal $+0.52
  OPEN      no intraday positions  book holds 12 (BOOK row)  free $433.73 after open P&L
  SHADOW    intraday M1 $497.50 (-0.47%)  M1g $499.83 (+0.00%)  1d paper only
  CARRY     $499.07 (-0.15%)  8 held  paper only
  SPOT      $250.13 (+0.05%)  3 held  10% invested  cash earns 6.69%  paper pot
  SAVINGS   idle $308.64 (62%)  at 6.69% +$0.01 so far  ~$1.72/month  paper
  BOOK      12 pos gross $334.53 (0.67x)  open $+0.52  funding $+0.00  vol 27% top 20
            rebal 2026-10-01
  CONTEXT   since 01 Oct +0.07%  under a day: too early to judge
  RULE      C2 N2+N3  forward test (paper)
  TOURNEY   7 rules held  first score at the next rebalance, for 2026-10-01
  DATA      on time  prices 34s  funding booked  book today  shadow 06:00  carry today
            spot pot today
  SESSION   $-0.27 -0.05%  peak $500.89  dd 0.11%
  CURVE     =+++++==
  MONTH     book guard $0.00 of $100.00 used  on marked equity  from $500.00  dial 20%
            ..........................
  RECORD    book closed 0  0W 0L  net $+0.00  fees and funding in
  FEES      no fills yet this run (the book trades at 00:05 UTC)
  ------------------------------------------------------------------------------------------------
 
12:12:35 | 
12:12:35 | ============================================================
12:12:35 | 📊 POSITION SUMMARY (8-MIN UPDATE)
12:12:35 | 💰 Equity: $499.83 | Unrealized: $+0.52
12:12:35 | 💵 Available: $433.73 after open P&L | Locked: $66.62
12:12:35 | 📈 Session: $-0.27 (-0.1%)
12:12:35 | 🎯 C510 Book (what trades): 12 positions, gross 0.67x, open $+0.52 | rule C2 N2+N3 | closed 0: 0W/0L $+0.00
12:12:35 | ============================================================
12:12:35 | ============================================================
12:12:35 | 🔻 Book guard: $0.00 of $100.00 used this month on marked equity (0%, from $500.00) · realised today -0.03% [C497]
12:12:35 | ============================================================
12:12:35 | 
 
  12:20  up 1h04m  daily book --------------------------------------------------------------------
  EQUITY    $500.36  unreal $+0.53
  OPEN      no intraday positions  book holds 12 (BOOK row)  free $433.74 after open P&L
  SHADOW    intraday M1 $497.50 (-0.47%)  M1g $499.83 (+0.00%)  1d paper only
  CARRY     $499.07 (-0.15%)  8 held  paper only
  SPOT      $250.14 (+0.06%)  3 held  10% invested  cash earns 6.69%  paper pot
  SAVINGS   idle $308.72 (62%)  at 6.69% +$0.01 so far  ~$1.72/month  paper
  BOOK      12 pos gross $334.90 (0.67x)  open $+0.53  funding $+0.00  vol 27% top 20
            rebal 2026-10-01
  CONTEXT   since 01 Oct +0.07%  under a day: too early to judge
  RULE      C2 N2+N3  forward test (paper)
  TOURNEY   7 rules held  first score at the next rebalance, for 2026-10-01
  DATA      on time  prices 26s  funding booked  book today  shadow 06:00  carry today
            spot pot today
  SESSION   $-0.26 -0.05%  peak $500.89  dd 0.11%
  CURVE     =+++++===
  MONTH     book guard $0.00 of $100.00 used  on marked equity  from $500.00  dial 20%
            ..........................
  RECORD    book closed 0  0W 0L  net $+0.00  fees and funding in
  FEES      no fills yet this run (the book trades at 00:05 UTC)
  ------------------------------------------------------------------------------------------------
 
12:20:36 | 
12:20:36 | ============================================================
12:20:36 | 📊 POSITION SUMMARY (8-MIN UPDATE)
12:20:36 | 💰 Equity: $499.83 | Unrealized: $+0.53
12:20:36 | 💵 Available: $433.74 after open P&L | Locked: $66.62
12:20:36 | 📈 Session: $-0.26 (-0.1%)
12:20:36 | 🎯 C510 Book (what trades): 12 positions, gross 0.67x, open $+0.53 | rule C2 N2+N3 | closed 0: 0W/0L $+0.00
12:20:36 | ============================================================
12:20:36 | ============================================================
12:20:36 | 🔻 Book guard: $0.00 of $100.00 used this month on marked equity (0%, from $500.00) · realised today -0.03% [C497]
12:20:36 | ============================================================
12:20:36 | 
 
  12:28  up 1h12m  daily book --------------------------------------------------------------------
  EQUITY    $500.26  unreal $+0.43
  OPEN      no intraday positions  book holds 12 (BOOK row)  free $433.64 after open P&L
  SHADOW    intraday M1 $497.50 (-0.47%)  M1g $499.83 (+0.00%)  1d paper only
  CARRY     $499.07 (-0.15%)  8 held  paper only
  SPOT      $250.16 (+0.06%)  3 held  10% invested  cash earns 6.69%  paper pot
  SAVINGS   idle $308.55 (62%)  at 6.69% +$0.01 so far  ~$1.72/month  paper
  BOOK      12 pos gross $335.22 (0.67x)  open $+0.43  funding $+0.00  vol 27% top 20
            rebal 2026-10-01
  CONTEXT   since 01 Oct +0.05%  under a day: too early to judge
  RULE      C2 N2+N3  forward test (paper)
  TOURNEY   7 rules held  first score at the next rebalance, for 2026-10-01
  DATA      on time  prices 19s  funding booked  book today  shadow 06:00  carry today
            spot pot today
  SESSION   $-0.36 -0.07%  peak $500.89  dd 0.13%
  CURVE     +++++++===
  MONTH     book guard $0.00 of $100.00 used  on marked equity  from $500.00  dial 20%
            ..........................
  RECORD    book closed 0  0W 0L  net $+0.00  fees and funding in
  FEES      no fills yet this run (the book trades at 00:05 UTC)
  ------------------------------------------------------------------------------------------------
 
12:28:36 | 
12:28:36 | ============================================================
12:28:36 | 📊 POSITION SUMMARY (8-MIN UPDATE)
12:28:36 | 💰 Equity: $499.83 | Unrealized: $+0.43
12:28:36 | 💵 Available: $433.64 after open P&L | Locked: $66.62
12:28:36 | 📈 Session: $-0.36 (-0.1%)
12:28:36 | 🎯 C510 Book (what trades): 12 positions, gross 0.67x, open $+0.43 | rule C2 N2+N3 | closed 0: 0W/0L $+0.00
12:28:36 | ============================================================
12:28:36 | ============================================================
12:28:36 | 🔻 Book guard: $0.00 of $100.00 used this month on marked equity (0%, from $500.00) · realised today -0.03% [C497]
12:28:36 | ============================================================
12:28:36 | 
12:32:14 |    👻 C489 shadow hour 07:00 UTC: 39 coins scored (full (16 features)), gate shut | M1 $503.97 (+0.83%) M1g $499.83 (+0.00%) over 1d [3s]
 
  12:36  up 1h20m  daily book --------------------------------------------------------------------
  EQUITY    $500.25  unreal $+0.42
  OPEN      no intraday positions  book holds 12 (BOOK row)  free $433.63 after open P&L
  SHADOW    intraday M1 $503.97 (+0.83%)  M1g $499.83 (+0.00%)  1d paper only
  CARRY     $499.07 (-0.15%)  8 held  paper only
  SPOT      $250.14 (+0.06%)  3 held  10% invested  cash earns 6.69%  paper pot
  SAVINGS   idle $308.63 (62%)  at 6.69% +$0.01 so far  ~$1.72/month  paper
  BOOK      12 pos gross $335.18 (0.67x)  open $+0.42  funding $+0.00  vol 27% top 20
            rebal 2026-10-01
  CONTEXT   since 01 Oct +0.05%  under a day: too early to judge
  RULE      C2 N2+N3  forward test (paper)
  TOURNEY   7 rules held  first score at the next rebalance, for 2026-10-01
  DATA      on time  prices 11s  funding booked  book today  shadow 07:00  carry today
            spot pot today
  SESSION   $-0.37 -0.07%  peak $500.89  dd 0.13%
  CURVE     +++++++====
  MONTH     book guard $0.00 of $100.00 used  on marked equity  from $500.00  dial 20%
            ..........................
  RECORD    book closed 0  0W 0L  net $+0.00  fees and funding in
  FEES      no fills yet this run (the book trades at 00:05 UTC)
  ------------------------------------------------------------------------------------------------
 
12:36:36 | 
12:36:36 | ============================================================
12:36:36 | 📊 POSITION SUMMARY (8-MIN UPDATE)
12:36:36 | 💰 Equity: $499.83 | Unrealized: $+0.42
12:36:36 | 💵 Available: $433.63 after open P&L | Locked: $66.62
12:36:36 | 📈 Session: $-0.37 (-0.1%)
12:36:36 | 🎯 C510 Book (what trades): 12 positions, gross 0.67x, open $+0.42 | rule C2 N2+N3 | closed 0: 0W/0L $+0.00
12:36:36 | ============================================================
12:36:36 | ============================================================
12:36:36 | 🔻 Book guard: $0.00 of $100.00 used this month on marked equity (0%, from $500.00) · realised today -0.03% [C497]
12:36:36 | ============================================================
12:36:36 | 
 
  12:44  up 1h28m  daily book --------------------------------------------------------------------
  EQUITY    $500.11  unreal $+0.28
  OPEN      no intraday positions  book holds 12 (BOOK row)  free $433.49 after open P&L
  SHADOW    intraday M1 $503.97 (+0.83%)  M1g $499.83 (+0.00%)  1d paper only
  CARRY     $499.07 (-0.15%)  8 held  paper only
  SPOT      $250.12 (+0.05%)  3 held  10% invested  cash earns 6.69%  paper pot
  SAVINGS   idle $308.48 (62%)  at 6.69% +$0.01 so far  ~$1.72/month  paper
  BOOK      12 pos gross $334.44 (0.67x)  open $+0.28  funding $+0.00  vol 27% top 20
            rebal 2026-10-01
  CONTEXT   since 01 Oct +0.02%  under a day: too early to judge
  RULE      C2 N2+N3  forward test (paper)
  TOURNEY   7 rules held  first score at the next rebalance, for 2026-10-01
  DATA      on time  prices 5s  funding booked  book today  shadow 07:00  carry today
            spot pot today
  SESSION   $-0.51 -0.10%  peak $500.89  dd 0.16%
  CURVE     +++++++=====
  MONTH     book guard $0.00 of $100.00 used  on marked equity  from $500.00  dial 20%
            ..........................
  RECORD    book closed 0  0W 0L  net $+0.00  fees and funding in
  FEES      no fills yet this run (the book trades at 00:05 UTC)
  ------------------------------------------------------------------------------------------------
 
12:44:37 | 
12:44:37 | ============================================================
12:44:37 | 📊 POSITION SUMMARY (8-MIN UPDATE)
12:44:37 | 💰 Equity: $499.83 | Unrealized: $+0.28
12:44:37 | 💵 Available: $433.49 after open P&L | Locked: $66.62
12:44:37 | 📈 Session: $-0.51 (-0.1%)
12:44:37 | 🎯 C510 Book (what trades): 12 positions, gross 0.67x, open $+0.28 | rule C2 N2+N3 | closed 0: 0W/0L $+0.00
12:44:37 | ============================================================
12:44:37 | ============================================================
12:44:37 | 🔻 Book guard: $0.00 of $100.00 used this month on marked equity (0%, from $500.00) · realised today -0.03% [C497]
12:44:37 | ============================================================
12:44:37 | 
 
  12:52  up 1h36m  daily book --------------------------------------------------------------------
  EQUITY    $499.39  unreal $-0.44
  OPEN      no intraday positions  book holds 12 (BOOK row)  free $432.77 after open P&L
  SHADOW    intraday M1 $503.97 (+0.83%)  M1g $499.83 (+0.00%)  1d paper only
  CARRY     $499.07 (-0.15%)  8 held  paper only
  SPOT      $249.94 (-0.02%)  3 held  10% invested  cash earns 6.69%  paper pot
  SAVINGS   idle $307.92 (62%)  at 6.69% +$0.01 so far  ~$1.72/month  paper
  BOOK      12 pos gross $332.33 (0.67x)  open $-0.44  funding $+0.00  vol 27% top 20
            rebal 2026-10-01
  CONTEXT   since 01 Oct -0.12%  under a day: too early to judge
  RULE      C2 N2+N3  forward test (paper)
  TOURNEY   7 rules held  first score at the next rebalance, for 2026-10-01
  DATA      on time  prices 39s  funding booked  book today  shadow 07:00  carry today
            spot pot today
  SESSION   $-1.23 -0.25%  peak $500.89  dd 0.30%
  CURVE     +++++++++++==
  MONTH     book guard $0.61 of $100.00 used  on marked equity  from $500.00  dial 20%
            ..........................
  RECORD    book closed 0  0W 0L  net $+0.00  fees and funding in
  FEES      no fills yet this run (the book trades at 00:05 UTC)
  ------------------------------------------------------------------------------------------------
 
12:52:37 | 
12:52:37 | ============================================================
12:52:37 | 📊 POSITION SUMMARY (8-MIN UPDATE)
12:52:37 | 💰 Equity: $499.83 | Unrealized: $-0.44
12:52:37 | 💵 Available: $432.77 after open P&L | Locked: $66.62
12:52:37 | 📈 Session: $-1.23 (-0.2%)
12:52:37 | 🎯 C510 Book (what trades): 12 positions, gross 0.67x, open $-0.44 | rule C2 N2+N3 | closed 0: 0W/0L $+0.00
12:52:37 | ============================================================
12:52:37 | ============================================================
12:52:37 | 🔻 Book guard: $0.61 of $100.00 used this month on marked equity (1%, from $500.00) · realised today -0.03% [C497]
12:52:37 | ============================================================
12:52:37 | 
 
  13:00  up 1h44m  daily book --------------------------------------------------------------------
  EQUITY    $498.93  unreal $-0.90
  OPEN      no intraday positions  book holds 12 (BOOK row)  free $432.31 after open P&L
  SHADOW    intraday M1 $503.97 (+0.83%)  M1g $499.83 (+0.00%)  1d paper only
  CARRY     $499.07 (-0.15%)  8 held  paper only
  SPOT      $249.88 (-0.05%)  3 held  10% invested  cash earns 6.69%  paper pot
  SAVINGS   idle $307.58 (62%)  at 6.69% +$0.01 so far  ~$1.71/month  paper
  BOOK      12 pos gross $330.14 (0.66x)  open $-0.90  funding $+0.00  vol 27% top 20
            rebal 2026-10-01
  CONTEXT   since 01 Oct -0.21%  under a day: too early to judge
  RULE      C2 N2+N3  forward test (paper)
  TOURNEY   7 rules held  first score at the next rebalance, for 2026-10-01
  DATA      on time  prices 35s  funding booked  book today  shadow 07:00  carry today
            spot pot today
  SESSION   $-1.69 -0.34%  peak $500.89  dd 0.39%
  CURVE     ++++++++++++==
  MONTH     book guard $1.07 of $100.00 used  on marked equity  from $500.00  dial 20%
            ..........................
  RECORD    book closed 0  0W 0L  net $+0.00  fees and funding in
  FEES      no fills yet this run (the book trades at 00:05 UTC)
  ------------------------------------------------------------------------------------------------
 
13:00:38 | 
13:00:38 | ============================================================
13:00:38 | 📊 POSITION SUMMARY (8-MIN UPDATE)
13:00:38 | 💰 Equity: $499.83 | Unrealized: $-0.90
13:00:38 | 💵 Available: $432.31 after open P&L | Locked: $66.62
13:00:38 | 📈 Session: $-1.69 (-0.3%)
13:00:38 | 🎯 C510 Book (what trades): 12 positions, gross 0.66x, open $-0.90 | rule C2 N2+N3 | closed 0: 0W/0L $+0.00
13:00:38 | ============================================================
13:00:38 | ============================================================
13:00:38 | 🔻 Book guard: $1.07 of $100.00 used this month on marked equity (1%, from $500.00) · realised today -0.03% [C497]
13:00:38 | ============================================================
13:00:38 | 
 
  13:08  up 1h52m  daily book --------------------------------------------------------------------
  EQUITY    $499.13  unreal $-0.70
  OPEN      no intraday positions  book holds 12 (BOOK row)  free $432.51 after open P&L
  SHADOW    intraday M1 $503.97 (+0.83%)  M1g $499.83 (+0.00%)  1d paper only
  CARRY     $499.07 (-0.15%)  8 held  paper only
  SPOT      $249.92 (-0.03%)  3 held  10% invested  cash earns 6.69%  paper pot
  SAVINGS   idle $307.73 (62%)  at 6.69% +$0.01 so far  ~$1.72/month  paper
  BOOK      12 pos gross $331.01 (0.66x)  open $-0.70  funding $+0.00  vol 27% top 20
            rebal 2026-10-01
  CONTEXT   since 01 Oct -0.17%  under a day: too early to judge
  RULE      C2 N2+N3  forward test (paper)
  TOURNEY   7 rules held  first score at the next rebalance, for 2026-10-01
  DATA      on time  prices 28s  funding booked  book today  shadow 07:00  carry today
            spot pot today
  SESSION   $-1.49 -0.30%  peak $500.89  dd 0.35%
  CURVE     ++++++++++++===
  MONTH     book guard $0.87 of $100.00 used  on marked equity  from $500.00  dial 20%
            ..........................
  RECORD    book closed 0  0W 0L  net $+0.00  fees and funding in
  FEES      no fills yet this run (the book trades at 00:05 UTC)
  ------------------------------------------------------------------------------------------------
 
13:08:38 | 
13:08:38 | ============================================================
13:08:38 | 📊 POSITION SUMMARY (8-MIN UPDATE)
13:08:38 | 💰 Equity: $499.83 | Unrealized: $-0.70
13:08:38 | 💵 Available: $432.51 after open P&L | Locked: $66.62
13:08:38 | 📈 Session: $-1.49 (-0.3%)
13:08:38 | 🎯 C510 Book (what trades): 12 positions, gross 0.66x, open $-0.70 | rule C2 N2+N3 | closed 0: 0W/0L $+0.00
13:08:38 | ============================================================
13:08:38 | ============================================================
13:08:38 | 🔻 Book guard: $0.87 of $100.00 used this month on marked equity (1%, from $500.00) · realised today -0.03% [C497]
13:08:38 | ============================================================
13:08:38 | 
 
  13:16  up 2h00m  daily book --------------------------------------------------------------------
  EQUITY    $499.02  unreal $-0.81
  OPEN      no intraday positions  book holds 12 (BOOK row)  free $432.40 after open P&L
  SHADOW    intraday M1 $503.97 (+0.83%)  M1g $499.83 (+0.00%)  1d paper only
  CARRY     $499.07 (-0.15%)  8 held  paper only
  SPOT      $249.87 (-0.05%)  3 held  10% invested  cash earns 6.69%  paper pot
  SAVINGS   idle $307.64 (62%)  at 6.69% +$0.01 so far  ~$1.72/month  paper
  BOOK      12 pos gross $330.36 (0.66x)  open $-0.81  funding $+0.00  vol 27% top 20
            rebal 2026-10-01
  CONTEXT   since 01 Oct -0.20%  under a day: too early to judge
  RULE      C2 N2+N3  forward test (paper)
  TOURNEY   7 rules held  first score at the next rebalance, for 2026-10-01
  DATA      on time  prices 21s  funding booked  book today  shadow 07:00  carry today
            spot pot today
  SESSION   $-1.60 -0.32%  peak $500.89  dd 0.37%
  CURVE     ++++++++++++====
  MONTH     book guard $0.98 of $100.00 used  on marked equity  from $500.00  dial 20%
            ..........................
  RECORD    book closed 0  0W 0L  net $+0.00  fees and funding in
  FEES      no fills yet this run (the book trades at 00:05 UTC)
  ------------------------------------------------------------------------------------------------
 
13:16:39 | 
13:16:39 | ============================================================
13:16:39 | 📊 POSITION SUMMARY (8-MIN UPDATE)
13:16:39 | 💰 Equity: $499.83 | Unrealized: $-0.81
13:16:39 | 💵 Available: $432.40 after open P&L | Locked: $66.62
13:16:39 | 📈 Session: $-1.60 (-0.3%)
13:16:39 | 🎯 C510 Book (what trades): 12 positions, gross 0.66x, open $-0.81 | rule C2 N2+N3 | closed 0: 0W/0L $+0.00
13:16:39 | ============================================================
13:16:39 | ============================================================
13:16:39 | 🔻 Book guard: $0.98 of $100.00 used this month on marked equity (1%, from $500.00) · realised today -0.03% [C497]
13:16:39 | ============================================================
13:16:39 | 
 
  13:24  up 2h08m  daily book --------------------------------------------------------------------
  EQUITY    $498.91  unreal $-0.92
  OPEN      no intraday positions  book holds 12 (BOOK row)  free $432.29 after open P&L
  SHADOW    intraday M1 $503.97 (+0.83%)  M1g $499.83 (+0.00%)  1d paper only
  CARRY     $499.07 (-0.15%)  8 held  paper only
  SPOT      $249.86 (-0.05%)  3 held  10% invested  cash earns 6.69%  paper pot
  SAVINGS   idle $307.56 (62%)  at 6.69% +$0.01 so far  ~$1.71/month  paper
  BOOK      12 pos gross $330.41 (0.66x)  open $-0.92  funding $+0.00  vol 27% top 20
            rebal 2026-10-01
  CONTEXT   since 01 Oct -0.22%  under a day: too early to judge
  RULE      C2 N2+N3  forward test (paper)
  TOURNEY   7 rules held  first score at the next rebalance, for 2026-10-01
  DATA      on time  prices 13s  funding booked  book today  shadow 07:00  carry today
            spot pot today
  SESSION   $-1.71 -0.34%  peak $500.89  dd 0.40%
  CURVE     ++++++++++++=====
  MONTH     book guard $1.09 of $100.00 used  on marked equity  from $500.00  dial 20%
            ..........................
  RECORD    book closed 0  0W 0L  net $+0.00  fees and funding in
  FEES      no fills yet this run (the book trades at 00:05 UTC)
  ------------------------------------------------------------------------------------------------
 
13:24:39 | 
13:24:39 | ============================================================
13:24:39 | 📊 POSITION SUMMARY (8-MIN UPDATE)
13:24:39 | 💰 Equity: $499.83 | Unrealized: $-0.92
13:24:39 | 💵 Available: $432.29 after open P&L | Locked: $66.62
13:24:39 | 📈 Session: $-1.71 (-0.3%)
13:24:39 | 🎯 C510 Book (what trades): 12 positions, gross 0.66x, open $-0.92 | rule C2 N2+N3 | closed 0: 0W/0L $+0.00
13:24:39 | ============================================================
13:24:39 | ============================================================
13:24:39 | 🔻 Book guard: $1.09 of $100.00 used this month on marked equity (1%, from $500.00) · realised today -0.03% [C497]
13:24:39 | ============================================================
13:24:39 | 
13:32:05 |    👻 C489 shadow hour 08:00 UTC: 39 coins scored (full (16 features)), gate shut | M1 $503.51 (+0.74%) M1g $499.83 (+0.00%) over 1d [3s]
 
  13:32  up 2h16m  daily book --------------------------------------------------------------------
  EQUITY    $498.72  unreal $-1.11
  OPEN      no intraday positions  book holds 12 (BOOK row)  free $432.10 after open P&L
  SHADOW    intraday M1 $503.51 (+0.74%)  M1g $499.83 (+0.00%)  1d paper only
  CARRY     $499.07 (-0.15%)  8 held  paper only
  SPOT      $249.82 (-0.07%)  3 held  10% invested  cash earns 6.69%  paper pot
  SAVINGS   idle $307.35 (62%)  at 6.69% +$0.01 so far  ~$1.71/month  paper
  BOOK      12 pos gross $330.02 (0.66x)  open $-1.11  funding $+0.00  vol 27% top 20
            rebal 2026-10-01
  CONTEXT   since 01 Oct -0.26%  under a day: too early to judge
  RULE      C2 N2+N3  forward test (paper)
  TOURNEY   7 rules held  first score at the next rebalance, for 2026-10-01
  DATA      on time  prices 7s  funding booked  book today  shadow 08:00  carry today
            spot pot today
  SESSION   $-1.90 -0.38%  peak $500.89  dd 0.43%
  CURVE     ++++++++++++======
  MONTH     book guard $1.28 of $100.00 used  on marked equity  from $500.00  dial 20%
            ..........................
  RECORD    book closed 0  0W 0L  net $+0.00  fees and funding in
  FEES      no fills yet this run (the book trades at 00:05 UTC)
  ------------------------------------------------------------------------------------------------
 
13:32:40 | 
13:32:40 | ============================================================
13:32:40 | 📊 POSITION SUMMARY (8-MIN UPDATE)
13:32:40 | 💰 Equity: $499.83 | Unrealized: $-1.11
13:32:40 | 💵 Available: $432.10 after open P&L | Locked: $66.62
13:32:40 | 📈 Session: $-1.90 (-0.4%)
13:32:40 | 🎯 C510 Book (what trades): 12 positions, gross 0.66x, open $-1.11 | rule C2 N2+N3 | closed 0: 0W/0L $+0.00
13:32:40 | ============================================================
13:32:40 | ============================================================
13:32:40 | 🔻 Book guard: $1.28 of $100.00 used this month on marked equity (1%, from $500.00) · realised today -0.03% [C497]
13:32:40 | ============================================================
13:32:40 | 
 
  13:40  up 2h24m  daily book --------------------------------------------------------------------
  EQUITY    $498.51  unreal $-1.32
  OPEN      no intraday positions  book holds 12 (BOOK row)  free $431.89 after open P&L
  SHADOW    intraday M1 $503.51 (+0.74%)  M1g $499.83 (+0.00%)  1d paper only
  CARRY     $499.07 (-0.15%)  8 held  paper only
  SPOT      $249.83 (-0.07%)  3 held  10% invested  cash earns 6.69%  paper pot
  SAVINGS   idle $307.26 (62%)  at 6.69% +$0.01 so far  ~$1.71/month  paper
  BOOK      12 pos gross $329.61 (0.66x)  open $-1.31  funding $+0.00  vol 27% top 20
            rebal 2026-10-01
  CONTEXT   since 01 Oct -0.30%  under a day: too early to judge
  RULE      C2 N2+N3  forward test (paper)
  TOURNEY   7 rules held  first score at the next rebalance, for 2026-10-01
  DATA      on time  prices 39s  funding booked  book today  shadow 08:00  carry today
            spot pot today
  SESSION   $-2.11 -0.42%  peak $500.89  dd 0.48%
  CURVE     ++++++++++++=======
  MONTH     book guard $1.49 of $100.00 used  on marked equity  from $500.00  dial 20%
            ..........................
  RECORD    book closed 0  0W 0L  net $+0.00  fees and funding in
  FEES      no fills yet this run (the book trades at 00:05 UTC)
  ------------------------------------------------------------------------------------------------
 
13:40:40 | 
13:40:40 | ============================================================
13:40:40 | 📊 POSITION SUMMARY (8-MIN UPDATE)
13:40:40 | 💰 Equity: $499.83 | Unrealized: $-1.32
13:40:40 | 💵 Available: $431.89 after open P&L | Locked: $66.62
13:40:40 | 📈 Session: $-2.11 (-0.4%)
13:40:40 | 🎯 C510 Book (what trades): 12 positions, gross 0.66x, open $-1.31 | rule C2 N2+N3 | closed 0: 0W/0L $+0.00
13:40:40 | ============================================================
13:40:40 | ============================================================
13:40:40 | 🔻 Book guard: $1.49 of $100.00 used this month on marked equity (1%, from $500.00) · realised today -0.03% [C497]
13:40:40 | ============================================================
13:40:40 | 
 
  13:48  up 2h32m  daily book --------------------------------------------------------------------
  EQUITY    $498.62  unreal $-1.21
  OPEN      no intraday positions  book holds 12 (BOOK row)  free $432.00 after open P&L
  SHADOW    intraday M1 $503.51 (+0.74%)  M1g $499.83 (+0.00%)  1d paper only
  CARRY     $499.07 (-0.15%)  8 held  paper only
  SPOT      $249.87 (-0.05%)  3 held  10% invested  cash earns 6.69%  paper pot
  SAVINGS   idle $307.28 (62%)  at 6.69% +$0.01 so far  ~$1.71/month  paper
  BOOK      12 pos gross $329.91 (0.66x)  open $-1.21  funding $+0.00  vol 27% top 20
            rebal 2026-10-01
  CONTEXT   since 01 Oct -0.28%  under a day: too early to judge
  RULE      C2 N2+N3  forward test (paper)
  TOURNEY   7 rules held  first score at the next rebalance, for 2026-10-01
  DATA      on time  prices 33s  funding booked  book today  shadow 08:00  carry today
            spot pot today
  SESSION   $-2.00 -0.40%  peak $500.89  dd 0.45%
  CURVE     ++++++++++++========
  MONTH     book guard $1.38 of $100.00 used  on marked equity  from $500.00  dial 20%
            ..........................
  RECORD    book closed 0  0W 0L  net $+0.00  fees and funding in
  FEES      no fills yet this run (the book trades at 00:05 UTC)
  ------------------------------------------------------------------------------------------------
 
13:48:41 | 
13:48:41 | ============================================================
13:48:41 | 📊 POSITION SUMMARY (8-MIN UPDATE)
13:48:41 | 💰 Equity: $499.83 | Unrealized: $-1.21
13:48:41 | 💵 Available: $432.00 after open P&L | Locked: $66.62
13:48:41 | 📈 Session: $-2.00 (-0.4%)
13:48:41 | 🎯 C510 Book (what trades): 12 positions, gross 0.66x, open $-1.21 | rule C2 N2+N3 | closed 0: 0W/0L $+0.00
13:48:41 | ============================================================
13:48:41 | ============================================================
13:48:41 | 🔻 Book guard: $1.38 of $100.00 used this month on marked equity (1%, from $500.00) · realised today -0.03% [C497]
13:48:41 | ============================================================
13:48:41 | 
 
  13:56  up 2h40m  daily book --------------------------------------------------------------------
  EQUITY    $498.53  unreal $-1.30
  OPEN      no intraday positions  book holds 12 (BOOK row)  free $431.91 after open P&L
  SHADOW    intraday M1 $503.51 (+0.74%)  M1g $499.83 (+0.00%)  1d paper only
  CARRY     $499.07 (-0.15%)  8 held  paper only
  SPOT      $249.88 (-0.05%)  3 held  10% invested  cash earns 6.69%  paper pot
  SAVINGS   idle $307.22 (62%)  at 6.69% +$0.01 so far  ~$1.71/month  paper
  BOOK      12 pos gross $330.21 (0.66x)  open $-1.30  funding $+0.00  vol 27% top 20
            rebal 2026-10-01
  CONTEXT   since 01 Oct -0.29%  under a day: too early to judge
  RULE      C2 N2+N3  forward test (paper)
  TOURNEY   7 rules held  first score at the next rebalance, for 2026-10-01
  DATA      on time  prices 27s  funding booked  book today  shadow 08:00  carry today
            spot pot today
  SESSION   $-2.09 -0.42%  peak $500.89  dd 0.47%
  CURVE     ++++++++++++=========
  MONTH     book guard $1.47 of $100.00 used  on marked equity  from $500.00  dial 20%
            ..........................
  RECORD    book closed 0  0W 0L  net $+0.00  fees and funding in
  FEES      no fills yet this run (the book trades at 00:05 UTC)
  ------------------------------------------------------------------------------------------------
 
13:56:41 | 
13:56:41 | ============================================================
13:56:41 | 📊 POSITION SUMMARY (8-MIN UPDATE)
13:56:41 | 💰 Equity: $499.83 | Unrealized: $-1.30
13:56:41 | 💵 Available: $431.91 after open P&L | Locked: $66.62
13:56:41 | 📈 Session: $-2.09 (-0.4%)
13:56:41 | 🎯 C510 Book (what trades): 12 positions, gross 0.66x, open $-1.30 | rule C2 N2+N3 | closed 0: 0W/0L $+0.00
13:56:41 | ============================================================
13:56:41 | ============================================================
13:56:41 | 🔻 Book guard: $1.47 of $100.00 used this month on marked equity (1%, from $500.00) · realised today -0.03% [C497]
13:56:41 | ============================================================
13:56:41 | 
 
  14:04  up 2h48m  daily book --------------------------------------------------------------------
  EQUITY    $498.41  unreal $-1.42
  OPEN      no intraday positions  book holds 12 (BOOK row)  free $431.79 after open P&L
  SHADOW    intraday M1 $503.51 (+0.74%)  M1g $499.83 (+0.00%)  1d paper only
  CARRY     $499.07 (-0.15%)  8 held  paper only
  SPOT      $249.82 (-0.07%)  3 held  10% invested  cash earns 6.69%  paper pot
  SAVINGS   idle $307.20 (62%)  at 6.69% +$0.01 so far  ~$1.71/month  paper
  BOOK      12 pos gross $329.27 (0.66x)  open $-1.42  funding $+0.00  vol 27% top 20
            rebal 2026-10-01
  CONTEXT   since 01 Oct -0.32%  under a day: too early to judge
  RULE      C2 N2+N3  forward test (paper)
  TOURNEY   7 rules held  first score at the next rebalance, for 2026-10-01
  DATA      on time  prices 19s  funding booked  book today  shadow 08:00  carry today
            spot pot today
  SESSION   $-2.21 -0.44%  peak $500.89  dd 0.50%
  CURVE     ++++++++++++==========
  MONTH     book guard $1.59 of $100.00 used  on marked equity  from $500.00  dial 20%
            ..........................
  RECORD    book closed 0  0W 0L  net $+0.00  fees and funding in
  FEES      no fills yet this run (the book trades at 00:05 UTC)
  ------------------------------------------------------------------------------------------------
 
14:04:41 | 
14:04:41 | ============================================================
14:04:41 | 📊 POSITION SUMMARY (8-MIN UPDATE)
14:04:41 | 💰 Equity: $499.83 | Unrealized: $-1.42
14:04:41 | 💵 Available: $431.79 after open P&L | Locked: $66.62
14:04:41 | 📈 Session: $-2.21 (-0.4%)
14:04:41 | 🎯 C510 Book (what trades): 12 positions, gross 0.66x, open $-1.42 | rule C2 N2+N3 | closed 0: 0W/0L $+0.00
14:04:41 | ============================================================
14:04:41 | ============================================================
14:04:41 | 🔻 Book guard: $1.59 of $100.00 used this month on marked equity (2%, from $500.00) · realised today -0.03% [C497]
14:04:41 | ============================================================
14:04:41 | 
 
  14:12  up 2h56m  daily book --------------------------------------------------------------------
  EQUITY    $498.60  unreal $-1.23
  OPEN      no intraday positions  book holds 12 (BOOK row)  free $431.98 after open P&L
  SHADOW    intraday M1 $503.51 (+0.74%)  M1g $499.83 (+0.00%)  1d paper only
  CARRY     $499.07 (-0.15%)  8 held  paper only
  SPOT      $249.89 (-0.04%)  3 held  10% invested  cash earns 6.69%  paper pot
  SAVINGS   idle $307.31 (62%)  at 6.69% +$0.01 so far  ~$1.71/month  paper
  BOOK      12 pos gross $330.37 (0.66x)  open $-1.23  funding $+0.00  vol 27% top 20
            rebal 2026-10-01
  CONTEXT   since 01 Oct -0.28%  under a day: too early to judge
  RULE      C2 N2+N3  forward test (paper)
  TOURNEY   7 rules held  first score at the next rebalance, for 2026-10-01
  DATA      on time  prices 13s  funding booked  book today  shadow 08:00  carry today
            spot pot today
  SESSION   $-2.02 -0.40%  peak $500.89  dd 0.46%
  CURVE     ++++++++++++===========
  MONTH     book guard $1.40 of $100.00 used  on marked equity  from $500.00  dial 20%
            ..........................
  RECORD    book closed 0  0W 0L  net $+0.00  fees and funding in
  FEES      no fills yet this run (the book trades at 00:05 UTC)
  ------------------------------------------------------------------------------------------------
 
14:12:42 | 
14:12:42 | ============================================================
14:12:42 | 📊 POSITION SUMMARY (8-MIN UPDATE)
14:12:42 | 💰 Equity: $499.83 | Unrealized: $-1.23
14:12:42 | 💵 Available: $431.98 after open P&L | Locked: $66.62
14:12:42 | 📈 Session: $-2.02 (-0.4%)
14:12:42 | 🎯 C510 Book (what trades): 12 positions, gross 0.66x, open $-1.23 | rule C2 N2+N3 | closed 0: 0W/0L $+0.00
14:12:42 | ============================================================
14:12:42 | ============================================================
14:12:42 | 🔻 Book guard: $1.40 of $100.00 used this month on marked equity (1%, from $500.00) · realised today -0.03% [C497]
14:12:42 | ============================================================
14:12:42 | 
 
  14:20  up 3h04m  daily book --------------------------------------------------------------------
  EQUITY    $498.56  unreal $-1.27
  OPEN      no intraday positions  book holds 12 (BOOK row)  free $431.94 after open P&L
  SHADOW    intraday M1 $503.51 (+0.74%)  M1g $499.83 (+0.00%)  1d paper only
  CARRY     $499.07 (-0.15%)  8 held  paper only
  SPOT      $249.89 (-0.04%)  3 held  10% invested  cash earns 6.69%  paper pot
  SAVINGS   idle $307.29 (62%)  at 6.69% +$0.01 so far  ~$1.71/month  paper
  BOOK      12 pos gross $330.55 (0.66x)  open $-1.27  funding $+0.00  vol 27% top 20
            rebal 2026-10-01
  CONTEXT   since 01 Oct -0.29%  under a day: too early to judge
  RULE      C2 N2+N3  forward test (paper)
  TOURNEY   7 rules held  first score at the next rebalance, for 2026-10-01
  DATA      on time  prices 6s  funding booked  book today  shadow 08:00  carry today
            spot pot today
  SESSION   $-2.06 -0.41%  peak $500.89  dd 0.47%
  CURVE     ++++++++++++============
  MONTH     book guard $1.44 of $100.00 used  on marked equity  from $500.00  dial 20%
            ..........................
  RECORD    book closed 0  0W 0L  net $+0.00  fees and funding in
  FEES      no fills yet this run (the book trades at 00:05 UTC)
  ------------------------------------------------------------------------------------------------
 
14:20:42 | 
14:20:42 | ============================================================
14:20:42 | 📊 POSITION SUMMARY (8-MIN UPDATE)
14:20:42 | 💰 Equity: $499.83 | Unrealized: $-1.27
14:20:42 | 💵 Available: $431.94 after open P&L | Locked: $66.62
14:20:42 | 📈 Session: $-2.06 (-0.4%)
14:20:42 | 🎯 C510 Book (what trades): 12 positions, gross 0.66x, open $-1.27 | rule C2 N2+N3 | closed 0: 0W/0L $+0.00
14:20:42 | ============================================================
14:20:42 | ============================================================
14:20:42 | 🔻 Book guard: $1.44 of $100.00 used this month on marked equity (1%, from $500.00) · realised today -0.03% [C497]
14:20:42 | ============================================================
14:20:42 | 
 
  14:28  up 3h12m  daily book --------------------------------------------------------------------
  EQUITY    $498.56  unreal $-1.27
  OPEN      no intraday positions  book holds 12 (BOOK row)  free $431.94 after open P&L
  SHADOW    intraday M1 $503.51 (+0.74%)  M1g $499.83 (+0.00%)  1d paper only
  CARRY     $499.07 (-0.15%)  8 held  paper only
  SPOT      $249.91 (-0.04%)  3 held  10% invested  cash earns 6.69%  paper pot
  SAVINGS   idle $307.28 (62%)  at 6.69% +$0.01 so far  ~$1.71/month  paper
  BOOK      12 pos gross $330.82 (0.66x)  open $-1.27  funding $+0.00  vol 27% top 20
            rebal 2026-10-01
  CONTEXT   since 01 Oct -0.29%  under a day: too early to judge
  RULE      C2 N2+N3  forward test (paper)
  TOURNEY   7 rules held  first score at the next rebalance, for 2026-10-01
  DATA      on time  prices 0s  funding booked  book today  shadow 08:00  carry today
            spot pot today
  SESSION   $-2.06 -0.41%  peak $500.89  dd 0.47%
  CURVE     ++++++++++++=============
  MONTH     book guard $1.44 of $100.00 used  on marked equity  from $500.00  dial 20%
            ..........................
  RECORD    book closed 0  0W 0L  net $+0.00  fees and funding in
  FEES      no fills yet this run (the book trades at 00:05 UTC)
  ------------------------------------------------------------------------------------------------
 
14:28:44 | 
14:28:44 | ============================================================
14:28:44 | 📊 POSITION SUMMARY (8-MIN UPDATE)
14:28:44 | 💰 Equity: $499.83 | Unrealized: $-1.27
14:28:44 | 💵 Available: $431.94 after open P&L | Locked: $66.62
14:28:44 | 📈 Session: $-2.06 (-0.4%)
14:28:44 | 🎯 C510 Book (what trades): 12 positions, gross 0.66x, open $-1.27 | rule C2 N2+N3 | closed 0: 0W/0L $+0.00
14:28:44 | ============================================================
14:28:44 | ============================================================
14:28:44 | 🔻 Book guard: $1.44 of $100.00 used this month on marked equity (1%, from $500.00) · realised today -0.03% [C497]
14:28:44 | ============================================================
14:28:44 | 
14:32:29 |    👻 C489 shadow hour 09:00 UTC: 39 coins scored (full (16 features)), gate shut | M1 $502.87 (+0.61%) M1g $499.83 (+0.00%) over 1d [3s]
 
  14:36  up 3h20m  daily book --------------------------------------------------------------------
  EQUITY    $498.62  unreal $-1.21
  OPEN      no intraday positions  book holds 12 (BOOK row)  free $432.00 after open P&L
  SHADOW    intraday M1 $502.87 (+0.61%)  M1g $499.83 (+0.00%)  1d paper only
  CARRY     $499.07 (-0.15%)  8 held  paper only
  SPOT      $249.93 (-0.03%)  3 held  10% invested  cash earns 6.69%  paper pot
  SAVINGS   idle $307.35 (62%)  at 6.69% +$0.01 so far  ~$1.71/month  paper
  BOOK      12 pos gross $330.66 (0.66x)  open $-1.22  funding $+0.00  vol 27% top 20
            rebal 2026-10-01
  CONTEXT   since 01 Oct -0.28%  under a day: too early to judge
  RULE      C2 N2+N3  forward test (paper)
  TOURNEY   7 rules held  first score at the next rebalance, for 2026-10-01
  DATA      on time  prices 33s  funding booked  book today  shadow 09:00  carry today
            spot pot today
  SESSION   $-2.00 -0.40%  peak $500.89  dd 0.45%
  CURVE     ++++++++++++==============
  MONTH     book guard $1.38 of $100.00 used  on marked equity  from $500.00  dial 20%
            ..........................
  RECORD    book closed 0  0W 0L  net $+0.00  fees and funding in
  FEES      no fills yet this run (the book trades at 00:05 UTC)
  ------------------------------------------------------------------------------------------------
 
14:36:44 | 
14:36:44 | ============================================================
14:36:44 | 📊 POSITION SUMMARY (8-MIN UPDATE)
14:36:44 | 💰 Equity: $499.83 | Unrealized: $-1.21
14:36:44 | 💵 Available: $432.00 after open P&L | Locked: $66.62
14:36:44 | 📈 Session: $-2.00 (-0.4%)
14:36:44 | 🎯 C510 Book (what trades): 12 positions, gross 0.66x, open $-1.22 | rule C2 N2+N3 | closed 0: 0W/0L $+0.00
14:36:44 | ============================================================
14:36:44 | ============================================================
14:36:44 | 🔻 Book guard: $1.38 of $100.00 used this month on marked equity (1%, from $500.00) · realised today -0.03% [C497]
14:36:44 | ============================================================
14:36:44 | 
 
  14:44  up 3h28m  daily book --------------------------------------------------------------------
  EQUITY    $498.98  unreal $-0.85
  OPEN      no intraday positions  book holds 12 (BOOK row)  free $432.36 after open P&L
  SHADOW    intraday M1 $502.87 (+0.61%)  M1g $499.83 (+0.00%)  1d paper only
  CARRY     $499.07 (-0.15%)  8 held  paper only
  SPOT      $249.94 (-0.02%)  3 held  10% invested  cash earns 6.69%  paper pot
  SAVINGS   idle $307.55 (62%)  at 6.69% +$0.01 so far  ~$1.71/month  paper
  BOOK      12 pos gross $331.22 (0.66x)  open $-0.85  funding $+0.00  vol 27% top 20
            rebal 2026-10-01
  CONTEXT   since 01 Oct -0.20%  under a day: too early to judge
  RULE      C2 N2+N3  forward test (paper)
  TOURNEY   7 rules held  first score at the next rebalance, for 2026-10-01
  DATA      on time  prices 26s  funding booked  book today  shadow 09:00  carry today
            spot pot today
  SESSION   $-1.64 -0.33%  peak $500.89  dd 0.38%
  CURVE     ++++++++++++===============
  MONTH     book guard $1.02 of $100.00 used  on marked equity  from $500.00  dial 20%
            ..........................
  RECORD    book closed 0  0W 0L  net $+0.00  fees and funding in
  FEES      no fills yet this run (the book trades at 00:05 UTC)
  ------------------------------------------------------------------------------------------------
 
14:44:45 | 
14:44:45 | ============================================================
14:44:45 | 📊 POSITION SUMMARY (8-MIN UPDATE)
14:44:45 | 💰 Equity: $499.83 | Unrealized: $-0.85
14:44:45 | 💵 Available: $432.36 after open P&L | Locked: $66.62
14:44:45 | 📈 Session: $-1.64 (-0.3%)
14:44:45 | 🎯 C510 Book (what trades): 12 positions, gross 0.66x, open $-0.85 | rule C2 N2+N3 | closed 0: 0W/0L $+0.00
14:44:45 | ============================================================
14:44:45 | ============================================================
14:44:45 | 🔻 Book guard: $1.02 of $100.00 used this month on marked equity (1%, from $500.00) · realised today -0.03% [C497]
14:44:45 | ============================================================
14:44:45 | 
 
  14:52  up 3h36m  daily book --------------------------------------------------------------------
  EQUITY    $499.10  unreal $-0.73
  OPEN      no intraday positions  book holds 12 (BOOK row)  free $432.48 after open P&L
  SHADOW    intraday M1 $502.87 (+0.61%)  M1g $499.83 (+0.00%)  1d paper only
  CARRY     $499.07 (-0.15%)  8 held  paper only
  SPOT      $249.96 (-0.02%)  3 held  10% invested  cash earns 6.69%  paper pot
  SAVINGS   idle $307.69 (62%)  at 6.69% +$0.01 so far  ~$1.72/month  paper
  BOOK      12 pos gross $331.28 (0.66x)  open $-0.72  funding $+0.00  vol 27% top 20
            rebal 2026-10-01
  CONTEXT   since 01 Oct -0.18%  under a day: too early to judge
  RULE      C2 N2+N3  forward test (paper)
  TOURNEY   7 rules held  first score at the next rebalance, for 2026-10-01
  DATA      on time  prices 19s  funding booked  book today  shadow 09:00  carry today
            spot pot today
  SESSION   $-1.52 -0.30%  peak $500.89  dd 0.36%
  CURVE     ++++++++++++================
  MONTH     book guard $0.90 of $100.00 used  on marked equity  from $500.00  dial 20%
            ..........................
  RECORD    book closed 0  0W 0L  net $+0.00  fees and funding in
  FEES      no fills yet this run (the book trades at 00:05 UTC)
  ------------------------------------------------------------------------------------------------
 
14:52:45 | 
14:52:45 | ============================================================
14:52:45 | 📊 POSITION SUMMARY (8-MIN UPDATE)
14:52:45 | 💰 Equity: $499.83 | Unrealized: $-0.73
14:52:45 | 💵 Available: $432.48 after open P&L | Locked: $66.62
14:52:45 | 📈 Session: $-1.52 (-0.3%)
14:52:45 | 🎯 C510 Book (what trades): 12 positions, gross 0.66x, open $-0.72 | rule C2 N2+N3 | closed 0: 0W/0L $+0.00
14:52:45 | ============================================================
14:52:45 | ============================================================
14:52:45 | 🔻 Book guard: $0.90 of $100.00 used this month on marked equity (1%, from $500.00) · realised today -0.03% [C497]
14:52:45 | ============================================================
14:52:45 | 
 
  15:00  up 3h44m  daily book --------------------------------------------------------------------
  EQUITY    $499.11  unreal $-0.72
  OPEN      no intraday positions  book holds 12 (BOOK row)  free $432.49 after open P&L
  SHADOW    intraday M1 $502.87 (+0.61%)  M1g $499.83 (+0.00%)  1d paper only
  CARRY     $499.07 (-0.15%)  8 held  paper only
  SPOT      $249.96 (-0.01%)  3 held  10% invested  cash earns 6.69%  paper pot
  SAVINGS   idle $307.67 (62%)  at 6.69% +$0.01 so far  ~$1.72/month  paper
  BOOK      12 pos gross $331.40 (0.66x)  open $-0.72  funding $+0.00  vol 27% top 20
            rebal 2026-10-01
  CONTEXT   since 01 Oct -0.18%  under a day: too early to judge
  RULE      C2 N2+N3  forward test (paper)
  TOURNEY   7 rules held  first score at the next rebalance, for 2026-10-01
  DATA      on time  prices 12s  funding booked  book today  shadow 09:00  carry today
            spot pot today
  SESSION   $-1.51 -0.30%  peak $500.89  dd 0.36%
  CURVE     ++++++++++++=================
  MONTH     book guard $0.89 of $100.00 used  on marked equity  from $500.00  dial 20%
            ..........................
  RECORD    book closed 0  0W 0L  net $+0.00  fees and funding in
  FEES      no fills yet this run (the book trades at 00:05 UTC)
  ------------------------------------------------------------------------------------------------
 
15:00:45 | 
15:00:45 | ============================================================
15:00:45 | 📊 POSITION SUMMARY (8-MIN UPDATE)
15:00:45 | 💰 Equity: $499.83 | Unrealized: $-0.72
15:00:45 | 💵 Available: $432.49 after open P&L | Locked: $66.62
15:00:45 | 📈 Session: $-1.51 (-0.3%)
15:00:45 | 🎯 C510 Book (what trades): 12 positions, gross 0.66x, open $-0.72 | rule C2 N2+N3 | closed 0: 0W/0L $+0.00
15:00:45 | ============================================================
15:00:45 | ============================================================
15:00:45 | 🔻 Book guard: $0.89 of $100.00 used this month on marked equity (1%, from $500.00) · realised today -0.03% [C497]
15:00:45 | ============================================================
15:00:45 | 
 
  15:08  up 3h52m  daily book --------------------------------------------------------------------
  EQUITY    $499.17  unreal $-0.66
  OPEN      no intraday positions  book holds 12 (BOOK row)  free $432.55 after open P&L
  SHADOW    intraday M1 $502.87 (+0.61%)  M1g $499.83 (+0.00%)  1d paper only
  CARRY     $499.07 (-0.15%)  8 held  paper only
  SPOT      $249.99 (-0.00%)  3 held  10% invested  cash earns 6.69%  paper pot
  SAVINGS   idle $307.75 (62%)  at 6.69% +$0.01 so far  ~$1.72/month  paper
  BOOK      12 pos gross $331.43 (0.66x)  open $-0.66  funding $+0.00  vol 27% top 20
            rebal 2026-10-01
  CONTEXT   since 01 Oct -0.17%  under a day: too early to judge
  RULE      C2 N2+N3  forward test (paper)
  TOURNEY   7 rules held  first score at the next rebalance, for 2026-10-01
  DATA      on time  prices 5s  funding booked  book today  shadow 09:00  carry today
            spot pot today
  SESSION   $-1.45 -0.29%  peak $500.89  dd 0.34%
  CURVE     ++++++++++++==================
  MONTH     book guard $0.83 of $100.00 used  on marked equity  from $500.00  dial 20%
            ..........................
  RECORD    book closed 0  0W 0L  net $+0.00  fees and funding in
  FEES      no fills yet this run (the book trades at 00:05 UTC)
  ------------------------------------------------------------------------------------------------
 
15:08:45 | 
15:08:45 | ============================================================
15:08:45 | 📊 POSITION SUMMARY (8-MIN UPDATE)
15:08:45 | 💰 Equity: $499.83 | Unrealized: $-0.66
15:08:45 | 💵 Available: $432.55 after open P&L | Locked: $66.62
15:08:45 | 📈 Session: $-1.45 (-0.3%)
15:08:45 | 🎯 C510 Book (what trades): 12 positions, gross 0.66x, open $-0.66 | rule C2 N2+N3 | closed 0: 0W/0L $+0.00
15:08:45 | ============================================================
15:08:45 | ============================================================
15:08:45 | 🔻 Book guard: $0.83 of $100.00 used this month on marked equity (1%, from $500.00) · realised today -0.03% [C497]
15:08:45 | ============================================================
15:08:45 | 
 
  15:16  up 4h00m  daily book --------------------------------------------------------------------
  EQUITY    $499.22  unreal $-0.61
  OPEN      no intraday positions  book holds 12 (BOOK row)  free $432.60 after open P&L
  SHADOW    intraday M1 $502.87 (+0.61%)  M1g $499.83 (+0.00%)  1d paper only
  CARRY     $499.07 (-0.15%)  8 held  paper only
  SPOT      $249.99 (-0.00%)  3 held  10% invested  cash earns 6.69%  paper pot
  SAVINGS   idle $307.80 (62%)  at 6.69% +$0.01 so far  ~$1.72/month  paper
  BOOK      12 pos gross $331.33 (0.66x)  open $-0.61  funding $+0.00  vol 27% top 20
            rebal 2026-10-01
  CONTEXT   since 01 Oct -0.16%  under a day: too early to judge
  RULE      C2 N2+N3  forward test (paper)
  TOURNEY   7 rules held  first score at the next rebalance, for 2026-10-01
  DATA      on time  prices 39s  funding booked  book today  shadow 09:00  carry today
            spot pot today
  SESSION   $-1.40 -0.28%  peak $500.89  dd 0.33%
  CURVE     ++++++++++++===================
  MONTH     book guard $0.78 of $100.00 used  on marked equity  from $500.00  dial 20%
            ..........................
  RECORD    book closed 0  0W 0L  net $+0.00  fees and funding in
  FEES      no fills yet this run (the book trades at 00:05 UTC)
  ------------------------------------------------------------------------------------------------
 
15:16:46 | 
15:16:46 | ============================================================
15:16:46 | 📊 POSITION SUMMARY (8-MIN UPDATE)
15:16:46 | 💰 Equity: $499.83 | Unrealized: $-0.61
15:16:46 | 💵 Available: $432.60 after open P&L | Locked: $66.62
15:16:46 | 📈 Session: $-1.40 (-0.3%)
15:16:46 | 🎯 C510 Book (what trades): 12 positions, gross 0.66x, open $-0.61 | rule C2 N2+N3 | closed 0: 0W/0L $+0.00
15:16:46 | ============================================================
15:16:46 | ============================================================
15:16:46 | 🔻 Book guard: $0.78 of $100.00 used this month on marked equity (1%, from $500.00) · realised today -0.03% [C497]
15:16:46 | ============================================================
15:16:46 | 
