09:55:53 | 📊 Paper Mode
09:55:53 | ✅ Connected | 737 futures markets (Binance USDⓈ-M)
09:55:53 | 📊 Binance Fees: Maker 0.02% | Taker 0.05%
09:55:53 | 📊 Market type: PERPETUAL FUTURES (swap) — verified
09:55:53 | 📋 Limit Orders: ENABLED (offset 0.1%) -- the idle intraday scanner's; the book trades with market orders
09:55:53 | 📂 Loaded state: $501.56 realised | 0 intraday positions | available $439.53 before open P&L (locked $62.02)
09:55:53 | 📐 RISK @ $501.56: monthly dial 20% = $100.00/month (20% of this month's anchor $500.00)  |  the portfolio book trades: its month guard closes the book if MARKED equity falls that far below the month's anchor [C497]
 
  ================================================================================================
  OMEGA C536  PAPER  Binance perps
  06 Oct 2026   09:55
  start $501.56 realised  risk dial 20%/month
  ================================================================================================
 
  RISK FRAME -------------------------------------------------------------------------------------
  EQUITY    $501.56 realised  737 markets
  MONTH     dial 20% = $100.00 this month
            used $0.00 realised (the guard counts MARKED equity once prices load)
  BOOK      daily trend + momentum + carry, rebalanced 00:05 UTC
            month guard on MARKED equity (open P&L counts)  intraday scanner idle
  ------------------------------------------------------------------------------------------------
 
09:55:53 |    (legacy Flask page not installed — the dashboard is the control panel)
09:55:53 | 🌐 Remote control on http://0.0.0.0:8138 — TOKEN REQUIRED
09:55:53 |    📱 Local network: http://10.0.0.160:8138/?t=<your token> (this machine's own address)
09:55:53 |    🌍 Internet: put a Cloudflare Tunnel in front of this port.
09:55:53 |        See deploy/DEPLOY.md — one command, no open ports, free.
09:55:53 | ============================================================
09:55:53 | 🤖 OMEGA V60 — INFORMATION ENGINE (C466)
09:55:53 | 📊 C532 YOUR PLAN (paper until you go live): Delta vs Pi42 funding gap (both in rupees) $1000 = $1000 of your $1000
09:55:53 | 📊 C503 WHAT IS RUNNING -- the portfolio book trades the Binance paper account (an experiment, not your plan):
09:55:53 |    RULE   C2 N2+N3 + range vol (GK): C2 = residual momentum, no crowded shorts (N2+N3) -- a FORWARD TEST in paper (C510); the admitted rule is scored beside it in the rule tournament
09:55:53 |    BOOK   trend (C1) + momentum (C2) + carry (C3), equal risk; vol target 27% from the 20% dial; gross <= 3x equity; top 20 crypto; $6 minimum; 30% band
09:55:53 |           rebalanced daily 00:05 UTC with market orders (paper fills at the ask/bid, taker 0.05%); 5x cross margin; funding at each coin's own interval; its one limit is the month guard on MARKED equity
09:55:53 |    PAPER  never touches the account: intraday shadow (C489) hourly · carry (C490) 00:10 UTC · spot pot (C501/C502) $250, spot minimum $5, 00:20 UTC · idle cash -> Savings at Binance's own rate (read every 6 h; 6.69% until the first read) every minute · rule tournament (C510, 9 rules on the same prices) at each rebalance · BFUSD wallet at 7.66% (C521) · the same book on Delta Exchange India, $500 (C521), an experiment · Delta vs Pi42 funding spread, both legs, $1000 (C532: both in rupees; Pi42's rates read from Binance, its source)
09:55:53 |    IDLE   the intraday scanner, the OLD strategy (139 trades, 44W/95L before the 29 Sep 2026 fresh start; it lost after fees): it opens nothing, and its boot description is not printed (OMEGA_ENGINE=intraday runs and describes it)
09:55:54 | 💡 Stop safely: sudo systemctl stop omega (Ctrl+C only when run by hand)
09:55:54 | ============================================================
09:55:54 | 🔄 Monitoring thread started — SPLIT LOOP [C397]: FAST leg every 0.8s (prices in PARALLEL → hard stop, trailing floor, peak floor, capture floor); SLOW leg every 20s (OHLCV/DRI) and 90s (BTC/ETH regime, AFTER positions are checked, never before) -- it watches INTRADAY positions; the book has no stops, its one limit is the month guard
09:55:56 |    🇮🇳 C534 Pi42's coin list loaded: 182 rupee perps (api.pi42.com); held pairs Pi42 does not list, closed at the next daily run: none
09:55:56 |    🏦 C527 Binance Flexible Savings USDT: 6.76% = 2.76% market + 4.00% on the first 1,000 USDT (read every 6 h)
09:55:58 | 💼 C488: portfolio engine ON -- the intraday scanner opens no new positions (OMEGA_ENGINE=intraday restores it); the book holds 11 positions
 
  10:03  up 0h08m  daily book --------------------------------------------------------------------
  PLAN      $997.25 of $1,000.00 ($-2.75)  after tax on net profit $997.25
            Delta vs Pi42 funding gap $997.25  paper
  BELOW     experiments, not your money
  EQUITY    $502.52  unreal $+0.96
  OPEN      no intraday positions  book holds 11 (BOOK row)  free $440.50 after open P&L
  SHADOW    intraday M1 $506.89 (+1.43%)  M1g $514.42 (+2.94%)  5d paper only
  CARRY     $498.94 (-0.18%)  8 held  paper only
  SPOT      $249.53 (-0.19%)  3 held  8% invested  cash earns 6.76%  paper pot
  SAVINGS   idle $314.84 (63%)  at 6.76% +$0.29 so far  ~$1.77/month  paper
  BFUSD     wallet $502.48 at 7.66%  +$0.41 so far  ~$3.21/month  vs Savings $1.77  paper
  DELTA     $503.61 (+0.72%)  9 held  fees $0.37  funding $+0.19
            paper experiment: the book on Delta
  XVENUE    $996.30 (-0.37%)  10 pairs  funding $+3.79  fees $4.87  paper, Delta vs Pi42
  BOOK      11 pos gross $309.09 (0.61x)  open $+0.96  funding $-0.07  vol 27% top 20
            rebal 2026-10-06
  CONTEXT   since 01 Oct $+2.52 (+0.50%) in 5.0d  normal -2.6% to +4.6%  top 46%: normal
  RULE      C2 N2+N3 + range vol (GK)  forward test (paper)
  TOURNEY   5d from 2026-10-01  base +0.17%  N2 +0.03%  N3 +0.36%  N2+N3 +0.32%  +K4 +0.67%
            +GK* +0.40%  +K4+GK +0.83%  +GK+DD +0.66%  +GK+XA +1.81%
  DATA      on time  prices 32s  funding booked  book today  shadow 04:00  carry today
            spot pot today
  SESSION   $+0.08 +0.02%
  MONTH     book guard $0.00 of $100.00 used  on marked equity  from $500.00  dial 20%
            ..........................
  RECORD    book closed 8  5W 3L  net $+1.78  fees and funding in
  FEES      no fills yet this run (the book trades at 00:05 UTC)
  ------------------------------------------------------------------------------------------------
 
10:03:53 | 
10:03:53 | ============================================================
10:03:53 | 📊 POSITION SUMMARY (8-MIN UPDATE)
10:03:53 | 💰 Equity: $502.52 marked (the Binance book, an experiment) = cash $501.56 + open $+0.96
10:03:53 | 💵 Available: $440.50 after open P&L | Locked: $62.02
10:03:53 | 📈 Session: $+0.08 (+0.0%)
10:03:53 | 🎯 C510 Book (what trades): 11 positions, gross 0.61x, open $+0.96 | rule C2 N2+N3 + range vol (GK) | closed 8: 5W/3L $+1.78 | since 01 Oct +0.50% (normal)
10:03:53 | ============================================================
10:03:53 | ============================================================
10:03:53 | 🔵 Book guard: $0.00 of $100.00 used this month on marked equity (0%, from $500.00) · realised today +0.38% [C497]
10:03:53 | ============================================================
10:03:53 | 
 
  10:11  up 0h16m  daily book --------------------------------------------------------------------
  PLAN      $997.34 of $1,000.00 ($-2.66)  after tax on net profit $997.34
            Delta vs Pi42 funding gap $997.34  paper
  BELOW     experiments, not your money
  EQUITY    $502.73  unreal $+1.17
  OPEN      no intraday positions  book holds 11 (BOOK row)  free $440.71 after open P&L
  SHADOW    intraday M1 $506.89 (+1.43%)  M1g $514.42 (+2.94%)  5d paper only
  CARRY     $498.94 (-0.18%)  8 held  paper only
  SPOT      $249.57 (-0.17%)  3 held  8% invested  cash earns 6.76%  paper pot
  SAVINGS   idle $314.94 (63%)  at 6.76% +$0.29 so far  ~$1.77/month  paper
  BFUSD     wallet $502.62 at 7.66%  +$0.41 so far  ~$3.21/month  vs Savings $1.77  paper
  DELTA     $503.68 (+0.74%)  9 held  fees $0.37  funding $+0.19
            paper experiment: the book on Delta
  XVENUE    $996.30 (-0.37%)  10 pairs  funding $+3.79  fees $4.87  paper, Delta vs Pi42
  BOOK      11 pos gross $309.62 (0.62x)  open $+1.17  funding $-0.07  vol 27% top 20
            rebal 2026-10-06
  CONTEXT   since 01 Oct $+2.73 (+0.55%) in 5.0d  normal -2.6% to +4.6%  top 45%: normal
  RULE      C2 N2+N3 + range vol (GK)  forward test (paper)
  TOURNEY   5d from 2026-10-01  base +0.17%  N2 +0.03%  N3 +0.36%  N2+N3 +0.32%  +K4 +0.67%
            +GK* +0.40%  +K4+GK +0.83%  +GK+DD +0.66%  +GK+XA +1.81%
  DATA      on time  prices 26s  funding booked  book today  shadow 04:00  carry today
            spot pot today
  SESSION   $+0.29 +0.06%
  MONTH     book guard $0.00 of $100.00 used  on marked equity  from $500.00  dial 20%
            ..........................
  RECORD    book closed 8  5W 3L  net $+1.78  fees and funding in
  FEES      no fills yet this run (the book trades at 00:05 UTC)
  ------------------------------------------------------------------------------------------------
 
10:11:54 | 
10:11:54 | ============================================================
10:11:54 | 📊 POSITION SUMMARY (8-MIN UPDATE)
10:11:54 | 💰 Equity: $502.73 marked (the Binance book, an experiment) = cash $501.56 + open $+1.17
10:11:54 | 💵 Available: $440.71 after open P&L | Locked: $62.02
10:11:54 | 📈 Session: $+0.29 (+0.1%)
10:11:54 | 🎯 C510 Book (what trades): 11 positions, gross 0.62x, open $+1.17 | rule C2 N2+N3 + range vol (GK) | closed 8: 5W/3L $+1.78 | since 01 Oct +0.55% (normal)
10:11:54 | ============================================================
10:11:54 | ============================================================
10:11:54 | 🔵 Book guard: $0.00 of $100.00 used this month on marked equity (0%, from $500.00) · realised today +0.38% [C497]
10:11:54 | ============================================================
10:11:54 | 
 
  10:19  up 0h24m  daily book --------------------------------------------------------------------
  PLAN      $997.14 of $1,000.00 ($-2.86)  after tax on net profit $997.14
            Delta vs Pi42 funding gap $997.14  paper
  BELOW     experiments, not your money
  EQUITY    $502.59  unreal $+1.03
  OPEN      no intraday positions  book holds 11 (BOOK row)  free $440.57 after open P&L
  SHADOW    intraday M1 $506.89 (+1.43%)  M1g $514.42 (+2.94%)  5d paper only
  CARRY     $498.94 (-0.18%)  8 held  paper only
  SPOT      $249.55 (-0.18%)  3 held  8% invested  cash earns 6.76%  paper pot
  SAVINGS   idle $314.95 (63%)  at 6.76% +$0.29 so far  ~$1.77/month  paper
  BFUSD     wallet $502.63 at 7.66%  +$0.41 so far  ~$3.21/month  vs Savings $1.77  paper
  DELTA     $503.70 (+0.74%)  9 held  fees $0.37  funding $+0.19
            paper experiment: the book on Delta
  XVENUE    $996.30 (-0.37%)  10 pairs  funding $+3.79  fees $4.87  paper, Delta vs Pi42
  BOOK      11 pos gross $309.04 (0.61x)  open $+1.03  funding $-0.07  vol 27% top 20
            rebal 2026-10-06
  CONTEXT   since 01 Oct $+2.59 (+0.52%) in 5.0d  normal -2.6% to +4.6%  top 46%: normal
  RULE      C2 N2+N3 + range vol (GK)  forward test (paper)
  TOURNEY   5d from 2026-10-01  base +0.17%  N2 +0.03%  N3 +0.36%  N2+N3 +0.32%  +K4 +0.67%
            +GK* +0.40%  +K4+GK +0.83%  +GK+DD +0.66%  +GK+XA +1.81%
  DATA      on time  prices 18s  funding booked  book today  shadow 04:00  carry today
            spot pot today
  SESSION   $+0.15 +0.03%  peak $502.73  dd 0.03%
  MONTH     book guard $0.00 of $100.00 used  on marked equity  from $500.00  dial 20%
            ..........................
  RECORD    book closed 8  5W 3L  net $+1.78  fees and funding in
  FEES      no fills yet this run (the book trades at 00:05 UTC)
  ------------------------------------------------------------------------------------------------
 
10:19:54 | 
10:19:54 | ============================================================
10:19:54 | 📊 POSITION SUMMARY (8-MIN UPDATE)
10:19:54 | 💰 Equity: $502.59 marked (the Binance book, an experiment) = cash $501.56 + open $+1.03
10:19:54 | 💵 Available: $440.57 after open P&L | Locked: $62.02
10:19:54 | 📈 Session: $+0.15 (+0.0%)
10:19:54 | 🎯 C510 Book (what trades): 11 positions, gross 0.61x, open $+1.03 | rule C2 N2+N3 + range vol (GK) | closed 8: 5W/3L $+1.78 | since 01 Oct +0.52% (normal)
10:19:54 | ============================================================
10:19:54 | ============================================================
10:19:54 | 🔵 Book guard: $0.00 of $100.00 used this month on marked equity (0%, from $500.00) · realised today +0.38% [C497]
10:19:54 | ============================================================
10:19:54 | 
 
  10:27  up 0h32m  daily book --------------------------------------------------------------------
  PLAN      $997.24 of $1,000.00 ($-2.76)  after tax on net profit $997.24
            Delta vs Pi42 funding gap $997.24  paper
  BELOW     experiments, not your money
  EQUITY    $502.51  unreal $+0.95
  OPEN      no intraday positions  book holds 11 (BOOK row)  free $440.49 after open P&L
  SHADOW    intraday M1 $506.89 (+1.43%)  M1g $514.42 (+2.94%)  5d paper only
  CARRY     $498.94 (-0.18%)  8 held  paper only
  SPOT      $249.56 (-0.18%)  3 held  8% invested  cash earns 6.76%  paper pot
  SAVINGS   idle $314.89 (63%)  at 6.76% +$0.29 so far  ~$1.77/month  paper
  BFUSD     wallet $502.55 at 7.66%  +$0.41 so far  ~$3.21/month  vs Savings $1.77  paper
  DELTA     $503.64 (+0.73%)  9 held  fees $0.37  funding $+0.19
            paper experiment: the book on Delta
  XVENUE    $996.30 (-0.37%)  10 pairs  funding $+3.79  fees $4.87  paper, Delta vs Pi42
  BOOK      11 pos gross $308.94 (0.61x)  open $+0.95  funding $-0.07  vol 27% top 20
            rebal 2026-10-06
  CONTEXT   since 01 Oct $+2.51 (+0.50%) in 5.0d  normal -2.6% to +4.6%  top 46%: normal
  RULE      C2 N2+N3 + range vol (GK)  forward test (paper)
  TOURNEY   5d from 2026-10-01  base +0.17%  N2 +0.03%  N3 +0.36%  N2+N3 +0.32%  +K4 +0.67%
            +GK* +0.40%  +K4+GK +0.83%  +GK+DD +0.66%  +GK+XA +1.81%
  DATA      on time  prices 12s  funding booked  book today  shadow 04:00  carry today
            spot pot today
  SESSION   $+0.07 +0.01%  peak $502.73  dd 0.04%
  MONTH     book guard $0.00 of $100.00 used  on marked equity  from $500.00  dial 20%
            ..........................
  RECORD    book closed 8  5W 3L  net $+1.78  fees and funding in
  FEES      no fills yet this run (the book trades at 00:05 UTC)
  ------------------------------------------------------------------------------------------------
 
10:27:55 | 
10:27:55 | ============================================================
10:27:55 | 📊 POSITION SUMMARY (8-MIN UPDATE)
10:27:55 | 💰 Equity: $502.51 marked (the Binance book, an experiment) = cash $501.56 + open $+0.95
10:27:55 | 💵 Available: $440.49 after open P&L | Locked: $62.02
10:27:55 | 📈 Session: $+0.07 (+0.0%)
10:27:55 | 🎯 C510 Book (what trades): 11 positions, gross 0.61x, open $+0.95 | rule C2 N2+N3 + range vol (GK) | closed 8: 5W/3L $+1.78 | since 01 Oct +0.50% (normal)
10:27:55 | ============================================================
10:27:55 | ============================================================
10:27:55 | 🔵 Book guard: $0.00 of $100.00 used this month on marked equity (0%, from $500.00) · realised today +0.38% [C497]
10:27:55 | ============================================================
10:27:55 | 
10:32:41 |    👻 C489 shadow hour 05:00 UTC: 39 coins scored (full (16 features)), gate OPEN | M1 $507.42 (+1.54%) M1g $514.96 (+3.05%) over 5d [14s]
 
  10:35  up 0h40m  daily book --------------------------------------------------------------------
  PLAN      $997.25 of $1,000.00 ($-2.75)  after tax on net profit $997.25
            Delta vs Pi42 funding gap $997.25  paper
  BELOW     experiments, not your money
  EQUITY    $502.57  unreal $+1.01
  OPEN      no intraday positions  book holds 11 (BOOK row)  free $440.55 after open P&L
  SHADOW    intraday M1 $507.42 (+1.54%)  M1g $514.96 (+3.05%)  5d paper only
  CARRY     $498.94 (-0.18%)  8 held  paper only
  SPOT      $249.58 (-0.17%)  3 held  8% invested  cash earns 6.76%  paper pot
  SAVINGS   idle $314.92 (63%)  at 6.76% +$0.29 so far  ~$1.77/month  paper
  BFUSD     wallet $502.59 at 7.66%  +$0.41 so far  ~$3.21/month  vs Savings $1.77  paper
  DELTA     $503.76 (+0.75%)  9 held  fees $0.37  funding $+0.19
            paper experiment: the book on Delta
  XVENUE    $996.30 (-0.37%)  10 pairs  funding $+3.79  fees $4.87  paper, Delta vs Pi42
  BOOK      11 pos gross $309.13 (0.61x)  open $+1.01  funding $-0.07  vol 27% top 20
            rebal 2026-10-06
  CONTEXT   since 01 Oct $+2.57 (+0.51%) in 5.0d  normal -2.6% to +4.6%  top 46%: normal
  RULE      C2 N2+N3 + range vol (GK)  forward test (paper)
  TOURNEY   5d from 2026-10-01  base +0.17%  N2 +0.03%  N3 +0.36%  N2+N3 +0.32%  +K4 +0.67%
            +GK* +0.40%  +K4+GK +0.83%  +GK+DD +0.66%  +GK+XA +1.81%
  DATA      on time  prices 5s  funding booked  book today  shadow 05:00  carry today
            spot pot today
  SESSION   $+0.13 +0.03%  peak $502.73  dd 0.03%
  CURVE     ==++==
  MONTH     book guard $0.00 of $100.00 used  on marked equity  from $500.00  dial 20%
            ..........................
  RECORD    book closed 8  5W 3L  net $+1.78  fees and funding in
  FEES      no fills yet this run (the book trades at 00:05 UTC)
  ------------------------------------------------------------------------------------------------
 
10:35:55 | 
10:35:55 | ============================================================
10:35:55 | 📊 POSITION SUMMARY (8-MIN UPDATE)
10:35:55 | 💰 Equity: $502.57 marked (the Binance book, an experiment) = cash $501.56 + open $+1.01
10:35:55 | 💵 Available: $440.55 after open P&L | Locked: $62.02
10:35:55 | 📈 Session: $+0.13 (+0.0%)
10:35:55 | 🎯 C510 Book (what trades): 11 positions, gross 0.61x, open $+1.01 | rule C2 N2+N3 + range vol (GK) | closed 8: 5W/3L $+1.78 | since 01 Oct +0.51% (normal)
10:35:55 | ============================================================
10:35:55 | ============================================================
10:35:55 | 🔵 Book guard: $0.00 of $100.00 used this month on marked equity (0%, from $500.00) · realised today +0.38% [C497]
10:35:55 | ============================================================
10:35:55 | 
 
  10:43  up 0h48m  daily book --------------------------------------------------------------------
  PLAN      $997.27 of $1,000.00 ($-2.73)  after tax on net profit $997.27
            Delta vs Pi42 funding gap $997.27  paper
  BELOW     experiments, not your money
  EQUITY    $502.78  unreal $+1.22
  OPEN      no intraday positions  book holds 11 (BOOK row)  free $440.76 after open P&L
  SHADOW    intraday M1 $507.42 (+1.54%)  M1g $514.96 (+3.05%)  5d paper only
  CARRY     $498.94 (-0.18%)  8 held  paper only
  SPOT      $249.61 (-0.16%)  3 held  8% invested  cash earns 6.76%  paper pot
  SAVINGS   idle $315.06 (63%)  at 6.76% +$0.29 so far  ~$1.77/month  paper
  BFUSD     wallet $502.78 at 7.66%  +$0.41 so far  ~$3.21/month  vs Savings $1.77  paper
  DELTA     $503.92 (+0.78%)  9 held  fees $0.37  funding $+0.19
            paper experiment: the book on Delta
  XVENUE    $996.30 (-0.37%)  10 pairs  funding $+3.79  fees $4.87  paper, Delta vs Pi42
  BOOK      11 pos gross $309.69 (0.62x)  open $+1.22  funding $-0.07  vol 27% top 20
            rebal 2026-10-06
  CONTEXT   since 01 Oct $+2.78 (+0.56%) in 5.1d  normal -2.6% to +4.6%  top 45%: normal
  RULE      C2 N2+N3 + range vol (GK)  forward test (paper)
  TOURNEY   5d from 2026-10-01  base +0.17%  N2 +0.03%  N3 +0.36%  N2+N3 +0.32%  +K4 +0.67%
            +GK* +0.40%  +K4+GK +0.83%  +GK+DD +0.66%  +GK+XA +1.81%
  DATA      on time  prices 39s  funding booked  book today  shadow 05:00  carry today
            spot pot today
  SESSION   $+0.34 +0.07%
  CURVE     ==+===+
  MONTH     book guard $0.00 of $100.00 used  on marked equity  from $500.00  dial 20%
            ..........................
  RECORD    book closed 8  5W 3L  net $+1.78  fees and funding in
  FEES      no fills yet this run (the book trades at 00:05 UTC)
  ------------------------------------------------------------------------------------------------
 
10:43:55 | 
10:43:55 | ============================================================
10:43:55 | 📊 POSITION SUMMARY (8-MIN UPDATE)
10:43:55 | 💰 Equity: $502.78 marked (the Binance book, an experiment) = cash $501.56 + open $+1.22
10:43:55 | 💵 Available: $440.76 after open P&L | Locked: $62.02
10:43:55 | 📈 Session: $+0.34 (+0.1%)
10:43:55 | 🎯 C510 Book (what trades): 11 positions, gross 0.62x, open $+1.22 | rule C2 N2+N3 + range vol (GK) | closed 8: 5W/3L $+1.78 | since 01 Oct +0.56% (normal)
10:43:55 | ============================================================
10:43:55 | ============================================================
10:43:55 | 🔵 Book guard: $0.00 of $100.00 used this month on marked equity (0%, from $500.00) · realised today +0.38% [C497]
10:43:55 | ============================================================
10:43:55 | 
 
  10:51  up 0h56m  daily book --------------------------------------------------------------------
  PLAN      $996.92 of $1,000.00 ($-3.08)  after tax on net profit $996.92
            Delta vs Pi42 funding gap $996.92  paper
  BELOW     experiments, not your money
  EQUITY    $502.51  unreal $+0.95
  OPEN      no intraday positions  book holds 11 (BOOK row)  free $440.49 after open P&L
  SHADOW    intraday M1 $507.42 (+1.54%)  M1g $514.96 (+3.05%)  5d paper only
  CARRY     $498.94 (-0.18%)  8 held  paper only
  SPOT      $249.58 (-0.17%)  3 held  8% invested  cash earns 6.76%  paper pot
  SAVINGS   idle $314.86 (63%)  at 6.76% +$0.29 so far  ~$1.77/month  paper
  BFUSD     wallet $502.51 at 7.66%  +$0.41 so far  ~$3.21/month  vs Savings $1.77  paper
  DELTA     $503.56 (+0.71%)  9 held  fees $0.37  funding $+0.19
            paper experiment: the book on Delta
  XVENUE    $996.30 (-0.37%)  10 pairs  funding $+3.79  fees $4.87  paper, Delta vs Pi42
  BOOK      11 pos gross $309.04 (0.61x)  open $+0.95  funding $-0.07  vol 27% top 20
            rebal 2026-10-06
  CONTEXT   since 01 Oct $+2.51 (+0.50%) in 5.1d  normal -2.6% to +4.7%  top 46%: normal
  RULE      C2 N2+N3 + range vol (GK)  forward test (paper)
  TOURNEY   5d from 2026-10-01  base +0.17%  N2 +0.03%  N3 +0.36%  N2+N3 +0.32%  +K4 +0.67%
            +GK* +0.40%  +K4+GK +0.83%  +GK+DD +0.66%  +GK+XA +1.81%
  DATA      on time  prices 33s  funding booked  book today  shadow 05:00  carry today
            spot pot today
  SESSION   $+0.07 +0.01%  peak $502.78  dd 0.05%
  CURVE     ==+===+=
  MONTH     book guard $0.00 of $100.00 used  on marked equity  from $500.00  dial 20%
            ..........................
  RECORD    book closed 8  5W 3L  net $+1.78  fees and funding in
  FEES      no fills yet this run (the book trades at 00:05 UTC)
  ------------------------------------------------------------------------------------------------
 
10:51:56 | 
10:51:56 | ============================================================
10:51:56 | 📊 POSITION SUMMARY (8-MIN UPDATE)
10:51:56 | 💰 Equity: $502.51 marked (the Binance book, an experiment) = cash $501.56 + open $+0.95
10:51:56 | 💵 Available: $440.49 after open P&L | Locked: $62.02
10:51:56 | 📈 Session: $+0.07 (+0.0%)
10:51:56 | 🎯 C510 Book (what trades): 11 positions, gross 0.61x, open $+0.95 | rule C2 N2+N3 + range vol (GK) | closed 8: 5W/3L $+1.78 | since 01 Oct +0.50% (normal)
10:51:56 | ============================================================
10:51:56 | ============================================================
10:51:56 | 🔵 Book guard: $0.00 of $100.00 used this month on marked equity (0%, from $500.00) · realised today +0.38% [C497]
10:51:56 | ============================================================
10:51:56 | 
 
  10:59  up 1h04m  daily book --------------------------------------------------------------------
  PLAN      $997.26 of $1,000.00 ($-2.74)  after tax on net profit $997.26
            Delta vs Pi42 funding gap $997.26  paper
  BELOW     experiments, not your money
  EQUITY    $502.63  unreal $+1.07
  OPEN      no intraday positions  book holds 11 (BOOK row)  free $440.61 after open P&L
  SHADOW    intraday M1 $507.42 (+1.54%)  M1g $514.96 (+3.05%)  5d paper only
  CARRY     $498.94 (-0.18%)  8 held  paper only
  SPOT      $249.58 (-0.17%)  3 held  8% invested  cash earns 6.76%  paper pot
  SAVINGS   idle $314.95 (63%)  at 6.76% +$0.29 so far  ~$1.77/month  paper
  BFUSD     wallet $502.63 at 7.66%  +$0.42 so far  ~$3.21/month  vs Savings $1.77  paper
  DELTA     $503.72 (+0.74%)  9 held  fees $0.37  funding $+0.19
            paper experiment: the book on Delta
  XVENUE    $996.30 (-0.37%)  10 pairs  funding $+3.79  fees $4.87  paper, Delta vs Pi42
  BOOK      11 pos gross $309.45 (0.62x)  open $+1.07  funding $-0.07  vol 27% top 20
            rebal 2026-10-06
  CONTEXT   since 01 Oct $+2.63 (+0.53%) in 5.1d  normal -2.6% to +4.7%  top 46%: normal
  RULE      C2 N2+N3 + range vol (GK)  forward test (paper)
  TOURNEY   5d from 2026-10-01  base +0.17%  N2 +0.03%  N3 +0.36%  N2+N3 +0.32%  +K4 +0.67%
            +GK* +0.40%  +K4+GK +0.83%  +GK+DD +0.66%  +GK+XA +1.81%
  DATA      on time  prices 25s  funding booked  book today  shadow 05:00  carry today
            spot pot today
  SESSION   $+0.19 +0.04%  peak $502.78  dd 0.03%
  CURVE     ==+===+=+
  MONTH     book guard $0.00 of $100.00 used  on marked equity  from $500.00  dial 20%
            ..........................
  RECORD    book closed 8  5W 3L  net $+1.78  fees and funding in
  FEES      no fills yet this run (the book trades at 00:05 UTC)
  ------------------------------------------------------------------------------------------------
 
10:59:56 | 
10:59:56 | ============================================================
10:59:56 | 📊 POSITION SUMMARY (8-MIN UPDATE)
10:59:56 | 💰 Equity: $502.63 marked (the Binance book, an experiment) = cash $501.56 + open $+1.07
10:59:56 | 💵 Available: $440.61 after open P&L | Locked: $62.02
10:59:56 | 📈 Session: $+0.19 (+0.0%)
10:59:56 | 🎯 C510 Book (what trades): 11 positions, gross 0.62x, open $+1.07 | rule C2 N2+N3 + range vol (GK) | closed 8: 5W/3L $+1.78 | since 01 Oct +0.53% (normal)
10:59:56 | ============================================================
10:59:56 | ============================================================
10:59:56 | 🔵 Book guard: $0.00 of $100.00 used this month on marked equity (0%, from $500.00) · realised today +0.38% [C497]
10:59:56 | ============================================================
10:59:56 | 
 
  11:07  up 1h12m  daily book --------------------------------------------------------------------
  PLAN      $997.11 of $1,000.00 ($-2.89)  after tax on net profit $997.11
            Delta vs Pi42 funding gap $997.11  paper
  BELOW     experiments, not your money
  EQUITY    $502.59  unreal $+1.03
  OPEN      no intraday positions  book holds 11 (BOOK row)  free $440.57 after open P&L
  SHADOW    intraday M1 $507.42 (+1.54%)  M1g $514.96 (+3.05%)  5d paper only
  CARRY     $498.94 (-0.18%)  8 held  paper only
  SPOT      $249.58 (-0.17%)  3 held  8% invested  cash earns 6.76%  paper pot
  SAVINGS   idle $314.92 (63%)  at 6.76% +$0.29 so far  ~$1.77/month  paper
  BFUSD     wallet $502.59 at 7.66%  +$0.42 so far  ~$3.21/month  vs Savings $1.77  paper
  DELTA     $503.76 (+0.75%)  9 held  fees $0.37  funding $+0.19
            paper experiment: the book on Delta
  XVENUE    $996.30 (-0.37%)  10 pairs  funding $+3.79  fees $4.87  paper, Delta vs Pi42
  BOOK      11 pos gross $309.71 (0.62x)  open $+1.03  funding $-0.07  vol 27% top 20
            rebal 2026-10-06
  CONTEXT   since 01 Oct $+2.59 (+0.52%) in 5.1d  normal -2.6% to +4.7%  top 46%: normal
  RULE      C2 N2+N3 + range vol (GK)  forward test (paper)
  TOURNEY   5d from 2026-10-01  base +0.17%  N2 +0.03%  N3 +0.36%  N2+N3 +0.32%  +K4 +0.67%
            +GK* +0.40%  +K4+GK +0.83%  +GK+DD +0.66%  +GK+XA +1.81%
  DATA      on time  prices 18s  funding booked  book today  shadow 05:00  carry today
            spot pot today
  SESSION   $+0.15 +0.03%  peak $502.78  dd 0.04%
  CURVE     ==+===+=+=
  MONTH     book guard $0.00 of $100.00 used  on marked equity  from $500.00  dial 20%
            ..........................
  RECORD    book closed 8  5W 3L  net $+1.78  fees and funding in
  FEES      no fills yet this run (the book trades at 00:05 UTC)
  ------------------------------------------------------------------------------------------------
 
11:07:56 | 
11:07:56 | ============================================================
11:07:56 | 📊 POSITION SUMMARY (8-MIN UPDATE)
11:07:56 | 💰 Equity: $502.59 marked (the Binance book, an experiment) = cash $501.56 + open $+1.03
11:07:56 | 💵 Available: $440.57 after open P&L | Locked: $62.02
11:07:56 | 📈 Session: $+0.15 (+0.0%)
11:07:56 | 🎯 C510 Book (what trades): 11 positions, gross 0.62x, open $+1.03 | rule C2 N2+N3 + range vol (GK) | closed 8: 5W/3L $+1.78 | since 01 Oct +0.52% (normal)
11:07:56 | ============================================================
11:07:56 | ============================================================
11:07:56 | 🔵 Book guard: $0.00 of $100.00 used this month on marked equity (0%, from $500.00) · realised today +0.38% [C497]
11:07:56 | ============================================================
11:07:56 | 
 
  11:15  up 1h20m  daily book --------------------------------------------------------------------
  PLAN      $997.36 of $1,000.00 ($-2.64)  after tax on net profit $997.36
            Delta vs Pi42 funding gap $997.36  paper
  BELOW     experiments, not your money
  EQUITY    $502.35  unreal $+0.79
  OPEN      no intraday positions  book holds 11 (BOOK row)  free $440.33 after open P&L
  SHADOW    intraday M1 $507.42 (+1.54%)  M1g $514.96 (+3.05%)  5d paper only
  CARRY     $498.94 (-0.18%)  8 held  paper only
  SPOT      $249.53 (-0.19%)  3 held  8% invested  cash earns 6.76%  paper pot
  SAVINGS   idle $314.79 (63%)  at 6.76% +$0.29 so far  ~$1.77/month  paper
  BFUSD     wallet $502.41 at 7.66%  +$0.42 so far  ~$3.21/month  vs Savings $1.77  paper
  DELTA     $503.52 (+0.70%)  9 held  fees $0.37  funding $+0.19
            paper experiment: the book on Delta
  XVENUE    $996.30 (-0.37%)  10 pairs  funding $+3.79  fees $4.87  paper, Delta vs Pi42
  BOOK      11 pos gross $309.00 (0.61x)  open $+0.79  funding $-0.07  vol 27% top 20
            rebal 2026-10-06
  CONTEXT   since 01 Oct $+2.35 (+0.47%) in 5.1d  normal -2.6% to +4.7%  top 46%: normal
  RULE      C2 N2+N3 + range vol (GK)  forward test (paper)
  TOURNEY   5d from 2026-10-01  base +0.17%  N2 +0.03%  N3 +0.36%  N2+N3 +0.32%  +K4 +0.67%
            +GK* +0.40%  +K4+GK +0.83%  +GK+DD +0.66%  +GK+XA +1.81%
  DATA      on time  prices 10s  funding booked  book today  shadow 05:00  carry today
            spot pot today
  SESSION   $-0.09 -0.02%  peak $502.78  dd 0.09%
  CURVE     ==++=++=++=
  MONTH     book guard $0.00 of $100.00 used  on marked equity  from $500.00  dial 20%
            ..........................
  RECORD    book closed 8  5W 3L  net $+1.78  fees and funding in
  FEES      no fills yet this run (the book trades at 00:05 UTC)
  ------------------------------------------------------------------------------------------------
 
11:15:56 | 
11:15:56 | ============================================================
11:15:56 | 📊 POSITION SUMMARY (8-MIN UPDATE)
11:15:56 | 💰 Equity: $502.35 marked (the Binance book, an experiment) = cash $501.56 + open $+0.79
11:15:56 | 💵 Available: $440.33 after open P&L | Locked: $62.02
11:15:56 | 📈 Session: $-0.09 (-0.0%)
11:15:56 | 🎯 C510 Book (what trades): 11 positions, gross 0.61x, open $+0.79 | rule C2 N2+N3 + range vol (GK) | closed 8: 5W/3L $+1.78 | since 01 Oct +0.47% (normal)
11:15:56 | ============================================================
11:15:56 | ============================================================
11:15:56 | 🔵 Book guard: $0.00 of $100.00 used this month on marked equity (0%, from $500.00) · realised today +0.38% [C497]
11:15:56 | ============================================================
11:15:56 | 
 
  11:23  up 1h28m  daily book --------------------------------------------------------------------
  PLAN      $997.36 of $1,000.00 ($-2.64)  after tax on net profit $997.36
            Delta vs Pi42 funding gap $997.36  paper
  BELOW     experiments, not your money
  EQUITY    $502.14  unreal $+0.58
  OPEN      no intraday positions  book holds 11 (BOOK row)  free $440.12 after open P&L
  SHADOW    intraday M1 $507.42 (+1.54%)  M1g $514.96 (+3.05%)  5d paper only
  CARRY     $498.94 (-0.18%)  8 held  paper only
  SPOT      $249.52 (-0.19%)  3 held  8% invested  cash earns 6.76%  paper pot
  SAVINGS   idle $314.64 (63%)  at 6.76% +$0.29 so far  ~$1.77/month  paper
  BFUSD     wallet $502.21 at 7.66%  +$0.42 so far  ~$3.21/month  vs Savings $1.77  paper
  DELTA     $503.37 (+0.67%)  9 held  fees $0.37  funding $+0.19
            paper experiment: the book on Delta
  XVENUE    $996.30 (-0.37%)  10 pairs  funding $+3.79  fees $4.87  paper, Delta vs Pi42
  BOOK      11 pos gross $308.38 (0.61x)  open $+0.58  funding $-0.07  vol 27% top 20
            rebal 2026-10-06
  CONTEXT   since 01 Oct $+2.14 (+0.43%) in 5.1d  normal -2.6% to +4.7%  top 47%: normal
  RULE      C2 N2+N3 + range vol (GK)  forward test (paper)
  TOURNEY   5d from 2026-10-01  base +0.17%  N2 +0.03%  N3 +0.36%  N2+N3 +0.32%  +K4 +0.67%
            +GK* +0.40%  +K4+GK +0.83%  +GK+DD +0.66%  +GK+XA +1.81%
  DATA      on time  prices 3s  funding booked  book today  shadow 05:00  carry today
            spot pot today
  SESSION   $-0.30 -0.06%  peak $502.78  dd 0.13%
  CURVE     =+++++++++==
  MONTH     book guard $0.00 of $100.00 used  on marked equity  from $500.00  dial 20%
            ..........................
  RECORD    book closed 8  5W 3L  net $+1.78  fees and funding in
  FEES      no fills yet this run (the book trades at 00:05 UTC)
  ------------------------------------------------------------------------------------------------
 
11:23:57 | 
11:23:57 | ============================================================
11:23:57 | 📊 POSITION SUMMARY (8-MIN UPDATE)
11:23:57 | 💰 Equity: $502.14 marked (the Binance book, an experiment) = cash $501.56 + open $+0.58
11:23:57 | 💵 Available: $440.12 after open P&L | Locked: $62.02
11:23:57 | 📈 Session: $-0.30 (-0.1%)
11:23:57 | 🎯 C510 Book (what trades): 11 positions, gross 0.61x, open $+0.58 | rule C2 N2+N3 + range vol (GK) | closed 8: 5W/3L $+1.78 | since 01 Oct +0.43% (normal)
11:23:57 | ============================================================
11:23:57 | ============================================================
11:23:57 | 🔵 Book guard: $0.00 of $100.00 used this month on marked equity (0%, from $500.00) · realised today +0.38% [C497]
11:23:57 | ============================================================
11:23:57 | 
 
  11:31  up 1h36m  daily book --------------------------------------------------------------------
  PLAN      $997.16 of $1,000.00 ($-2.84)  after tax on net profit $997.16
            Delta vs Pi42 funding gap $997.16  paper
  BELOW     experiments, not your money
  EQUITY    $501.97  unreal $+0.41
  OPEN      no intraday positions  book holds 11 (BOOK row)  free $439.95 after open P&L
  SHADOW    intraday M1 $507.42 (+1.54%)  M1g $514.96 (+3.05%)  5d paper only
  CARRY     $498.94 (-0.18%)  8 held  paper only
  SPOT      $249.44 (-0.22%)  3 held  8% invested  cash earns 6.76%  paper pot
  SAVINGS   idle $314.58 (63%)  at 6.76% +$0.29 so far  ~$1.77/month  paper
  BFUSD     wallet $502.14 at 7.66%  +$0.42 so far  ~$3.21/month  vs Savings $1.77  paper
  DELTA     $503.22 (+0.64%)  9 held  fees $0.37  funding $+0.19
            paper experiment: the book on Delta
  XVENUE    $996.30 (-0.37%)  10 pairs  funding $+3.79  fees $4.87  paper, Delta vs Pi42
  BOOK      11 pos gross $307.22 (0.61x)  open $+0.41  funding $-0.07  vol 27% top 20
            rebal 2026-10-06
  CONTEXT   since 01 Oct $+1.97 (+0.39%) in 5.1d  normal -2.6% to +4.7%  top 48%: normal
  RULE      C2 N2+N3 + range vol (GK)  forward test (paper)
  TOURNEY   5d from 2026-10-01  base +0.17%  N2 +0.03%  N3 +0.36%  N2+N3 +0.32%  +K4 +0.67%
            +GK* +0.40%  +K4+GK +0.83%  +GK+DD +0.66%  +GK+XA +1.81%
  DATA      on time  prices 37s  funding booked  book today  shadow 05:00  carry today
            spot pot today
  SESSION   $-0.47 -0.09%  peak $502.78  dd 0.16%
  CURVE     ++++++++++===
  MONTH     book guard $0.00 of $100.00 used  on marked equity  from $500.00  dial 20%
            ..........................
  RECORD    book closed 8  5W 3L  net $+1.78  fees and funding in
  FEES      no fills yet this run (the book trades at 00:05 UTC)
  ------------------------------------------------------------------------------------------------
 
11:31:58 | 
11:31:58 | ============================================================
11:31:58 | 📊 POSITION SUMMARY (8-MIN UPDATE)
11:31:58 | 💰 Equity: $501.97 marked (the Binance book, an experiment) = cash $501.56 + open $+0.41
11:31:58 | 💵 Available: $439.95 after open P&L | Locked: $62.02
11:31:58 | 📈 Session: $-0.47 (-0.1%)
11:31:58 | 🎯 C510 Book (what trades): 11 positions, gross 0.61x, open $+0.41 | rule C2 N2+N3 + range vol (GK) | closed 8: 5W/3L $+1.78 | since 01 Oct +0.39% (normal)
11:31:58 | ============================================================
11:31:58 | ============================================================
11:31:58 | 🔵 Book guard: $0.00 of $100.00 used this month on marked equity (0%, from $500.00) · realised today +0.38% [C497]
11:31:58 | ============================================================
11:31:58 | 
11:32:25 |    👻 C489 shadow hour 06:00 UTC: 39 coins scored (full (16 features)), gate shut | M1 $507.34 (+1.53%) M1g $514.94 (+3.05%) over 5d [3s]
 
  11:39  up 1h44m  daily book --------------------------------------------------------------------
  PLAN      $997.18 of $1,000.00 ($-2.82)  after tax on net profit $997.18
            Delta vs Pi42 funding gap $997.18  paper
  BELOW     experiments, not your money
  EQUITY    $502.07  unreal $+0.51
  OPEN      no intraday positions  book holds 11 (BOOK row)  free $440.05 after open P&L
  SHADOW    intraday M1 $507.34 (+1.53%)  M1g $514.94 (+3.05%)  5d paper only
  CARRY     $498.94 (-0.18%)  8 held  paper only
  SPOT      $249.41 (-0.23%)  3 held  8% invested  cash earns 6.76%  paper pot
  SAVINGS   idle $314.51 (63%)  at 6.76% +$0.29 so far  ~$1.77/month  paper
  BFUSD     wallet $502.04 at 7.66%  +$0.42 so far  ~$3.20/month  vs Savings $1.77  paper
  DELTA     $503.02 (+0.60%)  9 held  fees $0.37  funding $+0.19
            paper experiment: the book on Delta
  XVENUE    $996.30 (-0.37%)  10 pairs  funding $+3.79  fees $4.87  paper, Delta vs Pi42
  BOOK      11 pos gross $306.54 (0.61x)  open $+0.51  funding $-0.07  vol 27% top 20
            rebal 2026-10-06
  CONTEXT   since 01 Oct $+2.07 (+0.41%) in 5.1d  normal -2.6% to +4.7%  top 47%: normal
  RULE      C2 N2+N3 + range vol (GK)  forward test (paper)
  TOURNEY   5d from 2026-10-01  base +0.17%  N2 +0.03%  N3 +0.36%  N2+N3 +0.32%  +K4 +0.67%
            +GK* +0.40%  +K4+GK +0.83%  +GK+DD +0.66%  +GK+XA +1.81%
  DATA      on time  prices 31s  funding booked  book today  shadow 06:00  carry today
            spot pot today
  SESSION   $-0.37 -0.07%  peak $502.78  dd 0.14%
  CURVE     ++++++++++====
  MONTH     book guard $0.00 of $100.00 used  on marked equity  from $500.00  dial 20%
            ..........................
  RECORD    book closed 8  5W 3L  net $+1.78  fees and funding in
  FEES      no fills yet this run (the book trades at 00:05 UTC)
  ------------------------------------------------------------------------------------------------
 
11:39:58 | 
11:39:58 | ============================================================
11:39:58 | 📊 POSITION SUMMARY (8-MIN UPDATE)
11:39:58 | 💰 Equity: $502.07 marked (the Binance book, an experiment) = cash $501.56 + open $+0.51
11:39:58 | 💵 Available: $440.05 after open P&L | Locked: $62.02
11:39:58 | 📈 Session: $-0.37 (-0.1%)
11:39:58 | 🎯 C510 Book (what trades): 11 positions, gross 0.61x, open $+0.51 | rule C2 N2+N3 + range vol (GK) | closed 8: 5W/3L $+1.78 | since 01 Oct +0.41% (normal)
11:39:58 | ============================================================
11:39:58 | ============================================================
11:39:58 | 🔵 Book guard: $0.00 of $100.00 used this month on marked equity (0%, from $500.00) · realised today +0.38% [C497]
11:39:58 | ============================================================
11:39:58 | 
 
  11:47  up 1h52m  daily book --------------------------------------------------------------------
  PLAN      $997.01 of $1,000.00 ($-2.99)  after tax on net profit $997.01
            Delta vs Pi42 funding gap $997.01  paper
  BELOW     experiments, not your money
  EQUITY    $502.24  unreal $+0.68
  OPEN      no intraday positions  book holds 11 (BOOK row)  free $440.22 after open P&L
  SHADOW    intraday M1 $507.34 (+1.53%)  M1g $514.94 (+3.05%)  5d paper only
  CARRY     $498.94 (-0.18%)  8 held  paper only
  SPOT      $249.44 (-0.22%)  3 held  8% invested  cash earns 6.76%  paper pot
  SAVINGS   idle $314.64 (63%)  at 6.76% +$0.29 so far  ~$1.77/month  paper
  BFUSD     wallet $502.21 at 7.66%  +$0.42 so far  ~$3.21/month  vs Savings $1.77  paper
  DELTA     $503.03 (+0.61%)  9 held  fees $0.37  funding $+0.19
            paper experiment: the book on Delta
  XVENUE    $996.30 (-0.37%)  10 pairs  funding $+3.79  fees $4.87  paper, Delta vs Pi42
  BOOK      11 pos gross $306.50 (0.61x)  open $+0.68  funding $-0.07  vol 27% top 20
            rebal 2026-10-06
  CONTEXT   since 01 Oct $+2.24 (+0.45%) in 5.1d  normal -2.6% to +4.7%  top 47%: normal
  RULE      C2 N2+N3 + range vol (GK)  forward test (paper)
  TOURNEY   5d from 2026-10-01  base +0.17%  N2 +0.03%  N3 +0.36%  N2+N3 +0.32%  +K4 +0.67%
            +GK* +0.40%  +K4+GK +0.83%  +GK+DD +0.66%  +GK+XA +1.81%
  DATA      on time  prices 22s  funding booked  book today  shadow 06:00  carry today
            spot pot today
  SESSION   $-0.20 -0.04%  peak $502.78  dd 0.11%
  CURVE     ++++++++++=====
  MONTH     book guard $0.00 of $100.00 used  on marked equity  from $500.00  dial 20%
            ..........................
  RECORD    book closed 8  5W 3L  net $+1.78  fees and funding in
  FEES      no fills yet this run (the book trades at 00:05 UTC)
  ------------------------------------------------------------------------------------------------
 
11:47:58 | 
11:47:58 | ============================================================
11:47:58 | 📊 POSITION SUMMARY (8-MIN UPDATE)
11:47:58 | 💰 Equity: $502.24 marked (the Binance book, an experiment) = cash $501.56 + open $+0.68
11:47:58 | 💵 Available: $440.22 after open P&L | Locked: $62.02
11:47:58 | 📈 Session: $-0.20 (-0.0%)
11:47:58 | 🎯 C510 Book (what trades): 11 positions, gross 0.61x, open $+0.68 | rule C2 N2+N3 + range vol (GK) | closed 8: 5W/3L $+1.78 | since 01 Oct +0.45% (normal)
11:47:58 | ============================================================
11:47:58 | ============================================================
11:47:58 | 🔵 Book guard: $0.00 of $100.00 used this month on marked equity (0%, from $500.00) · realised today +0.38% [C497]
11:47:58 | ============================================================
11:47:58 | 
 
  11:55  up 2h00m  daily book --------------------------------------------------------------------
  PLAN      $997.26 of $1,000.00 ($-2.74)  after tax on net profit $997.26
            Delta vs Pi42 funding gap $997.26  paper
  BELOW     experiments, not your money
  EQUITY    $502.19  unreal $+0.63
  OPEN      no intraday positions  book holds 11 (BOOK row)  free $440.17 after open P&L
  SHADOW    intraday M1 $507.34 (+1.53%)  M1g $514.94 (+3.05%)  5d paper only
  CARRY     $498.94 (-0.18%)  8 held  paper only
  SPOT      $249.47 (-0.21%)  3 held  8% invested  cash earns 6.76%  paper pot
  SAVINGS   idle $314.61 (63%)  at 6.76% +$0.29 so far  ~$1.77/month  paper
  BFUSD     wallet $502.17 at 7.66%  +$0.42 so far  ~$3.21/month  vs Savings $1.77  paper
  DELTA     $503.10 (+0.62%)  9 held  fees $0.37  funding $+0.19
            paper experiment: the book on Delta
  XVENUE    $996.30 (-0.37%)  10 pairs  funding $+3.79  fees $4.87  paper, Delta vs Pi42
  BOOK      11 pos gross $306.72 (0.61x)  open $+0.62  funding $-0.07  vol 27% top 20
            rebal 2026-10-06
  CONTEXT   since 01 Oct $+2.19 (+0.44%) in 5.1d  normal -2.6% to +4.7%  top 47%: normal
  RULE      C2 N2+N3 + range vol (GK)  forward test (paper)
  TOURNEY   5d from 2026-10-01  base +0.17%  N2 +0.03%  N3 +0.36%  N2+N3 +0.32%  +K4 +0.67%
            +GK* +0.40%  +K4+GK +0.83%  +GK+DD +0.66%  +GK+XA +1.81%
  DATA      on time  prices 14s  funding booked  book today  shadow 06:00  carry today
            spot pot today
  SESSION   $-0.25 -0.05%  peak $502.78  dd 0.12%
  CURVE     ++++++++++======
  MONTH     book guard $0.00 of $100.00 used  on marked equity  from $500.00  dial 20%
            ..........................
  RECORD    book closed 8  5W 3L  net $+1.78  fees and funding in
  FEES      no fills yet this run (the book trades at 00:05 UTC)
  ------------------------------------------------------------------------------------------------
 
11:55:58 | 
11:55:58 | ============================================================
11:55:58 | 📊 POSITION SUMMARY (8-MIN UPDATE)
11:55:58 | 💰 Equity: $502.19 marked (the Binance book, an experiment) = cash $501.56 + open $+0.63
11:55:58 | 💵 Available: $440.17 after open P&L | Locked: $62.02
11:55:58 | 📈 Session: $-0.25 (-0.0%)
11:55:58 | 🎯 C510 Book (what trades): 11 positions, gross 0.61x, open $+0.62 | rule C2 N2+N3 + range vol (GK) | closed 8: 5W/3L $+1.78 | since 01 Oct +0.44% (normal)
11:55:58 | ============================================================
11:55:58 | ============================================================
11:55:58 | 🔵 Book guard: $0.00 of $100.00 used this month on marked equity (0%, from $500.00) · realised today +0.38% [C497]
11:55:58 | ============================================================
11:55:58 | 
 
  12:03  up 2h08m  daily book --------------------------------------------------------------------
  PLAN      $997.22 of $1,000.00 ($-2.78)  after tax on net profit $997.22
            Delta vs Pi42 funding gap $997.22  paper
  BELOW     experiments, not your money
  EQUITY    $502.40  unreal $+0.84
  OPEN      no intraday positions  book holds 11 (BOOK row)  free $440.38 after open P&L
  SHADOW    intraday M1 $507.34 (+1.53%)  M1g $514.94 (+3.05%)  5d paper only
  CARRY     $498.94 (-0.18%)  8 held  paper only
  SPOT      $249.47 (-0.21%)  3 held  8% invested  cash earns 6.76%  paper pot
  SAVINGS   idle $314.75 (63%)  at 6.76% +$0.29 so far  ~$1.77/month  paper
  BFUSD     wallet $502.36 at 7.66%  +$0.42 so far  ~$3.21/month  vs Savings $1.77  paper
  DELTA     $503.11 (+0.62%)  9 held  fees $0.37  funding $+0.19
            paper experiment: the book on Delta
  XVENUE    $996.30 (-0.37%)  10 pairs  funding $+3.79  fees $4.87  paper, Delta vs Pi42
  BOOK      11 pos gross $307.27 (0.61x)  open $+0.84  funding $-0.07  vol 27% top 20
            rebal 2026-10-06
  CONTEXT   since 01 Oct $+2.40 (+0.48%) in 5.1d  normal -2.6% to +4.7%  top 46%: normal
  RULE      C2 N2+N3 + range vol (GK)  forward test (paper)
  TOURNEY   5d from 2026-10-01  base +0.17%  N2 +0.03%  N3 +0.36%  N2+N3 +0.32%  +K4 +0.67%
            +GK* +0.40%  +K4+GK +0.83%  +GK+DD +0.66%  +GK+XA +1.81%
  DATA      on time  prices 6s  funding booked  book today  shadow 06:00  carry today
            spot pot today
  SESSION   $-0.04 -0.01%  peak $502.78  dd 0.08%
  CURVE     ++++++++++======+
  MONTH     book guard $0.00 of $100.00 used  on marked equity  from $500.00  dial 20%
            ..........................
  RECORD    book closed 8  5W 3L  net $+1.78  fees and funding in
  FEES      no fills yet this run (the book trades at 00:05 UTC)
  ------------------------------------------------------------------------------------------------
 
12:03:59 | 
12:03:59 | ============================================================
12:03:59 | 📊 POSITION SUMMARY (8-MIN UPDATE)
12:03:59 | 💰 Equity: $502.40 marked (the Binance book, an experiment) = cash $501.56 + open $+0.84
12:03:59 | 💵 Available: $440.38 after open P&L | Locked: $62.02
12:03:59 | 📈 Session: $-0.04 (-0.0%)
12:03:59 | 🎯 C510 Book (what trades): 11 positions, gross 0.61x, open $+0.84 | rule C2 N2+N3 + range vol (GK) | closed 8: 5W/3L $+1.78 | since 01 Oct +0.48% (normal)
12:03:59 | ============================================================
12:03:59 | ============================================================
12:03:59 | 🔵 Book guard: $0.00 of $100.00 used this month on marked equity (0%, from $500.00) · realised today +0.38% [C497]
12:03:59 | ============================================================
12:03:59 | 
 
  12:12  up 2h16m  daily book --------------------------------------------------------------------
  PLAN      $997.28 of $1,000.00 ($-2.72)  after tax on net profit $997.28
            Delta vs Pi42 funding gap $997.28  paper
  BELOW     experiments, not your money
  EQUITY    $502.25  unreal $+0.69
  OPEN      no intraday positions  book holds 11 (BOOK row)  free $440.23 after open P&L
  SHADOW    intraday M1 $507.34 (+1.53%)  M1g $514.94 (+3.05%)  5d paper only
  CARRY     $498.94 (-0.18%)  8 held  paper only
  SPOT      $249.51 (-0.19%)  3 held  8% invested  cash earns 6.76%  paper pot
  SAVINGS   idle $314.69 (63%)  at 6.76% +$0.29 so far  ~$1.77/month  paper
  BFUSD     wallet $502.28 at 7.66%  +$0.42 so far  ~$3.21/month  vs Savings $1.77  paper
  DELTA     $503.17 (+0.63%)  9 held  fees $0.37  funding $+0.19
            paper experiment: the book on Delta
  XVENUE    $996.30 (-0.37%)  10 pairs  funding $+3.79  fees $4.87  paper, Delta vs Pi42
  BOOK      11 pos gross $307.37 (0.61x)  open $+0.69  funding $-0.07  vol 27% top 20
            rebal 2026-10-06
  CONTEXT   since 01 Oct $+2.25 (+0.45%) in 5.1d  normal -2.6% to +4.7%  top 47%: normal
  RULE      C2 N2+N3 + range vol (GK)  forward test (paper)
  TOURNEY   5d from 2026-10-01  base +0.17%  N2 +0.03%  N3 +0.36%  N2+N3 +0.32%  +K4 +0.67%
            +GK* +0.40%  +K4+GK +0.83%  +GK+DD +0.66%  +GK+XA +1.81%
  DATA      on time  prices 0s  funding booked  book today  shadow 06:00  carry today
            spot pot today
  SESSION   $-0.19 -0.04%  peak $502.78  dd 0.11%
  CURVE     ++++++++++======+=
  MONTH     book guard $0.00 of $100.00 used  on marked equity  from $500.00  dial 20%
            ..........................
  RECORD    book closed 8  5W 3L  net $+1.78  fees and funding in
  FEES      no fills yet this run (the book trades at 00:05 UTC)
  ------------------------------------------------------------------------------------------------
 
12:12:00 | 
12:12:00 | ============================================================
12:12:00 | 📊 POSITION SUMMARY (8-MIN UPDATE)
12:12:00 | 💰 Equity: $502.25 marked (the Binance book, an experiment) = cash $501.56 + open $+0.69
12:12:00 | 💵 Available: $440.23 after open P&L | Locked: $62.02
12:12:00 | 📈 Session: $-0.19 (-0.0%)
12:12:00 | 🎯 C510 Book (what trades): 11 positions, gross 0.61x, open $+0.69 | rule C2 N2+N3 + range vol (GK) | closed 8: 5W/3L $+1.78 | since 01 Oct +0.45% (normal)
12:12:00 | ============================================================
12:12:00 | ============================================================
12:12:00 | 🔵 Book guard: $0.00 of $100.00 used this month on marked equity (0%, from $500.00) · realised today +0.38% [C497]
12:12:00 | ============================================================
12:12:00 | 
 
  12:20  up 2h24m  daily book --------------------------------------------------------------------
  PLAN      $997.18 of $1,000.00 ($-2.82)  after tax on net profit $997.18
            Delta vs Pi42 funding gap $997.18  paper
  BELOW     experiments, not your money
  EQUITY    $502.38  unreal $+0.82
  OPEN      no intraday positions  book holds 11 (BOOK row)  free $440.36 after open P&L
  SHADOW    intraday M1 $507.34 (+1.53%)  M1g $514.94 (+3.05%)  5d paper only
  CARRY     $498.94 (-0.18%)  8 held  paper only
  SPOT      $249.55 (-0.18%)  3 held  8% invested  cash earns 6.76%  paper pot
  SAVINGS   idle $314.76 (63%)  at 6.76% +$0.29 so far  ~$1.77/month  paper
  BFUSD     wallet $502.38 at 7.66%  +$0.42 so far  ~$3.21/month  vs Savings $1.77  paper
  DELTA     $503.20 (+0.64%)  9 held  fees $0.37  funding $+0.19
            paper experiment: the book on Delta
  XVENUE    $996.30 (-0.37%)  10 pairs  funding $+3.79  fees $4.87  paper, Delta vs Pi42
  BOOK      11 pos gross $307.82 (0.61x)  open $+0.82  funding $-0.07  vol 27% top 20
            rebal 2026-10-06
  CONTEXT   since 01 Oct $+2.38 (+0.48%) in 5.1d  normal -2.6% to +4.7%  top 46%: normal
  RULE      C2 N2+N3 + range vol (GK)  forward test (paper)
  TOURNEY   5d from 2026-10-01  base +0.17%  N2 +0.03%  N3 +0.36%  N2+N3 +0.32%  +K4 +0.67%
            +GK* +0.40%  +K4+GK +0.83%  +GK+DD +0.66%  +GK+XA +1.81%
  DATA      on time  prices 35s  funding booked  book today  shadow 06:00  carry today
            spot pot today
  SESSION   $-0.06 -0.01%  peak $502.78  dd 0.08%
  CURVE     ++++++++++======+=+
  MONTH     book guard $0.00 of $100.00 used  on marked equity  from $500.00  dial 20%
            ..........................
  RECORD    book closed 8  5W 3L  net $+1.78  fees and funding in
  FEES      no fills yet this run (the book trades at 00:05 UTC)
  ------------------------------------------------------------------------------------------------
 
12:20:00 | 
12:20:00 | ============================================================
12:20:00 | 📊 POSITION SUMMARY (8-MIN UPDATE)
12:20:00 | 💰 Equity: $502.38 marked (the Binance book, an experiment) = cash $501.56 + open $+0.82
12:20:00 | 💵 Available: $440.36 after open P&L | Locked: $62.02
12:20:00 | 📈 Session: $-0.06 (-0.0%)
12:20:00 | 🎯 C510 Book (what trades): 11 positions, gross 0.61x, open $+0.82 | rule C2 N2+N3 + range vol (GK) | closed 8: 5W/3L $+1.78 | since 01 Oct +0.48% (normal)
12:20:00 | ============================================================
12:20:00 | ============================================================
12:20:00 | 🔵 Book guard: $0.00 of $100.00 used this month on marked equity (0%, from $500.00) · realised today +0.38% [C497]
12:20:00 | ============================================================
12:20:00 | 
 
  12:28  up 2h32m  daily book --------------------------------------------------------------------
  PLAN      $997.10 of $1,000.00 ($-2.90)  after tax on net profit $997.10
            Delta vs Pi42 funding gap $997.10  paper
  BELOW     experiments, not your money
  EQUITY    $502.29  unreal $+0.73
  OPEN      no intraday positions  book holds 11 (BOOK row)  free $440.27 after open P&L
  SHADOW    intraday M1 $507.34 (+1.53%)  M1g $514.94 (+3.05%)  5d paper only
  CARRY     $498.94 (-0.18%)  8 held  paper only
  SPOT      $249.54 (-0.18%)  3 held  8% invested  cash earns 6.76%  paper pot
  SAVINGS   idle $314.70 (63%)  at 6.76% +$0.29 so far  ~$1.77/month  paper
  BFUSD     wallet $502.29 at 7.66%  +$0.42 so far  ~$3.21/month  vs Savings $1.77  paper
  DELTA     $503.03 (+0.61%)  9 held  fees $0.37  funding $+0.19
            paper experiment: the book on Delta
  XVENUE    $996.30 (-0.37%)  10 pairs  funding $+3.79  fees $4.87  paper, Delta vs Pi42
  BOOK      11 pos gross $307.48 (0.61x)  open $+0.73  funding $-0.07  vol 27% top 20
            rebal 2026-10-06
  CONTEXT   since 01 Oct $+2.29 (+0.46%) in 5.1d  normal -2.6% to +4.7%  top 47%: normal
  RULE      C2 N2+N3 + range vol (GK)  forward test (paper)
  TOURNEY   5d from 2026-10-01  base +0.17%  N2 +0.03%  N3 +0.36%  N2+N3 +0.32%  +K4 +0.67%
            +GK* +0.40%  +K4+GK +0.83%  +GK+DD +0.66%  +GK+XA +1.81%
  DATA      on time  prices 29s  funding booked  book today  shadow 06:00  carry today
            spot pot today
  SESSION   $-0.15 -0.03%  peak $502.78  dd 0.10%
  CURVE     ++++++++++======+=+=
  MONTH     book guard $0.00 of $100.00 used  on marked equity  from $500.00  dial 20%
            ..........................
  RECORD    book closed 8  5W 3L  net $+1.78  fees and funding in
  FEES      no fills yet this run (the book trades at 00:05 UTC)
  ------------------------------------------------------------------------------------------------
 
12:28:01 | 
12:28:01 | ============================================================
12:28:01 | 📊 POSITION SUMMARY (8-MIN UPDATE)
12:28:01 | 💰 Equity: $502.29 marked (the Binance book, an experiment) = cash $501.56 + open $+0.73
12:28:01 | 💵 Available: $440.27 after open P&L | Locked: $62.02
12:28:01 | 📈 Session: $-0.15 (-0.0%)
12:28:01 | 🎯 C510 Book (what trades): 11 positions, gross 0.61x, open $+0.73 | rule C2 N2+N3 + range vol (GK) | closed 8: 5W/3L $+1.78 | since 01 Oct +0.46% (normal)
12:28:01 | ============================================================
12:28:01 | ============================================================
12:28:01 | 🔵 Book guard: $0.00 of $100.00 used this month on marked equity (0%, from $500.00) · realised today +0.38% [C497]
12:28:01 | ============================================================
12:28:01 | 
12:32:19 |    👻 C489 shadow hour 07:00 UTC: 39 coins scored (full (16 features)), gate shut | M1 $506.76 (+1.41%) M1g $514.65 (+2.99%) over 5d [3s]
 
  12:36  up 2h40m  daily book --------------------------------------------------------------------
  PLAN      $997.31 of $1,000.00 ($-2.69)  after tax on net profit $997.31
            Delta vs Pi42 funding gap $997.31  paper
  BELOW     experiments, not your money
  EQUITY    $502.16  unreal $+0.60
  OPEN      no intraday positions  book holds 11 (BOOK row)  free $440.14 after open P&L
  SHADOW    intraday M1 $506.76 (+1.41%)  M1g $514.65 (+2.99%)  5d paper only
  CARRY     $498.94 (-0.18%)  8 held  paper only
  SPOT      $249.50 (-0.20%)  3 held  8% invested  cash earns 6.76%  paper pot
  SAVINGS   idle $314.60 (63%)  at 6.76% +$0.30 so far  ~$1.77/month  paper
  BFUSD     wallet $502.16 at 7.66%  +$0.42 so far  ~$3.21/month  vs Savings $1.77  paper
  DELTA     $502.85 (+0.57%)  9 held  fees $0.37  funding $+0.19
            paper experiment: the book on Delta
  XVENUE    $996.30 (-0.37%)  10 pairs  funding $+3.79  fees $4.87  paper, Delta vs Pi42
  BOOK      11 pos gross $307.09 (0.61x)  open $+0.60  funding $-0.07  vol 27% top 20
            rebal 2026-10-06
  CONTEXT   since 01 Oct $+2.16 (+0.43%) in 5.1d  normal -2.6% to +4.7%  top 47%: normal
  RULE      C2 N2+N3 + range vol (GK)  forward test (paper)
  TOURNEY   5d from 2026-10-01  base +0.17%  N2 +0.03%  N3 +0.36%  N2+N3 +0.32%  +K4 +0.67%
            +GK* +0.40%  +K4+GK +0.83%  +GK+DD +0.66%  +GK+XA +1.81%
  DATA      on time  prices 23s  funding booked  book today  shadow 07:00  carry today
            spot pot today
  SESSION   $-0.28 -0.05%  peak $502.78  dd 0.12%
  CURVE     ++++++++++======+=+==
  MONTH     book guard $0.00 of $100.00 used  on marked equity  from $500.00  dial 20%
            ..........................
  RECORD    book closed 8  5W 3L  net $+1.78  fees and funding in
  FEES      no fills yet this run (the book trades at 00:05 UTC)
  ------------------------------------------------------------------------------------------------
 
12:36:01 | 
12:36:01 | ============================================================
12:36:01 | 📊 POSITION SUMMARY (8-MIN UPDATE)
12:36:01 | 💰 Equity: $502.16 marked (the Binance book, an experiment) = cash $501.56 + open $+0.60
12:36:01 | 💵 Available: $440.14 after open P&L | Locked: $62.02
12:36:01 | 📈 Session: $-0.28 (-0.1%)
12:36:01 | 🎯 C510 Book (what trades): 11 positions, gross 0.61x, open $+0.60 | rule C2 N2+N3 + range vol (GK) | closed 8: 5W/3L $+1.78 | since 01 Oct +0.43% (normal)
12:36:01 | ============================================================
12:36:01 | ============================================================
12:36:01 | 🔵 Book guard: $0.00 of $100.00 used this month on marked equity (0%, from $500.00) · realised today +0.38% [C497]
12:36:01 | ============================================================
12:36:01 | 
 
  12:44  up 2h48m  daily book --------------------------------------------------------------------
  PLAN      $997.18 of $1,000.00 ($-2.82)  after tax on net profit $997.18
            Delta vs Pi42 funding gap $997.18  paper
  BELOW     experiments, not your money
  EQUITY    $501.96  unreal $+0.40
  OPEN      no intraday positions  book holds 11 (BOOK row)  free $439.94 after open P&L
  SHADOW    intraday M1 $506.76 (+1.41%)  M1g $514.65 (+2.99%)  5d paper only
  CARRY     $498.94 (-0.18%)  8 held  paper only
  SPOT      $249.50 (-0.20%)  3 held  8% invested  cash earns 6.76%  paper pot
  SAVINGS   idle $314.47 (63%)  at 6.76% +$0.30 so far  ~$1.77/month  paper
  BFUSD     wallet $501.99 at 7.66%  +$0.42 so far  ~$3.20/month  vs Savings $1.77  paper
  DELTA     $502.69 (+0.54%)  9 held  fees $0.37  funding $+0.19
            paper experiment: the book on Delta
  XVENUE    $996.30 (-0.37%)  10 pairs  funding $+3.79  fees $4.87  paper, Delta vs Pi42
  BOOK      11 pos gross $306.92 (0.61x)  open $+0.40  funding $-0.07  vol 27% top 20
            rebal 2026-10-06
  CONTEXT   since 01 Oct $+1.96 (+0.39%) in 5.1d  normal -2.6% to +4.7%  top 48%: normal
  RULE      C2 N2+N3 + range vol (GK)  forward test (paper)
  TOURNEY   5d from 2026-10-01  base +0.17%  N2 +0.03%  N3 +0.36%  N2+N3 +0.32%  +K4 +0.67%
            +GK* +0.40%  +K4+GK +0.83%  +GK+DD +0.66%  +GK+XA +1.81%
  DATA      on time  prices 15s  funding booked  book today  shadow 07:00  carry today
            spot pot today
  SESSION   $-0.48 -0.09%  peak $502.78  dd 0.16%
  CURVE     ++++++++++======+=+===
  MONTH     book guard $0.00 of $100.00 used  on marked equity  from $500.00  dial 20%
            ..........................
  RECORD    book closed 8  5W 3L  net $+1.78  fees and funding in
  FEES      no fills yet this run (the book trades at 00:05 UTC)
  ------------------------------------------------------------------------------------------------
 
12:44:02 | 
12:44:02 | ============================================================
12:44:02 | 📊 POSITION SUMMARY (8-MIN UPDATE)
12:44:02 | 💰 Equity: $501.96 marked (the Binance book, an experiment) = cash $501.56 + open $+0.40
12:44:02 | 💵 Available: $439.94 after open P&L | Locked: $62.02
12:44:02 | 📈 Session: $-0.48 (-0.1%)
12:44:02 | 🎯 C510 Book (what trades): 11 positions, gross 0.61x, open $+0.40 | rule C2 N2+N3 + range vol (GK) | closed 8: 5W/3L $+1.78 | since 01 Oct +0.39% (normal)
12:44:02 | ============================================================
12:44:02 | ============================================================
12:44:02 | 🔵 Book guard: $0.00 of $100.00 used this month on marked equity (0%, from $500.00) · realised today +0.38% [C497]
12:44:02 | ============================================================
12:44:02 | 
 
  12:52  up 2h56m  daily book --------------------------------------------------------------------
  PLAN      $997.24 of $1,000.00 ($-2.76)  after tax on net profit $997.24
            Delta vs Pi42 funding gap $997.24  paper
  BELOW     experiments, not your money
  EQUITY    $502.09  unreal $+0.53
  OPEN      no intraday positions  book holds 11 (BOOK row)  free $440.07 after open P&L
  SHADOW    intraday M1 $506.76 (+1.41%)  M1g $514.65 (+2.99%)  5d paper only
  CARRY     $498.94 (-0.18%)  8 held  paper only
  SPOT      $249.52 (-0.19%)  3 held  8% invested  cash earns 6.76%  paper pot
  SAVINGS   idle $314.57 (63%)  at 6.76% +$0.30 so far  ~$1.77/month  paper
  BFUSD     wallet $502.12 at 7.66%  +$0.42 so far  ~$3.21/month  vs Savings $1.77  paper
  DELTA     $502.83 (+0.57%)  9 held  fees $0.37  funding $+0.19
            paper experiment: the book on Delta
  XVENUE    $996.30 (-0.37%)  10 pairs  funding $+3.79  fees $4.87  paper, Delta vs Pi42
  BOOK      11 pos gross $306.85 (0.61x)  open $+0.53  funding $-0.07  vol 27% top 20
            rebal 2026-10-06
  CONTEXT   since 01 Oct $+2.09 (+0.42%) in 5.2d  normal -2.6% to +4.7%  top 47%: normal
  RULE      C2 N2+N3 + range vol (GK)  forward test (paper)
  TOURNEY   5d from 2026-10-01  base +0.17%  N2 +0.03%  N3 +0.36%  N2+N3 +0.32%  +K4 +0.67%
            +GK* +0.40%  +K4+GK +0.83%  +GK+DD +0.66%  +GK+XA +1.81%
  DATA      on time  prices 10s  funding booked  book today  shadow 07:00  carry today
            spot pot today
  SESSION   $-0.35 -0.07%  peak $502.78  dd 0.14%
  CURVE     ++++++++++======+=+====
  MONTH     book guard $0.00 of $100.00 used  on marked equity  from $500.00  dial 20%
            ..........................
  RECORD    book closed 8  5W 3L  net $+1.78  fees and funding in
  FEES      no fills yet this run (the book trades at 00:05 UTC)
  ------------------------------------------------------------------------------------------------
 
12:52:02 | 
12:52:02 | ============================================================
12:52:02 | 📊 POSITION SUMMARY (8-MIN UPDATE)
12:52:02 | 💰 Equity: $502.09 marked (the Binance book, an experiment) = cash $501.56 + open $+0.53
12:52:02 | 💵 Available: $440.07 after open P&L | Locked: $62.02
12:52:02 | 📈 Session: $-0.35 (-0.1%)
12:52:02 | 🎯 C510 Book (what trades): 11 positions, gross 0.61x, open $+0.53 | rule C2 N2+N3 + range vol (GK) | closed 8: 5W/3L $+1.78 | since 01 Oct +0.42% (normal)
12:52:02 | ============================================================
12:52:02 | ============================================================
12:52:02 | 🔵 Book guard: $0.00 of $100.00 used this month on marked equity (0%, from $500.00) · realised today +0.38% [C497]
12:52:02 | ============================================================
12:52:02 | 
 
  13:00  up 3h04m  daily book --------------------------------------------------------------------
  PLAN      $997.26 of $1,000.00 ($-2.74)  after tax on net profit $997.26
            Delta vs Pi42 funding gap $997.26  paper
  BELOW     experiments, not your money
  EQUITY    $502.09  unreal $+0.53
  OPEN      no intraday positions  book holds 11 (BOOK row)  free $440.07 after open P&L
  SHADOW    intraday M1 $506.76 (+1.41%)  M1g $514.65 (+2.99%)  5d paper only
  CARRY     $498.94 (-0.18%)  8 held  paper only
  SPOT      $249.52 (-0.19%)  3 held  8% invested  cash earns 6.76%  paper pot
  SAVINGS   idle $314.54 (63%)  at 6.76% +$0.30 so far  ~$1.77/month  paper
  BFUSD     wallet $502.08 at 7.66%  +$0.42 so far  ~$3.20/month  vs Savings $1.77  paper
  DELTA     $502.78 (+0.56%)  9 held  fees $0.37  funding $+0.19
            paper experiment: the book on Delta
  XVENUE    $996.30 (-0.37%)  10 pairs  funding $+3.79  fees $4.87  paper, Delta vs Pi42
  BOOK      11 pos gross $307.04 (0.61x)  open $+0.53  funding $-0.07  vol 27% top 20
            rebal 2026-10-06
  CONTEXT   since 01 Oct $+2.09 (+0.42%) in 5.2d  normal -2.6% to +4.7%  top 47%: normal
  RULE      C2 N2+N3 + range vol (GK)  forward test (paper)
  TOURNEY   5d from 2026-10-01  base +0.17%  N2 +0.03%  N3 +0.36%  N2+N3 +0.32%  +K4 +0.67%
            +GK* +0.40%  +K4+GK +0.83%  +GK+DD +0.66%  +GK+XA +1.81%
  DATA      on time  prices 2s  funding booked  book today  shadow 07:00  carry today
            spot pot today
  SESSION   $-0.35 -0.07%  peak $502.78  dd 0.14%
  CURVE     ++++++++++======+=+=====
  MONTH     book guard $0.00 of $100.00 used  on marked equity  from $500.00  dial 20%
            ..........................
  RECORD    book closed 8  5W 3L  net $+1.78  fees and funding in
  FEES      no fills yet this run (the book trades at 00:05 UTC)
  ------------------------------------------------------------------------------------------------
 
13:00:03 | 
13:00:03 | ============================================================
13:00:03 | 📊 POSITION SUMMARY (8-MIN UPDATE)
13:00:03 | 💰 Equity: $502.09 marked (the Binance book, an experiment) = cash $501.56 + open $+0.53
13:00:03 | 💵 Available: $440.07 after open P&L | Locked: $62.02
13:00:03 | 📈 Session: $-0.35 (-0.1%)
13:00:03 | 🎯 C510 Book (what trades): 11 positions, gross 0.61x, open $+0.53 | rule C2 N2+N3 + range vol (GK) | closed 8: 5W/3L $+1.78 | since 01 Oct +0.42% (normal)
13:00:03 | ============================================================
13:00:03 | ============================================================
13:00:03 | 🔵 Book guard: $0.00 of $100.00 used this month on marked equity (0%, from $500.00) · realised today +0.38% [C497]
13:00:03 | ============================================================
13:00:03 | 
 
  13:08  up 3h12m  daily book --------------------------------------------------------------------
  PLAN      $997.10 of $1,000.00 ($-2.90)  after tax on net profit $997.10
            Delta vs Pi42 funding gap $997.10  paper
  BELOW     experiments, not your money
  EQUITY    $502.26  unreal $+0.70
  OPEN      no intraday positions  book holds 11 (BOOK row)  free $440.24 after open P&L
  SHADOW    intraday M1 $506.76 (+1.41%)  M1g $514.65 (+2.99%)  5d paper only
  CARRY     $498.94 (-0.18%)  8 held  paper only
  SPOT      $249.56 (-0.18%)  3 held  8% invested  cash earns 6.76%  paper pot
  SAVINGS   idle $314.67 (63%)  at 6.76% +$0.30 so far  ~$1.77/month  paper
  BFUSD     wallet $502.26 at 7.66%  +$0.42 so far  ~$3.21/month  vs Savings $1.77  paper
  DELTA     $503.03 (+0.61%)  9 held  fees $0.37  funding $+0.19
            paper experiment: the book on Delta
  XVENUE    $996.30 (-0.37%)  10 pairs  funding $+3.79  fees $4.87  paper, Delta vs Pi42
  BOOK      11 pos gross $307.61 (0.61x)  open $+0.69  funding $-0.07  vol 27% top 20
            rebal 2026-10-06
  CONTEXT   since 01 Oct $+2.26 (+0.45%) in 5.2d  normal -2.6% to +4.7%  top 47%: normal
  RULE      C2 N2+N3 + range vol (GK)  forward test (paper)
  TOURNEY   5d from 2026-10-01  base +0.17%  N2 +0.03%  N3 +0.36%  N2+N3 +0.32%  +K4 +0.67%
            +GK* +0.40%  +K4+GK +0.83%  +GK+DD +0.66%  +GK+XA +1.81%
  DATA      on time  prices 37s  funding booked  book today  shadow 07:00  carry today
            spot pot today
  SESSION   $-0.18 -0.03%  peak $502.78  dd 0.10%
  CURVE     ++++++++++======+=+======
  MONTH     book guard $0.00 of $100.00 used  on marked equity  from $500.00  dial 20%
            ..........................
  RECORD    book closed 8  5W 3L  net $+1.78  fees and funding in
  FEES      no fills yet this run (the book trades at 00:05 UTC)
  ------------------------------------------------------------------------------------------------
 
13:08:04 | 
13:08:04 | ============================================================
13:08:04 | 📊 POSITION SUMMARY (8-MIN UPDATE)
13:08:04 | 💰 Equity: $502.26 marked (the Binance book, an experiment) = cash $501.56 + open $+0.70
13:08:04 | 💵 Available: $440.24 after open P&L | Locked: $62.02
13:08:04 | 📈 Session: $-0.18 (-0.0%)
13:08:04 | 🎯 C510 Book (what trades): 11 positions, gross 0.61x, open $+0.69 | rule C2 N2+N3 + range vol (GK) | closed 8: 5W/3L $+1.78 | since 01 Oct +0.45% (normal)
13:08:04 | ============================================================
13:08:04 | ============================================================
13:08:04 | 🔵 Book guard: $0.00 of $100.00 used this month on marked equity (0%, from $500.00) · realised today +0.38% [C497]
13:08:04 | ============================================================
13:08:04 | 
 
  13:16  up 3h20m  daily book --------------------------------------------------------------------
  PLAN      $997.28 of $1,000.00 ($-2.72)  after tax on net profit $997.28
            Delta vs Pi42 funding gap $997.28  paper
  BELOW     experiments, not your money
  EQUITY    $502.60  unreal $+1.04
  OPEN      no intraday positions  book holds 11 (BOOK row)  free $440.58 after open P&L
  SHADOW    intraday M1 $506.76 (+1.41%)  M1g $514.65 (+2.99%)  5d paper only
  CARRY     $498.94 (-0.18%)  8 held  paper only
  SPOT      $249.60 (-0.16%)  3 held  8% invested  cash earns 6.76%  paper pot
  SAVINGS   idle $314.93 (63%)  at 6.76% +$0.30 so far  ~$1.77/month  paper
  BFUSD     wallet $502.60 at 7.66%  +$0.42 so far  ~$3.21/month  vs Savings $1.77  paper
  DELTA     $503.24 (+0.65%)  9 held  fees $0.37  funding $+0.19
            paper experiment: the book on Delta
  XVENUE    $996.30 (-0.37%)  10 pairs  funding $+3.79  fees $4.87  paper, Delta vs Pi42
  BOOK      11 pos gross $308.43 (0.61x)  open $+1.03  funding $-0.07  vol 27% top 20
            rebal 2026-10-06
  CONTEXT   since 01 Oct $+2.60 (+0.52%) in 5.2d  normal -2.6% to +4.7%  top 46%: normal
  RULE      C2 N2+N3 + range vol (GK)  forward test (paper)
  TOURNEY   5d from 2026-10-01  base +0.17%  N2 +0.03%  N3 +0.36%  N2+N3 +0.32%  +K4 +0.67%
            +GK* +0.40%  +K4+GK +0.83%  +GK+DD +0.66%  +GK+XA +1.81%
  DATA      on time  prices 29s  funding booked  book today  shadow 07:00  carry today
            spot pot today
  SESSION   $+0.16 +0.03%  peak $502.78  dd 0.04%
  CURVE     ++++++++++======+=+======+
  MONTH     book guard $0.00 of $100.00 used  on marked equity  from $500.00  dial 20%
            ..........................
  RECORD    book closed 8  5W 3L  net $+1.78  fees and funding in
  FEES      no fills yet this run (the book trades at 00:05 UTC)
  ------------------------------------------------------------------------------------------------
 
13:16:04 | 
13:16:04 | ============================================================
13:16:04 | 📊 POSITION SUMMARY (8-MIN UPDATE)
13:16:04 | 💰 Equity: $502.60 marked (the Binance book, an experiment) = cash $501.56 + open $+1.04
13:16:04 | 💵 Available: $440.58 after open P&L | Locked: $62.02
13:16:04 | 📈 Session: $+0.16 (+0.0%)
13:16:04 | 🎯 C510 Book (what trades): 11 positions, gross 0.61x, open $+1.03 | rule C2 N2+N3 + range vol (GK) | closed 8: 5W/3L $+1.78 | since 01 Oct +0.52% (normal)
13:16:04 | ============================================================
13:16:04 | ============================================================
13:16:04 | 🔵 Book guard: $0.00 of $100.00 used this month on marked equity (0%, from $500.00) · realised today +0.38% [C497]
13:16:04 | ============================================================
13:16:04 | 
 
  13:24  up 3h28m  daily book --------------------------------------------------------------------
  PLAN      $996.98 of $1,000.00 ($-3.02)  after tax on net profit $996.98
            Delta vs Pi42 funding gap $996.98  paper
  BELOW     experiments, not your money
  EQUITY    $502.57  unreal $+1.01
  OPEN      no intraday positions  book holds 11 (BOOK row)  free $440.55 after open P&L
  SHADOW    intraday M1 $506.76 (+1.41%)  M1g $514.65 (+2.99%)  5d paper only
  CARRY     $498.94 (-0.18%)  8 held  paper only
  SPOT      $249.63 (-0.15%)  3 held  8% invested  cash earns 6.76%  paper pot
  SAVINGS   idle $314.91 (63%)  at 6.76% +$0.30 so far  ~$1.77/month  paper
  BFUSD     wallet $502.57 at 7.66%  +$0.43 so far  ~$3.21/month  vs Savings $1.77  paper
  DELTA     $503.35 (+0.67%)  9 held  fees $0.37  funding $+0.19
            paper experiment: the book on Delta
  XVENUE    $996.30 (-0.37%)  10 pairs  funding $+3.79  fees $4.87  paper, Delta vs Pi42
  BOOK      11 pos gross $308.69 (0.61x)  open $+1.01  funding $-0.07  vol 27% top 20
            rebal 2026-10-06
  CONTEXT   since 01 Oct $+2.57 (+0.51%) in 5.2d  normal -2.6% to +4.7%  top 46%: normal
  RULE      C2 N2+N3 + range vol (GK)  forward test (paper)
  TOURNEY   5d from 2026-10-01  base +0.17%  N2 +0.03%  N3 +0.36%  N2+N3 +0.32%  +K4 +0.67%
            +GK* +0.40%  +K4+GK +0.83%  +GK+DD +0.66%  +GK+XA +1.81%
  DATA      on time  prices 22s  funding booked  book today  shadow 07:00  carry today
            spot pot today
  SESSION   $+0.13 +0.03%  peak $502.78  dd 0.04%
  CURVE     ++++++++++======+=+======++
  MONTH     book guard $0.00 of $100.00 used  on marked equity  from $500.00  dial 20%
            ..........................
  RECORD    book closed 8  5W 3L  net $+1.78  fees and funding in
  FEES      no fills yet this run (the book trades at 00:05 UTC)
  ------------------------------------------------------------------------------------------------
 
13:24:05 | 
13:24:05 | ============================================================
13:24:05 | 📊 POSITION SUMMARY (8-MIN UPDATE)
13:24:05 | 💰 Equity: $502.57 marked (the Binance book, an experiment) = cash $501.56 + open $+1.01
13:24:05 | 💵 Available: $440.55 after open P&L | Locked: $62.02
13:24:05 | 📈 Session: $+0.13 (+0.0%)
13:24:05 | 🎯 C510 Book (what trades): 11 positions, gross 0.61x, open $+1.01 | rule C2 N2+N3 + range vol (GK) | closed 8: 5W/3L $+1.78 | since 01 Oct +0.51% (normal)
13:24:05 | ============================================================
13:24:05 | ============================================================
13:24:05 | 🔵 Book guard: $0.00 of $100.00 used this month on marked equity (0%, from $500.00) · realised today +0.38% [C497]
13:24:05 | ============================================================
13:24:05 | 
 
  13:32  up 3h36m  daily book --------------------------------------------------------------------
  PLAN      $997.36 of $1,000.00 ($-2.64)  after tax on net profit $997.36
            Delta vs Pi42 funding gap $997.36  paper
  BELOW     experiments, not your money
  EQUITY    $502.33  unreal $+0.77
  OPEN      no intraday positions  book holds 11 (BOOK row)  free $440.31 after open P&L
  SHADOW    intraday M1 $506.76 (+1.41%)  M1g $514.65 (+2.99%)  5d paper only
  CARRY     $498.94 (-0.18%)  8 held  paper only
  SPOT      $249.62 (-0.15%)  3 held  8% invested  cash earns 6.76%  paper pot
  SAVINGS   idle $314.86 (63%)  at 6.76% +$0.30 so far  ~$1.77/month  paper
  BFUSD     wallet $502.51 at 7.66%  +$0.43 so far  ~$3.21/month  vs Savings $1.77  paper
  DELTA     $503.42 (+0.68%)  9 held  fees $0.37  funding $+0.18
            paper experiment: the book on Delta
  XVENUE    $996.30 (-0.37%)  10 pairs  funding $+3.79  fees $4.87  paper, Delta vs Pi42
  BOOK      11 pos gross $309.67 (0.62x)  open $+0.77  funding $-0.06  vol 27% top 20
            rebal 2026-10-06
  CONTEXT   since 01 Oct $+2.33 (+0.47%) in 5.2d  normal -2.6% to +4.7%  top 47%: normal
  RULE      C2 N2+N3 + range vol (GK)  forward test (paper)
  TOURNEY   5d from 2026-10-01  base +0.17%  N2 +0.03%  N3 +0.36%  N2+N3 +0.32%  +K4 +0.67%
            +GK* +0.40%  +K4+GK +0.83%  +GK+DD +0.66%  +GK+XA +1.81%
  DATA      on time  prices 14s  funding booked  book today  shadow 07:00  carry today
            spot pot today
  SESSION   $-0.11 -0.02%  peak $502.78  dd 0.09%
  CURVE     ++++++++++======+=+======++=
  MONTH     book guard $0.00 of $100.00 used  on marked equity  from $500.00  dial 20%
            ..........................
  RECORD    book closed 8  5W 3L  net $+1.78  fees and funding in
  FEES      no fills yet this run (the book trades at 00:05 UTC)
  ------------------------------------------------------------------------------------------------
 
13:32:05 | 
13:32:05 | ============================================================
13:32:05 | 📊 POSITION SUMMARY (8-MIN UPDATE)
13:32:05 | 💰 Equity: $502.33 marked (the Binance book, an experiment) = cash $501.56 + open $+0.77
13:32:05 | 💵 Available: $440.31 after open P&L | Locked: $62.02
13:32:05 | 📈 Session: $-0.11 (-0.0%)
13:32:05 | 🎯 C510 Book (what trades): 11 positions, gross 0.62x, open $+0.77 | rule C2 N2+N3 + range vol (GK) | closed 8: 5W/3L $+1.78 | since 01 Oct +0.47% (normal)
13:32:05 | ============================================================
13:32:05 | ============================================================
13:32:05 | 🔵 Book guard: $0.00 of $100.00 used this month on marked equity (0%, from $500.00) · realised today +0.38% [C497]
13:32:05 | ============================================================
13:32:05 | 
13:32:15 |    👻 C489 shadow hour 08:00 UTC: 39 coins scored (full (16 features)), gate shut | M1 $508.41 (+1.74%) M1g $515.45 (+3.15%) over 5d [3s]
 
  13:40  up 3h44m  daily book --------------------------------------------------------------------
  PLAN      $997.63 of $1,000.00 ($-2.37)  after tax on net profit $997.63
            Delta vs Pi42 funding gap $997.63  paper
  BELOW     experiments, not your money
  EQUITY    $502.53  unreal $+0.97
  OPEN      no intraday positions  book holds 11 (BOOK row)  free $440.51 after open P&L
  SHADOW    intraday M1 $508.41 (+1.74%)  M1g $515.45 (+3.15%)  5d paper only
  CARRY     $498.94 (-0.18%)  8 held  paper only
  SPOT      $249.65 (-0.14%)  3 held  8% invested  cash earns 6.76%  paper pot
  SAVINGS   idle $314.94 (63%)  at 6.76% +$0.30 so far  ~$1.77/month  paper
  BFUSD     wallet $502.61 at 7.66%  +$0.43 so far  ~$3.21/month  vs Savings $1.77  paper
  DELTA     $503.42 (+0.68%)  9 held  fees $0.37  funding $+0.18
            paper experiment: the book on Delta
  XVENUE    $996.30 (-0.37%)  10 pairs  funding $+3.79  fees $4.87  paper, Delta vs Pi42
  BOOK      11 pos gross $309.98 (0.62x)  open $+0.97  funding $-0.06  vol 27% top 20
            rebal 2026-10-06
  CONTEXT   since 01 Oct $+2.53 (+0.51%) in 5.2d  normal -2.6% to +4.7%  top 46%: normal
  RULE      C2 N2+N3 + range vol (GK)  forward test (paper)
  TOURNEY   5d from 2026-10-01  base +0.17%  N2 +0.03%  N3 +0.36%  N2+N3 +0.32%  +K4 +0.67%
            +GK* +0.40%  +K4+GK +0.83%  +GK+DD +0.66%  +GK+XA +1.81%
  DATA      on time  prices 6s  funding booked  book today  shadow 08:00  carry today
            spot pot today
  SESSION   $+0.09 +0.02%  peak $502.78  dd 0.05%
  CURVE     ++++++++++======+=+======++=+
  MONTH     book guard $0.00 of $100.00 used  on marked equity  from $500.00  dial 20%
            ..........................
  RECORD    book closed 8  5W 3L  net $+1.78  fees and funding in
  FEES      no fills yet this run (the book trades at 00:05 UTC)
  ------------------------------------------------------------------------------------------------
 
13:40:06 | 
13:40:06 | ============================================================
13:40:06 | 📊 POSITION SUMMARY (8-MIN UPDATE)
13:40:06 | 💰 Equity: $502.53 marked (the Binance book, an experiment) = cash $501.56 + open $+0.97
13:40:06 | 💵 Available: $440.51 after open P&L | Locked: $62.02
13:40:06 | 📈 Session: $+0.09 (+0.0%)
13:40:06 | 🎯 C510 Book (what trades): 11 positions, gross 0.62x, open $+0.97 | rule C2 N2+N3 + range vol (GK) | closed 8: 5W/3L $+1.78 | since 01 Oct +0.51% (normal)
13:40:06 | ============================================================
13:40:06 | ============================================================
13:40:06 | 🔵 Book guard: $0.00 of $100.00 used this month on marked equity (0%, from $500.00) · realised today +0.38% [C497]
13:40:06 | ============================================================
13:40:06 | 
 
  13:48  up 3h52m  daily book --------------------------------------------------------------------
  PLAN      $997.71 of $1,000.00 ($-2.29)  after tax on net profit $997.71
            Delta vs Pi42 funding gap $997.71  paper
  BELOW     experiments, not your money
  EQUITY    $502.52  unreal $+0.96
  OPEN      no intraday positions  book holds 11 (BOOK row)  free $440.50 after open P&L
  SHADOW    intraday M1 $508.41 (+1.74%)  M1g $515.45 (+3.15%)  5d paper only
  CARRY     $498.94 (-0.18%)  8 held  paper only
  SPOT      $249.63 (-0.15%)  3 held  8% invested  cash earns 6.76%  paper pot
  SAVINGS   idle $314.90 (63%)  at 6.76% +$0.30 so far  ~$1.77/month  paper
  BFUSD     wallet $502.56 at 7.66%  +$0.43 so far  ~$3.21/month  vs Savings $1.77  paper
  DELTA     $503.53 (+0.71%)  9 held  fees $0.37  funding $+0.18
            paper experiment: the book on Delta
  XVENUE    $996.30 (-0.37%)  10 pairs  funding $+3.79  fees $4.87  paper, Delta vs Pi42
  BOOK      11 pos gross $309.70 (0.62x)  open $+0.96  funding $-0.06  vol 27% top 20
            rebal 2026-10-06
  CONTEXT   since 01 Oct $+2.52 (+0.50%) in 5.2d  normal -2.6% to +4.7%  top 46%: normal
  RULE      C2 N2+N3 + range vol (GK)  forward test (paper)
  TOURNEY   5d from 2026-10-01  base +0.17%  N2 +0.03%  N3 +0.36%  N2+N3 +0.32%  +K4 +0.67%
            +GK* +0.40%  +K4+GK +0.83%  +GK+DD +0.66%  +GK+XA +1.81%
  DATA      on time  prices 1s  funding booked  book today  shadow 08:00  carry today
            spot pot today
  SESSION   $+0.08 +0.02%  peak $502.78  dd 0.05%
  CURVE     ++++++++++======+=+======++=++
  MONTH     book guard $0.00 of $100.00 used  on marked equity  from $500.00  dial 20%
            ..........................
  RECORD    book closed 8  5W 3L  net $+1.78  fees and funding in
  FEES      no fills yet this run (the book trades at 00:05 UTC)
  ------------------------------------------------------------------------------------------------
 
13:48:07 | 
13:48:07 | ============================================================
13:48:07 | 📊 POSITION SUMMARY (8-MIN UPDATE)
13:48:07 | 💰 Equity: $502.52 marked (the Binance book, an experiment) = cash $501.56 + open $+0.96
13:48:07 | 💵 Available: $440.50 after open P&L | Locked: $62.02
13:48:07 | 📈 Session: $+0.08 (+0.0%)
13:48:07 | 🎯 C510 Book (what trades): 11 positions, gross 0.62x, open $+0.96 | rule C2 N2+N3 + range vol (GK) | closed 8: 5W/3L $+1.78 | since 01 Oct +0.50% (normal)
13:48:07 | ============================================================
13:48:07 | ============================================================
13:48:07 | 🔵 Book guard: $0.00 of $100.00 used this month on marked equity (0%, from $500.00) · realised today +0.38% [C497]
13:48:07 | ============================================================
13:48:07 | 
 
  13:56  up 4h00m  daily book --------------------------------------------------------------------
  PLAN      $997.42 of $1,000.00 ($-2.58)  after tax on net profit $997.42
            Delta vs Pi42 funding gap $997.42  paper
  BELOW     experiments, not your money
  EQUITY    $502.59  unreal $+1.03
  OPEN      no intraday positions  book holds 11 (BOOK row)  free $440.57 after open P&L
  SHADOW    intraday M1 $508.41 (+1.74%)  M1g $515.45 (+3.15%)  5d paper only
  CARRY     $498.94 (-0.18%)  8 held  paper only
  SPOT      $249.63 (-0.15%)  3 held  8% invested  cash earns 6.76%  paper pot
  SAVINGS   idle $314.94 (63%)  at 6.76% +$0.30 so far  ~$1.77/month  paper
  BFUSD     wallet $502.61 at 7.66%  +$0.43 so far  ~$3.21/month  vs Savings $1.77  paper
  DELTA     $503.70 (+0.74%)  9 held  fees $0.37  funding $+0.18
            paper experiment: the book on Delta
  XVENUE    $996.30 (-0.37%)  10 pairs  funding $+3.79  fees $4.87  paper, Delta vs Pi42
  BOOK      11 pos gross $309.86 (0.62x)  open $+1.03  funding $-0.06  vol 27% top 20
            rebal 2026-10-06
  CONTEXT   since 01 Oct $+2.59 (+0.52%) in 5.2d  normal -2.6% to +4.8%  top 46%: normal
  RULE      C2 N2+N3 + range vol (GK)  forward test (paper)
  TOURNEY   5d from 2026-10-01  base +0.17%  N2 +0.03%  N3 +0.36%  N2+N3 +0.32%  +K4 +0.67%
            +GK* +0.40%  +K4+GK +0.83%  +GK+DD +0.66%  +GK+XA +1.81%
  DATA      on time  prices 34s  funding booked  book today  shadow 08:00  carry today
            spot pot today
  SESSION   $+0.15 +0.03%  peak $502.78  dd 0.04%
  CURVE     ++++++++++======+=+======++=+++
  MONTH     book guard $0.00 of $100.00 used  on marked equity  from $500.00  dial 20%
            ..........................
  RECORD    book closed 8  5W 3L  net $+1.78  fees and funding in
  FEES      no fills yet this run (the book trades at 00:05 UTC)
  ------------------------------------------------------------------------------------------------
 
13:56:07 | 
13:56:07 | ============================================================
13:56:07 | 📊 POSITION SUMMARY (8-MIN UPDATE)
13:56:07 | 💰 Equity: $502.59 marked (the Binance book, an experiment) = cash $501.56 + open $+1.03
13:56:07 | 💵 Available: $440.57 after open P&L | Locked: $62.02
13:56:07 | 📈 Session: $+0.15 (+0.0%)
13:56:07 | 🎯 C510 Book (what trades): 11 positions, gross 0.62x, open $+1.03 | rule C2 N2+N3 + range vol (GK) | closed 8: 5W/3L $+1.78 | since 01 Oct +0.52% (normal)
13:56:07 | ============================================================
13:56:07 | ============================================================
13:56:07 | 🔵 Book guard: $0.00 of $100.00 used this month on marked equity (0%, from $500.00) · realised today +0.38% [C497]
13:56:07 | ============================================================
13:56:07 | 
 
  14:04  up 4h08m  daily book --------------------------------------------------------------------
  PLAN      $997.48 of $1,000.00 ($-2.52)  after tax on net profit $997.48
            Delta vs Pi42 funding gap $997.48  paper
  BELOW     experiments, not your money
  EQUITY    $502.52  unreal $+0.96
  OPEN      no intraday positions  book holds 11 (BOOK row)  free $440.50 after open P&L
  SHADOW    intraday M1 $508.41 (+1.74%)  M1g $515.45 (+3.15%)  5d paper only
  CARRY     $498.94 (-0.18%)  8 held  paper only
  SPOT      $249.65 (-0.14%)  3 held  8% invested  cash earns 6.76%  paper pot
  SAVINGS   idle $314.90 (63%)  at 6.76% +$0.30 so far  ~$1.77/month  paper
  BFUSD     wallet $502.56 at 7.66%  +$0.43 so far  ~$3.21/month  vs Savings $1.77  paper
  DELTA     $503.89 (+0.78%)  9 held  fees $0.37  funding $+0.18
            paper experiment: the book on Delta
  XVENUE    $996.30 (-0.37%)  10 pairs  funding $+3.79  fees $4.87  paper, Delta vs Pi42
  BOOK      11 pos gross $310.55 (0.62x)  open $+0.96  funding $-0.06  vol 27% top 20
            rebal 2026-10-06
  CONTEXT   since 01 Oct $+2.52 (+0.50%) in 5.2d  normal -2.6% to +4.8%  top 46%: normal
  RULE      C2 N2+N3 + range vol (GK)  forward test (paper)
  TOURNEY   5d from 2026-10-01  base +0.17%  N2 +0.03%  N3 +0.36%  N2+N3 +0.32%  +K4 +0.67%
            +GK* +0.40%  +K4+GK +0.83%  +GK+DD +0.66%  +GK+XA +1.81%
  DATA      on time  prices 28s  funding booked  book today  shadow 08:00  carry today
            spot pot today
  SESSION   $+0.08 +0.02%  peak $502.78  dd 0.05%
  CURVE     ++++++++++======+=+======++=++++
  MONTH     book guard $0.00 of $100.00 used  on marked equity  from $500.00  dial 20%
            ..........................
  RECORD    book closed 8  5W 3L  net $+1.78  fees and funding in
  FEES      no fills yet this run (the book trades at 00:05 UTC)
  ------------------------------------------------------------------------------------------------
 
14:04:07 | 
14:04:07 | ============================================================
14:04:07 | 📊 POSITION SUMMARY (8-MIN UPDATE)
14:04:07 | 💰 Equity: $502.52 marked (the Binance book, an experiment) = cash $501.56 + open $+0.96
14:04:07 | 💵 Available: $440.50 after open P&L | Locked: $62.02
14:04:07 | 📈 Session: $+0.08 (+0.0%)
14:04:07 | 🎯 C510 Book (what trades): 11 positions, gross 0.62x, open $+0.96 | rule C2 N2+N3 + range vol (GK) | closed 8: 5W/3L $+1.78 | since 01 Oct +0.50% (normal)
14:04:07 | ============================================================
14:04:07 | ============================================================
14:04:07 | 🔵 Book guard: $0.00 of $100.00 used this month on marked equity (0%, from $500.00) · realised today +0.38% [C497]
14:04:07 | ============================================================
14:04:07 | 
 
  14:12  up 4h16m  daily book --------------------------------------------------------------------
  PLAN      $997.46 of $1,000.00 ($-2.54)  after tax on net profit $997.46
            Delta vs Pi42 funding gap $997.46  paper
  BELOW     experiments, not your money
  EQUITY    $502.69  unreal $+1.13
  OPEN      no intraday positions  book holds 11 (BOOK row)  free $440.67 after open P&L
  SHADOW    intraday M1 $508.41 (+1.74%)  M1g $515.45 (+3.15%)  5d paper only
  CARRY     $498.94 (-0.18%)  8 held  paper only
  SPOT      $249.66 (-0.14%)  3 held  8% invested  cash earns 6.76%  paper pot
  SAVINGS   idle $315.00 (63%)  at 6.76% +$0.30 so far  ~$1.77/month  paper
  BFUSD     wallet $502.70 at 7.66%  +$0.43 so far  ~$3.21/month  vs Savings $1.77  paper
  DELTA     $503.84 (+0.77%)  9 held  fees $0.37  funding $+0.18
            paper experiment: the book on Delta
  XVENUE    $996.30 (-0.37%)  10 pairs  funding $+3.79  fees $4.87  paper, Delta vs Pi42
  BOOK      11 pos gross $310.22 (0.62x)  open $+1.13  funding $-0.06  vol 27% top 20
            rebal 2026-10-06
  CONTEXT   since 01 Oct $+2.69 (+0.54%) in 5.2d  normal -2.6% to +4.8%  top 46%: normal
  RULE      C2 N2+N3 + range vol (GK)  forward test (paper)
  TOURNEY   5d from 2026-10-01  base +0.17%  N2 +0.03%  N3 +0.36%  N2+N3 +0.32%  +K4 +0.67%
            +GK* +0.40%  +K4+GK +0.83%  +GK+DD +0.66%  +GK+XA +1.81%
  DATA      on time  prices 21s  funding booked  book today  shadow 08:00  carry today
            spot pot today
  SESSION   $+0.25 +0.05%  peak $502.78  dd 0.02%
  CURVE     ++++++++++======+=+======++=+++++
  MONTH     book guard $0.00 of $100.00 used  on marked equity  from $500.00  dial 20%
            ..........................
  RECORD    book closed 8  5W 3L  net $+1.78  fees and funding in
  FEES      no fills yet this run (the book trades at 00:05 UTC)
  ------------------------------------------------------------------------------------------------
 
14:12:08 | 
14:12:08 | ============================================================
14:12:08 | 📊 POSITION SUMMARY (8-MIN UPDATE)
14:12:08 | 💰 Equity: $502.69 marked (the Binance book, an experiment) = cash $501.56 + open $+1.13
14:12:08 | 💵 Available: $440.67 after open P&L | Locked: $62.02
14:12:08 | 📈 Session: $+0.25 (+0.1%)
14:12:08 | 🎯 C510 Book (what trades): 11 positions, gross 0.62x, open $+1.13 | rule C2 N2+N3 + range vol (GK) | closed 8: 5W/3L $+1.78 | since 01 Oct +0.54% (normal)
14:12:08 | ============================================================
14:12:08 | ============================================================
14:12:08 | 🔵 Book guard: $0.00 of $100.00 used this month on marked equity (0%, from $500.00) · realised today +0.38% [C497]
14:12:08 | ============================================================
14:12:08 | 
