
  ================================================================================================
  OMEGA C466  PAPER  Bitget perps
  19 Sep 2026   06:53
  start $250.03  day -0.68% loss
  ================================================================================================

  >> 06:59  OPEN   MET LONG @0.265600  x2 $26.11
       target +4.7%  stop -1.4%  entry score 0.79  maker


  07:01  up 0h08m  scan 2 ------------------------------------------------------------------------
  EQUITY    $249.87  unreal $-0.16
  SESSION   $-0.16 -0.06%  peak $250.03  dd 0.06%
  DAY       real $+0.03  loss room $1.70 (0.68%)  0% used  vol x1.00  trust x1.00
            ..........................
  RECORD    no closed trades yet this run
  LIFETIME  9tr 4W 5L 44%  $+0.03
  OPEN      1 pos $26.11 (10%)  free $223.92
  FEES      $0.01  mk1/tk0  0.004% of eq
  SCAN      797 > 1 > 1 passed  top MET 0.79 (viable)  2 scans, 61 analysed
  MARKET    TRENDING  bias +0.36  breadth +0.03  taker flow -0.13
  NEWS      65 articles  + tone +0.13  OP -0.58  BNB +0.51  PEPE +0.50
  INFO      1 tilted  flow/news on 60
  MOVERS    AKE +116% #8  G +50% #10  F +45% #27  STRK +42% cut
  ------------------------------------------------------------------------------------------------
  PAIR     SIDE       ENTRY      MARK    MOVE     P&L   AGE  THESIS
  MET      LONG    0.265600  0.265000  -0.23%   -0.16    1m  - 40% left
  ------------------------------------------------------------------------------------------------

  << 07:03  CLOSE  MET LONG @0.261900  -1.39% $-0.77  LOSS
       held 3m  C377_RISK_STOP: -1.39% =  -0.76R  TAKER


  07:09  up 0h16m  scan 2 ------------------------------------------------------------------------
  EQUITY    $249.26
  SESSION   $-0.77 -0.31%  peak $250.03  dd 0.31%
  DAY       real $-0.74  loss room $1.70 (0.68%)  43% used  vol x1.00  trust x1.00
            ###########...............
  RECORD    1 closed  0W 1L  win 0%  avg $-0.77/tr
  LIFETIME  10tr 4W 6L 40%  $-0.74
  OPEN      flat  free $249.26
  FEES      $0.04  mk1/tk1  0.017% of eq
  SCAN      797 > 1 > 1 passed  top MET 0.79 (viable)  2 scans, 61 analysed
  MARKET    TRENDING  bias +0.36  breadth +0.03  taker flow -0.06
  NEWS      65 articles  + tone +0.13  OP -0.58  BNB +0.51  PEPE +0.50
  INFO      1 tilted  flow/news on 60
  MOVERS    AKE +116% #8  G +50% #10  F +45% #27  STRK +42% cut
  TAPE      -
  ------------------------------------------------------------------------------------------------

  .. 07:17  flat  $249.26  $-0.77 -0.31%  0W 1L 0%  59 analysed
  .. 07:25  flat  $249.26  $-0.77 -0.31%  0W 1L 0%  11 analysed
  .. 07:33  flat  $249.26  $-0.77 -0.31%  0W 1L 0%  59 analysed


  07:41  up 0h48m  scan 7 ------------------------------------------------------------------------
  EQUITY    $249.26
  SESSION   $-0.77 -0.31%  peak $250.03  dd 0.31%
  CURVE     ++======
  DAY       real $-0.74  loss room $1.88 (0.75%)  39% used  vol x1.10  trust x1.00
            ##########................
  RECORD    1 closed  0W 1L  win 0%  avg $-0.77/tr
  LIFETIME  10tr 4W 6L 40%  $-0.74
  OPEN      flat  free $249.26
  FEES      $0.04  mk1/tk1  0.017% of eq
  SCAN      797 > 1 > 0 passed  7 scans, 250 analysed
  MARKET    TRENDING  bias +0.29  breadth +0.07  taker flow -0.13
  NEWS      65 articles  + tone +0.27  OP -0.58  BNB +0.51  UNI +0.28
  INFO      1 tilted  flow/news/oi on 90
  MOVERS    AKE +100% #8  ONE +56% #10  G +46% cut  STRK +45% cut
  TAPE      -
  ------------------------------------------------------------------------------------------------

  >> 07:50  OPEN   S LONG @0.034310  x2 $26.43
       target +5.2%  stop -1.2%  entry score 0.54  maker


  07:50  up 0h56m  scan 9 ------------------------------------------------------------------------
  EQUITY    $249.22  unreal $-0.04
  SESSION   $-0.81 -0.32%  peak $250.03  dd 0.32%
  CURVE     ++=======
  DAY       real $-0.74  loss room $1.88 (0.75%)  39% used  vol x1.10  trust x1.00
            ##########................
  RECORD    1 closed  0W 1L  win 0%  avg $-0.77/tr
  LIFETIME  10tr 4W 6L 40%  $-0.74
  OPEN      1 pos $26.43 (11%)  free $222.83
  FEES      $0.05  mk2/tk1  0.021% of eq
  SCAN      797 > 59 > 1 passed  top S 0.54 (viable)  9 scans, 312 analysed
  MARKET    TRENDING  bias +0.38  breadth +0.00  taker flow -0.02
  NEWS      65 articles  + tone +0.27  OP -0.58  BNB +0.51  UNI +0.28
  INFO      1 tilted  flow/news/oi on 93
  MOVERS    AKE +99% #8  ONE +66% #11  G +51% cut  STRK +49% cut
  TAPE      -
  ------------------------------------------------------------------------------------------------
  PAIR     SIDE       ENTRY      MARK    MOVE     P&L   AGE  THESIS
  S        LONG    0.034310  0.034310  +0.00%   -0.04    0m  - 100% left
  ------------------------------------------------------------------------------------------------


  SESSION SUMMARY --------------------------------------------------------------------------------
  RAN       1h01m  9 scans  312 pair-analyses  1 closed trades
  P&L       $-1.44 (-0.58%)  $250.03 > $248.59  maxDD 0.58%
  CURVE     @@=======.
  RECORD    0W 1L  win 0%  payoff n/a  profit factor n/a  avg win n/a  avg loss $-0.77
            break-even n/a  expectancy $-0.77/tr  gross $0.00 won  $0.77 lost
  HOLD      median 3m  range 3-3m
  COST      fees $0.05  maker 2 / taker 1 fills  7% of gross  67% of fills maker  maker $0.02
            taker $0.03
  EXITS     C377_RISK_STOP: -1.3 1
  ------------------------------------------------------------------------------------------------
  PAIR     SIDE      MOVE      NET   HELD  EXIT
  MET      LONG    -1.39%   $-0.77     3m  C377_RISK_STOP: -1.3 [L]
  ------------------------------------------------------------------------------------------------

