20:23:02 | 📊 Paper Mode
20:23:02 | ✅ Connected | 741 futures markets (Binance USDⓈ-M)
 
  ================================================================================================
  OMEGA C545  PAPER  Binance perps
  09 Oct 2026   20:23
  start $500.77 realised  risk dial 20%/month
  ================================================================================================
 
  RISK FRAME -------------------------------------------------------------------------------------
  EQUITY    $500.77 realised  741 markets
  MONTH     dial 20% = $100.00 this month
            used $0.00 realised (the guard counts MARKED equity once prices load)
  BOOK      daily trend + momentum + carry, rebalanced 00:05 UTC
            month guard on MARKED equity (open P&L counts)  intraday scanner idle
  ------------------------------------------------------------------------------------------------
 
20:23:02 | 🌐 Remote control on http://0.0.0.0:8138 — TOKEN REQUIRED
20:23:02 |    📱 Local network: http://10.0.0.160:8138/?t=<your token> (this machine's own address)
20:23:02 |    🌍 Internet: put a Cloudflare Tunnel in front of this port.
20:23:02 |        See deploy/DEPLOY.md — one command, no open ports, free.
20:23:02 | 📊 C503 WHAT IS RUNNING -- the portfolio book trades the Binance paper account (an
    experiment, not your plan):
20:23:02 |    RULE   C2 N2+N3 + range vol (GK): C2 = residual momentum, no crowded shorts (N2+N3) --
    a FORWARD TEST in paper (C510); the admitted rule is scored beside it in the rule tournament
20:23:02 |    BOOK   trend (C1) + momentum (C2) + carry (C3), equal risk; vol target 27% from the
    20% dial; gross <= 3x equity; top 20 crypto; $6 minimum; 30% band
20:23:02 |           rebalanced daily 00:05 UTC with market orders (paper fills at the ask/bid,
    taker 0.05%); 5x cross margin; funding at each coin's own interval; its one limit is the month
    guard on MARKED equity
20:23:02 |    PAPER  never touches the account: intraday shadow (C489) hourly · carry (C490) 00:10
    UTC · spot pot (C501/C502) $250, spot minimum $5, 00:20 UTC · idle cash -> Savings at Binance's
    own rate (read every 6 h; 6.69% until the first read) every minute · rule tournament (C510, 9
    rules on the same prices) at each rebalance · BFUSD wallet at 7.66% (C521) · the same book on
    Delta Exchange India, $500 (C521), an experiment · Delta vs CoinDCX funding spread, both legs,
    $1000 (C532/C542: both in rupees; CoinDCX's rates are Binance's)
20:23:02 |    IDLE   the intraday scanner, the OLD strategy (139 trades, 44W/95L before the 29 Sep
    2026 fresh start; it lost after fees): it opens nothing, and its boot description is not printed
    (OMEGA_ENGINE=intraday runs and describes it)
20:23:02 | 💡 Stop safely: sudo systemctl stop omega (Ctrl+C only when run by hand)
20:23:08 | ⚠️ C540 real account Pi42 (read-only) not read: Pi42's firewall answered instead of its
    API (HTTP 403): this network may be blocked -- check from the server: curl -sI
    https://fapi.pi42.com
 
  20:31  up 0h08m  daily book --------------------------------------------------------------------
  PLAN      $1,000.49 of $1,000.00 ($+0.49)  after tax on net profit $1,000.34
            Delta vs CoinDCX funding gap $1,000.49  paper
  BELOW     experiments, not your money
  EQUITY    $494.68  unreal $-6.09
  OPEN      no intraday positions  book holds 10 (BOOK row)  free $434.24 after open P&L
  SHADOW    intraday M1 $482.31 (-3.48%)  M1g $506.09 (+1.27%)  8d paper only
  CARRY     $498.97 (-0.17%)  5 held  paper only
  SPOT      $247.68 (-0.93%)  0 held  0% invested  cash earns 2.50%  paper pot
  SAVINGS   idle $310.70 (63%)  at 2.50% +$0.47 so far  ~$0.65/month  paper
  BFUSD     wallet $494.85 at 7.66%  +$0.77 so far  ~$3.16/month  vs Savings $0.65  paper
  DELTA     $495.74 (-0.85%)  8 held  fees $0.41  funding $+0.21
            paper experiment: the book on Delta
  XVENUE    $999.54 (-0.05%)  10 pairs  funding $+8.98  fees $6.95  paper, Delta vs CoinDCX
  TESTS     every 8 h: ahead $0.01, 3 days  3-day avg: behind $0.31, 3 days
            15 x 12%: behind $0.95, 1 day  paper, vs your daily rule
  BOOK      10 pos gross $273.74 (0.55x)  open $-6.09  funding $-0.00  vol 27% top 20
            rebal 2026-10-09
  CONTEXT   since 01 Oct $-5.32 (-1.06%) in 8.5d  normal -3.0% to +6.8%  bottom 28%: normal
  RULE      C2 N2+N3 + range vol (GK)  forward test (paper)
  TOURNEY   8d from 2026-10-01  base -1.00%  N2 -1.50%  N3 -1.32%  N2+N3 -1.74%  +K4 -3.23%
            +GK* -1.45%  +K4+GK -2.54%  +GK+DD -1.17%  +GK+XA -2.00%
  DATA      on time  prices 34s  funding booked  book today  shadow 14:00  carry today
            spot pot today
  SESSION   $-0.14 -0.03%  peak $494.82  dd 0.03%
  MONTH     book guard $5.32 of $100.00 used  on marked equity  from $500.00  dial 20%
            #.........................
  RECORD    book closed 11  5W 6L  net $-0.06  fees and funding in
  FEES      no fills yet this run (the book trades at 00:05 UTC)
  ------------------------------------------------------------------------------------------------
 
20:31:02 | 🎯 C510 Book (what trades): 10 positions, gross 0.55x, open $-6.09 | rule C2 N2+N3 + range
    vol (GK) | closed 11: 5W/6L $-0.06 | since 01 Oct -1.06% (normal)
20:32:25 |    👻 C489 shadow hour 15:00 UTC: 39 coins scored (full (16 features)), gate OPEN | M1
    $483.13 (-3.32%) M1g $506.78 (+1.41%) over 8d [15s]
 
  20:39  up 0h16m  daily book --------------------------------------------------------------------
  PLAN      $1,000.89 of $1,000.00 ($+0.89)  after tax on net profit $1,000.61
            Delta vs CoinDCX funding gap $1,000.89  paper
  BELOW     experiments, not your money
  EQUITY    $494.50  unreal $-6.27
  OPEN      no intraday positions  book holds 10 (BOOK row)  free $434.06 after open P&L
  SHADOW    intraday M1 $483.13 (-3.32%)  M1g $506.78 (+1.41%)  8d paper only
  CARRY     $498.97 (-0.17%)  5 held  paper only
  SPOT      $247.69 (-0.93%)  0 held  0% invested  cash earns 2.50%  paper pot
  SAVINGS   idle $310.44 (63%)  at 2.50% +$0.47 so far  ~$0.65/month  paper
  BFUSD     wallet $494.50 at 7.66%  +$0.77 so far  ~$3.16/month  vs Savings $0.65  paper
  DELTA     $495.40 (-0.92%)  8 held  fees $0.41  funding $+0.21
            paper experiment: the book on Delta
  XVENUE    $999.54 (-0.05%)  10 pairs  funding $+8.98  fees $6.95  paper, Delta vs CoinDCX
  TESTS     every 8 h: ahead $0.01, 3 days  3-day avg: behind $0.31, 3 days
            15 x 12%: behind $0.95, 1 day  paper, vs your daily rule
  BOOK      10 pos gross $273.02 (0.55x)  open $-6.27  funding $-0.00  vol 27% top 20
            rebal 2026-10-09
  CONTEXT   since 01 Oct $-5.50 (-1.10%) in 8.5d  normal -3.0% to +6.8%  bottom 28%: normal
  RULE      C2 N2+N3 + range vol (GK)  forward test (paper)
  TOURNEY   8d from 2026-10-01  base -1.00%  N2 -1.50%  N3 -1.32%  N2+N3 -1.74%  +K4 -3.23%
            +GK* -1.45%  +K4+GK -2.54%  +GK+DD -1.17%  +GK+XA -2.00%
  DATA      on time  prices 34s  funding booked  book today  shadow 15:00  carry today
            spot pot today
  SESSION   $-0.32 -0.06%  peak $494.82  dd 0.06%
  MONTH     book guard $5.50 of $100.00 used  on marked equity  from $500.00  dial 20%
            #.........................
  RECORD    book closed 11  5W 6L  net $-0.06  fees and funding in
  FEES      no fills yet this run (the book trades at 00:05 UTC)
  ------------------------------------------------------------------------------------------------
 
20:39:03 | 🎯 C510 Book (what trades): 10 positions, gross 0.55x, open $-6.27 | rule C2 N2+N3 + range
    vol (GK) | closed 11: 5W/6L $-0.06 | since 01 Oct -1.10% (normal)
 
  20:47  up 0h24m  daily book --------------------------------------------------------------------
  PLAN      $1,000.78 of $1,000.00 ($+0.78)  after tax on net profit $1,000.54
            Delta vs CoinDCX funding gap $1,000.78  paper
  BELOW     experiments, not your money
  EQUITY    $494.41  unreal $-6.36
  OPEN      no intraday positions  book holds 10 (BOOK row)  free $433.97 after open P&L
  SHADOW    intraday M1 $483.13 (-3.32%)  M1g $506.78 (+1.41%)  8d paper only
  CARRY     $498.97 (-0.17%)  5 held  paper only
  SPOT      $247.69 (-0.93%)  0 held  0% invested  cash earns 2.50%  paper pot
  SAVINGS   idle $310.35 (63%)  at 2.50% +$0.47 so far  ~$0.65/month  paper
  BFUSD     wallet $494.38 at 7.66%  +$0.77 so far  ~$3.16/month  vs Savings $0.65  paper
  DELTA     $495.38 (-0.92%)  8 held  fees $0.41  funding $+0.21
            paper experiment: the book on Delta
  XVENUE    $999.54 (-0.05%)  10 pairs  funding $+8.98  fees $6.95  paper, Delta vs CoinDCX
  TESTS     every 8 h: ahead $0.01, 3 days  3-day avg: behind $0.31, 3 days
            15 x 12%: behind $0.95, 1 day  paper, vs your daily rule
  BOOK      10 pos gross $272.89 (0.55x)  open $-6.36  funding $-0.00  vol 27% top 20
            rebal 2026-10-09
  CONTEXT   since 01 Oct $-5.59 (-1.12%) in 8.5d  normal -3.0% to +6.8%  bottom 27%: normal
  RULE      C2 N2+N3 + range vol (GK)  forward test (paper)
  TOURNEY   8d from 2026-10-01  base -1.00%  N2 -1.50%  N3 -1.32%  N2+N3 -1.74%  +K4 -3.23%
            +GK* -1.45%  +K4+GK -2.54%  +GK+DD -1.17%  +GK+XA -2.00%
  DATA      on time  prices 18s  funding booked  book today  shadow 15:00  carry today
            spot pot today
  SESSION   $-0.41 -0.08%  peak $494.82  dd 0.08%
  MONTH     book guard $5.59 of $100.00 used  on marked equity  from $500.00  dial 20%
            #.........................
  RECORD    book closed 11  5W 6L  net $-0.06  fees and funding in
  FEES      no fills yet this run (the book trades at 00:05 UTC)
  ------------------------------------------------------------------------------------------------
 
20:47:03 | 🎯 C510 Book (what trades): 10 positions, gross 0.55x, open $-6.36 | rule C2 N2+N3 + range
    vol (GK) | closed 11: 5W/6L $-0.06 | since 01 Oct -1.12% (normal)
 
  20:55  up 0h32m  daily book --------------------------------------------------------------------
  PLAN      $1,000.59 of $1,000.00 ($+0.59)  after tax on net profit $1,000.41
            Delta vs CoinDCX funding gap $1,000.59  paper
  BELOW     experiments, not your money
  EQUITY    $494.39  unreal $-6.38
  OPEN      no intraday positions  book holds 10 (BOOK row)  free $433.95 after open P&L
  SHADOW    intraday M1 $483.13 (-3.32%)  M1g $506.78 (+1.41%)  8d paper only
  CARRY     $498.97 (-0.17%)  5 held  paper only
  SPOT      $247.69 (-0.93%)  0 held  0% invested  cash earns 2.50%  paper pot
  SAVINGS   idle $310.35 (63%)  at 2.50% +$0.47 so far  ~$0.65/month  paper
  BFUSD     wallet $494.39 at 7.66%  +$0.77 so far  ~$3.16/month  vs Savings $0.65  paper
  DELTA     $495.24 (-0.95%)  8 held  fees $0.41  funding $+0.21
            paper experiment: the book on Delta
  XVENUE    $999.54 (-0.05%)  10 pairs  funding $+8.98  fees $6.95  paper, Delta vs CoinDCX
  TESTS     every 8 h: ahead $0.01, 3 days  3-day avg: behind $0.31, 3 days
            15 x 12%: behind $0.95, 1 day  paper, vs your daily rule
  BOOK      10 pos gross $272.74 (0.55x)  open $-6.38  funding $-0.00  vol 27% top 20
            rebal 2026-10-09
  CONTEXT   since 01 Oct $-5.61 (-1.12%) in 8.5d  normal -3.0% to +6.9%  bottom 27%: normal
  RULE      C2 N2+N3 + range vol (GK)  forward test (paper)
  TOURNEY   8d from 2026-10-01  base -1.00%  N2 -1.50%  N3 -1.32%  N2+N3 -1.74%  +K4 -3.23%
            +GK* -1.45%  +K4+GK -2.54%  +GK+DD -1.17%  +GK+XA -2.00%
  DATA      on time  prices 10s  funding booked  book today  shadow 15:00  carry today
            spot pot today
  SESSION   $-0.43 -0.09%  peak $494.82  dd 0.09%
  MONTH     book guard $5.61 of $100.00 used  on marked equity  from $500.00  dial 20%
            #.........................
  RECORD    book closed 11  5W 6L  net $-0.06  fees and funding in
  FEES      no fills yet this run (the book trades at 00:05 UTC)
  ------------------------------------------------------------------------------------------------
 
20:55:03 | 🎯 C510 Book (what trades): 10 positions, gross 0.55x, open $-6.38 | rule C2 N2+N3 + range
    vol (GK) | closed 11: 5W/6L $-0.06 | since 01 Oct -1.12% (normal)
 
  21:03  up 0h40m  daily book --------------------------------------------------------------------
  PLAN      $1,000.96 of $1,000.00 ($+0.96)  after tax on net profit $1,000.66
            Delta vs CoinDCX funding gap $1,000.96  paper
  BELOW     experiments, not your money
  EQUITY    $494.64  unreal $-6.13
  OPEN      no intraday positions  book holds 10 (BOOK row)  free $434.20 after open P&L
  SHADOW    intraday M1 $483.13 (-3.32%)  M1g $506.78 (+1.41%)  8d paper only
  CARRY     $498.97 (-0.17%)  5 held  paper only
  SPOT      $247.69 (-0.93%)  0 held  0% invested  cash earns 2.50%  paper pot
  SAVINGS   idle $310.52 (63%)  at 2.50% +$0.47 so far  ~$0.65/month  paper
  BFUSD     wallet $494.61 at 7.66%  +$0.77 so far  ~$3.16/month  vs Savings $0.65  paper
  DELTA     $495.33 (-0.93%)  8 held  fees $0.41  funding $+0.21
            paper experiment: the book on Delta
  XVENUE    $999.54 (-0.05%)  10 pairs  funding $+8.98  fees $6.95  paper, Delta vs CoinDCX
  TESTS     every 8 h: ahead $0.01, 3 days  3-day avg: behind $0.31, 3 days
            15 x 12%: behind $0.95, 1 day  paper, vs your daily rule
  BOOK      10 pos gross $273.87 (0.55x)  open $-6.13  funding $-0.00  vol 27% top 20
            rebal 2026-10-09
  CONTEXT   since 01 Oct $-5.36 (-1.07%) in 8.5d  normal -3.0% to +6.9%  bottom 28%: normal
  RULE      C2 N2+N3 + range vol (GK)  forward test (paper)
  TOURNEY   8d from 2026-10-01  base -1.00%  N2 -1.50%  N3 -1.32%  N2+N3 -1.74%  +K4 -3.23%
            +GK* -1.45%  +K4+GK -2.54%  +GK+DD -1.17%  +GK+XA -2.00%
  DATA      on time  prices 4s  funding booked  book today  shadow 15:00  carry today
            spot pot today
  SESSION   $-0.18 -0.04%  peak $494.82  dd 0.04%
  CURVE     ++===+
  MONTH     book guard $5.36 of $100.00 used  on marked equity  from $500.00  dial 20%
            #.........................
  RECORD    book closed 11  5W 6L  net $-0.06  fees and funding in
  FEES      no fills yet this run (the book trades at 00:05 UTC)
  ------------------------------------------------------------------------------------------------
 
21:03:04 | 🎯 C510 Book (what trades): 10 positions, gross 0.55x, open $-6.13 | rule C2 N2+N3 + range
    vol (GK) | closed 11: 5W/6L $-0.06 | since 01 Oct -1.07% (normal)
 
  21:11  up 0h48m  daily book --------------------------------------------------------------------
  PLAN      $999.47 of $1,000.00 ($-0.53)  after tax on net profit $999.47
            Delta vs CoinDCX funding gap $999.47  paper
  BELOW     experiments, not your money
  EQUITY    $494.55  unreal $-6.22
  OPEN      no intraday positions  book holds 10 (BOOK row)  free $434.11 after open P&L
  SHADOW    intraday M1 $483.13 (-3.32%)  M1g $506.78 (+1.41%)  8d paper only
  CARRY     $498.97 (-0.17%)  5 held  paper only
  SPOT      $247.69 (-0.93%)  0 held  0% invested  cash earns 2.50%  paper pot
  SAVINGS   idle $310.47 (63%)  at 2.50% +$0.47 so far  ~$0.65/month  paper
  BFUSD     wallet $494.55 at 7.66%  +$0.77 so far  ~$3.16/month  vs Savings $0.65  paper
  DELTA     $495.64 (-0.87%)  8 held  fees $0.41  funding $+0.21
            paper experiment: the book on Delta
  XVENUE    $999.54 (-0.05%)  10 pairs  funding $+8.98  fees $6.95  paper, Delta vs CoinDCX
  TESTS     every 8 h: ahead $0.01, 3 days  3-day avg: behind $0.31, 3 days
            15 x 12%: behind $0.95, 1 day  paper, vs your daily rule
  BOOK      10 pos gross $273.85 (0.55x)  open $-6.22  funding $-0.00  vol 27% top 20
            rebal 2026-10-09
  CONTEXT   since 01 Oct $-5.45 (-1.09%) in 8.5d  normal -3.0% to +6.9%  bottom 28%: normal
  RULE      C2 N2+N3 + range vol (GK)  forward test (paper)
  TOURNEY   8d from 2026-10-01  base -1.00%  N2 -1.50%  N3 -1.32%  N2+N3 -1.74%  +K4 -3.23%
            +GK* -1.45%  +K4+GK -2.54%  +GK+DD -1.17%  +GK+XA -2.00%
  DATA      on time  prices 38s  funding booked  book today  shadow 15:00  carry today
            spot pot today
  SESSION   $-0.27 -0.05%  peak $494.82  dd 0.05%
  CURVE     ++===+=
  MONTH     book guard $5.45 of $100.00 used  on marked equity  from $500.00  dial 20%
            #.........................
  RECORD    book closed 11  5W 6L  net $-0.06  fees and funding in
  FEES      no fills yet this run (the book trades at 00:05 UTC)
  ------------------------------------------------------------------------------------------------
 
21:11:04 | 🎯 C510 Book (what trades): 10 positions, gross 0.55x, open $-6.22 | rule C2 N2+N3 + range
    vol (GK) | closed 11: 5W/6L $-0.06 | since 01 Oct -1.09% (normal)
 
  21:19  up 0h56m  daily book --------------------------------------------------------------------
  PLAN      $1,000.46 of $1,000.00 ($+0.46)  after tax on net profit $1,000.32
            Delta vs CoinDCX funding gap $1,000.46  paper
  BELOW     experiments, not your money
  EQUITY    $494.64  unreal $-6.13
  OPEN      no intraday positions  book holds 10 (BOOK row)  free $434.20 after open P&L
  SHADOW    intraday M1 $483.13 (-3.32%)  M1g $506.78 (+1.41%)  8d paper only
  CARRY     $498.97 (-0.17%)  5 held  paper only
  SPOT      $247.69 (-0.93%)  0 held  0% invested  cash earns 2.50%  paper pot
  SAVINGS   idle $310.54 (63%)  at 2.50% +$0.47 so far  ~$0.65/month  paper
  BFUSD     wallet $494.64 at 7.66%  +$0.77 so far  ~$3.16/month  vs Savings $0.65  paper
  DELTA     $495.59 (-0.88%)  8 held  fees $0.41  funding $+0.21
            paper experiment: the book on Delta
  XVENUE    $999.54 (-0.05%)  10 pairs  funding $+8.98  fees $6.95  paper, Delta vs CoinDCX
  TESTS     every 8 h: ahead $0.01, 3 days  3-day avg: behind $0.31, 3 days
            15 x 12%: behind $0.95, 1 day  paper, vs your daily rule
  BOOK      10 pos gross $273.79 (0.55x)  open $-6.13  funding $-0.00  vol 27% top 20
            rebal 2026-10-09
  CONTEXT   since 01 Oct $-5.36 (-1.07%) in 8.5d  normal -3.0% to +6.9%  bottom 28%: normal
  RULE      C2 N2+N3 + range vol (GK)  forward test (paper)
  TOURNEY   8d from 2026-10-01  base -1.00%  N2 -1.50%  N3 -1.32%  N2+N3 -1.74%  +K4 -3.23%
            +GK* -1.45%  +K4+GK -2.54%  +GK+DD -1.17%  +GK+XA -2.00%
  DATA      on time  prices 31s  funding booked  book today  shadow 15:00  carry today
            spot pot today
  SESSION   $-0.18 -0.04%  peak $494.82  dd 0.04%
  CURVE     ++===+=+
  MONTH     book guard $5.36 of $100.00 used  on marked equity  from $500.00  dial 20%
            #.........................
  RECORD    book closed 11  5W 6L  net $-0.06  fees and funding in
  FEES      no fills yet this run (the book trades at 00:05 UTC)
  ------------------------------------------------------------------------------------------------
 
21:19:05 | 🎯 C510 Book (what trades): 10 positions, gross 0.55x, open $-6.13 | rule C2 N2+N3 + range
    vol (GK) | closed 11: 5W/6L $-0.06 | since 01 Oct -1.07% (normal)
 
  21:27  up 1h04m  daily book --------------------------------------------------------------------
  PLAN      $1,000.33 of $1,000.00 ($+0.33)  after tax on net profit $1,000.23
            Delta vs CoinDCX funding gap $1,000.33  paper
  BELOW     experiments, not your money
  EQUITY    $494.56  unreal $-6.21
  OPEN      no intraday positions  book holds 10 (BOOK row)  free $434.12 after open P&L
  SHADOW    intraday M1 $483.13 (-3.32%)  M1g $506.78 (+1.41%)  8d paper only
  CARRY     $498.97 (-0.17%)  5 held  paper only
  SPOT      $247.69 (-0.93%)  0 held  0% invested  cash earns 2.50%  paper pot
  SAVINGS   idle $310.48 (63%)  at 2.50% +$0.47 so far  ~$0.65/month  paper
  BFUSD     wallet $494.56 at 7.66%  +$0.78 so far  ~$3.16/month  vs Savings $0.65  paper
  DELTA     $495.50 (-0.90%)  8 held  fees $0.41  funding $+0.21
            paper experiment: the book on Delta
  XVENUE    $999.54 (-0.05%)  10 pairs  funding $+8.98  fees $6.95  paper, Delta vs CoinDCX
  TESTS     every 8 h: ahead $0.01, 3 days  3-day avg: behind $0.31, 3 days
            15 x 12%: behind $0.95, 1 day  paper, vs your daily rule
  BOOK      10 pos gross $273.57 (0.55x)  open $-6.21  funding $-0.00  vol 27% top 20
            rebal 2026-10-09
  CONTEXT   since 01 Oct $-5.44 (-1.09%) in 8.5d  normal -3.0% to +6.9%  bottom 28%: normal
  RULE      C2 N2+N3 + range vol (GK)  forward test (paper)
  TOURNEY   8d from 2026-10-01  base -1.00%  N2 -1.50%  N3 -1.32%  N2+N3 -1.74%  +K4 -3.23%
            +GK* -1.45%  +K4+GK -2.54%  +GK+DD -1.17%  +GK+XA -2.00%
  DATA      on time  prices 23s  funding booked  book today  shadow 15:00  carry today
            spot pot today
  SESSION   $-0.26 -0.05%  peak $494.82  dd 0.05%
  CURVE     ++===+=+=
  MONTH     book guard $5.44 of $100.00 used  on marked equity  from $500.00  dial 20%
            #.........................
  RECORD    book closed 11  5W 6L  net $-0.06  fees and funding in
  FEES      no fills yet this run (the book trades at 00:05 UTC)
  ------------------------------------------------------------------------------------------------
 
21:27:05 | 🎯 C510 Book (what trades): 10 positions, gross 0.55x, open $-6.21 | rule C2 N2+N3 + range
    vol (GK) | closed 11: 5W/6L $-0.06 | since 01 Oct -1.09% (normal)
21:32:26 |    👻 C489 shadow hour 16:00 UTC: 39 coins scored (full (16 features)), gate OPEN | M1
    $483.27 (-3.29%) M1g $506.72 (+1.40%) over 8d [3s]
 
  21:35  up 1h12m  daily book --------------------------------------------------------------------
  PLAN      $1,000.61 of $1,000.00 ($+0.61)  after tax on net profit $1,000.42
            Delta vs CoinDCX funding gap $1,000.61  paper
  BELOW     experiments, not your money
  EQUITY    $494.76  unreal $-6.01
  OPEN      no intraday positions  book holds 10 (BOOK row)  free $434.32 after open P&L
  SHADOW    intraday M1 $483.27 (-3.29%)  M1g $506.72 (+1.40%)  8d paper only
  CARRY     $498.97 (-0.17%)  5 held  paper only
  SPOT      $247.69 (-0.93%)  0 held  0% invested  cash earns 2.50%  paper pot
  SAVINGS   idle $310.63 (63%)  at 2.50% +$0.47 so far  ~$0.65/month  paper
  BFUSD     wallet $494.76 at 7.66%  +$0.78 so far  ~$3.16/month  vs Savings $0.65  paper
  DELTA     $495.50 (-0.90%)  8 held  fees $0.41  funding $+0.24
            paper experiment: the book on Delta
  XVENUE    $999.54 (-0.05%)  10 pairs  funding $+8.98  fees $6.95  paper, Delta vs CoinDCX
  TESTS     every 8 h: ahead $0.01, 3 days  3-day avg: behind $0.31, 3 days
            15 x 12%: behind $0.95, 1 day  paper, vs your daily rule
  BOOK      10 pos gross $273.83 (0.55x)  open $-6.01  funding $-0.01  vol 27% top 20
            rebal 2026-10-09
  CONTEXT   since 01 Oct $-5.24 (-1.05%) in 8.5d  normal -3.0% to +6.9%  bottom 28%: normal
  RULE      C2 N2+N3 + range vol (GK)  forward test (paper)
  TOURNEY   8d from 2026-10-01  base -1.00%  N2 -1.50%  N3 -1.32%  N2+N3 -1.74%  +K4 -3.23%
            +GK* -1.45%  +K4+GK -2.54%  +GK+DD -1.17%  +GK+XA -2.00%
  DATA      on time  prices 16s  funding booked  book today  shadow 16:00  carry today
            spot pot today
  SESSION   $-0.06 -0.01%  peak $494.82  dd 0.01%
  CURVE     ++===+=+=+
  MONTH     book guard $5.24 of $100.00 used  on marked equity  from $500.00  dial 20%
            #.........................
  RECORD    book closed 11  5W 6L  net $-0.06  fees and funding in
  FEES      no fills yet this run (the book trades at 00:05 UTC)
  ------------------------------------------------------------------------------------------------
 
21:35:05 | 🎯 C510 Book (what trades): 10 positions, gross 0.55x, open $-6.01 | rule C2 N2+N3 + range
    vol (GK) | closed 11: 5W/6L $-0.06 | since 01 Oct -1.05% (normal)
 
  21:43  up 1h20m  daily book --------------------------------------------------------------------
  PLAN      $1,000.90 of $1,000.00 ($+0.90)  after tax on net profit $1,000.62
            Delta vs CoinDCX funding gap $1,000.90  paper
  BELOW     experiments, not your money
  EQUITY    $495.20  unreal $-5.57
  OPEN      no intraday positions  book holds 10 (BOOK row)  free $434.76 after open P&L
  SHADOW    intraday M1 $483.27 (-3.29%)  M1g $506.72 (+1.40%)  8d paper only
  CARRY     $498.97 (-0.17%)  5 held  paper only
  SPOT      $247.69 (-0.93%)  0 held  0% invested  cash earns 2.50%  paper pot
  SAVINGS   idle $310.96 (63%)  at 2.50% +$0.47 so far  ~$0.65/month  paper
  BFUSD     wallet $495.20 at 7.66%  +$0.78 so far  ~$3.16/month  vs Savings $0.65  paper
  DELTA     $495.90 (-0.82%)  8 held  fees $0.41  funding $+0.24
            paper experiment: the book on Delta
  XVENUE    $999.54 (-0.05%)  10 pairs  funding $+8.98  fees $6.95  paper, Delta vs CoinDCX
  TESTS     every 8 h: ahead $0.01, 3 days  3-day avg: behind $0.31, 3 days
            15 x 12%: behind $0.95, 1 day  paper, vs your daily rule
  BOOK      10 pos gross $274.97 (0.56x)  open $-5.57  funding $-0.01  vol 27% top 20
            rebal 2026-10-09
  CONTEXT   since 01 Oct $-4.80 (-0.96%) in 8.5d  normal -3.0% to +6.9%  bottom 30%: normal
  RULE      C2 N2+N3 + range vol (GK)  forward test (paper)
  TOURNEY   8d from 2026-10-01  base -1.00%  N2 -1.50%  N3 -1.32%  N2+N3 -1.74%  +K4 -3.23%
            +GK* -1.45%  +K4+GK -2.54%  +GK+DD -1.17%  +GK+XA -2.00%
  DATA      on time  prices 10s  funding booked  book today  shadow 16:00  carry today
            spot pot today
  SESSION   $+0.38 +0.08%
  CURVE     +=========+
  MONTH     book guard $4.80 of $100.00 used  on marked equity  from $500.00  dial 20%
            #.........................
  RECORD    book closed 11  5W 6L  net $-0.06  fees and funding in
  FEES      no fills yet this run (the book trades at 00:05 UTC)
  ------------------------------------------------------------------------------------------------
 
21:43:06 | 🎯 C510 Book (what trades): 10 positions, gross 0.56x, open $-5.57 | rule C2 N2+N3 + range
    vol (GK) | closed 11: 5W/6L $-0.06 | since 01 Oct -0.96% (normal)
 
  21:51  up 1h28m  daily book --------------------------------------------------------------------
  PLAN      $1,000.48 of $1,000.00 ($+0.48)  after tax on net profit $1,000.33
            Delta vs CoinDCX funding gap $1,000.48  paper
  BELOW     experiments, not your money
  EQUITY    $495.16  unreal $-5.61
  OPEN      no intraday positions  book holds 10 (BOOK row)  free $434.72 after open P&L
  SHADOW    intraday M1 $483.27 (-3.29%)  M1g $506.72 (+1.40%)  8d paper only
  CARRY     $498.97 (-0.17%)  5 held  paper only
  SPOT      $247.69 (-0.93%)  0 held  0% invested  cash earns 2.50%  paper pot
  SAVINGS   idle $310.93 (63%)  at 2.50% +$0.47 so far  ~$0.65/month  paper
  BFUSD     wallet $495.16 at 7.66%  +$0.78 so far  ~$3.16/month  vs Savings $0.65  paper
  DELTA     $496.18 (-0.76%)  8 held  fees $0.41  funding $+0.24
            paper experiment: the book on Delta
  XVENUE    $999.54 (-0.05%)  10 pairs  funding $+8.98  fees $6.95  paper, Delta vs CoinDCX
  TESTS     every 8 h: ahead $0.01, 3 days  3-day avg: behind $0.31, 3 days
            15 x 12%: behind $0.95, 1 day  paper, vs your daily rule
  BOOK      10 pos gross $274.70 (0.56x)  open $-5.61  funding $-0.01  vol 27% top 20
            rebal 2026-10-09
  CONTEXT   since 01 Oct $-4.84 (-0.97%) in 8.5d  normal -3.0% to +6.9%  bottom 30%: normal
  RULE      C2 N2+N3 + range vol (GK)  forward test (paper)
  TOURNEY   8d from 2026-10-01  base -1.00%  N2 -1.50%  N3 -1.32%  N2+N3 -1.74%  +K4 -3.23%
            +GK* -1.45%  +K4+GK -2.54%  +GK+DD -1.17%  +GK+XA -2.00%
  DATA      on time  prices 3s  funding booked  book today  shadow 16:00  carry today
            spot pot today
  SESSION   $+0.34 +0.07%  peak $495.20  dd 0.01%
  CURVE     +=========++
  MONTH     book guard $4.84 of $100.00 used  on marked equity  from $500.00  dial 20%
            #.........................
  RECORD    book closed 11  5W 6L  net $-0.06  fees and funding in
  FEES      no fills yet this run (the book trades at 00:05 UTC)
  ------------------------------------------------------------------------------------------------
 
21:51:06 | 🎯 C510 Book (what trades): 10 positions, gross 0.56x, open $-5.61 | rule C2 N2+N3 + range
    vol (GK) | closed 11: 5W/6L $-0.06 | since 01 Oct -0.97% (normal)
 
  21:59  up 1h36m  daily book --------------------------------------------------------------------
  PLAN      $1,000.75 of $1,000.00 ($+0.75)  after tax on net profit $1,000.52
            Delta vs CoinDCX funding gap $1,000.75  paper
  BELOW     experiments, not your money
  EQUITY    $494.94  unreal $-5.83
  OPEN      no intraday positions  book holds 10 (BOOK row)  free $434.50 after open P&L
  SHADOW    intraday M1 $483.27 (-3.29%)  M1g $506.72 (+1.40%)  8d paper only
  CARRY     $498.97 (-0.17%)  5 held  paper only
  SPOT      $247.69 (-0.93%)  0 held  0% invested  cash earns 2.50%  paper pot
  SAVINGS   idle $310.81 (63%)  at 2.50% +$0.47 so far  ~$0.65/month  paper
  BFUSD     wallet $495.00 at 7.66%  +$0.78 so far  ~$3.16/month  vs Savings $0.65  paper
  DELTA     $495.90 (-0.82%)  8 held  fees $0.41  funding $+0.24
            paper experiment: the book on Delta
  XVENUE    $999.54 (-0.05%)  10 pairs  funding $+8.98  fees $6.95  paper, Delta vs CoinDCX
  TESTS     every 8 h: ahead $0.01, 3 days  3-day avg: behind $0.31, 3 days
            15 x 12%: behind $0.95, 1 day  paper, vs your daily rule
  BOOK      10 pos gross $273.85 (0.55x)  open $-5.83  funding $-0.01  vol 27% top 20
            rebal 2026-10-09
  CONTEXT   since 01 Oct $-5.06 (-1.01%) in 8.5d  normal -3.0% to +6.9%  bottom 29%: normal
  RULE      C2 N2+N3 + range vol (GK)  forward test (paper)
  TOURNEY   8d from 2026-10-01  base -1.00%  N2 -1.50%  N3 -1.32%  N2+N3 -1.74%  +K4 -3.23%
            +GK* -1.45%  +K4+GK -2.54%  +GK+DD -1.17%  +GK+XA -2.00%
  DATA      on time  prices 39s  funding booked  book today  shadow 16:00  carry today
            spot pot today
  SESSION   $+0.12 +0.02%  peak $495.20  dd 0.05%
  CURVE     +=========+++
  MONTH     book guard $5.06 of $100.00 used  on marked equity  from $500.00  dial 20%
            #.........................
  RECORD    book closed 11  5W 6L  net $-0.06  fees and funding in
  FEES      no fills yet this run (the book trades at 00:05 UTC)
  ------------------------------------------------------------------------------------------------
 
21:59:06 | 🎯 C510 Book (what trades): 10 positions, gross 0.55x, open $-5.83 | rule C2 N2+N3 + range
    vol (GK) | closed 11: 5W/6L $-0.06 | since 01 Oct -1.01% (normal)
 
  22:07  up 1h44m  daily book --------------------------------------------------------------------
  PLAN      $1,000.71 of $1,000.00 ($+0.71)  after tax on net profit $1,000.49
            Delta vs CoinDCX funding gap $1,000.71  paper
  BELOW     experiments, not your money
  EQUITY    $494.98  unreal $-5.79
  OPEN      no intraday positions  book holds 10 (BOOK row)  free $434.54 after open P&L
  SHADOW    intraday M1 $483.27 (-3.29%)  M1g $506.72 (+1.40%)  8d paper only
  CARRY     $498.97 (-0.17%)  5 held  paper only
  SPOT      $247.69 (-0.93%)  0 held  0% invested  cash earns 2.50%  paper pot
  SAVINGS   idle $310.76 (63%)  at 2.50% +$0.47 so far  ~$0.65/month  paper
  BFUSD     wallet $494.93 at 7.66%  +$0.78 so far  ~$3.16/month  vs Savings $0.65  paper
  DELTA     $495.87 (-0.83%)  8 held  fees $0.41  funding $+0.24
            paper experiment: the book on Delta
  XVENUE    $999.54 (-0.05%)  10 pairs  funding $+8.98  fees $6.95  paper, Delta vs CoinDCX
  TESTS     every 8 h: ahead $0.01, 3 days  3-day avg: behind $0.31, 3 days
            15 x 12%: behind $0.95, 1 day  paper, vs your daily rule
  BOOK      10 pos gross $273.90 (0.55x)  open $-5.79  funding $-0.01  vol 27% top 20
            rebal 2026-10-09
  CONTEXT   since 01 Oct $-5.02 (-1.00%) in 8.5d  normal -3.0% to +6.9%  bottom 29%: normal
  RULE      C2 N2+N3 + range vol (GK)  forward test (paper)
  TOURNEY   8d from 2026-10-01  base -1.00%  N2 -1.50%  N3 -1.32%  N2+N3 -1.74%  +K4 -3.23%
            +GK* -1.45%  +K4+GK -2.54%  +GK+DD -1.17%  +GK+XA -2.00%
  DATA      on time  prices 14s  funding booked  book today  shadow 16:00  carry today
            spot pot today
  SESSION   $+0.16 +0.03%  peak $495.20  dd 0.04%
  CURVE     +=========++++
  MONTH     book guard $5.02 of $100.00 used  on marked equity  from $500.00  dial 20%
            #.........................
  RECORD    book closed 11  5W 6L  net $-0.06  fees and funding in
  FEES      no fills yet this run (the book trades at 00:05 UTC)
  ------------------------------------------------------------------------------------------------
 
22:07:06 | 🎯 C510 Book (what trades): 10 positions, gross 0.55x, open $-5.79 | rule C2 N2+N3 + range
    vol (GK) | closed 11: 5W/6L $-0.06 | since 01 Oct -1.00% (normal)
 
  22:15  up 1h52m  daily book --------------------------------------------------------------------
  PLAN      $1,001.08 of $1,000.00 ($+1.08)  after tax on net profit $1,000.74
            Delta vs CoinDCX funding gap $1,001.08  paper
  BELOW     experiments, not your money
  EQUITY    $494.84  unreal $-5.93
  OPEN      no intraday positions  book holds 10 (BOOK row)  free $434.40 after open P&L
  SHADOW    intraday M1 $483.27 (-3.29%)  M1g $506.72 (+1.40%)  8d paper only
  CARRY     $498.97 (-0.17%)  5 held  paper only
  SPOT      $247.69 (-0.93%)  0 held  0% invested  cash earns 2.50%  paper pot
  SAVINGS   idle $310.67 (63%)  at 2.50% +$0.47 so far  ~$0.65/month  paper
  BFUSD     wallet $494.81 at 7.66%  +$0.78 so far  ~$3.16/month  vs Savings $0.65  paper
  DELTA     $495.81 (-0.84%)  8 held  fees $0.41  funding $+0.24
            paper experiment: the book on Delta
  XVENUE    $999.54 (-0.05%)  10 pairs  funding $+8.98  fees $6.95  paper, Delta vs CoinDCX
  TESTS     every 8 h: ahead $0.01, 3 days  3-day avg: behind $0.31, 3 days
            15 x 12%: behind $0.95, 1 day  paper, vs your daily rule
  BOOK      10 pos gross $273.51 (0.55x)  open $-5.93  funding $-0.01  vol 27% top 20
            rebal 2026-10-09
  CONTEXT   since 01 Oct $-5.16 (-1.03%) in 8.5d  normal -3.0% to +6.9%  bottom 29%: normal
  RULE      C2 N2+N3 + range vol (GK)  forward test (paper)
  TOURNEY   8d from 2026-10-01  base -1.00%  N2 -1.50%  N3 -1.32%  N2+N3 -1.74%  +K4 -3.23%
            +GK* -1.45%  +K4+GK -2.54%  +GK+DD -1.17%  +GK+XA -2.00%
  DATA      on time  prices 8s  funding booked  book today  shadow 16:00  carry today
            spot pot today
  SESSION   $+0.02 +0.00%  peak $495.20  dd 0.07%
  CURVE     +=========+++++
  MONTH     book guard $5.16 of $100.00 used  on marked equity  from $500.00  dial 20%
            #.........................
  RECORD    book closed 11  5W 6L  net $-0.06  fees and funding in
  FEES      no fills yet this run (the book trades at 00:05 UTC)
  ------------------------------------------------------------------------------------------------
 
22:15:07 | 🎯 C510 Book (what trades): 10 positions, gross 0.55x, open $-5.93 | rule C2 N2+N3 + range
    vol (GK) | closed 11: 5W/6L $-0.06 | since 01 Oct -1.03% (normal)
 
  22:23  up 2h00m  daily book --------------------------------------------------------------------
  PLAN      $1,000.40 of $1,000.00 ($+0.40)  after tax on net profit $1,000.28
            Delta vs CoinDCX funding gap $1,000.40  paper
  BELOW     experiments, not your money
  EQUITY    $494.91  unreal $-5.86
  OPEN      no intraday positions  book holds 10 (BOOK row)  free $434.47 after open P&L
  SHADOW    intraday M1 $483.27 (-3.29%)  M1g $506.72 (+1.40%)  8d paper only
  CARRY     $498.97 (-0.17%)  5 held  paper only
  SPOT      $247.69 (-0.93%)  0 held  0% invested  cash earns 2.50%  paper pot
  SAVINGS   idle $310.82 (63%)  at 2.50% +$0.47 so far  ~$0.65/month  paper
  BFUSD     wallet $495.02 at 7.66%  +$0.78 so far  ~$3.16/month  vs Savings $0.65  paper
  DELTA     $496.02 (-0.80%)  8 held  fees $0.41  funding $+0.24
            paper experiment: the book on Delta
  XVENUE    $999.54 (-0.05%)  10 pairs  funding $+8.98  fees $6.95  paper, Delta vs CoinDCX
  TESTS     every 8 h: ahead $0.01, 3 days  3-day avg: behind $0.31, 3 days
            15 x 12%: behind $0.95, 1 day  paper, vs your daily rule
  BOOK      10 pos gross $274.58 (0.56x)  open $-5.86  funding $-0.01  vol 27% top 20
            rebal 2026-10-09
  CONTEXT   since 01 Oct $-5.09 (-1.02%) in 8.6d  normal -3.0% to +6.9%  bottom 29%: normal
  RULE      C2 N2+N3 + range vol (GK)  forward test (paper)
  TOURNEY   8d from 2026-10-01  base -1.00%  N2 -1.50%  N3 -1.32%  N2+N3 -1.74%  +K4 -3.23%
            +GK* -1.45%  +K4+GK -2.54%  +GK+DD -1.17%  +GK+XA -2.00%
  DATA      on time  prices 1s  funding booked  book today  shadow 16:00  carry today
            spot pot today
  SESSION   $+0.09 +0.02%  peak $495.20  dd 0.06%
  CURVE     +=========++++++
  MONTH     book guard $5.09 of $100.00 used  on marked equity  from $500.00  dial 20%
            #.........................
  RECORD    book closed 11  5W 6L  net $-0.06  fees and funding in
  FEES      no fills yet this run (the book trades at 00:05 UTC)
  ------------------------------------------------------------------------------------------------
 
22:23:07 | 🎯 C510 Book (what trades): 10 positions, gross 0.56x, open $-5.86 | rule C2 N2+N3 + range
    vol (GK) | closed 11: 5W/6L $-0.06 | since 01 Oct -1.02% (normal)
 
  22:31  up 2h08m  daily book --------------------------------------------------------------------
  PLAN      $1,000.68 of $1,000.00 ($+0.68)  after tax on net profit $1,000.47
            Delta vs CoinDCX funding gap $1,000.68  paper
  BELOW     experiments, not your money
  EQUITY    $494.90  unreal $-5.87
  OPEN      no intraday positions  book holds 10 (BOOK row)  free $434.46 after open P&L
  SHADOW    intraday M1 $483.27 (-3.29%)  M1g $506.72 (+1.40%)  8d paper only
  CARRY     $498.97 (-0.17%)  5 held  paper only
  SPOT      $247.69 (-0.93%)  0 held  0% invested  cash earns 2.50%  paper pot
  SAVINGS   idle $310.73 (63%)  at 2.50% +$0.47 so far  ~$0.65/month  paper
  BFUSD     wallet $494.90 at 7.66%  +$0.78 so far  ~$3.16/month  vs Savings $0.65  paper
  DELTA     $495.97 (-0.81%)  8 held  fees $0.41  funding $+0.24
            paper experiment: the book on Delta
  XVENUE    $999.54 (-0.05%)  10 pairs  funding $+8.98  fees $6.95  paper, Delta vs CoinDCX
  TESTS     every 8 h: ahead $0.01, 3 days  3-day avg: behind $0.31, 3 days
            15 x 12%: behind $0.95, 1 day  paper, vs your daily rule
  BOOK      10 pos gross $274.51 (0.56x)  open $-5.87  funding $-0.01  vol 27% top 20
            rebal 2026-10-09
  CONTEXT   since 01 Oct $-5.10 (-1.02%) in 8.6d  normal -3.0% to +6.9%  bottom 29%: normal
  RULE      C2 N2+N3 + range vol (GK)  forward test (paper)
  TOURNEY   8d from 2026-10-01  base -1.00%  N2 -1.50%  N3 -1.32%  N2+N3 -1.74%  +K4 -3.23%
            +GK* -1.45%  +K4+GK -2.54%  +GK+DD -1.17%  +GK+XA -2.00%
  DATA      on time  prices 35s  funding booked  book today  shadow 16:00  carry today
            spot pot today
  SESSION   $+0.08 +0.02%  peak $495.20  dd 0.06%
  CURVE     +=========+++++++
  MONTH     book guard $5.10 of $100.00 used  on marked equity  from $500.00  dial 20%
            #.........................
  RECORD    book closed 11  5W 6L  net $-0.06  fees and funding in
  FEES      no fills yet this run (the book trades at 00:05 UTC)
  ------------------------------------------------------------------------------------------------
 
22:31:08 | 🎯 C510 Book (what trades): 10 positions, gross 0.56x, open $-5.87 | rule C2 N2+N3 + range
    vol (GK) | closed 11: 5W/6L $-0.06 | since 01 Oct -1.02% (normal)
22:32:27 |    👻 C489 shadow hour 17:00 UTC: 39 coins scored (full (16 features)), gate OPEN | M1
    $484.06 (-3.13%) M1g $507.54 (+1.57%) over 8d [3s]
 
  22:39  up 2h16m  daily book --------------------------------------------------------------------
  PLAN      $1,000.77 of $1,000.00 ($+0.77)  after tax on net profit $1,000.53
            Delta vs CoinDCX funding gap $1,000.77  paper
  BELOW     experiments, not your money
  EQUITY    $494.96  unreal $-5.81
  OPEN      no intraday positions  book holds 10 (BOOK row)  free $434.52 after open P&L
  SHADOW    intraday M1 $484.06 (-3.13%)  M1g $507.54 (+1.57%)  8d paper only
  CARRY     $498.97 (-0.17%)  5 held  paper only
  SPOT      $247.69 (-0.93%)  0 held  0% invested  cash earns 2.50%  paper pot
  SAVINGS   idle $310.78 (63%)  at 2.50% +$0.47 so far  ~$0.65/month  paper
  BFUSD     wallet $494.96 at 7.66%  +$0.78 so far  ~$3.16/month  vs Savings $0.65  paper
  DELTA     $495.86 (-0.83%)  8 held  fees $0.41  funding $+0.24
            paper experiment: the book on Delta
  XVENUE    $999.54 (-0.05%)  10 pairs  funding $+8.98  fees $6.95  paper, Delta vs CoinDCX
  TESTS     every 8 h: ahead $0.01, 3 days  3-day avg: behind $0.31, 3 days
            15 x 12%: behind $0.95, 1 day  paper, vs your daily rule
  BOOK      10 pos gross $274.14 (0.55x)  open $-5.81  funding $-0.01  vol 27% top 20
            rebal 2026-10-09
  CONTEXT   since 01 Oct $-5.04 (-1.01%) in 8.6d  normal -3.0% to +6.9%  bottom 29%: normal
  RULE      C2 N2+N3 + range vol (GK)  forward test (paper)
  TOURNEY   8d from 2026-10-01  base -1.00%  N2 -1.50%  N3 -1.32%  N2+N3 -1.74%  +K4 -3.23%
            +GK* -1.45%  +K4+GK -2.54%  +GK+DD -1.17%  +GK+XA -2.00%
  DATA      on time  prices 27s  funding booked  book today  shadow 17:00  carry today
            spot pot today
  SESSION   $+0.14 +0.03%  peak $495.20  dd 0.05%
  CURVE     +=========++++++++
  MONTH     book guard $5.04 of $100.00 used  on marked equity  from $500.00  dial 20%
            #.........................
  RECORD    book closed 11  5W 6L  net $-0.06  fees and funding in
  FEES      no fills yet this run (the book trades at 00:05 UTC)
  ------------------------------------------------------------------------------------------------
 
22:39:08 | 🎯 C510 Book (what trades): 10 positions, gross 0.55x, open $-5.81 | rule C2 N2+N3 + range
    vol (GK) | closed 11: 5W/6L $-0.06 | since 01 Oct -1.01% (normal)
 
  22:47  up 2h24m  daily book --------------------------------------------------------------------
  PLAN      $1,000.78 of $1,000.00 ($+0.78)  after tax on net profit $1,000.54
            Delta vs CoinDCX funding gap $1,000.78  paper
  BELOW     experiments, not your money
  EQUITY    $494.85  unreal $-5.92
  OPEN      no intraday positions  book holds 10 (BOOK row)  free $434.41 after open P&L
  SHADOW    intraday M1 $484.06 (-3.13%)  M1g $507.54 (+1.57%)  8d paper only
  CARRY     $498.97 (-0.17%)  5 held  paper only
  SPOT      $247.69 (-0.93%)  0 held  0% invested  cash earns 2.50%  paper pot
  SAVINGS   idle $310.70 (63%)  at 2.50% +$0.47 so far  ~$0.65/month  paper
  BFUSD     wallet $494.85 at 7.66%  +$0.78 so far  ~$3.16/month  vs Savings $0.65  paper
  DELTA     $495.62 (-0.88%)  8 held  fees $0.41  funding $+0.24
            paper experiment: the book on Delta
  XVENUE    $999.54 (-0.05%)  10 pairs  funding $+8.98  fees $6.95  paper, Delta vs CoinDCX
  TESTS     every 8 h: ahead $0.01, 3 days  3-day avg: behind $0.31, 3 days
            15 x 12%: behind $0.95, 1 day  paper, vs your daily rule
  BOOK      10 pos gross $272.92 (0.55x)  open $-5.92  funding $-0.01  vol 27% top 20
            rebal 2026-10-09
  CONTEXT   since 01 Oct $-5.15 (-1.03%) in 8.6d  normal -3.0% to +6.9%  bottom 29%: normal
  RULE      C2 N2+N3 + range vol (GK)  forward test (paper)
  TOURNEY   8d from 2026-10-01  base -1.00%  N2 -1.50%  N3 -1.32%  N2+N3 -1.74%  +K4 -3.23%
            +GK* -1.45%  +K4+GK -2.54%  +GK+DD -1.17%  +GK+XA -2.00%
  DATA      on time  prices 21s  funding booked  book today  shadow 17:00  carry today
            spot pot today
  SESSION   $+0.03 +0.01%  peak $495.20  dd 0.07%
  CURVE     +=========+++++++++
  MONTH     book guard $5.15 of $100.00 used  on marked equity  from $500.00  dial 20%
            #.........................
  RECORD    book closed 11  5W 6L  net $-0.06  fees and funding in
  FEES      no fills yet this run (the book trades at 00:05 UTC)
  ------------------------------------------------------------------------------------------------
 
22:47:09 | 🎯 C510 Book (what trades): 10 positions, gross 0.55x, open $-5.92 | rule C2 N2+N3 + range
    vol (GK) | closed 11: 5W/6L $-0.06 | since 01 Oct -1.03% (normal)
 
  22:55  up 2h32m  daily book --------------------------------------------------------------------
  PLAN      $1,000.67 of $1,000.00 ($+0.67)  after tax on net profit $1,000.46
            Delta vs CoinDCX funding gap $1,000.67  paper
  BELOW     experiments, not your money
  EQUITY    $494.56  unreal $-6.21
  OPEN      no intraday positions  book holds 10 (BOOK row)  free $434.12 after open P&L
  SHADOW    intraday M1 $484.06 (-3.13%)  M1g $507.54 (+1.57%)  8d paper only
  CARRY     $498.97 (-0.17%)  5 held  paper only
  SPOT      $247.69 (-0.93%)  0 held  0% invested  cash earns 2.50%  paper pot
  SAVINGS   idle $310.48 (63%)  at 2.50% +$0.47 so far  ~$0.65/month  paper
  BFUSD     wallet $494.56 at 7.66%  +$0.78 so far  ~$3.16/month  vs Savings $0.65  paper
  DELTA     $495.75 (-0.85%)  8 held  fees $0.41  funding $+0.24
            paper experiment: the book on Delta
  XVENUE    $999.54 (-0.05%)  10 pairs  funding $+8.98  fees $6.95  paper, Delta vs CoinDCX
  TESTS     every 8 h: ahead $0.01, 3 days  3-day avg: behind $0.31, 3 days
            15 x 12%: behind $0.95, 1 day  paper, vs your daily rule
  BOOK      10 pos gross $272.53 (0.55x)  open $-6.21  funding $-0.01  vol 27% top 20
            rebal 2026-10-09
  CONTEXT   since 01 Oct $-5.44 (-1.09%) in 8.6d  normal -3.0% to +6.9%  bottom 28%: normal
  RULE      C2 N2+N3 + range vol (GK)  forward test (paper)
  TOURNEY   8d from 2026-10-01  base -1.00%  N2 -1.50%  N3 -1.32%  N2+N3 -1.74%  +K4 -3.23%
            +GK* -1.45%  +K4+GK -2.54%  +GK+DD -1.17%  +GK+XA -2.00%
  DATA      on time  prices 15s  funding booked  book today  shadow 17:00  carry today
            spot pot today
  SESSION   $-0.26 -0.05%  peak $495.20  dd 0.13%
  CURVE     +=========+++++++++=
  MONTH     book guard $5.44 of $100.00 used  on marked equity  from $500.00  dial 20%
            #.........................
  RECORD    book closed 11  5W 6L  net $-0.06  fees and funding in
  FEES      no fills yet this run (the book trades at 00:05 UTC)
  ------------------------------------------------------------------------------------------------
 
22:55:09 | 🎯 C510 Book (what trades): 10 positions, gross 0.55x, open $-6.21 | rule C2 N2+N3 + range
    vol (GK) | closed 11: 5W/6L $-0.06 | since 01 Oct -1.09% (normal)
 
  23:03  up 2h40m  daily book --------------------------------------------------------------------
  PLAN      $1,000.54 of $1,000.00 ($+0.54)  after tax on net profit $1,000.37
            Delta vs CoinDCX funding gap $1,000.54  paper
  BELOW     experiments, not your money
  EQUITY    $494.71  unreal $-6.06
  OPEN      no intraday positions  book holds 10 (BOOK row)  free $434.27 after open P&L
  SHADOW    intraday M1 $484.06 (-3.13%)  M1g $507.54 (+1.57%)  8d paper only
  CARRY     $498.97 (-0.17%)  5 held  paper only
  SPOT      $247.69 (-0.93%)  0 held  0% invested  cash earns 2.50%  paper pot
  SAVINGS   idle $310.59 (63%)  at 2.50% +$0.47 so far  ~$0.65/month  paper
  BFUSD     wallet $494.71 at 7.66%  +$0.78 so far  ~$3.16/month  vs Savings $0.65  paper
  DELTA     $495.59 (-0.88%)  8 held  fees $0.41  funding $+0.24
            paper experiment: the book on Delta
  XVENUE    $999.54 (-0.05%)  10 pairs  funding $+8.98  fees $6.95  paper, Delta vs CoinDCX
  TESTS     every 8 h: ahead $0.01, 3 days  3-day avg: behind $0.31, 3 days
            15 x 12%: behind $0.95, 1 day  paper, vs your daily rule
  BOOK      10 pos gross $273.11 (0.55x)  open $-6.06  funding $-0.01  vol 27% top 20
            rebal 2026-10-09
  CONTEXT   since 01 Oct $-5.29 (-1.06%) in 8.6d  normal -3.0% to +6.9%  bottom 28%: normal
  RULE      C2 N2+N3 + range vol (GK)  forward test (paper)
  TOURNEY   8d from 2026-10-01  base -1.00%  N2 -1.50%  N3 -1.32%  N2+N3 -1.74%  +K4 -3.23%
            +GK* -1.45%  +K4+GK -2.54%  +GK+DD -1.17%  +GK+XA -2.00%
  DATA      on time  prices 10s  funding booked  book today  shadow 17:00  carry today
            spot pot today
  SESSION   $-0.11 -0.02%  peak $495.20  dd 0.10%
  CURVE     +=========+++++++++==
  MONTH     book guard $5.29 of $100.00 used  on marked equity  from $500.00  dial 20%
            #.........................
  RECORD    book closed 11  5W 6L  net $-0.06  fees and funding in
  FEES      no fills yet this run (the book trades at 00:05 UTC)
  ------------------------------------------------------------------------------------------------
 
23:03:10 | 🎯 C510 Book (what trades): 10 positions, gross 0.55x, open $-6.06 | rule C2 N2+N3 + range
    vol (GK) | closed 11: 5W/6L $-0.06 | since 01 Oct -1.06% (normal)
 
  23:11  up 2h48m  daily book --------------------------------------------------------------------
  PLAN      $1,001.46 of $1,000.00 ($+1.46)  after tax on net profit $1,001.00
            Delta vs CoinDCX funding gap $1,001.46  paper
  BELOW     experiments, not your money
  EQUITY    $494.92  unreal $-5.85
  OPEN      no intraday positions  book holds 10 (BOOK row)  free $434.48 after open P&L
  SHADOW    intraday M1 $484.06 (-3.13%)  M1g $507.54 (+1.57%)  8d paper only
  CARRY     $498.97 (-0.17%)  5 held  paper only
  SPOT      $247.69 (-0.93%)  0 held  0% invested  cash earns 2.50%  paper pot
  SAVINGS   idle $310.75 (63%)  at 2.50% +$0.47 so far  ~$0.65/month  paper
  BFUSD     wallet $494.92 at 7.66%  +$0.78 so far  ~$3.16/month  vs Savings $0.65  paper
  DELTA     $495.86 (-0.83%)  8 held  fees $0.41  funding $+0.24
            paper experiment: the book on Delta
  XVENUE    $999.54 (-0.05%)  10 pairs  funding $+8.98  fees $6.95  paper, Delta vs CoinDCX
  TESTS     every 8 h: ahead $0.01, 3 days  3-day avg: behind $0.31, 3 days
            15 x 12%: behind $0.95, 1 day  paper, vs your daily rule
  BOOK      10 pos gross $273.71 (0.55x)  open $-5.85  funding $-0.01  vol 27% top 20
            rebal 2026-10-09
  CONTEXT   since 01 Oct $-5.08 (-1.02%) in 8.6d  normal -3.0% to +6.9%  bottom 29%: normal
  RULE      C2 N2+N3 + range vol (GK)  forward test (paper)
  TOURNEY   8d from 2026-10-01  base -1.00%  N2 -1.50%  N3 -1.32%  N2+N3 -1.74%  +K4 -3.23%
            +GK* -1.45%  +K4+GK -2.54%  +GK+DD -1.17%  +GK+XA -2.00%
  DATA      on time  prices 4s  funding booked  book today  shadow 17:00  carry today
            spot pot today
  SESSION   $+0.10 +0.02%  peak $495.20  dd 0.06%
  CURVE     +=========+++++++++==+
  MONTH     book guard $5.08 of $100.00 used  on marked equity  from $500.00  dial 20%
            #.........................
  RECORD    book closed 11  5W 6L  net $-0.06  fees and funding in
  FEES      no fills yet this run (the book trades at 00:05 UTC)
  ------------------------------------------------------------------------------------------------
 
23:11:10 | 🎯 C510 Book (what trades): 10 positions, gross 0.55x, open $-5.85 | rule C2 N2+N3 + range
    vol (GK) | closed 11: 5W/6L $-0.06 | since 01 Oct -1.02% (normal)
