
  ================================================================================================
  OMEGA C510  PAPER  Bitget perps
  29 Sep 2026   14:13
  start $250.00 realised  risk dial 20%/month
  ================================================================================================

  RISK FRAME -------------------------------------------------------------------------------------
  EQUITY    $250.00 realised  804 markets
  MONTH     dial 20% = $50.00 this month  used $0.00 realised
  BOOK      daily trend + momentum + carry, rebalanced 00:05 UTC
            month guard on MARKED equity (open P&L counts)  intraday scanner idle
  ------------------------------------------------------------------------------------------------



  14:21  up 0h08m  scan 0 ------------------------------------------------------------------------
  EQUITY    $249.78  unreal $-0.16
  OPEN      no intraday positions  book holds 11 (BOOK row)  free $228.15 after open P&L
  SHADOW    intraday M1 $249.89 (-0.02%)  M1g $249.94 (+0.00%)  1d paper only
  CARRY     $249.54 (-0.16%)  8 held  paper only
  SPOT      $250.11 (+0.04%)  15 held  22% invested  cash earns 7.63%  paper pot
  SAVINGS   idle $165.73 (66%)  at 7.63% +$0.00 so far  ~$1.05/month  paper
  BOOK      11 pos gross $108.26 (0.43x)  open $-0.16  funding $+0.00  vol 27% top 20
            rebal 2026-09-29
  CONTEXT   since 29 Sep -0.09%  under a day: too early to judge
  RULE      C2 N2+N3  forward test (paper)
  TOURNEY   7 rules held since 2026-09-29  first scores at the next rebalance
  DATA      on time  prices 0s  funding booked  book today  shadow 08:00  carry today
            spot pot today
  SESSION   $-0.22 -0.09%  peak $250.00  dd 0.09%
  MONTH     book guard $0.22 of $50.00 used  on marked equity  from $250.00  dial 20%
            ..........................
  RECORD    book closed 0  0W 0L  net $+0.00  fees and funding in
  FEES      book $0.06  11 taker fills this run  0.060% of $108.16 traded
  ------------------------------------------------------------------------------------------------



  14:29  up 0h16m  scan 0 ------------------------------------------------------------------------
  EQUITY    $249.90  unreal $-0.04
  OPEN      no intraday positions  book holds 11 (BOOK row)  free $228.27 after open P&L
  SHADOW    intraday M1 $249.89 (-0.02%)  M1g $249.94 (+0.00%)  1d paper only
  CARRY     $249.54 (-0.16%)  8 held  paper only
  SPOT      $250.13 (+0.05%)  15 held  22% invested  cash earns 7.63%  paper pot
  SAVINGS   idle $165.80 (66%)  at 7.63% +$0.00 so far  ~$1.05/month  paper
  BOOK      11 pos gross $108.32 (0.43x)  open $-0.04  funding $+0.00  vol 27% top 20
            rebal 2026-09-29
  CONTEXT   since 29 Sep -0.04%  under a day: too early to judge
  RULE      C2 N2+N3  forward test (paper)
  TOURNEY   7 rules held since 2026-09-29  first scores at the next rebalance
  DATA      on time  prices 34s  funding booked  book today  shadow 08:00  carry today
            spot pot today
  SESSION   $-0.10 -0.04%  peak $250.00  dd 0.04%
  MONTH     book guard $0.10 of $50.00 used  on marked equity  from $250.00  dial 20%
            ..........................
  RECORD    book closed 0  0W 0L  net $+0.00  fees and funding in
  FEES      book $0.06  11 taker fills this run  0.060% of $108.16 traded
  ------------------------------------------------------------------------------------------------



  14:37  up 0h24m  scan 0 ------------------------------------------------------------------------
  EQUITY    $249.89  unreal $-0.05
  OPEN      no intraday positions  book holds 11 (BOOK row)  free $228.26 after open P&L
  SHADOW    intraday M1 $249.25 (-0.27%)  M1g $249.94 (+0.00%)  1d paper only
  CARRY     $249.54 (-0.16%)  8 held  paper only
  SPOT      $250.04 (+0.01%)  15 held  22% invested  cash earns 7.63%  paper pot
  SAVINGS   idle $165.79 (66%)  at 7.63% +$0.00 so far  ~$1.05/month  paper
  BOOK      11 pos gross $108.22 (0.43x)  open $-0.05  funding $+0.00  vol 27% top 20
            rebal 2026-09-29
  CONTEXT   since 29 Sep -0.04%  under a day: too early to judge
  RULE      C2 N2+N3  forward test (paper)
  TOURNEY   7 rules held since 2026-09-29  first scores at the next rebalance
  DATA      on time  prices 38s  funding booked  book today  shadow 09:00  carry today
            spot pot today
  SESSION   $-0.11 -0.04%  peak $250.00  dd 0.04%
  MONTH     book guard $0.11 of $50.00 used  on marked equity  from $250.00  dial 20%
            ..........................
  RECORD    book closed 0  0W 0L  net $+0.00  fees and funding in
  FEES      book $0.06  11 taker fills this run  0.060% of $108.16 traded
  ------------------------------------------------------------------------------------------------



  14:45  up 0h32m  scan 0 ------------------------------------------------------------------------
  EQUITY    $249.93  unreal $-0.01
  OPEN      no intraday positions  book holds 11 (BOOK row)  free $228.30 after open P&L
  SHADOW    intraday M1 $249.25 (-0.27%)  M1g $249.94 (+0.00%)  1d paper only
  CARRY     $249.54 (-0.16%)  8 held  paper only
  SPOT      $250.00 (-0.00%)  15 held  22% invested  cash earns 7.63%  paper pot
  SAVINGS   idle $165.82 (66%)  at 7.63% +$0.00 so far  ~$1.05/month  paper
  BOOK      11 pos gross $108.20 (0.43x)  open $-0.01  funding $+0.00  vol 27% top 20
            rebal 2026-09-29
  CONTEXT   since 29 Sep -0.03%  under a day: too early to judge
  RULE      C2 N2+N3  forward test (paper)
  TOURNEY   7 rules held since 2026-09-29  first scores at the next rebalance
  DATA      on time  prices 32s  funding booked  book today  shadow 09:00  carry today
            spot pot today
  SESSION   $-0.07 -0.03%  peak $250.00  dd 0.03%
  MONTH     book guard $0.07 of $50.00 used  on marked equity  from $250.00  dial 20%
            ..........................
  RECORD    book closed 0  0W 0L  net $+0.00  fees and funding in
  FEES      book $0.06  11 taker fills this run  0.060% of $108.16 traded
  ------------------------------------------------------------------------------------------------



  14:53  up 0h40m  scan 0 ------------------------------------------------------------------------
  EQUITY    $249.90  unreal $-0.04
  OPEN      no intraday positions  book holds 11 (BOOK row)  free $228.27 after open P&L
  SHADOW    intraday M1 $249.25 (-0.27%)  M1g $249.94 (+0.00%)  1d paper only
  CARRY     $249.54 (-0.16%)  8 held  paper only
  SPOT      $250.08 (+0.03%)  15 held  22% invested  cash earns 7.63%  paper pot
  SAVINGS   idle $165.81 (66%)  at 7.63% +$0.00 so far  ~$1.05/month  paper
  BOOK      11 pos gross $108.28 (0.43x)  open $-0.04  funding $+0.00  vol 27% top 20
            rebal 2026-09-29
  CONTEXT   since 29 Sep -0.04%  under a day: too early to judge
  RULE      C2 N2+N3  forward test (paper)
  TOURNEY   7 rules held since 2026-09-29  first scores at the next rebalance
  DATA      on time  prices 26s  funding booked  book today  shadow 09:00  carry today
            spot pot today
  SESSION   $-0.10 -0.04%  peak $250.00  dd 0.04%
  CURVE     +=+=++
  MONTH     book guard $0.10 of $50.00 used  on marked equity  from $250.00  dial 20%
            ..........................
  RECORD    book closed 0  0W 0L  net $+0.00  fees and funding in
  FEES      book $0.06  11 taker fills this run  0.060% of $108.16 traded
  ------------------------------------------------------------------------------------------------



  15:01  up 0h48m  scan 0 ------------------------------------------------------------------------
  EQUITY    $249.92  unreal $-0.02
  OPEN      no intraday positions  book holds 11 (BOOK row)  free $228.29 after open P&L
  SHADOW    intraday M1 $249.25 (-0.27%)  M1g $249.94 (+0.00%)  1d paper only
  CARRY     $249.54 (-0.16%)  8 held  paper only
  SPOT      $250.22 (+0.09%)  15 held  22% invested  cash earns 7.63%  paper pot
  SAVINGS   idle $165.81 (66%)  at 7.63% +$0.00 so far  ~$1.05/month  paper
  BOOK      11 pos gross $108.51 (0.43x)  open $-0.02  funding $+0.00  vol 27% top 20
            rebal 2026-09-29
  CONTEXT   since 29 Sep -0.03%  under a day: too early to judge
  RULE      C2 N2+N3  forward test (paper)
  TOURNEY   7 rules held since 2026-09-29  first scores at the next rebalance
  DATA      on time  prices 20s  funding booked  book today  shadow 09:00  carry today
            spot pot today
  SESSION   $-0.08 -0.03%  peak $250.00  dd 0.03%
  CURVE     +=+=+++
  MONTH     book guard $0.08 of $50.00 used  on marked equity  from $250.00  dial 20%
            ..........................
  RECORD    book closed 0  0W 0L  net $+0.00  fees and funding in
  FEES      book $0.06  11 taker fills this run  0.060% of $108.16 traded
  ------------------------------------------------------------------------------------------------



  15:09  up 0h56m  scan 0 ------------------------------------------------------------------------
  EQUITY    $250.01  unreal $+0.07
  OPEN      no intraday positions  book holds 11 (BOOK row)  free $228.38 after open P&L
  SHADOW    intraday M1 $249.25 (-0.27%)  M1g $249.94 (+0.00%)  1d paper only
  CARRY     $249.54 (-0.16%)  8 held  paper only
  SPOT      $250.47 (+0.19%)  15 held  22% invested  cash earns 7.63%  paper pot
  SAVINGS   idle $165.89 (66%)  at 7.63% +$0.00 so far  ~$1.05/month  paper
  BOOK      11 pos gross $108.91 (0.44x)  open $+0.07  funding $+0.00  vol 27% top 20
            rebal 2026-09-29
  CONTEXT   since 29 Sep +0.00%  under a day: too early to judge
  RULE      C2 N2+N3  forward test (paper)
  TOURNEY   7 rules held since 2026-09-29  first scores at the next rebalance
  DATA      on time  prices 15s  funding booked  book today  shadow 09:00  carry today
            spot pot today
  SESSION   $+0.01 +0.00%
  CURVE     +=+=++++
  MONTH     book guard $0.00 of $50.00 used  on marked equity  from $250.00  dial 20%
            ..........................
  RECORD    book closed 0  0W 0L  net $+0.00  fees and funding in
  FEES      book $0.06  11 taker fills this run  0.060% of $108.16 traded
  ------------------------------------------------------------------------------------------------

