
  ================================================================================================
  OMEGA C469  PAPER  Bitget perps
  19 Sep 2026   19:29
  start $250.66  day -0.68% loss
  ================================================================================================



  19:37  up 0h08m  scan 1 ------------------------------------------------------------------------
  EQUITY    $250.66
  SESSION   $-0.00 -0.00%
  DAY       real $+0.66  loss room $1.70 (0.68%)  0% used  vol x1.00  trust x1.00
            ..........................
  RECORD    no closed trades yet this run
  LIFETIME  6tr 2W 4L 33%  $+0.66
  OPEN      flat  free $250.66
  FEES      no fills yet this run
  SCAN      797 > 60 > 0 passed  top EIGEN 1.20 (vol_floor)  1 scan, 60 analysed
  MARKET    MIXED  bias +0.27  breadth +0.22  taker flow +0.02
  NEWS      65 articles  + tone +0.12  STRK -0.24  ARB -0.24  ZEC +0.22
  MOVERS    AKE +134% #6  B2 +72% #14  AR +52% cut  ZAMA +46% #23
  ------------------------------------------------------------------------------------------------

  .. 19:45  flat  $250.66  $-0.00 -0.00%  0W 0L  11 analysed
  >> 19:53  OPEN   KAS LONG @0.039400  x3 $22.76
       target +3.8%  stop -1.0%  entry score 0.70  maker


  19:53  up 0h24m  scan 4 ------------------------------------------------------------------------
  EQUITY    $250.69  unreal $+0.03
  SESSION   $+0.03 +0.01%
  DAY       real $+0.66  loss room $1.81 (0.72%)  0% used  vol x1.06  trust x1.00
            ..........................
  RECORD    no closed trades yet this run
  LIFETIME  6tr 2W 4L 33%  $+0.66
  OPEN      1 pos $22.76 (9%)  free $227.90
  FEES      $0.01  mk1/tk0  0.005% of eq
  SCAN      797 > 16 > 1 passed  top KAS 0.70 (viable)  4 scans, 147 analysed
  MARKET    MIXED  bias +0.30  breadth +0.23  taker flow +0.26
  NEWS      65 articles  + tone +0.12  STRK -0.24  ARB -0.24  ZEC +0.22
  INFO      1 tilted  flow/fund/news on 82
  MOVERS    AKE +136% #6  B2 +67% cut  AR +55% #12  ONE +55% #11
  ------------------------------------------------------------------------------------------------
  PAIR     SIDE       ENTRY      MARK    MOVE     P&L   AGE  THESIS
  KAS      LONG    0.039400  0.039450  +0.13%   +0.03    0m  + 75% left
  ------------------------------------------------------------------------------------------------



  20:01  up 0h32m  scan 5 ------------------------------------------------------------------------
  EQUITY    $250.41  unreal $-0.25
  SESSION   $-0.25 -0.10%  peak $250.69  dd 0.11%
  DAY       real $+0.66  loss room $1.19 (0.48%)  0% used  vol x0.70  trust x1.00
            ..........................
  RECORD    no closed trades yet this run
  LIFETIME  6tr 2W 4L 33%  $+0.66
  OPEN      1 pos $22.76 (9%)  free $227.90
  FEES      $0.01  mk1/tk0  0.005% of eq
  SCAN      797 > 1 > 1 passed  top KAS 0.65 (viable)  5 scans, 148 analysed
  MARKET    TRENDING  bias +0.31  breadth +0.12  taker flow +0.14
  NEWS      65 articles  + tone +0.12  STRK -0.24  ARB -0.24  ZEC +0.22
  INFO      1 tilted  flow/fund/news on 82
  MOVERS    AKE +136% #6  B2 +67% cut  AR +55% #12  ONE +55% #11
  ------------------------------------------------------------------------------------------------
  PAIR     SIDE       ENTRY      MARK    MOVE     P&L   AGE  THESIS
  KAS      LONG    0.039400  0.039290  -0.28%   -0.25    8m  - 49% left
  ------------------------------------------------------------------------------------------------


  SESSION SUMMARY --------------------------------------------------------------------------------
  RAN       0h35m  5 scans  148 pair-analyses  0 closed trades
  P&L       $-0.25 (-0.10%)  $250.66 > $250.41  maxDD 0.11%
  CURVE     @@@@.
  COST      fees $0.01  maker 1 / taker 0 fills  100% of gross  100% of fills maker  maker $0.01
            taker $0.00
  ------------------------------------------------------------------------------------------------

