23:48:56 | 📊 Paper Mode
23:48:58 | ✅ Connected | 805 futures markets
 
  ================================================================================================
  OMEGA C498  PAPER  Bitget perps
  26 Sep 2026   23:48
  start $252.22  risk dial 15%/month
  ================================================================================================
 
  RISK FRAME -------------------------------------------------------------------------------------
  EQUITY    $252.22  805 markets
  MONTH     dial 15% = $37.92 this month  used $0.59 realised
  BOOK      daily trend + momentum + carry, rebalanced 00:05 UTC
            month guard on MARKED equity (open P&L counts)  intraday scanner idle
  ------------------------------------------------------------------------------------------------
 
23:48:58 | 🌐 Remote control on http://0.0.0.0:8138 — TOKEN REQUIRED
23:48:58 |    📱 Same WiFi: http://10.0.0.160:8138/?t=<your token>
23:48:58 |    🌍 Internet: put a Cloudflare Tunnel in front of this port.
23:48:58 |        See deploy/DEPLOY.md — one command, no open ports, free.
23:48:58 |   4 EXIT       4 questions: HARD STOP · THESIS DEAD (C399 retention)
23:48:58 |    🛡️ Session drawdown breaker: off | Guardian: report only (C482)
23:48:58 | 💡 Press Ctrl+C to stop safely
 
  23:56  up 0h08m  scan 0 ------------------------------------------------------------------------
  EQUITY    $247.62  unreal $-4.60
  OPEN      no intraday positions  book holds 8 (BOOK row)  free $233.88
  SHADOW    intraday M1 $254.16 (+0.75%)  M1g $252.26 (+0.00%)  2d paper only
  CARRY     $251.86 (-0.16%)  8 held  paper only
  BOOK      8 pos gross $95.92 (0.39x)  open $-4.60  funding $+0.01  vol 20% top 20
            rebal 2026-09-26
  SESSION   $-0.02 -0.01%
  MONTH     book guard $5.19 of $37.92 used  on marked equity  from $252.81  dial 15%
            ####......................
  RECORD    no closed trades yet this run
  LIFETIME  139tr 44W 95L 32%  $+2.22
  FEES      no fills yet this run
  MARKET    bias +0.00  breadth +0.00
  ------------------------------------------------------------------------------------------------
 
 
  00:04  up 0h16m  scan 0 ------------------------------------------------------------------------
  EQUITY    $247.63  unreal $-4.59
  OPEN      no intraday positions  book holds 8 (BOOK row)  free $233.88
  SHADOW    intraday M1 $254.16 (+0.75%)  M1g $252.26 (+0.00%)  2d paper only
  CARRY     $251.86 (-0.16%)  8 held  paper only
  BOOK      8 pos gross $95.75 (0.39x)  open $-4.59  funding $+0.01  vol 20% top 20
            rebal 2026-09-26
  SESSION   $-0.01 -0.00%
  MONTH     book guard $5.18 of $37.92 used  on marked equity  from $252.81  dial 15%
            ####......................
  RECORD    no closed trades yet this run
  LIFETIME  139tr 44W 95L 32%  $+2.22
  FEES      no fills yet this run
  MARKET    bias +0.00  breadth +0.00
  ------------------------------------------------------------------------------------------------
 
 
  00:12  up 0h24m  scan 0 ------------------------------------------------------------------------
  EQUITY    $247.71  unreal $-4.51
  OPEN      no intraday positions  book holds 8 (BOOK row)  free $233.88
  SHADOW    intraday M1 $254.16 (+0.75%)  M1g $252.26 (+0.00%)  2d paper only
  CARRY     $251.86 (-0.16%)  8 held  paper only
  BOOK      8 pos gross $95.35 (0.39x)  open $-4.51  funding $+0.01  vol 20% top 20
            rebal 2026-09-26
  SESSION   $+0.07 +0.03%
  MONTH     book guard $5.10 of $37.92 used  on marked equity  from $252.81  dial 15%
            ###.......................
  RECORD    no closed trades yet this run
  LIFETIME  139tr 44W 95L 32%  $+2.22
  FEES      no fills yet this run
  MARKET    bias +0.00  breadth +0.00
  ------------------------------------------------------------------------------------------------
 
 
  00:20  up 0h32m  scan 0 ------------------------------------------------------------------------
  EQUITY    $247.80  unreal $-4.42
  OPEN      no intraday positions  book holds 8 (BOOK row)  free $233.88
  SHADOW    intraday M1 $254.16 (+0.75%)  M1g $252.26 (+0.00%)  2d paper only
  CARRY     $251.86 (-0.16%)  8 held  paper only
  BOOK      8 pos gross $95.24 (0.38x)  open $-4.42  funding $+0.01  vol 20% top 20
            rebal 2026-09-26
  SESSION   $+0.16 +0.07%
  MONTH     book guard $5.01 of $37.92 used  on marked equity  from $252.81  dial 15%
            ###.......................
  RECORD    no closed trades yet this run
  LIFETIME  139tr 44W 95L 32%  $+2.22
  FEES      no fills yet this run
  MARKET    bias +0.00  breadth +0.00
  ------------------------------------------------------------------------------------------------
 
 
  00:28  up 0h40m  scan 0 ------------------------------------------------------------------------
  EQUITY    $247.91  unreal $-4.31
  OPEN      no intraday positions  book holds 8 (BOOK row)  free $233.88
  SHADOW    intraday M1 $254.16 (+0.75%)  M1g $252.26 (+0.00%)  2d paper only
  CARRY     $251.86 (-0.16%)  8 held  paper only
  BOOK      8 pos gross $95.14 (0.38x)  open $-4.31  funding $+0.01  vol 20% top 20
            rebal 2026-09-26
  SESSION   $+0.27 +0.11%
  MONTH     book guard $4.90 of $37.92 used  on marked equity  from $252.81  dial 15%
            ###.......................
  RECORD    no closed trades yet this run
  LIFETIME  139tr 44W 95L 32%  $+2.22
  FEES      no fills yet this run
  MARKET    bias +0.00  breadth +0.00
  ------------------------------------------------------------------------------------------------
 
00:32:45 |    👻 C489 shadow hour 19:00 UTC: 39 coins scored (warm-up (14, no flow)), gate shut | M1
    $252.97 (+0.28%) M1g $252.26 (+0.00%) over 2d [27s]
 
  00:36  up 0h48m  scan 0 ------------------------------------------------------------------------
  EQUITY    $247.85  unreal $-4.37
  OPEN      no intraday positions  book holds 8 (BOOK row)  free $233.88
  SHADOW    intraday M1 $252.97 (+0.28%)  M1g $252.26 (+0.00%)  2d paper only
  CARRY     $251.86 (-0.16%)  8 held  paper only
  BOOK      8 pos gross $95.42 (0.39x)  open $-4.37  funding $+0.01  vol 20% top 20
            rebal 2026-09-26
  SESSION   $+0.21 +0.09%  peak $247.91  dd 0.02%
  CURVE     ===+++
  MONTH     book guard $4.96 of $37.92 used  on marked equity  from $252.81  dial 15%
            ###.......................
  RECORD    no closed trades yet this run
  LIFETIME  139tr 44W 95L 32%  $+2.22
  FEES      no fills yet this run
  MARKET    bias +0.00  breadth +0.00
  ------------------------------------------------------------------------------------------------
 
 
  00:44  up 0h56m  scan 0 ------------------------------------------------------------------------
  EQUITY    $247.84  unreal $-4.38
  OPEN      no intraday positions  book holds 8 (BOOK row)  free $233.88
  SHADOW    intraday M1 $252.97 (+0.28%)  M1g $252.26 (+0.00%)  2d paper only
  CARRY     $251.86 (-0.16%)  8 held  paper only
  BOOK      8 pos gross $95.35 (0.39x)  open $-4.38  funding $+0.01  vol 20% top 20
            rebal 2026-09-26
  SESSION   $+0.20 +0.08%  peak $247.91  dd 0.03%
  CURVE     ===++++
  MONTH     book guard $4.97 of $37.92 used  on marked equity  from $252.81  dial 15%
            ###.......................
  RECORD    no closed trades yet this run
  LIFETIME  139tr 44W 95L 32%  $+2.22
  FEES      no fills yet this run
  MARKET    bias +0.00  breadth +0.00
  ------------------------------------------------------------------------------------------------
 
 
  00:52  up 1h04m  scan 0 ------------------------------------------------------------------------
  EQUITY    $247.83  unreal $-4.39
  OPEN      no intraday positions  book holds 8 (BOOK row)  free $233.88
  SHADOW    intraday M1 $252.97 (+0.28%)  M1g $252.26 (+0.00%)  2d paper only
  CARRY     $251.86 (-0.16%)  8 held  paper only
  BOOK      8 pos gross $95.23 (0.38x)  open $-4.38  funding $+0.01  vol 20% top 20
            rebal 2026-09-26
  SESSION   $+0.19 +0.08%  peak $247.91  dd 0.03%
  CURVE     ===+++++
  MONTH     book guard $4.98 of $37.92 used  on marked equity  from $252.81  dial 15%
            ###.......................
  RECORD    no closed trades yet this run
  LIFETIME  139tr 44W 95L 32%  $+2.22
  FEES      no fills yet this run
  MARKET    bias +0.00  breadth +0.00
  ------------------------------------------------------------------------------------------------
 
 
  01:00  up 1h12m  scan 0 ------------------------------------------------------------------------
  EQUITY    $247.85  unreal $-4.37
  OPEN      no intraday positions  book holds 8 (BOOK row)  free $233.88
  SHADOW    intraday M1 $252.97 (+0.28%)  M1g $252.26 (+0.00%)  2d paper only
  CARRY     $251.86 (-0.16%)  8 held  paper only
  BOOK      8 pos gross $95.10 (0.38x)  open $-4.37  funding $+0.01  vol 20% top 20
            rebal 2026-09-26
  SESSION   $+0.21 +0.09%  peak $247.91  dd 0.02%
  CURVE     ===++++++
  MONTH     book guard $4.96 of $37.92 used  on marked equity  from $252.81  dial 15%
            ###.......................
  RECORD    no closed trades yet this run
  LIFETIME  139tr 44W 95L 32%  $+2.22
  FEES      no fills yet this run
  MARKET    bias +0.00  breadth +0.00
  ------------------------------------------------------------------------------------------------
 
 
  01:08  up 1h20m  scan 0 ------------------------------------------------------------------------
  EQUITY    $247.89  unreal $-4.33
  OPEN      no intraday positions  book holds 8 (BOOK row)  free $233.88
  SHADOW    intraday M1 $252.97 (+0.28%)  M1g $252.26 (+0.00%)  2d paper only
  CARRY     $251.86 (-0.16%)  8 held  paper only
  BOOK      8 pos gross $94.89 (0.38x)  open $-4.33  funding $+0.01  vol 20% top 20
            rebal 2026-09-26
  SESSION   $+0.25 +0.10%  peak $247.91  dd 0.01%
  CURVE     ===+++++++
  MONTH     book guard $4.92 of $37.92 used  on marked equity  from $252.81  dial 15%
            ###.......................
  RECORD    no closed trades yet this run
  LIFETIME  139tr 44W 95L 32%  $+2.22
  FEES      no fills yet this run
  MARKET    bias +0.00  breadth +0.00
  ------------------------------------------------------------------------------------------------
 
 
  01:16  up 1h28m  scan 0 ------------------------------------------------------------------------
  EQUITY    $247.91  unreal $-4.31
  OPEN      no intraday positions  book holds 8 (BOOK row)  free $233.88
  SHADOW    intraday M1 $252.97 (+0.28%)  M1g $252.26 (+0.00%)  2d paper only
  CARRY     $251.86 (-0.16%)  8 held  paper only
  BOOK      8 pos gross $95.15 (0.38x)  open $-4.31  funding $+0.01  vol 20% top 20
            rebal 2026-09-26
  SESSION   $+0.27 +0.11%
  CURVE     ===++++++++
  MONTH     book guard $4.90 of $37.92 used  on marked equity  from $252.81  dial 15%
            ###.......................
  RECORD    no closed trades yet this run
  LIFETIME  139tr 44W 95L 32%  $+2.22
  FEES      no fills yet this run
  MARKET    bias +0.00  breadth +0.00
  ------------------------------------------------------------------------------------------------
 
 
  01:25  up 1h36m  scan 0 ------------------------------------------------------------------------
  EQUITY    $247.97  unreal $-4.25
  OPEN      no intraday positions  book holds 8 (BOOK row)  free $233.88
  SHADOW    intraday M1 $252.97 (+0.28%)  M1g $252.26 (+0.00%)  2d paper only
  CARRY     $251.86 (-0.16%)  8 held  paper only
  BOOK      8 pos gross $94.97 (0.38x)  open $-4.25  funding $+0.01  vol 20% top 20
            rebal 2026-09-26
  SESSION   $+0.33 +0.13%
  CURVE     ===+++++++++
  MONTH     book guard $4.84 of $37.92 used  on marked equity  from $252.81  dial 15%
            ###.......................
  RECORD    no closed trades yet this run
  LIFETIME  139tr 44W 95L 32%  $+2.22
  FEES      no fills yet this run
  MARKET    bias +0.00  breadth +0.00
  ------------------------------------------------------------------------------------------------
 
01:32:42 |    👻 C489 shadow hour 20:00 UTC: 39 coins scored (warm-up (14, no flow)), gate OPEN | M1
    $252.79 (+0.21%) M1g $252.21 (-0.02%) over 2d [16s]
 
  01:33  up 1h44m  scan 0 ------------------------------------------------------------------------
  EQUITY    $248.04  unreal $-4.18
  OPEN      no intraday positions  book holds 8 (BOOK row)  free $233.88
  SHADOW    intraday M1 $252.79 (+0.21%)  M1g $252.21 (-0.02%)  2d paper only
  CARRY     $251.86 (-0.16%)  8 held  paper only
  BOOK      8 pos gross $95.04 (0.38x)  open $-4.17  funding $+0.01  vol 20% top 20
            rebal 2026-09-26
  SESSION   $+0.40 +0.16%
  CURVE     ====+++=+++++
  MONTH     book guard $4.77 of $37.92 used  on marked equity  from $252.81  dial 15%
            ###.......................
  RECORD    no closed trades yet this run
  LIFETIME  139tr 44W 95L 32%  $+2.22
  FEES      no fills yet this run
  MARKET    bias +0.00  breadth +0.00
  ------------------------------------------------------------------------------------------------
 
 
  01:41  up 1h52m  scan 0 ------------------------------------------------------------------------
  EQUITY    $248.08  unreal $-4.14
  OPEN      no intraday positions  book holds 8 (BOOK row)  free $233.88
  SHADOW    intraday M1 $252.79 (+0.21%)  M1g $252.21 (-0.02%)  2d paper only
  CARRY     $251.86 (-0.16%)  8 held  paper only
  BOOK      8 pos gross $94.77 (0.38x)  open $-4.14  funding $+0.01  vol 20% top 20
            rebal 2026-09-26
  SESSION   $+0.44 +0.18%
  CURVE     ====+====+++++
  MONTH     book guard $4.73 of $37.92 used  on marked equity  from $252.81  dial 15%
            ###.......................
  RECORD    no closed trades yet this run
  LIFETIME  139tr 44W 95L 32%  $+2.22
  FEES      no fills yet this run
  MARKET    bias +0.00  breadth +0.00
  ------------------------------------------------------------------------------------------------
 
 
  01:49  up 2h00m  scan 0 ------------------------------------------------------------------------
  EQUITY    $248.08  unreal $-4.14
  OPEN      no intraday positions  book holds 8 (BOOK row)  free $233.88
  SHADOW    intraday M1 $252.79 (+0.21%)  M1g $252.21 (-0.02%)  2d paper only
  CARRY     $251.86 (-0.16%)  8 held  paper only
  BOOK      8 pos gross $94.87 (0.38x)  open $-4.14  funding $+0.01  vol 20% top 20
            rebal 2026-09-26
  SESSION   $+0.44 +0.18%
  CURVE     ====+====++++++
  MONTH     book guard $4.73 of $37.92 used  on marked equity  from $252.81  dial 15%
            ###.......................
  RECORD    no closed trades yet this run
  LIFETIME  139tr 44W 95L 32%  $+2.22
  FEES      no fills yet this run
  MARKET    bias +0.00  breadth +0.00
  ------------------------------------------------------------------------------------------------
 
 
  01:57  up 2h08m  scan 0 ------------------------------------------------------------------------
  EQUITY    $248.05  unreal $-4.17
  OPEN      no intraday positions  book holds 8 (BOOK row)  free $233.88
  SHADOW    intraday M1 $252.79 (+0.21%)  M1g $252.21 (-0.02%)  2d paper only
  CARRY     $251.86 (-0.16%)  8 held  paper only
  BOOK      8 pos gross $94.90 (0.38x)  open $-4.17  funding $+0.01  vol 20% top 20
            rebal 2026-09-26
  SESSION   $+0.41 +0.17%  peak $248.08  dd 0.01%
  CURVE     ====+====+++++++
  MONTH     book guard $4.76 of $37.92 used  on marked equity  from $252.81  dial 15%
            ###.......................
  RECORD    no closed trades yet this run
  LIFETIME  139tr 44W 95L 32%  $+2.22
  FEES      no fills yet this run
  MARKET    bias +0.00  breadth +0.00
  ------------------------------------------------------------------------------------------------
 
 
  02:05  up 2h16m  scan 0 ------------------------------------------------------------------------
  EQUITY    $248.06  unreal $-4.16
  OPEN      no intraday positions  book holds 8 (BOOK row)  free $233.88
  SHADOW    intraday M1 $252.79 (+0.21%)  M1g $252.21 (-0.02%)  2d paper only
  CARRY     $251.86 (-0.16%)  8 held  paper only
  BOOK      8 pos gross $94.73 (0.38x)  open $-4.16  funding $+0.01  vol 20% top 20
            rebal 2026-09-26
  SESSION   $+0.42 +0.17%  peak $248.08  dd 0.01%
  CURVE     ====+====++++++++
  MONTH     book guard $4.75 of $37.92 used  on marked equity  from $252.81  dial 15%
            ###.......................
  RECORD    no closed trades yet this run
  LIFETIME  139tr 44W 95L 32%  $+2.22
  FEES      no fills yet this run
  MARKET    bias +0.00  breadth +0.00
  ------------------------------------------------------------------------------------------------
 
 
  02:13  up 2h24m  scan 0 ------------------------------------------------------------------------
  EQUITY    $248.16  unreal $-4.06
  OPEN      no intraday positions  book holds 8 (BOOK row)  free $233.88
  SHADOW    intraday M1 $252.79 (+0.21%)  M1g $252.21 (-0.02%)  2d paper only
  CARRY     $251.86 (-0.16%)  8 held  paper only
  BOOK      8 pos gross $93.50 (0.38x)  open $-4.06  funding $+0.01  vol 20% top 20
            rebal 2026-09-26
  SESSION   $+0.52 +0.21%
  CURVE     ====+=====++++++++
  MONTH     book guard $4.65 of $37.92 used  on marked equity  from $252.81  dial 15%
            ###.......................
  RECORD    no closed trades yet this run
  LIFETIME  139tr 44W 95L 32%  $+2.22
  FEES      no fills yet this run
  MARKET    bias +0.00  breadth +0.00
  ------------------------------------------------------------------------------------------------
 
