13:30:26 | 📊 Paper Mode
13:30:26 | ✅ Connected | 740 futures markets (Binance USDⓈ-M)
13:30:26 | 📊 Binance Fees: Maker 0.02% | Taker 0.05%
13:30:26 | 📊 Market type: PERPETUAL FUTURES (swap) — verified
13:30:26 | 📋 Limit Orders: ENABLED (offset 0.1%) -- the idle intraday scanner's; the book trades with market orders
13:30:26 | 📂 Loaded state: $499.71 realised | 0 intraday positions | available $437.01 before open P&L (locked $62.70)
13:30:26 | 📐 RISK @ $499.71: monthly dial 20% = $100.00/month (20% of this month's anchor $500.00)  |  the portfolio book trades: its month guard closes the book if MARKED equity falls that far below the month's anchor [C497]
 
  ================================================================================================
  OMEGA C527  PAPER  Binance perps
  03 Oct 2026   13:30
  start $499.71 realised  risk dial 20%/month
  ================================================================================================
 
  RISK FRAME -------------------------------------------------------------------------------------
  EQUITY    $499.71 realised  740 markets
  MONTH     dial 20% = $100.00 this month  used $0.29 realised
  BOOK      daily trend + momentum + carry, rebalanced 00:05 UTC
            month guard on MARKED equity (open P&L counts)  intraday scanner idle
  ------------------------------------------------------------------------------------------------
 
13:30:26 |    (legacy Flask page not installed — the dashboard is the control panel)
13:30:26 | 🌐 Remote control on http://0.0.0.0:8138 — TOKEN REQUIRED
13:30:26 |    📱 Local network: http://10.0.0.160:8138/?t=<your token> (this machine's own address)
13:30:26 |    🌍 Internet: put a Cloudflare Tunnel in front of this port.
13:30:26 |        See deploy/DEPLOY.md — one command, no open ports, free.
13:30:26 | ============================================================
13:30:26 | 🤖 OMEGA V60 — INFORMATION ENGINE (C466)
13:30:26 | 📊 C503 WHAT IS RUNNING -- the portfolio book trades:
13:30:26 |    RULE   C2 N2+N3 + range vol (GK): C2 = residual momentum, no crowded shorts (N2+N3) -- a FORWARD TEST in paper (C510); the admitted rule is scored beside it in the rule tournament
13:30:26 |    BOOK   trend (C1) + momentum (C2) + carry (C3), equal risk; vol target 27% from the 20% dial; gross <= 3x equity; top 20 crypto; $6 minimum; 30% band
13:30:26 |           rebalanced daily 00:05 UTC with market orders (paper fills at the ask/bid, taker 0.05%); 5x cross margin; funding at each coin's own interval; its one limit is the month guard on MARKED equity
13:30:26 |    PAPER  never touches the account: intraday shadow (C489) hourly · carry (C490) 00:10 UTC · spot pot (C501/C502) $250, spot minimum $5, 00:20 UTC · idle cash -> Savings at 6.69% every minute · rule tournament (C510, 9 rules on the same prices) at each rebalance · BFUSD wallet at 7.66% (C521) · the same plan on Delta Exchange India, $500 (C521) · Delta vs Binance funding spread, both legs, $500 (C524)
13:30:26 |    IDLE   the intraday scanner, the OLD strategy (139 trades, 44W/95L before the 29 Sep 2026 fresh start; it lost after fees): it opens nothing, and its boot description is not printed (OMEGA_ENGINE=intraday runs and describes it)
13:30:26 | 💡 Stop safely: sudo systemctl stop omega (Ctrl+C only when run by hand)
13:30:26 | ============================================================
13:30:26 | 🔄 Monitoring thread started — SPLIT LOOP [C397]: FAST leg every 0.8s (prices in PARALLEL → hard stop, trailing floor, peak floor, capture floor); SLOW leg every 20s (OHLCV/DRI) and 90s (BTC/ETH regime, AFTER positions are checked, never before) -- it watches INTRADAY positions; the book has no stops, its one limit is the month guard
13:30:29 |    🏦 C527 Binance Flexible Savings USDT: 6.68% = 2.68% market + 4.00% on the first 1,000 USDT (read every 6 h)
13:30:31 | 💼 C488: portfolio engine ON -- the intraday scanner opens no new positions (OMEGA_ENGINE=intraday restores it); the book holds 9 positions
13:32:43 |    👻 C489 shadow hour 08:00 UTC: 39 coins scored (full (16 features)), gate OPEN | M1 $505.08 (+1.07%) M1g $501.73 (+0.40%) over 2d [14s]
 
  13:38  up 0h08m  daily book --------------------------------------------------------------------
  EQUITY    $499.70  unreal $-0.01
  OPEN      no intraday positions  book holds 9 (BOOK row)  free $437.00 after open P&L
  SHADOW    intraday M1 $505.08 (+1.07%)  M1g $501.73 (+0.40%)  2d paper only
  CARRY     $499.11 (-0.15%)  8 held  paper only
  SPOT      $249.73 (-0.11%)  1 held  4% invested  cash earns 6.68%  paper pot
  SAVINGS   idle $312.07 (62%)  at 6.68% +$0.12 so far  ~$1.74/month  paper
  BFUSD     wallet $499.70 at 7.66%  +$0.11 so far  ~$3.19/month  vs Savings $1.74  paper
  DELTA     $500.03 (+0.01%)  9 held  fees $0.20  funding $+0.01  paper, same plan
  XVENUE    $499.35 (-0.13%)  10 pairs  funding $+0.00  fees $0.74  paper, Delta vs Binance
  TOTAL     planned $749.55 of $750.00 ($-0.45)  all 6 accounts $2,248.20 of $2,249.83 ($-1.63)
            paper
  BOOK      9 pos gross $307.43 (0.61x)  open $-0.01  funding $-0.05  vol 27% top 20
            rebal 2026-10-03
  CONTEXT   since 01 Oct $-0.30 (-0.06%) in 2.2d  normal -1.8% to +2.6%  bottom 46%: normal
  RULE      C2 N2+N3 + range vol (GK)  forward test (paper)
  TOURNEY   2d from 2026-10-01  base -0.60%  N2 -0.66%  N3 -0.37%  N2+N3 -0.37%  +K4 -0.42%
            +GK* -0.30%  +K4+GK -0.38%  +GK+DD new  +GK+XA new
  DATA      on time  prices 32s  funding booked  book today  shadow 08:00  carry today
            spot pot today
  SESSION   $+0.24 +0.05%
  MONTH     book guard $0.30 of $100.00 used  on marked equity  from $500.00  dial 20%
            ..........................
  RECORD    book closed 3  2W 1L  net $-0.09  fees and funding in
  FEES      no fills yet this run (the book trades at 00:05 UTC)
  ------------------------------------------------------------------------------------------------
 
13:38:26 | 
13:38:26 | ============================================================
13:38:26 | 📊 POSITION SUMMARY (8-MIN UPDATE)
13:38:26 | 💰 Equity: $499.71 | Unrealized: $-0.01
13:38:26 | 💵 Available: $437.00 after open P&L | Locked: $62.70
13:38:26 | 📈 Session: $+0.24 (+0.0%)
13:38:26 | 🎯 C510 Book (what trades): 9 positions, gross 0.61x, open $-0.01 | rule C2 N2+N3 + range vol (GK) | closed 3: 2W/1L $-0.09 | since 01 Oct -0.06% (normal)
13:38:26 | ============================================================
13:38:26 | ============================================================
13:38:26 | 🔵 Book guard: $0.30 of $100.00 used this month on marked equity (0%, from $500.00) · realised today +0.00% [C497]
13:38:26 | ============================================================
13:38:26 | 
 
  13:46  up 0h16m  daily book --------------------------------------------------------------------
  EQUITY    $499.70  unreal $-0.01
  OPEN      no intraday positions  book holds 9 (BOOK row)  free $437.00 after open P&L
  SHADOW    intraday M1 $505.08 (+1.07%)  M1g $501.73 (+0.40%)  2d paper only
  CARRY     $499.11 (-0.15%)  8 held  paper only
  SPOT      $249.73 (-0.11%)  1 held  4% invested  cash earns 6.68%  paper pot
  SAVINGS   idle $312.10 (62%)  at 6.68% +$0.12 so far  ~$1.74/month  paper
  BFUSD     wallet $499.73 at 7.66%  +$0.11 so far  ~$3.19/month  vs Savings $1.74  paper
  DELTA     $500.14 (+0.03%)  9 held  fees $0.20  funding $+0.01  paper, same plan
  XVENUE    $499.35 (-0.13%)  10 pairs  funding $+0.00  fees $0.74  paper, Delta vs Binance
  TOTAL     planned $749.55 of $750.00 ($-0.45)  all 6 accounts $2,248.60 of $2,249.83 ($-1.23)
            paper
  BOOK      9 pos gross $307.57 (0.62x)  open $-0.01  funding $-0.05  vol 27% top 20
            rebal 2026-10-03
  CONTEXT   since 01 Oct $-0.30 (-0.06%) in 2.2d  normal -1.8% to +2.6%  bottom 46%: normal
  RULE      C2 N2+N3 + range vol (GK)  forward test (paper)
  TOURNEY   2d from 2026-10-01  base -0.60%  N2 -0.66%  N3 -0.37%  N2+N3 -0.37%  +K4 -0.42%
            +GK* -0.30%  +K4+GK -0.38%  +GK+DD new  +GK+XA new
  DATA      on time  prices 26s  funding booked  book today  shadow 08:00  carry today
            spot pot today
  SESSION   $+0.24 +0.05%
  MONTH     book guard $0.30 of $100.00 used  on marked equity  from $500.00  dial 20%
            ..........................
  RECORD    book closed 3  2W 1L  net $-0.09  fees and funding in
  FEES      no fills yet this run (the book trades at 00:05 UTC)
  ------------------------------------------------------------------------------------------------
 
13:46:27 | 
13:46:27 | ============================================================
13:46:27 | 📊 POSITION SUMMARY (8-MIN UPDATE)
13:46:27 | 💰 Equity: $499.71 | Unrealized: $-0.01
13:46:27 | 💵 Available: $437.00 after open P&L | Locked: $62.70
13:46:27 | 📈 Session: $+0.24 (+0.0%)
13:46:27 | 🎯 C510 Book (what trades): 9 positions, gross 0.62x, open $-0.01 | rule C2 N2+N3 + range vol (GK) | closed 3: 2W/1L $-0.09 | since 01 Oct -0.06% (normal)
13:46:27 | ============================================================
13:46:27 | ============================================================
13:46:27 | 🔵 Book guard: $0.30 of $100.00 used this month on marked equity (0%, from $500.00) · realised today +0.00% [C497]
13:46:27 | ============================================================
13:46:27 | 
 
  13:54  up 0h24m  daily book --------------------------------------------------------------------
  EQUITY    $499.63  unreal $-0.08
  OPEN      no intraday positions  book holds 9 (BOOK row)  free $436.93 after open P&L
  SHADOW    intraday M1 $505.08 (+1.07%)  M1g $501.73 (+0.40%)  2d paper only
  CARRY     $499.11 (-0.15%)  8 held  paper only
  SPOT      $249.73 (-0.11%)  1 held  4% invested  cash earns 6.68%  paper pot
  SAVINGS   idle $312.03 (62%)  at 6.68% +$0.12 so far  ~$1.74/month  paper
  BFUSD     wallet $499.64 at 7.66%  +$0.11 so far  ~$3.19/month  vs Savings $1.74  paper
  DELTA     $500.04 (+0.01%)  9 held  fees $0.20  funding $+0.01  paper, same plan
  XVENUE    $499.35 (-0.13%)  10 pairs  funding $+0.00  fees $0.74  paper, Delta vs Binance
  TOTAL     planned $749.48 of $750.00 ($-0.52)  all 6 accounts $2,248.29 of $2,249.83 ($-1.54)
            paper
  BOOK      9 pos gross $307.21 (0.61x)  open $-0.08  funding $-0.05  vol 27% top 20
            rebal 2026-10-03
  CONTEXT   since 01 Oct $-0.37 (-0.07%) in 2.2d  normal -1.8% to +2.6%  bottom 45%: normal
  RULE      C2 N2+N3 + range vol (GK)  forward test (paper)
  TOURNEY   2d from 2026-10-01  base -0.60%  N2 -0.66%  N3 -0.37%  N2+N3 -0.37%  +K4 -0.42%
            +GK* -0.30%  +K4+GK -0.38%  +GK+DD new  +GK+XA new
  DATA      on time  prices 19s  funding booked  book today  shadow 08:00  carry today
            spot pot today
  SESSION   $+0.17 +0.03%  peak $499.70  dd 0.01%
  MONTH     book guard $0.37 of $100.00 used  on marked equity  from $500.00  dial 20%
            ..........................
  RECORD    book closed 3  2W 1L  net $-0.09  fees and funding in
  FEES      no fills yet this run (the book trades at 00:05 UTC)
  ------------------------------------------------------------------------------------------------
 
13:54:27 | 
13:54:27 | ============================================================
13:54:27 | 📊 POSITION SUMMARY (8-MIN UPDATE)
13:54:27 | 💰 Equity: $499.71 | Unrealized: $-0.08
13:54:27 | 💵 Available: $436.93 after open P&L | Locked: $62.70
13:54:27 | 📈 Session: $+0.17 (+0.0%)
13:54:27 | 🎯 C510 Book (what trades): 9 positions, gross 0.61x, open $-0.08 | rule C2 N2+N3 + range vol (GK) | closed 3: 2W/1L $-0.09 | since 01 Oct -0.07% (normal)
13:54:27 | ============================================================
13:54:27 | ============================================================
13:54:27 | 🔵 Book guard: $0.37 of $100.00 used this month on marked equity (0%, from $500.00) · realised today +0.00% [C497]
13:54:27 | ============================================================
13:54:27 | 
 
  14:02  up 0h32m  daily book --------------------------------------------------------------------
  EQUITY    $499.78  unreal $+0.07
  OPEN      no intraday positions  book holds 9 (BOOK row)  free $437.08 after open P&L
  SHADOW    intraday M1 $505.08 (+1.07%)  M1g $501.73 (+0.40%)  2d paper only
  CARRY     $499.11 (-0.15%)  8 held  paper only
  SPOT      $249.73 (-0.11%)  1 held  4% invested  cash earns 6.68%  paper pot
  SAVINGS   idle $312.11 (62%)  at 6.68% +$0.12 so far  ~$1.74/month  paper
  BFUSD     wallet $499.75 at 7.66%  +$0.11 so far  ~$3.19/month  vs Savings $1.74  paper
  DELTA     $500.16 (+0.03%)  9 held  fees $0.20  funding $+0.01  paper, same plan
  XVENUE    $499.35 (-0.13%)  10 pairs  funding $+0.00  fees $0.74  paper, Delta vs Binance
  TOTAL     planned $749.63 of $750.00 ($-0.37)  all 6 accounts $2,248.48 of $2,249.83 ($-1.35)
            paper
  BOOK      9 pos gross $307.35 (0.61x)  open $+0.07  funding $-0.05  vol 27% top 20
            rebal 2026-10-03
  CONTEXT   since 01 Oct $-0.22 (-0.04%) in 2.2d  normal -1.8% to +2.6%  bottom 46%: normal
  RULE      C2 N2+N3 + range vol (GK)  forward test (paper)
  TOURNEY   2d from 2026-10-01  base -0.60%  N2 -0.66%  N3 -0.37%  N2+N3 -0.37%  +K4 -0.42%
            +GK* -0.30%  +K4+GK -0.38%  +GK+DD new  +GK+XA new
  DATA      on time  prices 12s  funding booked  book today  shadow 08:00  carry today
            spot pot today
  SESSION   $+0.32 +0.06%
  MONTH     book guard $0.22 of $100.00 used  on marked equity  from $500.00  dial 20%
            ..........................
  RECORD    book closed 3  2W 1L  net $-0.09  fees and funding in
  FEES      no fills yet this run (the book trades at 00:05 UTC)
  ------------------------------------------------------------------------------------------------
 
14:02:27 | 
14:02:27 | ============================================================
14:02:27 | 📊 POSITION SUMMARY (8-MIN UPDATE)
14:02:27 | 💰 Equity: $499.71 | Unrealized: $+0.07
14:02:27 | 💵 Available: $437.08 after open P&L | Locked: $62.70
14:02:27 | 📈 Session: $+0.32 (+0.1%)
14:02:27 | 🎯 C510 Book (what trades): 9 positions, gross 0.61x, open $+0.07 | rule C2 N2+N3 + range vol (GK) | closed 3: 2W/1L $-0.09 | since 01 Oct -0.04% (normal)
14:02:27 | ============================================================
14:02:27 | ============================================================
14:02:27 | 🔵 Book guard: $0.22 of $100.00 used this month on marked equity (0%, from $500.00) · realised today +0.00% [C497]
14:02:27 | ============================================================
14:02:27 | 
 
  14:10  up 0h40m  daily book --------------------------------------------------------------------
  EQUITY    $499.76  unreal $+0.05
  OPEN      no intraday positions  book holds 9 (BOOK row)  free $437.06 after open P&L
  SHADOW    intraday M1 $505.08 (+1.07%)  M1g $501.73 (+0.40%)  2d paper only
  CARRY     $499.11 (-0.15%)  8 held  paper only
  SPOT      $249.73 (-0.11%)  1 held  4% invested  cash earns 6.68%  paper pot
  SAVINGS   idle $312.13 (62%)  at 6.68% +$0.12 so far  ~$1.74/month  paper
  BFUSD     wallet $499.78 at 7.66%  +$0.11 so far  ~$3.19/month  vs Savings $1.74  paper
  DELTA     $500.28 (+0.06%)  9 held  fees $0.20  funding $+0.01  paper, same plan
  XVENUE    $499.35 (-0.13%)  10 pairs  funding $+0.00  fees $0.74  paper, Delta vs Binance
  TOTAL     planned $749.61 of $750.00 ($-0.39)  all 6 accounts $2,248.62 of $2,249.83 ($-1.21)
            paper
  BOOK      9 pos gross $307.59 (0.61x)  open $+0.05  funding $-0.05  vol 27% top 20
            rebal 2026-10-03
  CONTEXT   since 01 Oct $-0.24 (-0.05%) in 2.2d  normal -1.8% to +2.6%  bottom 46%: normal
  RULE      C2 N2+N3 + range vol (GK)  forward test (paper)
  TOURNEY   2d from 2026-10-01  base -0.60%  N2 -0.66%  N3 -0.37%  N2+N3 -0.37%  +K4 -0.42%
            +GK* -0.30%  +K4+GK -0.38%  +GK+DD new  +GK+XA new
  DATA      on time  prices 3s  funding booked  book today  shadow 08:00  carry today
            spot pot today
  SESSION   $+0.30 +0.06%  peak $499.78
  CURVE     =+++++
  MONTH     book guard $0.24 of $100.00 used  on marked equity  from $500.00  dial 20%
            ..........................
  RECORD    book closed 3  2W 1L  net $-0.09  fees and funding in
  FEES      no fills yet this run (the book trades at 00:05 UTC)
  ------------------------------------------------------------------------------------------------
 
14:10:28 | 
14:10:28 | ============================================================
14:10:28 | 📊 POSITION SUMMARY (8-MIN UPDATE)
14:10:28 | 💰 Equity: $499.71 | Unrealized: $+0.05
14:10:28 | 💵 Available: $437.06 after open P&L | Locked: $62.70
14:10:28 | 📈 Session: $+0.30 (+0.1%)
14:10:28 | 🎯 C510 Book (what trades): 9 positions, gross 0.61x, open $+0.05 | rule C2 N2+N3 + range vol (GK) | closed 3: 2W/1L $-0.09 | since 01 Oct -0.05% (normal)
14:10:28 | ============================================================
14:10:28 | ============================================================
14:10:28 | 🔵 Book guard: $0.24 of $100.00 used this month on marked equity (0%, from $500.00) · realised today +0.00% [C497]
14:10:28 | ============================================================
14:10:28 | 
 
  14:18  up 0h48m  daily book --------------------------------------------------------------------
  EQUITY    $499.75  unreal $+0.04
  OPEN      no intraday positions  book holds 9 (BOOK row)  free $437.05 after open P&L
  SHADOW    intraday M1 $505.08 (+1.07%)  M1g $501.73 (+0.40%)  2d paper only
  CARRY     $499.11 (-0.15%)  8 held  paper only
  SPOT      $249.73 (-0.11%)  1 held  4% invested  cash earns 6.68%  paper pot
  SAVINGS   idle $312.11 (62%)  at 6.68% +$0.13 so far  ~$1.74/month  paper
  BFUSD     wallet $499.75 at 7.66%  +$0.11 so far  ~$3.19/month  vs Savings $1.74  paper
  DELTA     $500.21 (+0.04%)  9 held  fees $0.20  funding $+0.01  paper, same plan
  XVENUE    $499.35 (-0.13%)  10 pairs  funding $+0.00  fees $0.74  paper, Delta vs Binance
  TOTAL     planned $749.61 of $750.00 ($-0.39)  all 6 accounts $2,247.97 of $2,249.83 ($-1.86)
            paper
  BOOK      9 pos gross $307.54 (0.61x)  open $+0.04  funding $-0.05  vol 27% top 20
            rebal 2026-10-03
  CONTEXT   since 01 Oct $-0.25 (-0.05%) in 2.2d  normal -1.8% to +2.6%  bottom 46%: normal
  RULE      C2 N2+N3 + range vol (GK)  forward test (paper)
  TOURNEY   2d from 2026-10-01  base -0.60%  N2 -0.66%  N3 -0.37%  N2+N3 -0.37%  +K4 -0.42%
            +GK* -0.30%  +K4+GK -0.38%  +GK+DD new  +GK+XA new
  DATA      on time  prices 38s  funding booked  book today  shadow 08:00  carry today
            spot pot today
  SESSION   $+0.29 +0.06%  peak $499.78  dd 0.01%
  CURVE     =++++++
  MONTH     book guard $0.25 of $100.00 used  on marked equity  from $500.00  dial 20%
            ..........................
  RECORD    book closed 3  2W 1L  net $-0.09  fees and funding in
  FEES      no fills yet this run (the book trades at 00:05 UTC)
  ------------------------------------------------------------------------------------------------
 
14:18:28 | 
14:18:28 | ============================================================
14:18:28 | 📊 POSITION SUMMARY (8-MIN UPDATE)
14:18:28 | 💰 Equity: $499.71 | Unrealized: $+0.04
14:18:28 | 💵 Available: $437.05 after open P&L | Locked: $62.70
14:18:28 | 📈 Session: $+0.29 (+0.1%)
14:18:28 | 🎯 C510 Book (what trades): 9 positions, gross 0.61x, open $+0.04 | rule C2 N2+N3 + range vol (GK) | closed 3: 2W/1L $-0.09 | since 01 Oct -0.05% (normal)
14:18:28 | ============================================================
14:18:28 | ============================================================
14:18:28 | 🔵 Book guard: $0.25 of $100.00 used this month on marked equity (0%, from $500.00) · realised today +0.00% [C497]
14:18:28 | ============================================================
14:18:28 | 
 
  14:26  up 0h56m  daily book --------------------------------------------------------------------
  EQUITY    $499.69  unreal $-0.02
  OPEN      no intraday positions  book holds 9 (BOOK row)  free $436.99 after open P&L
  SHADOW    intraday M1 $505.08 (+1.07%)  M1g $501.73 (+0.40%)  2d paper only
  CARRY     $499.11 (-0.15%)  8 held  paper only
  SPOT      $249.73 (-0.11%)  1 held  4% invested  cash earns 6.68%  paper pot
  SAVINGS   idle $312.07 (62%)  at 6.68% +$0.13 so far  ~$1.74/month  paper
  BFUSD     wallet $499.69 at 7.66%  +$0.11 so far  ~$3.19/month  vs Savings $1.74  paper
  DELTA     $500.11 (+0.02%)  9 held  fees $0.20  funding $+0.01  paper, same plan
  XVENUE    $499.35 (-0.13%)  10 pairs  funding $+0.00  fees $0.74  paper, Delta vs Binance
  TOTAL     planned $749.55 of $750.00 ($-0.45)  all 6 accounts $2,248.29 of $2,249.83 ($-1.54)
            paper
  BOOK      9 pos gross $307.68 (0.62x)  open $-0.02  funding $-0.05  vol 27% top 20
            rebal 2026-10-03
  CONTEXT   since 01 Oct $-0.31 (-0.06%) in 2.2d  normal -1.8% to +2.6%  bottom 46%: normal
  RULE      C2 N2+N3 + range vol (GK)  forward test (paper)
  TOURNEY   2d from 2026-10-01  base -0.60%  N2 -0.66%  N3 -0.37%  N2+N3 -0.37%  +K4 -0.42%
            +GK* -0.30%  +K4+GK -0.38%  +GK+DD new  +GK+XA new
  DATA      on time  prices 31s  funding booked  book today  shadow 08:00  carry today
            spot pot today
  SESSION   $+0.23 +0.05%  peak $499.78  dd 0.02%
  CURVE     =+++++++
  MONTH     book guard $0.31 of $100.00 used  on marked equity  from $500.00  dial 20%
            ..........................
  RECORD    book closed 3  2W 1L  net $-0.09  fees and funding in
  FEES      no fills yet this run (the book trades at 00:05 UTC)
  ------------------------------------------------------------------------------------------------
 
14:26:28 | 
14:26:28 | ============================================================
14:26:28 | 📊 POSITION SUMMARY (8-MIN UPDATE)
14:26:28 | 💰 Equity: $499.71 | Unrealized: $-0.02
14:26:28 | 💵 Available: $436.99 after open P&L | Locked: $62.70
14:26:28 | 📈 Session: $+0.23 (+0.0%)
14:26:28 | 🎯 C510 Book (what trades): 9 positions, gross 0.62x, open $-0.02 | rule C2 N2+N3 + range vol (GK) | closed 3: 2W/1L $-0.09 | since 01 Oct -0.06% (normal)
14:26:28 | ============================================================
14:26:28 | ============================================================
14:26:28 | 🔵 Book guard: $0.31 of $100.00 used this month on marked equity (0%, from $500.00) · realised today +0.00% [C497]
14:26:28 | ============================================================
14:26:28 | 
14:32:26 |    👻 C489 shadow hour 09:00 UTC: 39 coins scored (full (16 features)), gate OPEN | M1 $506.44 (+1.34%) M1g $503.07 (+0.67%) over 2d [3s]
 
  14:34  up 1h04m  daily book --------------------------------------------------------------------
  EQUITY    $499.77  unreal $+0.06
  OPEN      no intraday positions  book holds 9 (BOOK row)  free $437.07 after open P&L
  SHADOW    intraday M1 $506.44 (+1.34%)  M1g $503.07 (+0.67%)  2d paper only
  CARRY     $499.11 (-0.15%)  8 held  paper only
  SPOT      $249.73 (-0.11%)  1 held  4% invested  cash earns 6.68%  paper pot
  SAVINGS   idle $312.13 (62%)  at 6.68% +$0.13 so far  ~$1.74/month  paper
  BFUSD     wallet $499.77 at 7.66%  +$0.11 so far  ~$3.19/month  vs Savings $1.74  paper
  DELTA     $500.14 (+0.03%)  9 held  fees $0.20  funding $+0.01  paper, same plan
  XVENUE    $499.35 (-0.13%)  10 pairs  funding $+0.00  fees $0.74  paper, Delta vs Binance
  TOTAL     planned $749.63 of $750.00 ($-0.37)  all 6 accounts $2,249.37 of $2,249.83 ($-0.46)
            paper
  BOOK      9 pos gross $307.72 (0.62x)  open $+0.06  funding $-0.05  vol 27% top 20
            rebal 2026-10-03
  CONTEXT   since 01 Oct $-0.23 (-0.05%) in 2.2d  normal -1.8% to +2.6%  bottom 46%: normal
  RULE      C2 N2+N3 + range vol (GK)  forward test (paper)
  TOURNEY   2d from 2026-10-01  base -0.60%  N2 -0.66%  N3 -0.37%  N2+N3 -0.37%  +K4 -0.42%
            +GK* -0.30%  +K4+GK -0.38%  +GK+DD new  +GK+XA new
  DATA      on time  prices 23s  funding booked  book today  shadow 09:00  carry today
            spot pot today
  SESSION   $+0.31 +0.06%  peak $499.78
  CURVE     =++++++++
  MONTH     book guard $0.23 of $100.00 used  on marked equity  from $500.00  dial 20%
            ..........................
  RECORD    book closed 3  2W 1L  net $-0.09  fees and funding in
  FEES      no fills yet this run (the book trades at 00:05 UTC)
  ------------------------------------------------------------------------------------------------
 
14:34:29 | 
14:34:29 | ============================================================
14:34:29 | 📊 POSITION SUMMARY (8-MIN UPDATE)
14:34:29 | 💰 Equity: $499.71 | Unrealized: $+0.06
14:34:29 | 💵 Available: $437.07 after open P&L | Locked: $62.70
14:34:29 | 📈 Session: $+0.31 (+0.1%)
14:34:29 | 🎯 C510 Book (what trades): 9 positions, gross 0.62x, open $+0.06 | rule C2 N2+N3 + range vol (GK) | closed 3: 2W/1L $-0.09 | since 01 Oct -0.05% (normal)
14:34:29 | ============================================================
14:34:29 | ============================================================
14:34:29 | 🔵 Book guard: $0.23 of $100.00 used this month on marked equity (0%, from $500.00) · realised today +0.00% [C497]
14:34:29 | ============================================================
14:34:29 | 
 
  14:42  up 1h12m  daily book --------------------------------------------------------------------
  EQUITY    $499.83  unreal $+0.12
  OPEN      no intraday positions  book holds 9 (BOOK row)  free $437.13 after open P&L
  SHADOW    intraday M1 $506.44 (+1.34%)  M1g $503.07 (+0.67%)  2d paper only
  CARRY     $499.11 (-0.15%)  8 held  paper only
  SPOT      $249.74 (-0.11%)  1 held  4% invested  cash earns 6.68%  paper pot
  SAVINGS   idle $312.17 (62%)  at 6.68% +$0.13 so far  ~$1.74/month  paper
  BFUSD     wallet $499.83 at 7.66%  +$0.12 so far  ~$3.19/month  vs Savings $1.74  paper
  DELTA     $500.25 (+0.05%)  9 held  fees $0.20  funding $+0.01  paper, same plan
  XVENUE    $499.35 (-0.13%)  10 pairs  funding $+0.00  fees $0.74  paper, Delta vs Binance
  TOTAL     planned $749.70 of $750.00 ($-0.30)  all 6 accounts $2,248.65 of $2,249.83 ($-1.18)
            paper
  BOOK      9 pos gross $308.10 (0.62x)  open $+0.12  funding $-0.05  vol 27% top 20
            rebal 2026-10-03
  CONTEXT   since 01 Oct $-0.17 (-0.03%) in 2.2d  normal -1.8% to +2.6%  bottom 46%: normal
  RULE      C2 N2+N3 + range vol (GK)  forward test (paper)
  TOURNEY   2d from 2026-10-01  base -0.60%  N2 -0.66%  N3 -0.37%  N2+N3 -0.37%  +K4 -0.42%
            +GK* -0.30%  +K4+GK -0.38%  +GK+DD new  +GK+XA new
  DATA      on time  prices 18s  funding booked  book today  shadow 09:00  carry today
            spot pot today
  SESSION   $+0.37 +0.07%
  CURVE     =++=++++++
  MONTH     book guard $0.17 of $100.00 used  on marked equity  from $500.00  dial 20%
            ..........................
  RECORD    book closed 3  2W 1L  net $-0.09  fees and funding in
  FEES      no fills yet this run (the book trades at 00:05 UTC)
  ------------------------------------------------------------------------------------------------
 
14:42:29 | 
14:42:29 | ============================================================
14:42:29 | 📊 POSITION SUMMARY (8-MIN UPDATE)
14:42:29 | 💰 Equity: $499.71 | Unrealized: $+0.12
14:42:29 | 💵 Available: $437.13 after open P&L | Locked: $62.70
14:42:29 | 📈 Session: $+0.37 (+0.1%)
14:42:29 | 🎯 C510 Book (what trades): 9 positions, gross 0.62x, open $+0.12 | rule C2 N2+N3 + range vol (GK) | closed 3: 2W/1L $-0.09 | since 01 Oct -0.03% (normal)
14:42:29 | ============================================================
14:42:29 | ============================================================
14:42:29 | 🔵 Book guard: $0.17 of $100.00 used this month on marked equity (0%, from $500.00) · realised today +0.00% [C497]
14:42:29 | ============================================================
14:42:29 | 
 
  14:50  up 1h20m  daily book --------------------------------------------------------------------
  EQUITY    $499.91  unreal $+0.20
  OPEN      no intraday positions  book holds 9 (BOOK row)  free $437.21 after open P&L
  SHADOW    intraday M1 $506.44 (+1.34%)  M1g $503.07 (+0.67%)  2d paper only
  CARRY     $499.11 (-0.15%)  8 held  paper only
  SPOT      $249.73 (-0.11%)  1 held  4% invested  cash earns 6.68%  paper pot
  SAVINGS   idle $312.23 (62%)  at 6.68% +$0.13 so far  ~$1.74/month  paper
  BFUSD     wallet $499.91 at 7.66%  +$0.12 so far  ~$3.19/month  vs Savings $1.74  paper
  DELTA     $500.21 (+0.04%)  9 held  fees $0.20  funding $+0.01  paper, same plan
  XVENUE    $499.35 (-0.13%)  10 pairs  funding $+0.00  fees $0.74  paper, Delta vs Binance
  TOTAL     planned $749.77 of $750.00 ($-0.23)  all 6 accounts $2,250.03 of $2,249.83 ($+0.20)
            paper
  BOOK      9 pos gross $307.95 (0.62x)  open $+0.20  funding $-0.05  vol 27% top 20
            rebal 2026-10-03
  CONTEXT   since 01 Oct $-0.09 (-0.02%) in 2.2d  normal -1.8% to +2.6%  bottom 47%: normal
  RULE      C2 N2+N3 + range vol (GK)  forward test (paper)
  TOURNEY   2d from 2026-10-01  base -0.60%  N2 -0.66%  N3 -0.37%  N2+N3 -0.37%  +K4 -0.42%
            +GK* -0.30%  +K4+GK -0.38%  +GK+DD new  +GK+XA new
  DATA      on time  prices 10s  funding booked  book today  shadow 09:00  carry today
            spot pot today
  SESSION   $+0.45 +0.09%
  CURVE     =++=+++++++
  MONTH     book guard $0.09 of $100.00 used  on marked equity  from $500.00  dial 20%
            ..........................
  RECORD    book closed 3  2W 1L  net $-0.09  fees and funding in
  FEES      no fills yet this run (the book trades at 00:05 UTC)
  ------------------------------------------------------------------------------------------------
 
14:50:30 | 
14:50:30 | ============================================================
14:50:30 | 📊 POSITION SUMMARY (8-MIN UPDATE)
14:50:30 | 💰 Equity: $499.71 | Unrealized: $+0.20
14:50:30 | 💵 Available: $437.21 after open P&L | Locked: $62.70
14:50:30 | 📈 Session: $+0.45 (+0.1%)
14:50:30 | 🎯 C510 Book (what trades): 9 positions, gross 0.62x, open $+0.20 | rule C2 N2+N3 + range vol (GK) | closed 3: 2W/1L $-0.09 | since 01 Oct -0.02% (normal)
14:50:30 | ============================================================
14:50:30 | ============================================================
14:50:30 | 🔵 Book guard: $0.09 of $100.00 used this month on marked equity (0%, from $500.00) · realised today +0.00% [C497]
14:50:30 | ============================================================
14:50:30 | 
 
  14:58  up 1h28m  daily book --------------------------------------------------------------------
  EQUITY    $500.11  unreal $+0.40
  OPEN      no intraday positions  book holds 9 (BOOK row)  free $437.41 after open P&L
  SHADOW    intraday M1 $506.44 (+1.34%)  M1g $503.07 (+0.67%)  2d paper only
  CARRY     $499.11 (-0.15%)  8 held  paper only
  SPOT      $249.73 (-0.11%)  1 held  4% invested  cash earns 6.68%  paper pot
  SAVINGS   idle $312.38 (62%)  at 6.68% +$0.13 so far  ~$1.74/month  paper
  BFUSD     wallet $500.11 at 7.66%  +$0.12 so far  ~$3.19/month  vs Savings $1.74  paper
  DELTA     $500.47 (+0.09%)  9 held  fees $0.20  funding $+0.01  paper, same plan
  XVENUE    $499.35 (-0.13%)  10 pairs  funding $+0.00  fees $0.74  paper, Delta vs Binance
  TOTAL     planned $749.97 of $750.00 ($-0.03)  all 6 accounts $2,249.25 of $2,249.83 ($-0.58)
            paper
  BOOK      9 pos gross $307.94 (0.62x)  open $+0.40  funding $-0.05  vol 27% top 20
            rebal 2026-10-03
  CONTEXT   since 01 Oct $+0.11 (+0.02%) in 2.2d  normal -1.8% to +2.6%  bottom 48%: normal
  RULE      C2 N2+N3 + range vol (GK)  forward test (paper)
  TOURNEY   2d from 2026-10-01  base -0.60%  N2 -0.66%  N3 -0.37%  N2+N3 -0.37%  +K4 -0.42%
            +GK* -0.30%  +K4+GK -0.38%  +GK+DD new  +GK+XA new
  DATA      on time  prices 4s  funding booked  book today  shadow 09:00  carry today
            spot pot today
  SESSION   $+0.65 +0.13%
  CURVE     =========+++
  MONTH     book guard $0.00 of $100.00 used  on marked equity  from $500.00  dial 20%
            ..........................
  RECORD    book closed 3  2W 1L  net $-0.09  fees and funding in
  FEES      no fills yet this run (the book trades at 00:05 UTC)
  ------------------------------------------------------------------------------------------------
 
14:58:30 | 
14:58:30 | ============================================================
14:58:30 | 📊 POSITION SUMMARY (8-MIN UPDATE)
14:58:30 | 💰 Equity: $499.71 | Unrealized: $+0.40
14:58:30 | 💵 Available: $437.41 after open P&L | Locked: $62.70
14:58:30 | 📈 Session: $+0.65 (+0.1%)
14:58:30 | 🎯 C510 Book (what trades): 9 positions, gross 0.62x, open $+0.40 | rule C2 N2+N3 + range vol (GK) | closed 3: 2W/1L $-0.09 | since 01 Oct +0.02% (normal)
14:58:30 | ============================================================
14:58:30 | ============================================================
14:58:30 | 🔵 Book guard: $0.00 of $100.00 used this month on marked equity (0%, from $500.00) · realised today +0.00% [C497]
14:58:30 | ============================================================
14:58:30 | 
 
  15:06  up 1h36m  daily book --------------------------------------------------------------------
  EQUITY    $500.12  unreal $+0.41
  OPEN      no intraday positions  book holds 9 (BOOK row)  free $437.42 after open P&L
  SHADOW    intraday M1 $506.44 (+1.34%)  M1g $503.07 (+0.67%)  2d paper only
  CARRY     $499.11 (-0.15%)  8 held  paper only
  SPOT      $249.73 (-0.11%)  1 held  4% invested  cash earns 6.68%  paper pot
  SAVINGS   idle $312.38 (62%)  at 6.68% +$0.13 so far  ~$1.74/month  paper
  BFUSD     wallet $500.10 at 7.66%  +$0.12 so far  ~$3.19/month  vs Savings $1.74  paper
  DELTA     $500.61 (+0.12%)  9 held  fees $0.20  funding $+0.01  paper, same plan
  XVENUE    $499.35 (-0.13%)  10 pairs  funding $+0.00  fees $0.74  paper, Delta vs Binance
  TOTAL     planned $749.98 of $750.00 ($-0.02)  all 6 accounts $2,249.77 of $2,249.83 ($-0.06)
            paper
  BOOK      9 pos gross $308.10 (0.62x)  open $+0.41  funding $-0.05  vol 27% top 20
            rebal 2026-10-03
  CONTEXT   since 01 Oct $+0.12 (+0.02%) in 2.2d  normal -1.8% to +2.6%  bottom 48%: normal
  RULE      C2 N2+N3 + range vol (GK)  forward test (paper)
  TOURNEY   2d from 2026-10-01  base -0.60%  N2 -0.66%  N3 -0.37%  N2+N3 -0.37%  +K4 -0.42%
            +GK* -0.30%  +K4+GK -0.38%  +GK+DD new  +GK+XA new
  DATA      on time  prices 37s  funding booked  book today  shadow 09:00  carry today
            spot pot today
  SESSION   $+0.66 +0.13%
  CURVE     =========++++
  MONTH     book guard $0.00 of $100.00 used  on marked equity  from $500.00  dial 20%
            ..........................
  RECORD    book closed 3  2W 1L  net $-0.09  fees and funding in
  FEES      no fills yet this run (the book trades at 00:05 UTC)
  ------------------------------------------------------------------------------------------------
 
15:06:30 | 
15:06:30 | ============================================================
15:06:30 | 📊 POSITION SUMMARY (8-MIN UPDATE)
15:06:30 | 💰 Equity: $499.71 | Unrealized: $+0.41
15:06:30 | 💵 Available: $437.42 after open P&L | Locked: $62.70
15:06:30 | 📈 Session: $+0.66 (+0.1%)
15:06:30 | 🎯 C510 Book (what trades): 9 positions, gross 0.62x, open $+0.41 | rule C2 N2+N3 + range vol (GK) | closed 3: 2W/1L $-0.09 | since 01 Oct +0.02% (normal)
15:06:30 | ============================================================
15:06:30 | ============================================================
15:06:30 | 🔵 Book guard: $0.00 of $100.00 used this month on marked equity (0%, from $500.00) · realised today +0.00% [C497]
15:06:30 | ============================================================
15:06:30 | 
 
  15:14  up 1h44m  daily book --------------------------------------------------------------------
  EQUITY    $500.13  unreal $+0.42
  OPEN      no intraday positions  book holds 9 (BOOK row)  free $437.43 after open P&L
  SHADOW    intraday M1 $506.44 (+1.34%)  M1g $503.07 (+0.67%)  2d paper only
  CARRY     $499.11 (-0.15%)  8 held  paper only
  SPOT      $249.73 (-0.11%)  1 held  4% invested  cash earns 6.68%  paper pot
  SAVINGS   idle $312.42 (62%)  at 6.68% +$0.13 so far  ~$1.74/month  paper
  BFUSD     wallet $500.16 at 7.66%  +$0.12 so far  ~$3.19/month  vs Savings $1.74  paper
  DELTA     $500.55 (+0.11%)  9 held  fees $0.20  funding $+0.01  paper, same plan
  XVENUE    $499.35 (-0.13%)  10 pairs  funding $+0.00  fees $0.74  paper, Delta vs Binance
  TOTAL     planned $749.99 of $750.00 ($-0.01)  all 6 accounts $2,249.42 of $2,249.83 ($-0.41)
            paper
  BOOK      9 pos gross $308.30 (0.62x)  open $+0.42  funding $-0.05  vol 27% top 20
            rebal 2026-10-03
  CONTEXT   since 01 Oct $+0.13 (+0.03%) in 2.2d  normal -1.8% to +2.6%  bottom 48%: normal
  RULE      C2 N2+N3 + range vol (GK)  forward test (paper)
  TOURNEY   2d from 2026-10-01  base -0.60%  N2 -0.66%  N3 -0.37%  N2+N3 -0.37%  +K4 -0.42%
            +GK* -0.30%  +K4+GK -0.38%  +GK+DD new  +GK+XA new
  DATA      on time  prices 30s  funding booked  book today  shadow 09:00  carry today
            spot pot today
  SESSION   $+0.67 +0.13%
  CURVE     =========+++++
  MONTH     book guard $0.00 of $100.00 used  on marked equity  from $500.00  dial 20%
            ..........................
  RECORD    book closed 3  2W 1L  net $-0.09  fees and funding in
  FEES      no fills yet this run (the book trades at 00:05 UTC)
  ------------------------------------------------------------------------------------------------
 
15:14:30 | 
15:14:30 | ============================================================
15:14:30 | 📊 POSITION SUMMARY (8-MIN UPDATE)
15:14:30 | 💰 Equity: $499.71 | Unrealized: $+0.42
15:14:30 | 💵 Available: $437.43 after open P&L | Locked: $62.70
15:14:30 | 📈 Session: $+0.67 (+0.1%)
15:14:30 | 🎯 C510 Book (what trades): 9 positions, gross 0.62x, open $+0.42 | rule C2 N2+N3 + range vol (GK) | closed 3: 2W/1L $-0.09 | since 01 Oct +0.03% (normal)
15:14:30 | ============================================================
15:14:30 | ============================================================
15:14:30 | 🔵 Book guard: $0.00 of $100.00 used this month on marked equity (0%, from $500.00) · realised today +0.00% [C497]
15:14:30 | ============================================================
15:14:30 | 
 
  15:22  up 1h52m  daily book --------------------------------------------------------------------
  EQUITY    $500.43  unreal $+0.72
  OPEN      no intraday positions  book holds 9 (BOOK row)  free $437.73 after open P&L
  SHADOW    intraday M1 $506.44 (+1.34%)  M1g $503.07 (+0.67%)  2d paper only
  CARRY     $499.11 (-0.15%)  8 held  paper only
  SPOT      $249.73 (-0.11%)  1 held  4% invested  cash earns 6.68%  paper pot
  SAVINGS   idle $312.59 (62%)  at 6.68% +$0.13 so far  ~$1.74/month  paper
  BFUSD     wallet $500.39 at 7.66%  +$0.12 so far  ~$3.19/month  vs Savings $1.74  paper
  DELTA     $500.85 (+0.17%)  9 held  fees $0.20  funding $+0.01  paper, same plan
  XVENUE    $499.35 (-0.13%)  10 pairs  funding $+0.00  fees $0.74  paper, Delta vs Binance
  TOTAL     planned $750.29 of $750.00 ($+0.29)  all 6 accounts $2,249.96 of $2,249.83 ($+0.13)
            paper
  BOOK      9 pos gross $308.94 (0.62x)  open $+0.72  funding $-0.05  vol 27% top 20
            rebal 2026-10-03
  CONTEXT   since 01 Oct $+0.43 (+0.09%) in 2.2d  normal -1.8% to +2.6%  bottom 50%: normal
  RULE      C2 N2+N3 + range vol (GK)  forward test (paper)
  TOURNEY   2d from 2026-10-01  base -0.60%  N2 -0.66%  N3 -0.37%  N2+N3 -0.37%  +K4 -0.42%
            +GK* -0.30%  +K4+GK -0.38%  +GK+DD new  +GK+XA new
  DATA      on time  prices 23s  funding booked  book today  shadow 09:00  carry today
            spot pot today
  SESSION   $+0.97 +0.19%
  CURVE     ===========++++
  MONTH     book guard $0.00 of $100.00 used  on marked equity  from $500.00  dial 20%
            ..........................
  RECORD    book closed 3  2W 1L  net $-0.09  fees and funding in
  FEES      no fills yet this run (the book trades at 00:05 UTC)
  ------------------------------------------------------------------------------------------------
 
15:22:31 | 
15:22:31 | ============================================================
15:22:31 | 📊 POSITION SUMMARY (8-MIN UPDATE)
15:22:31 | 💰 Equity: $499.71 | Unrealized: $+0.72
15:22:31 | 💵 Available: $437.73 after open P&L | Locked: $62.70
15:22:31 | 📈 Session: $+0.97 (+0.2%)
15:22:31 | 🎯 C510 Book (what trades): 9 positions, gross 0.62x, open $+0.72 | rule C2 N2+N3 + range vol (GK) | closed 3: 2W/1L $-0.09 | since 01 Oct +0.09% (normal)
15:22:31 | ============================================================
15:22:31 | ============================================================
15:22:31 | 🔵 Book guard: $0.00 of $100.00 used this month on marked equity (0%, from $500.00) · realised today +0.00% [C497]
15:22:31 | ============================================================
15:22:31 | 
 
  15:30  up 2h00m  daily book --------------------------------------------------------------------
  EQUITY    $500.32  unreal $+0.61
  OPEN      no intraday positions  book holds 9 (BOOK row)  free $437.62 after open P&L
  SHADOW    intraday M1 $506.44 (+1.34%)  M1g $503.07 (+0.67%)  2d paper only
  CARRY     $499.11 (-0.15%)  8 held  paper only
  SPOT      $249.73 (-0.11%)  1 held  4% invested  cash earns 6.68%  paper pot
  SAVINGS   idle $312.57 (62%)  at 6.68% +$0.13 so far  ~$1.74/month  paper
  BFUSD     wallet $500.36 at 7.66%  +$0.12 so far  ~$3.19/month  vs Savings $1.74  paper
  DELTA     $500.85 (+0.17%)  9 held  fees $0.20  funding $+0.01  paper, same plan
  XVENUE    $499.35 (-0.13%)  10 pairs  funding $+0.00  fees $0.74  paper, Delta vs Binance
  TOTAL     planned $750.18 of $750.00 ($+0.18)  all 6 accounts $2,249.80 of $2,249.83 ($-0.03)
            paper
  BOOK      9 pos gross $308.67 (0.62x)  open $+0.61  funding $-0.05  vol 27% top 20
            rebal 2026-10-03
  CONTEXT   since 01 Oct $+0.32 (+0.06%) in 2.3d  normal -1.8% to +2.6%  bottom 49%: normal
  RULE      C2 N2+N3 + range vol (GK)  forward test (paper)
  TOURNEY   2d from 2026-10-01  base -0.60%  N2 -0.66%  N3 -0.37%  N2+N3 -0.37%  +K4 -0.42%
            +GK* -0.30%  +K4+GK -0.38%  +GK+DD new  +GK+XA new
  DATA      on time  prices 15s  funding booked  book today  shadow 09:00  carry today
            spot pot today
  SESSION   $+0.86 +0.17%  peak $500.43  dd 0.02%
  CURVE     ===========+++++
  MONTH     book guard $0.00 of $100.00 used  on marked equity  from $500.00  dial 20%
            ..........................
  RECORD    book closed 3  2W 1L  net $-0.09  fees and funding in
  FEES      no fills yet this run (the book trades at 00:05 UTC)
  ------------------------------------------------------------------------------------------------
 
15:30:31 | 
15:30:31 | ============================================================
15:30:31 | 📊 POSITION SUMMARY (8-MIN UPDATE)
15:30:31 | 💰 Equity: $499.71 | Unrealized: $+0.61
15:30:31 | 💵 Available: $437.62 after open P&L | Locked: $62.70
15:30:31 | 📈 Session: $+0.86 (+0.2%)
15:30:31 | 🎯 C510 Book (what trades): 9 positions, gross 0.62x, open $+0.61 | rule C2 N2+N3 + range vol (GK) | closed 3: 2W/1L $-0.09 | since 01 Oct +0.06% (normal)
15:30:31 | ============================================================
15:30:31 | ============================================================
15:30:31 | 🔵 Book guard: $0.00 of $100.00 used this month on marked equity (0%, from $500.00) · realised today +0.00% [C497]
15:30:31 | ============================================================
15:30:31 | 
15:32:22 |    👻 C489 shadow hour 10:00 UTC: 39 coins scored (full (16 features)), gate OPEN | M1 $506.83 (+1.42%) M1g $503.46 (+0.75%) over 2d [4s]
 
  15:38  up 2h08m  daily book --------------------------------------------------------------------
  EQUITY    $500.29  unreal $+0.58
  OPEN      no intraday positions  book holds 9 (BOOK row)  free $437.59 after open P&L
  SHADOW    intraday M1 $506.83 (+1.42%)  M1g $503.46 (+0.75%)  2d paper only
  CARRY     $499.11 (-0.15%)  8 held  paper only
  SPOT      $249.73 (-0.11%)  1 held  4% invested  cash earns 6.68%  paper pot
  SAVINGS   idle $312.55 (62%)  at 6.68% +$0.13 so far  ~$1.74/month  paper
  BFUSD     wallet $500.33 at 7.66%  +$0.12 so far  ~$3.19/month  vs Savings $1.74  paper
  DELTA     $500.76 (+0.15%)  9 held  fees $0.20  funding $+0.01  paper, same plan
  XVENUE    $499.35 (-0.13%)  10 pairs  funding $+0.00  fees $0.74  paper, Delta vs Binance
  TOTAL     planned $750.15 of $750.00 ($+0.15)  all 6 accounts $2,249.96 of $2,249.83 ($+0.13)
            paper
  BOOK      9 pos gross $308.85 (0.62x)  open $+0.58  funding $-0.05  vol 27% top 20
            rebal 2026-10-03
  CONTEXT   since 01 Oct $+0.29 (+0.06%) in 2.3d  normal -1.8% to +2.6%  bottom 49%: normal
  RULE      C2 N2+N3 + range vol (GK)  forward test (paper)
  TOURNEY   2d from 2026-10-01  base -0.60%  N2 -0.66%  N3 -0.37%  N2+N3 -0.37%  +K4 -0.42%
            +GK* -0.30%  +K4+GK -0.38%  +GK+DD new  +GK+XA new
  DATA      on time  prices 7s  funding booked  book today  shadow 10:00  carry today
            spot pot today
  SESSION   $+0.83 +0.17%  peak $500.43  dd 0.03%
  CURVE     ===========++++++
  MONTH     book guard $0.00 of $100.00 used  on marked equity  from $500.00  dial 20%
            ..........................
  RECORD    book closed 3  2W 1L  net $-0.09  fees and funding in
  FEES      no fills yet this run (the book trades at 00:05 UTC)
  ------------------------------------------------------------------------------------------------
 
15:38:31 | 
15:38:31 | ============================================================
15:38:31 | 📊 POSITION SUMMARY (8-MIN UPDATE)
15:38:31 | 💰 Equity: $499.71 | Unrealized: $+0.58
15:38:31 | 💵 Available: $437.59 after open P&L | Locked: $62.70
15:38:31 | 📈 Session: $+0.83 (+0.2%)
15:38:31 | 🎯 C510 Book (what trades): 9 positions, gross 0.62x, open $+0.58 | rule C2 N2+N3 + range vol (GK) | closed 3: 2W/1L $-0.09 | since 01 Oct +0.06% (normal)
15:38:31 | ============================================================
15:38:31 | ============================================================
15:38:31 | 🔵 Book guard: $0.00 of $100.00 used this month on marked equity (0%, from $500.00) · realised today +0.00% [C497]
15:38:31 | ============================================================
15:38:31 | 
 
  15:46  up 2h16m  daily book --------------------------------------------------------------------
  EQUITY    $500.41  unreal $+0.70
  OPEN      no intraday positions  book holds 9 (BOOK row)  free $437.71 after open P&L
  SHADOW    intraday M1 $506.83 (+1.42%)  M1g $503.46 (+0.75%)  2d paper only
  CARRY     $499.11 (-0.15%)  8 held  paper only
  SPOT      $249.73 (-0.11%)  1 held  4% invested  cash earns 6.68%  paper pot
  SAVINGS   idle $312.58 (62%)  at 6.68% +$0.13 so far  ~$1.74/month  paper
  BFUSD     wallet $500.37 at 7.66%  +$0.12 so far  ~$3.19/month  vs Savings $1.74  paper
  DELTA     $500.86 (+0.17%)  9 held  fees $0.20  funding $+0.01  paper, same plan
  XVENUE    $499.35 (-0.13%)  10 pairs  funding $+0.00  fees $0.74  paper, Delta vs Binance
  TOTAL     planned $750.27 of $750.00 ($+0.27)  all 6 accounts $2,249.75 of $2,249.83 ($-0.08)
            paper
  BOOK      9 pos gross $309.15 (0.62x)  open $+0.70  funding $-0.05  vol 27% top 20
            rebal 2026-10-03
  CONTEXT   since 01 Oct $+0.41 (+0.08%) in 2.3d  normal -1.8% to +2.6%  bottom 50%: normal
  RULE      C2 N2+N3 + range vol (GK)  forward test (paper)
  TOURNEY   2d from 2026-10-01  base -0.60%  N2 -0.66%  N3 -0.37%  N2+N3 -0.37%  +K4 -0.42%
            +GK* -0.30%  +K4+GK -0.38%  +GK+DD new  +GK+XA new
  DATA      on time  prices 0s  funding booked  book today  shadow 10:00  carry today
            spot pot today
  SESSION   $+0.95 +0.19%  peak $500.43
  CURVE     ===========+++++++
  MONTH     book guard $0.00 of $100.00 used  on marked equity  from $500.00  dial 20%
            ..........................
  RECORD    book closed 3  2W 1L  net $-0.09  fees and funding in
  FEES      no fills yet this run (the book trades at 00:05 UTC)
  ------------------------------------------------------------------------------------------------
 
15:46:32 | 
15:46:32 | ============================================================
15:46:32 | 📊 POSITION SUMMARY (8-MIN UPDATE)
15:46:32 | 💰 Equity: $499.71 | Unrealized: $+0.70
15:46:32 | 💵 Available: $437.71 after open P&L | Locked: $62.70
15:46:32 | 📈 Session: $+0.95 (+0.2%)
15:46:32 | 🎯 C510 Book (what trades): 9 positions, gross 0.62x, open $+0.70 | rule C2 N2+N3 + range vol (GK) | closed 3: 2W/1L $-0.09 | since 01 Oct +0.08% (normal)
15:46:32 | ============================================================
15:46:32 | ============================================================
15:46:32 | 🔵 Book guard: $0.00 of $100.00 used this month on marked equity (0%, from $500.00) · realised today +0.00% [C497]
15:46:32 | ============================================================
15:46:32 | 
 
  15:54  up 2h24m  daily book --------------------------------------------------------------------
  EQUITY    $500.29  unreal $+0.58
  OPEN      no intraday positions  book holds 9 (BOOK row)  free $437.59 after open P&L
  SHADOW    intraday M1 $506.83 (+1.42%)  M1g $503.46 (+0.75%)  2d paper only
  CARRY     $499.11 (-0.15%)  8 held  paper only
  SPOT      $249.73 (-0.11%)  1 held  4% invested  cash earns 6.68%  paper pot
  SAVINGS   idle $312.55 (62%)  at 6.68% +$0.13 so far  ~$1.74/month  paper
  BFUSD     wallet $500.33 at 7.66%  +$0.12 so far  ~$3.19/month  vs Savings $1.74  paper
  DELTA     $500.90 (+0.18%)  9 held  fees $0.20  funding $+0.01  paper, same plan
  XVENUE    $499.35 (-0.13%)  10 pairs  funding $+0.00  fees $0.74  paper, Delta vs Binance
  TOTAL     planned $750.15 of $750.00 ($+0.15)  all 6 accounts $2,249.50 of $2,249.83 ($-0.33)
            paper
  BOOK      9 pos gross $308.92 (0.62x)  open $+0.58  funding $-0.05  vol 27% top 20
            rebal 2026-10-03
  CONTEXT   since 01 Oct $+0.29 (+0.06%) in 2.3d  normal -1.8% to +2.6%  bottom 49%: normal
  RULE      C2 N2+N3 + range vol (GK)  forward test (paper)
  TOURNEY   2d from 2026-10-01  base -0.60%  N2 -0.66%  N3 -0.37%  N2+N3 -0.37%  +K4 -0.42%
            +GK* -0.30%  +K4+GK -0.38%  +GK+DD new  +GK+XA new
  DATA      on time  prices 35s  funding booked  book today  shadow 10:00  carry today
            spot pot today
  SESSION   $+0.83 +0.17%  peak $500.43  dd 0.03%
  CURVE     ===========++++++++
  MONTH     book guard $0.00 of $100.00 used  on marked equity  from $500.00  dial 20%
            ..........................
  RECORD    book closed 3  2W 1L  net $-0.09  fees and funding in
  FEES      no fills yet this run (the book trades at 00:05 UTC)
  ------------------------------------------------------------------------------------------------
 
15:54:33 | 
15:54:33 | ============================================================
15:54:33 | 📊 POSITION SUMMARY (8-MIN UPDATE)
15:54:33 | 💰 Equity: $499.71 | Unrealized: $+0.58
15:54:33 | 💵 Available: $437.59 after open P&L | Locked: $62.70
15:54:33 | 📈 Session: $+0.83 (+0.2%)
15:54:33 | 🎯 C510 Book (what trades): 9 positions, gross 0.62x, open $+0.58 | rule C2 N2+N3 + range vol (GK) | closed 3: 2W/1L $-0.09 | since 01 Oct +0.06% (normal)
15:54:33 | ============================================================
15:54:33 | ============================================================
15:54:33 | 🔵 Book guard: $0.00 of $100.00 used this month on marked equity (0%, from $500.00) · realised today +0.00% [C497]
15:54:33 | ============================================================
15:54:33 | 
 
  16:02  up 2h32m  daily book --------------------------------------------------------------------
  EQUITY    $500.29  unreal $+0.58
  OPEN      no intraday positions  book holds 9 (BOOK row)  free $437.59 after open P&L
  SHADOW    intraday M1 $506.83 (+1.42%)  M1g $503.46 (+0.75%)  2d paper only
  CARRY     $499.11 (-0.15%)  8 held  paper only
  SPOT      $249.73 (-0.11%)  1 held  4% invested  cash earns 6.68%  paper pot
  SAVINGS   idle $312.49 (62%)  at 6.68% +$0.13 so far  ~$1.74/month  paper
  BFUSD     wallet $500.25 at 7.66%  +$0.12 so far  ~$3.19/month  vs Savings $1.74  paper
  DELTA     $500.72 (+0.14%)  9 held  fees $0.20  funding $+0.01  paper, same plan
  XVENUE    $499.35 (-0.13%)  10 pairs  funding $+0.00  fees $0.74  paper, Delta vs Binance
  TOTAL     planned $750.15 of $750.00 ($+0.15)  all 6 accounts $2,249.56 of $2,249.83 ($-0.27)
            paper
  BOOK      9 pos gross $309.19 (0.62x)  open $+0.58  funding $-0.05  vol 27% top 20
            rebal 2026-10-03
  CONTEXT   since 01 Oct $+0.29 (+0.06%) in 2.3d  normal -1.8% to +2.7%  bottom 49%: normal
  RULE      C2 N2+N3 + range vol (GK)  forward test (paper)
  TOURNEY   2d from 2026-10-01  base -0.60%  N2 -0.66%  N3 -0.37%  N2+N3 -0.37%  +K4 -0.42%
            +GK* -0.30%  +K4+GK -0.38%  +GK+DD new  +GK+XA new
  DATA      on time  prices 27s  funding booked  book today  shadow 10:00  carry today
            spot pot today
  SESSION   $+0.83 +0.17%  peak $500.43  dd 0.03%
  CURVE     ===========+++++++++
  MONTH     book guard $0.00 of $100.00 used  on marked equity  from $500.00  dial 20%
            ..........................
  RECORD    book closed 3  2W 1L  net $-0.09  fees and funding in
  FEES      no fills yet this run (the book trades at 00:05 UTC)
  ------------------------------------------------------------------------------------------------
 
16:02:33 | 
16:02:33 | ============================================================
16:02:33 | 📊 POSITION SUMMARY (8-MIN UPDATE)
16:02:33 | 💰 Equity: $499.71 | Unrealized: $+0.58
16:02:33 | 💵 Available: $437.59 after open P&L | Locked: $62.70
16:02:33 | 📈 Session: $+0.83 (+0.2%)
16:02:33 | 🎯 C510 Book (what trades): 9 positions, gross 0.62x, open $+0.58 | rule C2 N2+N3 + range vol (GK) | closed 3: 2W/1L $-0.09 | since 01 Oct +0.06% (normal)
16:02:33 | ============================================================
16:02:33 | ============================================================
16:02:33 | 🔵 Book guard: $0.00 of $100.00 used this month on marked equity (0%, from $500.00) · realised today +0.00% [C497]
16:02:33 | ============================================================
16:02:33 | 
 
  16:10  up 2h40m  daily book --------------------------------------------------------------------
  EQUITY    $500.09  unreal $+0.38
  OPEN      no intraday positions  book holds 9 (BOOK row)  free $437.39 after open P&L
  SHADOW    intraday M1 $506.83 (+1.42%)  M1g $503.46 (+0.75%)  2d paper only
  CARRY     $499.11 (-0.15%)  8 held  paper only
  SPOT      $249.73 (-0.11%)  1 held  4% invested  cash earns 6.68%  paper pot
  SAVINGS   idle $312.39 (62%)  at 6.68% +$0.13 so far  ~$1.74/month  paper
  BFUSD     wallet $500.12 at 7.66%  +$0.12 so far  ~$3.19/month  vs Savings $1.74  paper
  DELTA     $500.62 (+0.12%)  9 held  fees $0.20  funding $+0.01  paper, same plan
  XVENUE    $499.35 (-0.13%)  10 pairs  funding $+0.00  fees $0.74  paper, Delta vs Binance
  TOTAL     planned $749.95 of $750.00 ($-0.05)  all 6 accounts $2,249.31 of $2,249.83 ($-0.52)
            paper
  BOOK      9 pos gross $309.26 (0.62x)  open $+0.38  funding $-0.05  vol 27% top 20
            rebal 2026-10-03
  CONTEXT   since 01 Oct $+0.09 (+0.02%) in 2.3d  normal -1.8% to +2.7%  bottom 48%: normal
  RULE      C2 N2+N3 + range vol (GK)  forward test (paper)
  TOURNEY   2d from 2026-10-01  base -0.60%  N2 -0.66%  N3 -0.37%  N2+N3 -0.37%  +K4 -0.42%
            +GK* -0.30%  +K4+GK -0.38%  +GK+DD new  +GK+XA new
  DATA      on time  prices 19s  funding booked  book today  shadow 10:00  carry today
            spot pot today
  SESSION   $+0.63 +0.13%  peak $500.43  dd 0.07%
  CURVE     ===========++++++++++
  MONTH     book guard $0.00 of $100.00 used  on marked equity  from $500.00  dial 20%
            ..........................
  RECORD    book closed 3  2W 1L  net $-0.09  fees and funding in
  FEES      no fills yet this run (the book trades at 00:05 UTC)
  ------------------------------------------------------------------------------------------------
 
16:10:33 | 
16:10:33 | ============================================================
16:10:33 | 📊 POSITION SUMMARY (8-MIN UPDATE)
16:10:33 | 💰 Equity: $499.71 | Unrealized: $+0.38
16:10:33 | 💵 Available: $437.39 after open P&L | Locked: $62.70
16:10:33 | 📈 Session: $+0.63 (+0.1%)
16:10:33 | 🎯 C510 Book (what trades): 9 positions, gross 0.62x, open $+0.38 | rule C2 N2+N3 + range vol (GK) | closed 3: 2W/1L $-0.09 | since 01 Oct +0.02% (normal)
16:10:33 | ============================================================
16:10:33 | ============================================================
16:10:33 | 🔵 Book guard: $0.00 of $100.00 used this month on marked equity (0%, from $500.00) · realised today +0.00% [C497]
16:10:33 | ============================================================
16:10:33 | 
 
  16:18  up 2h48m  daily book --------------------------------------------------------------------
  EQUITY    $500.25  unreal $+0.54
  OPEN      no intraday positions  book holds 9 (BOOK row)  free $437.55 after open P&L
  SHADOW    intraday M1 $506.83 (+1.42%)  M1g $503.46 (+0.75%)  2d paper only
  CARRY     $499.11 (-0.15%)  8 held  paper only
  SPOT      $249.74 (-0.11%)  1 held  4% invested  cash earns 6.68%  paper pot
  SAVINGS   idle $312.44 (62%)  at 6.68% +$0.13 so far  ~$1.74/month  paper
  BFUSD     wallet $500.18 at 7.66%  +$0.12 so far  ~$3.19/month  vs Savings $1.74  paper
  DELTA     $500.57 (+0.11%)  9 held  fees $0.20  funding $+0.01  paper, same plan
  XVENUE    $499.35 (-0.13%)  10 pairs  funding $+0.00  fees $0.74  paper, Delta vs Binance
  TOTAL     planned $750.12 of $750.00 ($+0.12)  all 6 accounts $2,249.49 of $2,249.83 ($-0.34)
            paper
  BOOK      9 pos gross $309.31 (0.62x)  open $+0.54  funding $-0.05  vol 27% top 20
            rebal 2026-10-03
  CONTEXT   since 01 Oct $+0.25 (+0.05%) in 2.3d  normal -1.8% to +2.7%  bottom 49%: normal
  RULE      C2 N2+N3 + range vol (GK)  forward test (paper)
  TOURNEY   2d from 2026-10-01  base -0.60%  N2 -0.66%  N3 -0.37%  N2+N3 -0.37%  +K4 -0.42%
            +GK* -0.30%  +K4+GK -0.38%  +GK+DD new  +GK+XA new
  DATA      on time  prices 11s  funding booked  book today  shadow 10:00  carry today
            spot pot today
  SESSION   $+0.79 +0.16%  peak $500.43  dd 0.04%
  CURVE     ===========+++++++++++
  MONTH     book guard $0.00 of $100.00 used  on marked equity  from $500.00  dial 20%
            ..........................
  RECORD    book closed 3  2W 1L  net $-0.09  fees and funding in
  FEES      no fills yet this run (the book trades at 00:05 UTC)
  ------------------------------------------------------------------------------------------------
 
16:18:34 | 
16:18:34 | ============================================================
16:18:34 | 📊 POSITION SUMMARY (8-MIN UPDATE)
16:18:34 | 💰 Equity: $499.71 | Unrealized: $+0.54
16:18:34 | 💵 Available: $437.55 after open P&L | Locked: $62.70
16:18:34 | 📈 Session: $+0.79 (+0.2%)
16:18:34 | 🎯 C510 Book (what trades): 9 positions, gross 0.62x, open $+0.54 | rule C2 N2+N3 + range vol (GK) | closed 3: 2W/1L $-0.09 | since 01 Oct +0.05% (normal)
16:18:34 | ============================================================
16:18:34 | ============================================================
16:18:34 | 🔵 Book guard: $0.00 of $100.00 used this month on marked equity (0%, from $500.00) · realised today +0.00% [C497]
16:18:34 | ============================================================
16:18:34 | 
 
  16:26  up 2h56m  daily book --------------------------------------------------------------------
  EQUITY    $500.13  unreal $+0.42
  OPEN      no intraday positions  book holds 9 (BOOK row)  free $437.43 after open P&L
  SHADOW    intraday M1 $506.83 (+1.42%)  M1g $503.46 (+0.75%)  2d paper only
  CARRY     $499.11 (-0.15%)  8 held  paper only
  SPOT      $249.74 (-0.11%)  1 held  4% invested  cash earns 6.68%  paper pot
  SAVINGS   idle $312.40 (62%)  at 6.68% +$0.13 so far  ~$1.74/month  paper
  BFUSD     wallet $500.14 at 7.66%  +$0.12 so far  ~$3.19/month  vs Savings $1.74  paper
  DELTA     $500.64 (+0.13%)  9 held  fees $0.20  funding $+0.01  paper, same plan
  XVENUE    $499.35 (-0.13%)  10 pairs  funding $+0.00  fees $0.74  paper, Delta vs Binance
  TOTAL     planned $750.00 of $750.00 ($+0.00)  all 6 accounts $2,249.24 of $2,249.83 ($-0.59)
            paper
  BOOK      9 pos gross $309.34 (0.62x)  open $+0.42  funding $-0.05  vol 27% top 20
            rebal 2026-10-03
  CONTEXT   since 01 Oct $+0.13 (+0.03%) in 2.3d  normal -1.8% to +2.7%  bottom 48%: normal
  RULE      C2 N2+N3 + range vol (GK)  forward test (paper)
  TOURNEY   2d from 2026-10-01  base -0.60%  N2 -0.66%  N3 -0.37%  N2+N3 -0.37%  +K4 -0.42%
            +GK* -0.30%  +K4+GK -0.38%  +GK+DD new  +GK+XA new
  DATA      on time  prices 4s  funding booked  book today  shadow 10:00  carry today
            spot pot today
  SESSION   $+0.67 +0.13%  peak $500.43  dd 0.06%
  CURVE     ===========++++++++++++
  MONTH     book guard $0.00 of $100.00 used  on marked equity  from $500.00  dial 20%
            ..........................
  RECORD    book closed 3  2W 1L  net $-0.09  fees and funding in
  FEES      no fills yet this run (the book trades at 00:05 UTC)
  ------------------------------------------------------------------------------------------------
 
16:26:35 | 
16:26:35 | ============================================================
16:26:35 | 📊 POSITION SUMMARY (8-MIN UPDATE)
16:26:35 | 💰 Equity: $499.71 | Unrealized: $+0.42
16:26:35 | 💵 Available: $437.43 after open P&L | Locked: $62.70
16:26:35 | 📈 Session: $+0.67 (+0.1%)
16:26:35 | 🎯 C510 Book (what trades): 9 positions, gross 0.62x, open $+0.42 | rule C2 N2+N3 + range vol (GK) | closed 3: 2W/1L $-0.09 | since 01 Oct +0.03% (normal)
16:26:35 | ============================================================
16:26:35 | ============================================================
16:26:35 | 🔵 Book guard: $0.00 of $100.00 used this month on marked equity (0%, from $500.00) · realised today +0.00% [C497]
16:26:35 | ============================================================
16:26:35 | 
16:32:15 |    👻 C489 shadow hour 11:00 UTC: 39 coins scored (full (16 features)), gate OPEN | M1 $506.62 (+1.38%) M1g $503.25 (+0.71%) over 2d [3s]
 
  16:34  up 3h04m  daily book --------------------------------------------------------------------
  EQUITY    $500.05  unreal $+0.34
  OPEN      no intraday positions  book holds 9 (BOOK row)  free $437.35 after open P&L
  SHADOW    intraday M1 $506.62 (+1.38%)  M1g $503.25 (+0.71%)  2d paper only
  CARRY     $499.11 (-0.15%)  8 held  paper only
  SPOT      $249.73 (-0.11%)  1 held  4% invested  cash earns 6.68%  paper pot
  SAVINGS   idle $312.34 (62%)  at 6.68% +$0.13 so far  ~$1.74/month  paper
  BFUSD     wallet $500.05 at 7.66%  +$0.12 so far  ~$3.19/month  vs Savings $1.74  paper
  DELTA     $500.52 (+0.10%)  9 held  fees $0.20  funding $+0.01  paper, same plan
  XVENUE    $499.35 (-0.13%)  10 pairs  funding $+0.00  fees $0.74  paper, Delta vs Binance
  TOTAL     planned $749.91 of $750.00 ($-0.09)  all 6 accounts $2,248.99 of $2,249.83 ($-0.84)
            paper
  BOOK      9 pos gross $309.09 (0.62x)  open $+0.34  funding $-0.05  vol 27% top 20
            rebal 2026-10-03
  CONTEXT   since 01 Oct $+0.05 (+0.01%) in 2.3d  normal -1.8% to +2.7%  bottom 48%: normal
  RULE      C2 N2+N3 + range vol (GK)  forward test (paper)
  TOURNEY   2d from 2026-10-01  base -0.60%  N2 -0.66%  N3 -0.37%  N2+N3 -0.37%  +K4 -0.42%
            +GK* -0.30%  +K4+GK -0.38%  +GK+DD new  +GK+XA new
  DATA      on time  prices 38s  funding booked  book today  shadow 11:00  carry today
            spot pot today
  SESSION   $+0.59 +0.12%  peak $500.43  dd 0.08%
  CURVE     ===========+++++++++++++
  MONTH     book guard $0.00 of $100.00 used  on marked equity  from $500.00  dial 20%
            ..........................
  RECORD    book closed 3  2W 1L  net $-0.09  fees and funding in
  FEES      no fills yet this run (the book trades at 00:05 UTC)
  ------------------------------------------------------------------------------------------------
 
16:34:35 | 
16:34:35 | ============================================================
16:34:35 | 📊 POSITION SUMMARY (8-MIN UPDATE)
16:34:35 | 💰 Equity: $499.71 | Unrealized: $+0.34
16:34:35 | 💵 Available: $437.35 after open P&L | Locked: $62.70
16:34:35 | 📈 Session: $+0.59 (+0.1%)
16:34:35 | 🎯 C510 Book (what trades): 9 positions, gross 0.62x, open $+0.34 | rule C2 N2+N3 + range vol (GK) | closed 3: 2W/1L $-0.09 | since 01 Oct +0.01% (normal)
16:34:35 | ============================================================
16:34:35 | ============================================================
16:34:35 | 🔵 Book guard: $0.00 of $100.00 used this month on marked equity (0%, from $500.00) · realised today +0.00% [C497]
16:34:35 | ============================================================
16:34:35 | 
 
  16:42  up 3h12m  daily book --------------------------------------------------------------------
  EQUITY    $500.24  unreal $+0.53
  OPEN      no intraday positions  book holds 9 (BOOK row)  free $437.54 after open P&L
  SHADOW    intraday M1 $506.62 (+1.38%)  M1g $503.25 (+0.71%)  2d paper only
  CARRY     $499.11 (-0.15%)  8 held  paper only
  SPOT      $249.74 (-0.11%)  1 held  4% invested  cash earns 6.68%  paper pot
  SAVINGS   idle $312.48 (62%)  at 6.68% +$0.13 so far  ~$1.74/month  paper
  BFUSD     wallet $500.24 at 7.66%  +$0.12 so far  ~$3.19/month  vs Savings $1.74  paper
  DELTA     $500.70 (+0.14%)  9 held  fees $0.20  funding $+0.01  paper, same plan
  XVENUE    $499.35 (-0.13%)  10 pairs  funding $+0.00  fees $0.74  paper, Delta vs Binance
  TOTAL     planned $750.11 of $750.00 ($+0.11)  all 6 accounts $2,249.63 of $2,249.83 ($-0.20)
            paper
  BOOK      9 pos gross $309.06 (0.62x)  open $+0.53  funding $-0.05  vol 27% top 20
            rebal 2026-10-03
  CONTEXT   since 01 Oct $+0.24 (+0.05%) in 2.3d  normal -1.8% to +2.7%  bottom 49%: normal
  RULE      C2 N2+N3 + range vol (GK)  forward test (paper)
  TOURNEY   2d from 2026-10-01  base -0.60%  N2 -0.66%  N3 -0.37%  N2+N3 -0.37%  +K4 -0.42%
            +GK* -0.30%  +K4+GK -0.38%  +GK+DD new  +GK+XA new
  DATA      on time  prices 30s  funding booked  book today  shadow 11:00  carry today
            spot pot today
  SESSION   $+0.78 +0.16%  peak $500.43  dd 0.04%
  CURVE     ===========++++++++++++++
  MONTH     book guard $0.00 of $100.00 used  on marked equity  from $500.00  dial 20%
            ..........................
  RECORD    book closed 3  2W 1L  net $-0.09  fees and funding in
  FEES      no fills yet this run (the book trades at 00:05 UTC)
  ------------------------------------------------------------------------------------------------
 
16:42:35 | 
16:42:35 | ============================================================
16:42:35 | 📊 POSITION SUMMARY (8-MIN UPDATE)
16:42:35 | 💰 Equity: $499.71 | Unrealized: $+0.53
16:42:35 | 💵 Available: $437.54 after open P&L | Locked: $62.70
16:42:35 | 📈 Session: $+0.78 (+0.2%)
16:42:35 | 🎯 C510 Book (what trades): 9 positions, gross 0.62x, open $+0.53 | rule C2 N2+N3 + range vol (GK) | closed 3: 2W/1L $-0.09 | since 01 Oct +0.05% (normal)
16:42:35 | ============================================================
16:42:35 | ============================================================
16:42:35 | 🔵 Book guard: $0.00 of $100.00 used this month on marked equity (0%, from $500.00) · realised today +0.00% [C497]
16:42:35 | ============================================================
16:42:35 | 
 
  16:50  up 3h20m  daily book --------------------------------------------------------------------
  EQUITY    $500.19  unreal $+0.48
  OPEN      no intraday positions  book holds 9 (BOOK row)  free $437.49 after open P&L
  SHADOW    intraday M1 $506.62 (+1.38%)  M1g $503.25 (+0.71%)  2d paper only
  CARRY     $499.11 (-0.15%)  8 held  paper only
  SPOT      $249.74 (-0.10%)  1 held  4% invested  cash earns 6.68%  paper pot
  SAVINGS   idle $312.44 (62%)  at 6.68% +$0.13 so far  ~$1.74/month  paper
  BFUSD     wallet $500.19 at 7.66%  +$0.12 so far  ~$3.19/month  vs Savings $1.74  paper
  DELTA     $500.64 (+0.13%)  9 held  fees $0.20  funding $+0.01  paper, same plan
  XVENUE    $499.35 (-0.13%)  10 pairs  funding $+0.00  fees $0.74  paper, Delta vs Binance
  TOTAL     planned $750.06 of $750.00 ($+0.06)  all 6 accounts $2,249.62 of $2,249.83 ($-0.21)
            paper
  BOOK      9 pos gross $309.09 (0.62x)  open $+0.48  funding $-0.05  vol 27% top 20
            rebal 2026-10-03
  CONTEXT   since 01 Oct $+0.19 (+0.04%) in 2.3d  normal -1.8% to +2.7%  bottom 48%: normal
  RULE      C2 N2+N3 + range vol (GK)  forward test (paper)
  TOURNEY   2d from 2026-10-01  base -0.60%  N2 -0.66%  N3 -0.37%  N2+N3 -0.37%  +K4 -0.42%
            +GK* -0.30%  +K4+GK -0.38%  +GK+DD new  +GK+XA new
  DATA      on time  prices 21s  funding booked  book today  shadow 11:00  carry today
            spot pot today
  SESSION   $+0.73 +0.15%  peak $500.43  dd 0.05%
  CURVE     ===========+++++++++++++++
  MONTH     book guard $0.00 of $100.00 used  on marked equity  from $500.00  dial 20%
            ..........................
  RECORD    book closed 3  2W 1L  net $-0.09  fees and funding in
  FEES      no fills yet this run (the book trades at 00:05 UTC)
  ------------------------------------------------------------------------------------------------
 
16:50:35 | 
16:50:35 | ============================================================
16:50:35 | 📊 POSITION SUMMARY (8-MIN UPDATE)
16:50:35 | 💰 Equity: $499.71 | Unrealized: $+0.48
16:50:35 | 💵 Available: $437.49 after open P&L | Locked: $62.70
16:50:35 | 📈 Session: $+0.73 (+0.1%)
16:50:35 | 🎯 C510 Book (what trades): 9 positions, gross 0.62x, open $+0.48 | rule C2 N2+N3 + range vol (GK) | closed 3: 2W/1L $-0.09 | since 01 Oct +0.04% (normal)
16:50:35 | ============================================================
16:50:35 | ============================================================
16:50:35 | 🔵 Book guard: $0.00 of $100.00 used this month on marked equity (0%, from $500.00) · realised today +0.00% [C497]
16:50:35 | ============================================================
16:50:35 | 
 
  16:58  up 3h28m  daily book --------------------------------------------------------------------
  EQUITY    $500.26  unreal $+0.55
  OPEN      no intraday positions  book holds 9 (BOOK row)  free $437.56 after open P&L
  SHADOW    intraday M1 $506.62 (+1.38%)  M1g $503.25 (+0.71%)  2d paper only
  CARRY     $499.11 (-0.15%)  8 held  paper only
  SPOT      $249.74 (-0.10%)  1 held  4% invested  cash earns 6.68%  paper pot
  SAVINGS   idle $312.50 (62%)  at 6.68% +$0.13 so far  ~$1.74/month  paper
  BFUSD     wallet $500.26 at 7.66%  +$0.13 so far  ~$3.19/month  vs Savings $1.74  paper
  DELTA     $500.76 (+0.15%)  9 held  fees $0.20  funding $+0.01  paper, same plan
  XVENUE    $499.35 (-0.13%)  10 pairs  funding $+0.00  fees $0.74  paper, Delta vs Binance
  TOTAL     planned $750.13 of $750.00 ($+0.13)  all 6 accounts $2,249.76 of $2,249.83 ($-0.07)
            paper
  BOOK      9 pos gross $309.07 (0.62x)  open $+0.55  funding $-0.05  vol 27% top 20
            rebal 2026-10-03
  CONTEXT   since 01 Oct $+0.26 (+0.05%) in 2.3d  normal -1.8% to +2.7%  bottom 49%: normal
  RULE      C2 N2+N3 + range vol (GK)  forward test (paper)
  TOURNEY   2d from 2026-10-01  base -0.60%  N2 -0.66%  N3 -0.37%  N2+N3 -0.37%  +K4 -0.42%
            +GK* -0.30%  +K4+GK -0.38%  +GK+DD new  +GK+XA new
  DATA      on time  prices 14s  funding booked  book today  shadow 11:00  carry today
            spot pot today
  SESSION   $+0.80 +0.16%  peak $500.43  dd 0.03%
  CURVE     ===========++++++++++++++++
  MONTH     book guard $0.00 of $100.00 used  on marked equity  from $500.00  dial 20%
            ..........................
  RECORD    book closed 3  2W 1L  net $-0.09  fees and funding in
  FEES      no fills yet this run (the book trades at 00:05 UTC)
  ------------------------------------------------------------------------------------------------
 
16:58:36 | 
16:58:36 | ============================================================
16:58:36 | 📊 POSITION SUMMARY (8-MIN UPDATE)
16:58:36 | 💰 Equity: $499.71 | Unrealized: $+0.55
16:58:36 | 💵 Available: $437.56 after open P&L | Locked: $62.70
16:58:36 | 📈 Session: $+0.80 (+0.2%)
16:58:36 | 🎯 C510 Book (what trades): 9 positions, gross 0.62x, open $+0.55 | rule C2 N2+N3 + range vol (GK) | closed 3: 2W/1L $-0.09 | since 01 Oct +0.05% (normal)
16:58:36 | ============================================================
16:58:36 | ============================================================
16:58:36 | 🔵 Book guard: $0.00 of $100.00 used this month on marked equity (0%, from $500.00) · realised today +0.00% [C497]
16:58:36 | ============================================================
16:58:36 | 
 
  17:06  up 3h36m  daily book --------------------------------------------------------------------
  EQUITY    $500.31  unreal $+0.60
  OPEN      no intraday positions  book holds 9 (BOOK row)  free $437.61 after open P&L
  SHADOW    intraday M1 $506.62 (+1.38%)  M1g $503.25 (+0.71%)  2d paper only
  CARRY     $499.11 (-0.15%)  8 held  paper only
  SPOT      $249.74 (-0.10%)  1 held  4% invested  cash earns 6.68%  paper pot
  SAVINGS   idle $312.53 (62%)  at 6.68% +$0.13 so far  ~$1.74/month  paper
  BFUSD     wallet $500.31 at 7.66%  +$0.13 so far  ~$3.19/month  vs Savings $1.74  paper
  DELTA     $500.80 (+0.16%)  9 held  fees $0.20  funding $+0.01  paper, same plan
  XVENUE    $499.35 (-0.13%)  10 pairs  funding $+0.00  fees $0.74  paper, Delta vs Binance
  TOTAL     planned $750.18 of $750.00 ($+0.18)  all 6 accounts $2,250.37 of $2,249.83 ($+0.54)
            paper
  BOOK      9 pos gross $309.64 (0.62x)  open $+0.60  funding $-0.05  vol 27% top 20
            rebal 2026-10-03
  CONTEXT   since 01 Oct $+0.31 (+0.06%) in 2.3d  normal -1.8% to +2.7%  bottom 49%: normal
  RULE      C2 N2+N3 + range vol (GK)  forward test (paper)
  TOURNEY   2d from 2026-10-01  base -0.60%  N2 -0.66%  N3 -0.37%  N2+N3 -0.37%  +K4 -0.42%
            +GK* -0.30%  +K4+GK -0.38%  +GK+DD new  +GK+XA new
  DATA      on time  prices 8s  funding booked  book today  shadow 11:00  carry today
            spot pot today
  SESSION   $+0.85 +0.17%  peak $500.43  dd 0.02%
  CURVE     ===========+++++++++++++++++
  MONTH     book guard $0.00 of $100.00 used  on marked equity  from $500.00  dial 20%
            ..........................
  RECORD    book closed 3  2W 1L  net $-0.09  fees and funding in
  FEES      no fills yet this run (the book trades at 00:05 UTC)
  ------------------------------------------------------------------------------------------------
 
17:06:36 | 
17:06:36 | ============================================================
17:06:36 | 📊 POSITION SUMMARY (8-MIN UPDATE)
17:06:36 | 💰 Equity: $499.71 | Unrealized: $+0.60
17:06:36 | 💵 Available: $437.61 after open P&L | Locked: $62.70
17:06:36 | 📈 Session: $+0.85 (+0.2%)
17:06:36 | 🎯 C510 Book (what trades): 9 positions, gross 0.62x, open $+0.60 | rule C2 N2+N3 + range vol (GK) | closed 3: 2W/1L $-0.09 | since 01 Oct +0.06% (normal)
17:06:36 | ============================================================
17:06:36 | ============================================================
17:06:36 | 🔵 Book guard: $0.00 of $100.00 used this month on marked equity (0%, from $500.00) · realised today +0.00% [C497]
17:06:36 | ============================================================
17:06:36 | 
 
  17:14  up 3h44m  daily book --------------------------------------------------------------------
  EQUITY    $500.28  unreal $+0.57
  OPEN      no intraday positions  book holds 9 (BOOK row)  free $437.58 after open P&L
  SHADOW    intraday M1 $506.62 (+1.38%)  M1g $503.25 (+0.71%)  2d paper only
  CARRY     $499.11 (-0.15%)  8 held  paper only
  SPOT      $249.74 (-0.10%)  1 held  4% invested  cash earns 6.68%  paper pot
  SAVINGS   idle $312.49 (62%)  at 6.68% +$0.13 so far  ~$1.74/month  paper
  BFUSD     wallet $500.25 at 7.66%  +$0.13 so far  ~$3.19/month  vs Savings $1.74  paper
  DELTA     $500.72 (+0.14%)  9 held  fees $0.20  funding $+0.01  paper, same plan
  XVENUE    $499.35 (-0.13%)  10 pairs  funding $+0.00  fees $0.74  paper, Delta vs Binance
  TOTAL     planned $750.15 of $750.00 ($+0.15)  all 6 accounts $2,249.85 of $2,249.83 ($+0.02)
            paper
  BOOK      9 pos gross $309.39 (0.62x)  open $+0.57  funding $-0.05  vol 27% top 20
            rebal 2026-10-03
  CONTEXT   since 01 Oct $+0.28 (+0.06%) in 2.3d  normal -1.8% to +2.7%  bottom 49%: normal
  RULE      C2 N2+N3 + range vol (GK)  forward test (paper)
  TOURNEY   2d from 2026-10-01  base -0.60%  N2 -0.66%  N3 -0.37%  N2+N3 -0.37%  +K4 -0.42%
            +GK* -0.30%  +K4+GK -0.38%  +GK+DD new  +GK+XA new
  DATA      on time  prices 1s  funding booked  book today  shadow 11:00  carry today
            spot pot today
  SESSION   $+0.82 +0.16%  peak $500.43  dd 0.03%
  CURVE     ===========++++++++++++++++++
  MONTH     book guard $0.00 of $100.00 used  on marked equity  from $500.00  dial 20%
            ..........................
  RECORD    book closed 3  2W 1L  net $-0.09  fees and funding in
  FEES      no fills yet this run (the book trades at 00:05 UTC)
  ------------------------------------------------------------------------------------------------
 
17:14:37 | 
17:14:37 | ============================================================
17:14:37 | 📊 POSITION SUMMARY (8-MIN UPDATE)
17:14:37 | 💰 Equity: $499.71 | Unrealized: $+0.57
17:14:37 | 💵 Available: $437.58 after open P&L | Locked: $62.70
17:14:37 | 📈 Session: $+0.82 (+0.2%)
17:14:37 | 🎯 C510 Book (what trades): 9 positions, gross 0.62x, open $+0.57 | rule C2 N2+N3 + range vol (GK) | closed 3: 2W/1L $-0.09 | since 01 Oct +0.06% (normal)
17:14:37 | ============================================================
17:14:37 | ============================================================
17:14:37 | 🔵 Book guard: $0.00 of $100.00 used this month on marked equity (0%, from $500.00) · realised today +0.00% [C497]
17:14:37 | ============================================================
17:14:37 | 
