17:53:04 | 📊 Paper Mode
17:53:06 | ✅ Connected | 805 futures markets
17:53:06 | 📐 RISK @ $252.22: monthly dial 15% = $37.92/month  |  per-trade risk 0.341% = $0.86  |
    break-even win rate 32% at the measured 2.10 payoff [C482]
17:53:06 |    today's loss limit is 25% of what the month has left, fixed at midnight (C482)
 
  ================================================================================================
  OMEGA C492  PAPER  Bitget perps
  26 Sep 2026   17:53
  start $252.22  risk dial 15%/month
  ================================================================================================
 
  RISK FRAME -------------------------------------------------------------------------------------
  EQUITY    $252.22  805 markets
  MONTH     dial 15% = $37.92 this month  used $0.59
  DAY       limit $9.34  25% of what the month has left, fixed at midnight
  RISK      0.341% = $0.86/trade  trades/day NO CAP
  EDGE      +0.0474 blended  44W 95L realised
  NEED      32% win at 2.10 payoff
  ------------------------------------------------------------------------------------------------
 
17:53:06 | 🌐 Remote control on http://0.0.0.0:8138 — TOKEN REQUIRED
17:53:06 |    📱 Same WiFi: http://10.0.0.160:8138/?t=<your token>
17:53:06 |    🌍 Internet: put a Cloudflare Tunnel in front of this port.
17:53:06 |        See deploy/DEPLOY.md — one command, no open ports, free.
17:53:06 |   4 EXIT       4 questions: HARD STOP · THESIS DEAD (C399 retention)
17:53:06 |    🎚️ Loss control: monthly risk dial 15% — today may lose 25% of what the month has left
    (C482)
17:53:06 |    🛡️ Session drawdown breaker: off | Guardian: report only (C482)
17:53:06 | 💡 Press Ctrl+C to stop safely
 
  18:01  up 0h08m  scan 0 ------------------------------------------------------------------------
  EQUITY    $249.25  unreal $-2.97
  OPEN      flat  free $233.88
  SHADOW    intraday M1 $254.10 (+0.73%)  M1g $252.26 (+0.00%)  2d paper only
  CARRY     $251.86 (-0.16%)  8 held  paper only
  BOOK      8 pos gross $94.18 (0.38x)  open $-2.97  funding $+0.01  vol 20% top 20
            rebal 2026-09-26
  SESSION   $-2.97 -1.18%  peak $252.22  dd 1.18%
  DAY       real $-0.04  limit $9.34 (3.70%)  0% used
            ..........................
  MONTH     dial 15%  used $0.59 of $37.92  from $252.81
  RECORD    no closed trades yet this run
  LIFETIME  139tr 44W 95L 32%  $+2.22
  FEES      no fills yet this run
  MARKET    bias +0.00  breadth +0.00
  ------------------------------------------------------------------------------------------------
 
 
  18:09  up 0h16m  scan 0 ------------------------------------------------------------------------
  EQUITY    $249.29  unreal $-2.93
  OPEN      flat  free $233.88
  SHADOW    intraday M1 $254.10 (+0.73%)  M1g $252.26 (+0.00%)  2d paper only
  CARRY     $251.86 (-0.16%)  8 held  paper only
  BOOK      8 pos gross $93.84 (0.38x)  open $-2.93  funding $+0.01  vol 20% top 20
            rebal 2026-09-26
  SESSION   $-2.93 -1.16%  peak $252.22  dd 1.16%
  DAY       real $-0.04  limit $9.34 (3.70%)  0% used
            ..........................
  MONTH     dial 15%  used $0.59 of $37.92  from $252.81
  RECORD    no closed trades yet this run
  LIFETIME  139tr 44W 95L 32%  $+2.22
  FEES      no fills yet this run
  MARKET    bias +0.00  breadth +0.00
  ------------------------------------------------------------------------------------------------
 
 
  18:17  up 0h24m  scan 0 ------------------------------------------------------------------------
  EQUITY    $249.25  unreal $-2.97
  OPEN      flat  free $233.88
  SHADOW    intraday M1 $254.10 (+0.73%)  M1g $252.26 (+0.00%)  2d paper only
  CARRY     $251.86 (-0.16%)  8 held  paper only
  BOOK      8 pos gross $93.71 (0.38x)  open $-2.97  funding $+0.01  vol 20% top 20
            rebal 2026-09-26
  SESSION   $-2.97 -1.18%  peak $252.22  dd 1.18%
  DAY       real $-0.04  limit $9.34 (3.70%)  0% used
            ..........................
  MONTH     dial 15%  used $0.59 of $37.92  from $252.81
  RECORD    no closed trades yet this run
  LIFETIME  139tr 44W 95L 32%  $+2.22
  FEES      no fills yet this run
  MARKET    bias +0.00  breadth +0.00
  ------------------------------------------------------------------------------------------------
 
 
  18:25  up 0h32m  scan 0 ------------------------------------------------------------------------
  EQUITY    $249.46  unreal $-2.76
  OPEN      flat  free $233.88
  SHADOW    intraday M1 $254.10 (+0.73%)  M1g $252.26 (+0.00%)  2d paper only
  CARRY     $251.86 (-0.16%)  8 held  paper only
  BOOK      8 pos gross $93.70 (0.38x)  open $-2.76  funding $+0.01  vol 20% top 20
            rebal 2026-09-26
  SESSION   $-2.76 -1.09%  peak $252.22  dd 1.09%
  DAY       real $-0.04  limit $9.34 (3.70%)  0% used
            ..........................
  MONTH     dial 15%  used $0.59 of $37.92  from $252.81
  RECORD    no closed trades yet this run
  LIFETIME  139tr 44W 95L 32%  $+2.22
  FEES      no fills yet this run
  MARKET    bias +0.00  breadth +0.00
  ------------------------------------------------------------------------------------------------
 
18:32:51 |    👻 C489 shadow hour 13:00 UTC: 0 coins scored (warm-up (14, no flow)), gate shut | M1
    $254.10 (+0.73%) M1g $252.26 (+0.00%) over 2d [31s]
 
  18:33  up 0h40m  scan 0 ------------------------------------------------------------------------
  EQUITY    $249.50  unreal $-2.72
  OPEN      flat  free $233.88
  SHADOW    intraday M1 $254.10 (+0.73%)  M1g $252.26 (+0.00%)  2d paper only
  CARRY     $251.86 (-0.16%)  8 held  paper only
  BOOK      8 pos gross $93.90 (0.38x)  open $-2.72  funding $+0.01  vol 20% top 20
            rebal 2026-09-26
  SESSION   $-2.72 -1.08%  peak $252.22  dd 1.08%
  CURVE     +=====
  DAY       real $-0.04  limit $9.34 (3.70%)  0% used
            ..........................
  MONTH     dial 15%  used $0.59 of $37.92  from $252.81
  RECORD    no closed trades yet this run
  LIFETIME  139tr 44W 95L 32%  $+2.22
  FEES      no fills yet this run
  MARKET    bias +0.00  breadth +0.00
  ------------------------------------------------------------------------------------------------
 
 
  18:41  up 0h48m  scan 0 ------------------------------------------------------------------------
  EQUITY    $249.47  unreal $-2.75
  OPEN      flat  free $233.88
  SHADOW    intraday M1 $254.10 (+0.73%)  M1g $252.26 (+0.00%)  2d paper only
  CARRY     $251.86 (-0.16%)  8 held  paper only
  BOOK      8 pos gross $93.85 (0.38x)  open $-2.75  funding $+0.01  vol 20% top 20
            rebal 2026-09-26
  SESSION   $-2.75 -1.09%  peak $252.22  dd 1.09%
  CURVE     +======
  DAY       real $-0.04  limit $9.34 (3.70%)  0% used
            ..........................
  MONTH     dial 15%  used $0.59 of $37.92  from $252.81
  RECORD    no closed trades yet this run
  LIFETIME  139tr 44W 95L 32%  $+2.22
  FEES      no fills yet this run
  MARKET    bias +0.00  breadth +0.00
  ------------------------------------------------------------------------------------------------
 
 
  18:49  up 0h56m  scan 0 ------------------------------------------------------------------------
  EQUITY    $249.45  unreal $-2.77
  OPEN      flat  free $233.88
  SHADOW    intraday M1 $254.10 (+0.73%)  M1g $252.26 (+0.00%)  2d paper only
  CARRY     $251.86 (-0.16%)  8 held  paper only
  BOOK      8 pos gross $93.44 (0.38x)  open $-2.77  funding $+0.01  vol 20% top 20
            rebal 2026-09-26
  SESSION   $-2.77 -1.10%  peak $252.22  dd 1.10%
  CURVE     +=======
  DAY       real $-0.04  limit $9.34 (3.70%)  0% used
            ..........................
  MONTH     dial 15%  used $0.59 of $37.92  from $252.81
  RECORD    no closed trades yet this run
  LIFETIME  139tr 44W 95L 32%  $+2.22
  FEES      no fills yet this run
  MARKET    bias +0.00  breadth +0.00
  ------------------------------------------------------------------------------------------------
 
 
  18:57  up 1h04m  scan 0 ------------------------------------------------------------------------
  EQUITY    $249.33  unreal $-2.89
  OPEN      flat  free $233.88
  SHADOW    intraday M1 $254.10 (+0.73%)  M1g $252.26 (+0.00%)  2d paper only
  CARRY     $251.86 (-0.16%)  8 held  paper only
  BOOK      8 pos gross $93.38 (0.38x)  open $-2.89  funding $+0.01  vol 20% top 20
            rebal 2026-09-26
  SESSION   $-2.89 -1.15%  peak $252.22  dd 1.15%
  CURVE     +========
  DAY       real $-0.04  limit $9.34 (3.70%)  0% used
            ..........................
  MONTH     dial 15%  used $0.59 of $37.92  from $252.81
  RECORD    no closed trades yet this run
  LIFETIME  139tr 44W 95L 32%  $+2.22
  FEES      no fills yet this run
  MARKET    bias +0.00  breadth +0.00
  ------------------------------------------------------------------------------------------------
 
 
  19:05  up 1h12m  scan 0 ------------------------------------------------------------------------
  EQUITY    $249.32  unreal $-2.90
  OPEN      flat  free $233.88
  SHADOW    intraday M1 $254.10 (+0.73%)  M1g $252.26 (+0.00%)  2d paper only
  CARRY     $251.86 (-0.16%)  8 held  paper only
  BOOK      8 pos gross $93.45 (0.38x)  open $-2.90  funding $+0.01  vol 20% top 20
            rebal 2026-09-26
  SESSION   $-2.90 -1.15%  peak $252.22  dd 1.15%
  CURVE     +=========
  DAY       real $-0.04  limit $9.34 (3.70%)  0% used
            ..........................
  MONTH     dial 15%  used $0.59 of $37.92  from $252.81
  RECORD    no closed trades yet this run
  LIFETIME  139tr 44W 95L 32%  $+2.22
  FEES      no fills yet this run
  MARKET    bias +0.00  breadth +0.00
  ------------------------------------------------------------------------------------------------
 
 
  19:13  up 1h20m  scan 0 ------------------------------------------------------------------------
  EQUITY    $249.39  unreal $-2.83
  OPEN      flat  free $233.88
  SHADOW    intraday M1 $254.10 (+0.73%)  M1g $252.26 (+0.00%)  2d paper only
  CARRY     $251.86 (-0.16%)  8 held  paper only
  BOOK      8 pos gross $93.48 (0.38x)  open $-2.83  funding $+0.01  vol 20% top 20
            rebal 2026-09-26
  SESSION   $-2.83 -1.12%  peak $252.22  dd 1.12%
  CURVE     +==========
  DAY       real $-0.04  limit $9.34 (3.70%)  0% used
            ..........................
  MONTH     dial 15%  used $0.59 of $37.92  from $252.81
  RECORD    no closed trades yet this run
  LIFETIME  139tr 44W 95L 32%  $+2.22
  FEES      no fills yet this run
  MARKET    bias +0.00  breadth +0.00
  ------------------------------------------------------------------------------------------------
 
 
  19:21  up 1h28m  scan 0 ------------------------------------------------------------------------
  EQUITY    $249.29  unreal $-2.93
  OPEN      flat  free $233.88
  SHADOW    intraday M1 $254.10 (+0.73%)  M1g $252.26 (+0.00%)  2d paper only
  CARRY     $251.86 (-0.16%)  8 held  paper only
  BOOK      8 pos gross $93.88 (0.38x)  open $-2.93  funding $+0.01  vol 20% top 20
            rebal 2026-09-26
  SESSION   $-2.93 -1.16%  peak $252.22  dd 1.16%
  CURVE     +===========
  DAY       real $-0.04  limit $9.34 (3.70%)  0% used
            ..........................
  MONTH     dial 15%  used $0.59 of $37.92  from $252.81
  RECORD    no closed trades yet this run
  LIFETIME  139tr 44W 95L 32%  $+2.22
  FEES      no fills yet this run
  MARKET    bias +0.00  breadth +0.00
  ------------------------------------------------------------------------------------------------
 
 
  19:29  up 1h36m  scan 0 ------------------------------------------------------------------------
  EQUITY    $249.29  unreal $-2.93
  OPEN      flat  free $233.88
  SHADOW    intraday M1 $254.10 (+0.73%)  M1g $252.26 (+0.00%)  2d paper only
  CARRY     $251.86 (-0.16%)  8 held  paper only
  BOOK      8 pos gross $94.02 (0.38x)  open $-2.93  funding $+0.01  vol 20% top 20
            rebal 2026-09-26
  SESSION   $-2.93 -1.16%  peak $252.22  dd 1.16%
  CURVE     +============
  DAY       real $-0.04  limit $9.34 (3.70%)  0% used
            ..........................
  MONTH     dial 15%  used $0.59 of $37.92  from $252.81
  RECORD    no closed trades yet this run
  LIFETIME  139tr 44W 95L 32%  $+2.22
  FEES      no fills yet this run
  MARKET    bias +0.00  breadth +0.00
  ------------------------------------------------------------------------------------------------
 
19:32:47 |    👻 C489 shadow hour 14:00 UTC: 0 coins scored (warm-up (14, no flow)), gate shut | M1
    $254.10 (+0.73%) M1g $252.26 (+0.00%) over 2d [19s]
 
  19:37  up 1h44m  scan 0 ------------------------------------------------------------------------
  EQUITY    $249.17  unreal $-3.05
  OPEN      flat  free $233.88
  SHADOW    intraday M1 $254.10 (+0.73%)  M1g $252.26 (+0.00%)  2d paper only
  CARRY     $251.86 (-0.16%)  8 held  paper only
  BOOK      8 pos gross $93.84 (0.38x)  open $-3.05  funding $+0.01  vol 20% top 20
            rebal 2026-09-26
  SESSION   $-3.05 -1.21%  peak $252.22  dd 1.21%
  CURVE     +=============
  DAY       real $-0.04  limit $9.34 (3.70%)  0% used
            ..........................
  MONTH     dial 15%  used $0.59 of $37.92  from $252.81
  RECORD    no closed trades yet this run
  LIFETIME  139tr 44W 95L 32%  $+2.22
  FEES      no fills yet this run
  MARKET    bias +0.00  breadth +0.00
  ------------------------------------------------------------------------------------------------
 
 
  19:45  up 1h52m  scan 0 ------------------------------------------------------------------------
  EQUITY    $249.04  unreal $-3.18
  OPEN      flat  free $233.88
  SHADOW    intraday M1 $254.10 (+0.73%)  M1g $252.26 (+0.00%)  2d paper only
  CARRY     $251.86 (-0.16%)  8 held  paper only
  BOOK      8 pos gross $94.29 (0.38x)  open $-3.18  funding $+0.01  vol 20% top 20
            rebal 2026-09-26
  SESSION   $-3.18 -1.26%  peak $252.22  dd 1.26%
  CURVE     +==============
  DAY       real $-0.04  limit $9.34 (3.70%)  0% used
            ..........................
  MONTH     dial 15%  used $0.59 of $37.92  from $252.81
  RECORD    no closed trades yet this run
  LIFETIME  139tr 44W 95L 32%  $+2.22
  FEES      no fills yet this run
  MARKET    bias +0.00  breadth +0.00
  ------------------------------------------------------------------------------------------------
 
 
  19:53  up 2h00m  scan 0 ------------------------------------------------------------------------
  EQUITY    $248.98  unreal $-3.24
  OPEN      flat  free $233.88
  SHADOW    intraday M1 $254.10 (+0.73%)  M1g $252.26 (+0.00%)  2d paper only
  CARRY     $251.86 (-0.16%)  8 held  paper only
  BOOK      8 pos gross $94.30 (0.38x)  open $-3.24  funding $+0.01  vol 20% top 20
            rebal 2026-09-26
  SESSION   $-3.24 -1.28%  peak $252.22  dd 1.28%
  CURVE     +===============
  DAY       real $-0.04  limit $9.34 (3.70%)  0% used
            ..........................
  MONTH     dial 15%  used $0.59 of $37.92  from $252.81
  RECORD    no closed trades yet this run
  LIFETIME  139tr 44W 95L 32%  $+2.22
  FEES      no fills yet this run
  MARKET    bias +0.00  breadth +0.00
  ------------------------------------------------------------------------------------------------
 
 
  20:01  up 2h08m  scan 0 ------------------------------------------------------------------------
  EQUITY    $248.75  unreal $-3.47
  OPEN      flat  free $233.88
  SHADOW    intraday M1 $254.10 (+0.73%)  M1g $252.26 (+0.00%)  2d paper only
  CARRY     $251.86 (-0.16%)  8 held  paper only
  BOOK      8 pos gross $94.56 (0.38x)  open $-3.47  funding $+0.01  vol 20% top 20
            rebal 2026-09-26
  SESSION   $-3.47 -1.38%  peak $252.22  dd 1.38%
  CURVE     +================
  DAY       real $-0.04  limit $9.34 (3.70%)  0% used
            ..........................
  MONTH     dial 15%  used $0.59 of $37.92  from $252.81
  RECORD    no closed trades yet this run
  LIFETIME  139tr 44W 95L 32%  $+2.22
  FEES      no fills yet this run
  MARKET    bias +0.00  breadth +0.00
  ------------------------------------------------------------------------------------------------
 
 
  20:09  up 2h16m  scan 0 ------------------------------------------------------------------------
  EQUITY    $248.65  unreal $-3.57
  OPEN      flat  free $233.88
  SHADOW    intraday M1 $254.10 (+0.73%)  M1g $252.26 (+0.00%)  2d paper only
  CARRY     $251.86 (-0.16%)  8 held  paper only
  BOOK      8 pos gross $94.85 (0.38x)  open $-3.57  funding $+0.01  vol 20% top 20
            rebal 2026-09-26
  SESSION   $-3.57 -1.41%  peak $252.22  dd 1.41%
  CURVE     +=================
  DAY       real $-0.04  limit $9.34 (3.70%)  0% used
            ..........................
  MONTH     dial 15%  used $0.59 of $37.92  from $252.81
  RECORD    no closed trades yet this run
  LIFETIME  139tr 44W 95L 32%  $+2.22
  FEES      no fills yet this run
  MARKET    bias +0.00  breadth +0.00
  ------------------------------------------------------------------------------------------------
 
 
  20:17  up 2h24m  scan 0 ------------------------------------------------------------------------
  EQUITY    $248.63  unreal $-3.59
  OPEN      flat  free $233.88
  SHADOW    intraday M1 $254.10 (+0.73%)  M1g $252.26 (+0.00%)  2d paper only
  CARRY     $251.86 (-0.16%)  8 held  paper only
  BOOK      8 pos gross $95.01 (0.38x)  open $-3.59  funding $+0.01  vol 20% top 20
            rebal 2026-09-26
  SESSION   $-3.59 -1.42%  peak $252.22  dd 1.42%
  CURVE     +==================
  DAY       real $-0.04  limit $9.34 (3.70%)  0% used
            ..........................
  MONTH     dial 15%  used $0.59 of $37.92  from $252.81
  RECORD    no closed trades yet this run
  LIFETIME  139tr 44W 95L 32%  $+2.22
  FEES      no fills yet this run
  MARKET    bias +0.00  breadth +0.00
  ------------------------------------------------------------------------------------------------
 
 
  20:25  up 2h32m  scan 0 ------------------------------------------------------------------------
  EQUITY    $248.67  unreal $-3.55
  OPEN      flat  free $233.88
  SHADOW    intraday M1 $254.10 (+0.73%)  M1g $252.26 (+0.00%)  2d paper only
  CARRY     $251.86 (-0.16%)  8 held  paper only
  BOOK      8 pos gross $95.11 (0.38x)  open $-3.55  funding $+0.01  vol 20% top 20
            rebal 2026-09-26
  SESSION   $-3.55 -1.41%  peak $252.22  dd 1.41%
  CURVE     +===================
  DAY       real $-0.04  limit $9.34 (3.70%)  0% used
            ..........................
  MONTH     dial 15%  used $0.59 of $37.92  from $252.81
  RECORD    no closed trades yet this run
  LIFETIME  139tr 44W 95L 32%  $+2.22
  FEES      no fills yet this run
  MARKET    bias +0.00  breadth +0.00
  ------------------------------------------------------------------------------------------------
 
20:32:23 |    👻 C489 shadow hour 15:00 UTC: 0 coins scored (warm-up (14, no flow)), gate shut | M1
    $254.10 (+0.73%) M1g $252.26 (+0.00%) over 2d [18s]
 
  20:33  up 2h40m  scan 0 ------------------------------------------------------------------------
  EQUITY    $248.49  unreal $-3.73
  OPEN      flat  free $233.88
  SHADOW    intraday M1 $254.10 (+0.73%)  M1g $252.26 (+0.00%)  2d paper only
  CARRY     $251.86 (-0.16%)  8 held  paper only
  BOOK      8 pos gross $95.36 (0.38x)  open $-3.73  funding $+0.01  vol 20% top 20
            rebal 2026-09-26
  SESSION   $-3.73 -1.48%  peak $252.22  dd 1.48%
  CURVE     +====================
  DAY       real $-0.04  limit $9.34 (3.70%)  0% used
            ..........................
  MONTH     dial 15%  used $0.59 of $37.92  from $252.81
  RECORD    no closed trades yet this run
  LIFETIME  139tr 44W 95L 32%  $+2.22
  FEES      no fills yet this run
  MARKET    bias +0.00  breadth +0.00
  ------------------------------------------------------------------------------------------------
 
 
  20:41  up 2h48m  scan 0 ------------------------------------------------------------------------
  EQUITY    $248.16  unreal $-4.06
  OPEN      flat  free $233.88
  SHADOW    intraday M1 $254.10 (+0.73%)  M1g $252.26 (+0.00%)  2d paper only
  CARRY     $251.86 (-0.16%)  8 held  paper only
  BOOK      8 pos gross $95.78 (0.39x)  open $-4.06  funding $+0.01  vol 20% top 20
            rebal 2026-09-26
  SESSION   $-4.06 -1.61%  peak $252.22  dd 1.61%
  CURVE     +=====================
  DAY       real $-0.04  limit $9.34 (3.70%)  0% used
            ..........................
  MONTH     dial 15%  used $0.59 of $37.92  from $252.81
  RECORD    no closed trades yet this run
  LIFETIME  139tr 44W 95L 32%  $+2.22
  FEES      no fills yet this run
  MARKET    bias +0.00  breadth +0.00
  ------------------------------------------------------------------------------------------------
 
 
  20:49  up 2h56m  scan 0 ------------------------------------------------------------------------
  EQUITY    $248.21  unreal $-4.01
  OPEN      flat  free $233.88
  SHADOW    intraday M1 $254.10 (+0.73%)  M1g $252.26 (+0.00%)  2d paper only
  CARRY     $251.86 (-0.16%)  8 held  paper only
  BOOK      8 pos gross $96.11 (0.39x)  open $-4.01  funding $+0.01  vol 20% top 20
            rebal 2026-09-26
  SESSION   $-4.01 -1.59%  peak $252.22  dd 1.59%
  CURVE     +======================
  DAY       real $-0.04  limit $9.34 (3.70%)  0% used
            ..........................
  MONTH     dial 15%  used $0.59 of $37.92  from $252.81
  RECORD    no closed trades yet this run
  LIFETIME  139tr 44W 95L 32%  $+2.22
  FEES      no fills yet this run
  MARKET    bias +0.00  breadth +0.00
  ------------------------------------------------------------------------------------------------
 
 
  20:57  up 3h04m  scan 0 ------------------------------------------------------------------------
  EQUITY    $248.26  unreal $-3.96
  OPEN      flat  free $233.88
  SHADOW    intraday M1 $254.10 (+0.73%)  M1g $252.26 (+0.00%)  2d paper only
  CARRY     $251.86 (-0.16%)  8 held  paper only
  BOOK      8 pos gross $96.09 (0.39x)  open $-3.96  funding $+0.01  vol 20% top 20
            rebal 2026-09-26
  SESSION   $-3.96 -1.57%  peak $252.22  dd 1.57%
  CURVE     +=======================
  DAY       real $-0.04  limit $9.34 (3.70%)  0% used
            ..........................
  MONTH     dial 15%  used $0.59 of $37.92  from $252.81
  RECORD    no closed trades yet this run
  LIFETIME  139tr 44W 95L 32%  $+2.22
  FEES      no fills yet this run
  MARKET    bias +0.00  breadth +0.00
  ------------------------------------------------------------------------------------------------
 
 
  21:05  up 3h12m  scan 0 ------------------------------------------------------------------------
  EQUITY    $248.12  unreal $-4.10
  OPEN      flat  free $233.88
  SHADOW    intraday M1 $254.10 (+0.73%)  M1g $252.26 (+0.00%)  2d paper only
  CARRY     $251.86 (-0.16%)  8 held  paper only
  BOOK      8 pos gross $96.33 (0.39x)  open $-4.10  funding $+0.01  vol 20% top 20
            rebal 2026-09-26
  SESSION   $-4.10 -1.63%  peak $252.22  dd 1.63%
  CURVE     +========================
  DAY       real $-0.04  limit $9.34 (3.70%)  0% used
            ..........................
  MONTH     dial 15%  used $0.59 of $37.92  from $252.81
  RECORD    no closed trades yet this run
  LIFETIME  139tr 44W 95L 32%  $+2.22
  FEES      no fills yet this run
  MARKET    bias +0.00  breadth +0.00
  ------------------------------------------------------------------------------------------------
 
 
  21:13  up 3h20m  scan 0 ------------------------------------------------------------------------
  EQUITY    $247.93  unreal $-4.29
  OPEN      flat  free $233.88
  SHADOW    intraday M1 $254.10 (+0.73%)  M1g $252.26 (+0.00%)  2d paper only
  CARRY     $251.86 (-0.16%)  8 held  paper only
  BOOK      8 pos gross $96.24 (0.39x)  open $-4.29  funding $+0.01  vol 20% top 20
            rebal 2026-09-26
  SESSION   $-4.29 -1.70%  peak $252.22  dd 1.70%
  CURVE     +=========================
  DAY       real $-0.04  limit $9.34 (3.70%)  0% used
            ..........................
  MONTH     dial 15%  used $0.59 of $37.92  from $252.81
  RECORD    no closed trades yet this run
  LIFETIME  139tr 44W 95L 32%  $+2.22
  FEES      no fills yet this run
  MARKET    bias +0.00  breadth +0.00
  ------------------------------------------------------------------------------------------------
 
 
  21:21  up 3h28m  scan 0 ------------------------------------------------------------------------
  EQUITY    $248.06  unreal $-4.16
  OPEN      flat  free $233.88
  SHADOW    intraday M1 $254.10 (+0.73%)  M1g $252.26 (+0.00%)  2d paper only
  CARRY     $251.86 (-0.16%)  8 held  paper only
  BOOK      8 pos gross $96.09 (0.39x)  open $-4.16  funding $+0.01  vol 20% top 20
            rebal 2026-09-26
  SESSION   $-4.16 -1.65%  peak $252.22  dd 1.65%
  CURVE     +==========================
  DAY       real $-0.04  limit $9.34 (3.70%)  0% used
            ..........................
  MONTH     dial 15%  used $0.59 of $37.92  from $252.81
  RECORD    no closed trades yet this run
  LIFETIME  139tr 44W 95L 32%  $+2.22
  FEES      no fills yet this run
  MARKET    bias +0.00  breadth +0.00
  ------------------------------------------------------------------------------------------------
 
 
  21:29  up 3h36m  scan 0 ------------------------------------------------------------------------
  EQUITY    $248.11  unreal $-4.11
  OPEN      flat  free $233.88
  SHADOW    intraday M1 $254.10 (+0.73%)  M1g $252.26 (+0.00%)  2d paper only
  CARRY     $251.86 (-0.16%)  8 held  paper only
  BOOK      8 pos gross $96.42 (0.39x)  open $-4.11  funding $+0.01  vol 20% top 20
            rebal 2026-09-26
  SESSION   $-4.11 -1.63%  peak $252.22  dd 1.63%
  CURVE     +===========================
  DAY       real $-0.04  limit $9.34 (3.70%)  0% used
            ..........................
  MONTH     dial 15%  used $0.59 of $37.92  from $252.81
  RECORD    no closed trades yet this run
  LIFETIME  139tr 44W 95L 32%  $+2.22
  FEES      no fills yet this run
  MARKET    bias +0.00  breadth +0.00
  ------------------------------------------------------------------------------------------------
 
21:32:27 |    👻 C489 shadow hour 16:00 UTC: 0 coins scored (warm-up (14, no flow)), gate shut | M1
    $254.10 (+0.73%) M1g $252.26 (+0.00%) over 2d [18s]
 
  21:37  up 3h44m  scan 0 ------------------------------------------------------------------------
  EQUITY    $247.81  unreal $-4.41
  OPEN      flat  free $233.88
  SHADOW    intraday M1 $254.10 (+0.73%)  M1g $252.26 (+0.00%)  2d paper only
  CARRY     $251.86 (-0.16%)  8 held  paper only
  BOOK      8 pos gross $96.52 (0.39x)  open $-4.42  funding $+0.01  vol 20% top 20
            rebal 2026-09-26
  SESSION   $-4.41 -1.75%  peak $252.22  dd 1.75%
  CURVE     +============================
  DAY       real $-0.04  limit $9.34 (3.70%)  0% used
            ..........................
  MONTH     dial 15%  used $0.59 of $37.92  from $252.81
  RECORD    no closed trades yet this run
  LIFETIME  139tr 44W 95L 32%  $+2.22
  FEES      no fills yet this run
  MARKET    bias +0.00  breadth +0.00
  ------------------------------------------------------------------------------------------------
 
 
  21:45  up 3h52m  scan 0 ------------------------------------------------------------------------
  EQUITY    $247.57  unreal $-4.65
  OPEN      flat  free $233.88
  SHADOW    intraday M1 $254.10 (+0.73%)  M1g $252.26 (+0.00%)  2d paper only
  CARRY     $251.86 (-0.16%)  8 held  paper only
  BOOK      8 pos gross $96.47 (0.39x)  open $-4.65  funding $+0.01  vol 20% top 20
            rebal 2026-09-26
  SESSION   $-4.65 -1.84%  peak $252.22  dd 1.84%
  CURVE     +=============================
  DAY       real $-0.04  limit $9.34 (3.70%)  0% used
            ..........................
  MONTH     dial 15%  used $0.59 of $37.92  from $252.81
  RECORD    no closed trades yet this run
  LIFETIME  139tr 44W 95L 32%  $+2.22
  FEES      no fills yet this run
  MARKET    bias +0.00  breadth +0.00
  ------------------------------------------------------------------------------------------------
 
 
  21:53  up 4h00m  scan 0 ------------------------------------------------------------------------
  EQUITY    $247.81  unreal $-4.41
  OPEN      flat  free $233.88
  SHADOW    intraday M1 $254.10 (+0.73%)  M1g $252.26 (+0.00%)  2d paper only
  CARRY     $251.86 (-0.16%)  8 held  paper only
  BOOK      8 pos gross $96.16 (0.39x)  open $-4.41  funding $+0.01  vol 20% top 20
            rebal 2026-09-26
  SESSION   $-4.41 -1.75%  peak $252.22  dd 1.75%
  CURVE     +==============================
  DAY       real $-0.04  limit $9.34 (3.70%)  0% used
            ..........................
  MONTH     dial 15%  used $0.59 of $37.92  from $252.81
  RECORD    no closed trades yet this run
  LIFETIME  139tr 44W 95L 32%  $+2.22
  FEES      no fills yet this run
  MARKET    bias +0.00  breadth +0.00
  ------------------------------------------------------------------------------------------------
 

============================================================
📝 Log saved: 2026-09-26 21:59:01
============================================================
 
  SESSION SUMMARY --------------------------------------------------------------------------------
  RAN       4h05m  0 scans  0 pair-analyses  0 closed trades
  P&L       $-4.41 (-1.75%)  $252.22 > $247.81  maxDD 1.84%
  CURVE     @---=======------_______.......
  COST      fees $0.00  maker 0 / taker 0 fills
  ------------------------------------------------------------------------------------------------
 

============================================================
📝 Log saved: 2026-09-26 21:59:01
============================================================
