00:34:07 | 📊 Paper Mode
00:34:08 | ✅ Connected | 741 futures markets (Binance USDⓈ-M)
00:34:08 | 📊 Binance Fees: Maker 0.02% | Taker 0.05%
00:34:08 | 📊 Market type: PERPETUAL FUTURES (swap) — verified
00:34:08 | 📋 Limit Orders: ENABLED (offset 0.1%) -- the idle intraday scanner's; the book trades with market orders
00:34:08 | 📂 Loaded state: $502.38 realised | 0 intraday positions | available $438.44 before open P&L (locked $63.94)
00:34:08 | 📐 RISK @ $502.38: monthly dial 20% = $100.00/month (20% of this month's anchor $500.00)  |  the portfolio book trades: its month guard closes the book if MARKED equity falls that far below the month's anchor [C497]
 
  ================================================================================================
  OMEGA C543  PAPER  Binance perps
  09 Oct 2026   00:34
  start $502.38 realised  risk dial 20%/month
  ================================================================================================
 
  RISK FRAME -------------------------------------------------------------------------------------
  EQUITY    $502.38 realised  741 markets
  MONTH     dial 20% = $100.00 this month
            used $0.00 realised (the guard counts MARKED equity once prices load)
  BOOK      daily trend + momentum + carry, rebalanced 00:05 UTC
            month guard on MARKED equity (open P&L counts)  intraday scanner idle
  ------------------------------------------------------------------------------------------------
 
00:34:08 |    (legacy Flask page not installed — the dashboard is the control panel)
00:34:08 | 🌐 Remote control on http://0.0.0.0:8138 — TOKEN REQUIRED
00:34:08 |    📱 Local network: http://10.0.0.160:8138/?t=<your token> (this machine's own address)
00:34:08 |    🌍 Internet: put a Cloudflare Tunnel in front of this port.
00:34:08 |        See deploy/DEPLOY.md — one command, no open ports, free.
00:34:08 | ============================================================
00:34:08 | 🤖 OMEGA V60 — INFORMATION ENGINE (C466)
00:34:08 | 📊 C532 YOUR PLAN (paper until you go live): Delta vs CoinDCX funding gap (both in rupees) $1000 = $1000 of your $1000
00:34:08 | 📊 C503 WHAT IS RUNNING -- the portfolio book trades the Binance paper account (an experiment, not your plan):
00:34:08 |    RULE   C2 N2+N3 + range vol (GK): C2 = residual momentum, no crowded shorts (N2+N3) -- a FORWARD TEST in paper (C510); the admitted rule is scored beside it in the rule tournament
00:34:08 |    BOOK   trend (C1) + momentum (C2) + carry (C3), equal risk; vol target 27% from the 20% dial; gross <= 3x equity; top 20 crypto; $6 minimum; 30% band
00:34:08 |           rebalanced daily 00:05 UTC with market orders (paper fills at the ask/bid, taker 0.05%); 5x cross margin; funding at each coin's own interval; its one limit is the month guard on MARKED equity
00:34:08 |    PAPER  never touches the account: intraday shadow (C489) hourly · carry (C490) 00:10 UTC · spot pot (C501/C502) $250, spot minimum $5, 00:20 UTC · idle cash -> Savings at Binance's own rate (read every 6 h; 6.69% until the first read) every minute · rule tournament (C510, 9 rules on the same prices) at each rebalance · BFUSD wallet at 7.66% (C521) · the same book on Delta Exchange India, $500 (C521), an experiment · Delta vs CoinDCX funding spread, both legs, $1000 (C532/C542: both in rupees; CoinDCX's rates are Binance's)
00:34:08 |    IDLE   the intraday scanner, the OLD strategy (139 trades, 44W/95L before the 29 Sep 2026 fresh start; it lost after fees): it opens nothing, and its boot description is not printed (OMEGA_ENGINE=intraday runs and describes it)
00:34:08 | 💡 Stop safely: sudo systemctl stop omega (Ctrl+C only when run by hand)
00:34:08 | ============================================================
00:34:08 | 🔄 Monitoring thread started — SPLIT LOOP [C397]: FAST leg every 0.8s (prices in PARALLEL → hard stop, trailing floor, peak floor, capture floor); SLOW leg every 20s (OHLCV/DRI) and 90s (BTC/ETH regime, AFTER positions are checked, never before) -- it watches INTRADAY positions; the book has no stops, its one limit is the month guard
00:34:09 |    🇮🇳 C534 CoinDCX's coin list loaded: 505 rupee perps (api.coindcx.com); held pairs CoinDCX does not list, closed at the next daily run: none
00:34:09 |    🏦 C527 Binance Flexible Savings USDT: 6.69% = 2.69% market + 4.00% on the first 1,000 USDT (read every 6 h)
00:34:14 |    🔍 C540 real account (read-only) Delta India: no balance, 0 position(s), rent last 24 h +0.0000, 0 fill(s) | the paper ledger holds 10 pairs; nothing is traded live
00:34:15 | ⚠️ C540 real account Pi42 (read-only) not read: Pi42's firewall answered instead of its API (HTTP 403): this network may be blocked -- check from the server: curl -sI https://fapi.pi42.com
00:34:15 |    🔍 C540 real account (read-only) CoinDCX: futures no futures balance; rupee wallet INR 0.00, 0 position(s), rent last 24 h 0 | nothing is traded live
00:34:15 | 💼 C488: portfolio engine ON -- the intraday scanner opens no new positions (OMEGA_ENGINE=intraday restores it); the book holds 12 positions
 
  00:42  up 0h08m  daily book --------------------------------------------------------------------
  PLAN      $999.35 of $1,000.00 ($-0.65)  after tax on net profit $999.35
            Delta vs CoinDCX funding gap $999.35  paper
  BELOW     experiments, not your money
  EQUITY    $494.04  unreal $-8.34
  OPEN      no intraday positions  book holds 12 (BOOK row)  free $430.10 after open P&L
  SHADOW    intraday M1 $483.88 (-3.17%)  M1g $504.93 (+1.04%)  7d paper only
  CARRY     $499.07 (-0.15%)  7 held  paper only
  SPOT      $247.69 (-0.92%)  2 held  7% invested  cash earns 6.69%  paper pot
  SAVINGS   idle $306.51 (62%)  at 6.69% +$0.44 so far  ~$1.71/month  paper
  BFUSD     wallet $493.93 at 7.66%  +$0.69 so far  ~$3.15/month  vs Savings $1.71  paper
  DELTA     $492.79 (-1.44%)  10 held  fees $0.40  funding $+0.13
            paper experiment: the book on Delta
  XVENUE    $998.28 (-0.17%)  10 pairs  funding $+7.48  fees $6.95  paper, Delta vs CoinDCX
  TESTS     every 8 h: ahead $0.01, 2 days  3-day avg: level $0.00, 2 days
            15 x 12%: scored from 06:00 IST  paper, vs your daily rule
  BOOK      12 pos gross $281.48 (0.57x)  open $-8.34  funding $-0.03  vol 27% top 20
            rebal 2026-10-08
  CONTEXT   since 01 Oct $-5.96 (-1.19%) in 7.6d  normal -2.9% to +6.5%  bottom 26%: normal
  RULE      C2 N2+N3 + range vol (GK)  forward test (paper)
  TOURNEY   7d from 2026-10-01  base -0.19%  N2 -0.50%  N3 -0.31%  N2+N3 -0.52%  +K4 -0.98%
            +GK* -0.32%  +K4+GK -0.64%  +GK+DD -0.06%  +GK+XA +0.33%
  DATA      on time  prices 32s  funding booked  book today  shadow 19:00  carry today
            spot pot today
  SESSION   $+0.08 +0.02%
  MONTH     book guard $5.96 of $100.00 used  on marked equity  from $500.00  dial 20%
            ##........................
  RECORD    book closed 9  5W 4L  net $+1.58  fees and funding in
  FEES      no fills yet this run (the book trades at 00:05 UTC)
  ------------------------------------------------------------------------------------------------
 
00:42:08 | 
00:42:08 | ============================================================
00:42:08 | 📊 POSITION SUMMARY (8-MIN UPDATE)
00:42:08 | 💰 Equity: $494.04 marked (the Binance book, an experiment) = cash $502.38 + open $-8.34
00:42:08 | 💵 Available: $430.10 after open P&L | Locked: $63.94
00:42:08 | 📈 Session: $+0.08 (+0.0%)
00:42:08 | 🎯 C510 Book (what trades): 12 positions, gross 0.57x, open $-8.34 | rule C2 N2+N3 + range vol (GK) | closed 9: 5W/4L $+1.58 | since 01 Oct -1.19% (normal)
00:42:08 | ============================================================
00:42:08 | ============================================================
00:42:08 | 🔵 Book guard: $5.96 of $100.00 used this month on marked equity (6%, from $500.00) · realised today +0.00% [C497]
00:42:08 | ============================================================
00:42:08 | 
 
  00:50  up 0h16m  daily book --------------------------------------------------------------------
  PLAN      $998.99 of $1,000.00 ($-1.01)  after tax on net profit $998.99
            Delta vs CoinDCX funding gap $998.99  paper
  BELOW     experiments, not your money
  EQUITY    $493.93  unreal $-8.45
  OPEN      no intraday positions  book holds 12 (BOOK row)  free $429.99 after open P&L
  SHADOW    intraday M1 $483.88 (-3.17%)  M1g $504.93 (+1.04%)  7d paper only
  CARRY     $499.07 (-0.15%)  7 held  paper only
  SPOT      $247.68 (-0.93%)  2 held  7% invested  cash earns 6.69%  paper pot
  SAVINGS   idle $306.51 (62%)  at 6.69% +$0.44 so far  ~$1.71/month  paper
  BFUSD     wallet $493.93 at 7.66%  +$0.69 so far  ~$3.15/month  vs Savings $1.71  paper
  DELTA     $492.86 (-1.43%)  10 held  fees $0.40  funding $+0.13
            paper experiment: the book on Delta
  XVENUE    $998.28 (-0.17%)  10 pairs  funding $+7.48  fees $6.95  paper, Delta vs CoinDCX
  TESTS     every 8 h: ahead $0.01, 2 days  3-day avg: level $0.00, 2 days
            15 x 12%: scored from 06:00 IST  paper, vs your daily rule
  BOOK      12 pos gross $281.75 (0.57x)  open $-8.45  funding $-0.03  vol 27% top 20
            rebal 2026-10-08
  CONTEXT   since 01 Oct $-6.07 (-1.21%) in 7.7d  normal -2.9% to +6.5%  bottom 25%: normal
  RULE      C2 N2+N3 + range vol (GK)  forward test (paper)
  TOURNEY   7d from 2026-10-01  base -0.19%  N2 -0.50%  N3 -0.31%  N2+N3 -0.52%  +K4 -0.98%
            +GK* -0.32%  +K4+GK -0.64%  +GK+DD -0.06%  +GK+XA +0.33%
  DATA      on time  prices 23s  funding booked  book today  shadow 19:00  carry today
            spot pot today
  SESSION   $-0.03 -0.01%  peak $494.04  dd 0.02%
  MONTH     book guard $6.07 of $100.00 used  on marked equity  from $500.00  dial 20%
            ##........................
  RECORD    book closed 9  5W 4L  net $+1.58  fees and funding in
  FEES      no fills yet this run (the book trades at 00:05 UTC)
  ------------------------------------------------------------------------------------------------
 
00:50:08 | 
00:50:08 | ============================================================
00:50:08 | 📊 POSITION SUMMARY (8-MIN UPDATE)
00:50:08 | 💰 Equity: $493.93 marked (the Binance book, an experiment) = cash $502.38 + open $-8.45
00:50:08 | 💵 Available: $429.99 after open P&L | Locked: $63.94
00:50:08 | 📈 Session: $-0.03 (-0.0%)
00:50:08 | 🎯 C510 Book (what trades): 12 positions, gross 0.57x, open $-8.45 | rule C2 N2+N3 + range vol (GK) | closed 9: 5W/4L $+1.58 | since 01 Oct -1.21% (normal)
00:50:08 | ============================================================
00:50:08 | ============================================================
00:50:08 | 🔵 Book guard: $6.07 of $100.00 used this month on marked equity (6%, from $500.00) · realised today +0.00% [C497]
00:50:08 | ============================================================
00:50:08 | 
 
  00:58  up 0h24m  daily book --------------------------------------------------------------------
  PLAN      $999.06 of $1,000.00 ($-0.94)  after tax on net profit $999.06
            Delta vs CoinDCX funding gap $999.06  paper
  BELOW     experiments, not your money
  EQUITY    $494.16  unreal $-8.22
  OPEN      no intraday positions  book holds 12 (BOOK row)  free $430.22 after open P&L
  SHADOW    intraday M1 $483.88 (-3.17%)  M1g $504.93 (+1.04%)  7d paper only
  CARRY     $499.07 (-0.15%)  7 held  paper only
  SPOT      $247.72 (-0.91%)  2 held  7% invested  cash earns 6.69%  paper pot
  SAVINGS   idle $306.72 (62%)  at 6.69% +$0.44 so far  ~$1.71/month  paper
  BFUSD     wallet $494.21 at 7.66%  +$0.69 so far  ~$3.15/month  vs Savings $1.71  paper
  DELTA     $493.02 (-1.40%)  10 held  fees $0.40  funding $+0.13
            paper experiment: the book on Delta
  XVENUE    $998.28 (-0.17%)  10 pairs  funding $+7.48  fees $6.95  paper, Delta vs CoinDCX
  TESTS     every 8 h: ahead $0.01, 2 days  3-day avg: level $0.00, 2 days
            15 x 12%: scored from 06:00 IST  paper, vs your daily rule
  BOOK      12 pos gross $282.28 (0.57x)  open $-8.22  funding $-0.03  vol 27% top 20
            rebal 2026-10-08
  CONTEXT   since 01 Oct $-5.84 (-1.17%) in 7.7d  normal -2.9% to +6.5%  bottom 26%: normal
  RULE      C2 N2+N3 + range vol (GK)  forward test (paper)
  TOURNEY   7d from 2026-10-01  base -0.19%  N2 -0.50%  N3 -0.31%  N2+N3 -0.52%  +K4 -0.98%
            +GK* -0.32%  +K4+GK -0.64%  +GK+DD -0.06%  +GK+XA +0.33%
  DATA      on time  prices 17s  funding booked  book today  shadow 19:00  carry today
            spot pot today
  SESSION   $+0.20 +0.04%
  MONTH     book guard $5.84 of $100.00 used  on marked equity  from $500.00  dial 20%
            ##........................
  RECORD    book closed 9  5W 4L  net $+1.58  fees and funding in
  FEES      no fills yet this run (the book trades at 00:05 UTC)
  ------------------------------------------------------------------------------------------------
 
00:58:09 | 
00:58:09 | ============================================================
00:58:09 | 📊 POSITION SUMMARY (8-MIN UPDATE)
00:58:09 | 💰 Equity: $494.16 marked (the Binance book, an experiment) = cash $502.38 + open $-8.22
00:58:09 | 💵 Available: $430.22 after open P&L | Locked: $63.94
00:58:09 | 📈 Session: $+0.20 (+0.0%)
00:58:09 | 🎯 C510 Book (what trades): 12 positions, gross 0.57x, open $-8.22 | rule C2 N2+N3 + range vol (GK) | closed 9: 5W/4L $+1.58 | since 01 Oct -1.17% (normal)
00:58:09 | ============================================================
00:58:09 | ============================================================
00:58:09 | 🔵 Book guard: $5.84 of $100.00 used this month on marked equity (6%, from $500.00) · realised today +0.00% [C497]
00:58:09 | ============================================================
00:58:09 | 
 
  01:06  up 0h32m  daily book --------------------------------------------------------------------
  PLAN      $998.85 of $1,000.00 ($-1.15)  after tax on net profit $998.85
            Delta vs CoinDCX funding gap $998.85  paper
  BELOW     experiments, not your money
  EQUITY    $494.47  unreal $-7.91
  OPEN      no intraday positions  book holds 12 (BOOK row)  free $430.53 after open P&L
  SHADOW    intraday M1 $483.88 (-3.17%)  M1g $504.93 (+1.04%)  7d paper only
  CARRY     $499.07 (-0.15%)  7 held  paper only
  SPOT      $247.75 (-0.90%)  2 held  7% invested  cash earns 6.69%  paper pot
  SAVINGS   idle $306.98 (62%)  at 6.69% +$0.44 so far  ~$1.71/month  paper
  BFUSD     wallet $494.56 at 7.66%  +$0.69 so far  ~$3.16/month  vs Savings $1.71  paper
  DELTA     $493.39 (-1.32%)  10 held  fees $0.40  funding $+0.13
            paper experiment: the book on Delta
  XVENUE    $998.28 (-0.17%)  10 pairs  funding $+7.48  fees $6.95  paper, Delta vs CoinDCX
  TESTS     every 8 h: ahead $0.01, 2 days  3-day avg: level $0.00, 2 days
            15 x 12%: scored from 06:00 IST  paper, vs your daily rule
  BOOK      12 pos gross $283.01 (0.57x)  open $-7.91  funding $-0.03  vol 27% top 20
            rebal 2026-10-08
  CONTEXT   since 01 Oct $-5.53 (-1.11%) in 7.7d  normal -2.9% to +6.5%  bottom 27%: normal
  RULE      C2 N2+N3 + range vol (GK)  forward test (paper)
  TOURNEY   7d from 2026-10-01  base -0.19%  N2 -0.50%  N3 -0.31%  N2+N3 -0.52%  +K4 -0.98%
            +GK* -0.32%  +K4+GK -0.64%  +GK+DD -0.06%  +GK+XA +0.33%
  DATA      on time  prices 9s  funding booked  book today  shadow 19:00  carry today
            spot pot today
  SESSION   $+0.51 +0.10%
  MONTH     book guard $5.53 of $100.00 used  on marked equity  from $500.00  dial 20%
            #.........................
  RECORD    book closed 9  5W 4L  net $+1.58  fees and funding in
  FEES      no fills yet this run (the book trades at 00:05 UTC)
  ------------------------------------------------------------------------------------------------
 
01:06:09 | 
01:06:09 | ============================================================
01:06:09 | 📊 POSITION SUMMARY (8-MIN UPDATE)
01:06:09 | 💰 Equity: $494.47 marked (the Binance book, an experiment) = cash $502.38 + open $-7.91
01:06:09 | 💵 Available: $430.53 after open P&L | Locked: $63.94
01:06:09 | 📈 Session: $+0.51 (+0.1%)
01:06:09 | 🎯 C510 Book (what trades): 12 positions, gross 0.57x, open $-7.91 | rule C2 N2+N3 + range vol (GK) | closed 9: 5W/4L $+1.58 | since 01 Oct -1.11% (normal)
01:06:09 | ============================================================
01:06:09 | ============================================================
01:06:09 | 🔵 Book guard: $5.53 of $100.00 used this month on marked equity (6%, from $500.00) · realised today +0.00% [C497]
01:06:09 | ============================================================
01:06:09 | 
 
  01:14  up 0h40m  daily book --------------------------------------------------------------------
  PLAN      $999.14 of $1,000.00 ($-0.86)  after tax on net profit $999.14
            Delta vs CoinDCX funding gap $999.14  paper
  BELOW     experiments, not your money
  EQUITY    $494.50  unreal $-7.88
  OPEN      no intraday positions  book holds 12 (BOOK row)  free $430.56 after open P&L
  SHADOW    intraday M1 $483.88 (-3.17%)  M1g $504.93 (+1.04%)  7d paper only
  CARRY     $499.07 (-0.15%)  7 held  paper only
  SPOT      $247.77 (-0.89%)  2 held  7% invested  cash earns 6.69%  paper pot
  SAVINGS   idle $306.95 (62%)  at 6.69% +$0.44 so far  ~$1.71/month  paper
  BFUSD     wallet $494.52 at 7.66%  +$0.69 so far  ~$3.16/month  vs Savings $1.71  paper
  DELTA     $493.65 (-1.27%)  10 held  fees $0.40  funding $+0.13
            paper experiment: the book on Delta
  XVENUE    $998.28 (-0.17%)  10 pairs  funding $+7.48  fees $6.95  paper, Delta vs CoinDCX
  TESTS     every 8 h: ahead $0.01, 2 days  3-day avg: level $0.00, 2 days
            15 x 12%: scored from 06:00 IST  paper, vs your daily rule
  BOOK      12 pos gross $283.50 (0.57x)  open $-7.88  funding $-0.03  vol 27% top 20
            rebal 2026-10-08
  CONTEXT   since 01 Oct $-5.50 (-1.10%) in 7.7d  normal -2.9% to +6.5%  bottom 27%: normal
  RULE      C2 N2+N3 + range vol (GK)  forward test (paper)
  TOURNEY   7d from 2026-10-01  base -0.19%  N2 -0.50%  N3 -0.31%  N2+N3 -0.52%  +K4 -0.98%
            +GK* -0.32%  +K4+GK -0.64%  +GK+DD -0.06%  +GK+XA +0.33%
  DATA      on time  prices 3s  funding booked  book today  shadow 19:00  carry today
            spot pot today
  SESSION   $+0.54 +0.11%
  CURVE     ====++
  MONTH     book guard $5.50 of $100.00 used  on marked equity  from $500.00  dial 20%
            #.........................
  RECORD    book closed 9  5W 4L  net $+1.58  fees and funding in
  FEES      no fills yet this run (the book trades at 00:05 UTC)
  ------------------------------------------------------------------------------------------------
 
01:14:09 | 
01:14:09 | ============================================================
01:14:09 | 📊 POSITION SUMMARY (8-MIN UPDATE)
01:14:09 | 💰 Equity: $494.50 marked (the Binance book, an experiment) = cash $502.38 + open $-7.88
01:14:09 | 💵 Available: $430.56 after open P&L | Locked: $63.94
01:14:09 | 📈 Session: $+0.54 (+0.1%)
01:14:09 | 🎯 C510 Book (what trades): 12 positions, gross 0.57x, open $-7.88 | rule C2 N2+N3 + range vol (GK) | closed 9: 5W/4L $+1.58 | since 01 Oct -1.10% (normal)
01:14:09 | ============================================================
01:14:09 | ============================================================
01:14:09 | 🔵 Book guard: $5.50 of $100.00 used this month on marked equity (6%, from $500.00) · realised today +0.00% [C497]
01:14:09 | ============================================================
01:14:09 | 
 
  01:22  up 0h48m  daily book --------------------------------------------------------------------
  PLAN      $998.68 of $1,000.00 ($-1.32)  after tax on net profit $998.68
            Delta vs CoinDCX funding gap $998.68  paper
  BELOW     experiments, not your money
  EQUITY    $494.49  unreal $-7.89
  OPEN      no intraday positions  book holds 12 (BOOK row)  free $430.55 after open P&L
  SHADOW    intraday M1 $483.88 (-3.17%)  M1g $504.93 (+1.04%)  7d paper only
  CARRY     $499.07 (-0.15%)  7 held  paper only
  SPOT      $247.77 (-0.89%)  2 held  7% invested  cash earns 6.69%  paper pot
  SAVINGS   idle $306.93 (62%)  at 6.69% +$0.44 so far  ~$1.71/month  paper
  BFUSD     wallet $494.49 at 7.66%  +$0.69 so far  ~$3.16/month  vs Savings $1.71  paper
  DELTA     $493.76 (-1.25%)  10 held  fees $0.40  funding $+0.13
            paper experiment: the book on Delta
  XVENUE    $998.28 (-0.17%)  10 pairs  funding $+7.48  fees $6.95  paper, Delta vs CoinDCX
  TESTS     every 8 h: ahead $0.01, 2 days  3-day avg: level $0.00, 2 days
            15 x 12%: scored from 06:00 IST  paper, vs your daily rule
  BOOK      12 pos gross $283.73 (0.57x)  open $-7.89  funding $-0.03  vol 27% top 20
            rebal 2026-10-08
  CONTEXT   since 01 Oct $-5.51 (-1.10%) in 7.7d  normal -2.9% to +6.5%  bottom 27%: normal
  RULE      C2 N2+N3 + range vol (GK)  forward test (paper)
  TOURNEY   7d from 2026-10-01  base -0.19%  N2 -0.50%  N3 -0.31%  N2+N3 -0.52%  +K4 -0.98%
            +GK* -0.32%  +K4+GK -0.64%  +GK+DD -0.06%  +GK+XA +0.33%
  DATA      on time  prices 36s  funding booked  book today  shadow 19:00  carry today
            spot pot today
  SESSION   $+0.53 +0.11%  peak $494.50
  CURVE     ====+++
  MONTH     book guard $5.51 of $100.00 used  on marked equity  from $500.00  dial 20%
            #.........................
  RECORD    book closed 9  5W 4L  net $+1.58  fees and funding in
  FEES      no fills yet this run (the book trades at 00:05 UTC)
  ------------------------------------------------------------------------------------------------
 
01:22:09 | 
01:22:09 | ============================================================
01:22:09 | 📊 POSITION SUMMARY (8-MIN UPDATE)
01:22:09 | 💰 Equity: $494.49 marked (the Binance book, an experiment) = cash $502.38 + open $-7.89
01:22:09 | 💵 Available: $430.55 after open P&L | Locked: $63.94
01:22:09 | 📈 Session: $+0.53 (+0.1%)
01:22:09 | 🎯 C510 Book (what trades): 12 positions, gross 0.57x, open $-7.89 | rule C2 N2+N3 + range vol (GK) | closed 9: 5W/4L $+1.58 | since 01 Oct -1.10% (normal)
01:22:09 | ============================================================
01:22:09 | ============================================================
01:22:09 | 🔵 Book guard: $5.51 of $100.00 used this month on marked equity (6%, from $500.00) · realised today +0.00% [C497]
01:22:09 | ============================================================
01:22:09 | 
 
  01:30  up 0h56m  daily book --------------------------------------------------------------------
  PLAN      $999.14 of $1,000.00 ($-0.86)  after tax on net profit $999.14
            Delta vs CoinDCX funding gap $999.14  paper
  BELOW     experiments, not your money
  EQUITY    $494.39  unreal $-7.98
  OPEN      no intraday positions  book holds 12 (BOOK row)  free $430.45 after open P&L
  SHADOW    intraday M1 $483.88 (-3.17%)  M1g $504.93 (+1.04%)  7d paper only
  CARRY     $499.07 (-0.15%)  7 held  paper only
  SPOT      $247.77 (-0.89%)  2 held  7% invested  cash earns 6.69%  paper pot
  SAVINGS   idle $306.86 (62%)  at 6.69% +$0.44 so far  ~$1.71/month  paper
  BFUSD     wallet $494.40 at 7.66%  +$0.69 so far  ~$3.16/month  vs Savings $1.71  paper
  DELTA     $493.89 (-1.22%)  10 held  fees $0.40  funding $+0.13
            paper experiment: the book on Delta
  XVENUE    $998.28 (-0.17%)  10 pairs  funding $+7.48  fees $6.95  paper, Delta vs CoinDCX
  TESTS     every 8 h: ahead $0.01, 2 days  3-day avg: level $0.00, 2 days
            15 x 12%: scored from 06:00 IST  paper, vs your daily rule
  BOOK      12 pos gross $283.52 (0.57x)  open $-7.98  funding $-0.03  vol 27% top 20
            rebal 2026-10-08
  CONTEXT   since 01 Oct $-5.61 (-1.12%) in 7.7d  normal -2.9% to +6.5%  bottom 27%: normal
  RULE      C2 N2+N3 + range vol (GK)  forward test (paper)
  TOURNEY   7d from 2026-10-01  base -0.19%  N2 -0.50%  N3 -0.31%  N2+N3 -0.52%  +K4 -0.98%
            +GK* -0.32%  +K4+GK -0.64%  +GK+DD -0.06%  +GK+XA +0.33%
  DATA      on time  prices 28s  funding booked  book today  shadow 19:00  carry today
            spot pot today
  SESSION   $+0.43 +0.09%  peak $494.50  dd 0.02%
  CURVE     ====++++
  MONTH     book guard $5.61 of $100.00 used  on marked equity  from $500.00  dial 20%
            #.........................
  RECORD    book closed 9  5W 4L  net $+1.58  fees and funding in
  FEES      no fills yet this run (the book trades at 00:05 UTC)
  ------------------------------------------------------------------------------------------------
 
01:30:10 | 
01:30:10 | ============================================================
01:30:10 | 📊 POSITION SUMMARY (8-MIN UPDATE)
01:30:10 | 💰 Equity: $494.39 marked (the Binance book, an experiment) = cash $502.37 + open $-7.98
01:30:10 | 💵 Available: $430.45 after open P&L | Locked: $63.94
01:30:10 | 📈 Session: $+0.43 (+0.1%)
01:30:10 | 🎯 C510 Book (what trades): 12 positions, gross 0.57x, open $-7.98 | rule C2 N2+N3 + range vol (GK) | closed 9: 5W/4L $+1.58 | since 01 Oct -1.12% (normal)
01:30:10 | ============================================================
01:30:10 | ============================================================
01:30:10 | 🔻 Book guard: $5.61 of $100.00 used this month on marked equity (6%, from $500.00) · realised today -0.00% [C497]
01:30:10 | ============================================================
01:30:10 | 
01:32:38 |    👻 C489 shadow hour 20:00 UTC: 39 coins scored (full (16 features)), gate shut | M1 $484.84 (-2.98%) M1g $505.71 (+1.20%) over 7d [14s]
01:34:17 |    🔍 C540 real account (read-only) Delta India: no balance, 0 position(s), rent last 24 h +0.0000, 0 fill(s) | the paper ledger holds 10 pairs; nothing is traded live
01:34:17 |    🔍 C540 real account (read-only) CoinDCX: futures no futures balance; rupee wallet INR 0.00, 0 position(s), rent last 24 h 0 | nothing is traded live
 
  01:38  up 1h04m  daily book --------------------------------------------------------------------
  PLAN      $999.27 of $1,000.00 ($-0.73)  after tax on net profit $999.27
            Delta vs CoinDCX funding gap $999.27  paper
  BELOW     experiments, not your money
  EQUITY    $494.43  unreal $-7.94
  OPEN      no intraday positions  book holds 12 (BOOK row)  free $430.49 after open P&L
  SHADOW    intraday M1 $484.84 (-2.98%)  M1g $505.71 (+1.20%)  7d paper only
  CARRY     $499.07 (-0.15%)  7 held  paper only
  SPOT      $247.79 (-0.88%)  2 held  7% invested  cash earns 6.69%  paper pot
  SAVINGS   idle $306.91 (62%)  at 6.69% +$0.44 so far  ~$1.71/month  paper
  BFUSD     wallet $494.47 at 7.66%  +$0.69 so far  ~$3.16/month  vs Savings $1.71  paper
  DELTA     $493.96 (-1.21%)  10 held  fees $0.40  funding $+0.13
            paper experiment: the book on Delta
  XVENUE    $998.28 (-0.17%)  10 pairs  funding $+7.48  fees $6.95  paper, Delta vs CoinDCX
  TESTS     every 8 h: ahead $0.01, 2 days  3-day avg: level $0.00, 2 days
            15 x 12%: scored from 06:00 IST  paper, vs your daily rule
  BOOK      12 pos gross $284.46 (0.57x)  open $-7.94  funding $-0.03  vol 27% top 20
            rebal 2026-10-08
  CONTEXT   since 01 Oct $-5.57 (-1.11%) in 7.7d  normal -2.9% to +6.5%  bottom 27%: normal
  RULE      C2 N2+N3 + range vol (GK)  forward test (paper)
  TOURNEY   7d from 2026-10-01  base -0.19%  N2 -0.50%  N3 -0.31%  N2+N3 -0.52%  +K4 -0.98%
            +GK* -0.32%  +K4+GK -0.64%  +GK+DD -0.06%  +GK+XA +0.33%
  DATA      on time  prices 21s  funding booked  book today  shadow 20:00  carry today
            spot pot today
  SESSION   $+0.47 +0.10%  peak $494.50  dd 0.01%
  CURVE     ====+++++
  MONTH     book guard $5.57 of $100.00 used  on marked equity  from $500.00  dial 20%
            #.........................
  RECORD    book closed 9  5W 4L  net $+1.58  fees and funding in
  FEES      no fills yet this run (the book trades at 00:05 UTC)
  ------------------------------------------------------------------------------------------------
 
01:38:10 | 
01:38:10 | ============================================================
01:38:10 | 📊 POSITION SUMMARY (8-MIN UPDATE)
01:38:10 | 💰 Equity: $494.43 marked (the Binance book, an experiment) = cash $502.37 + open $-7.94
01:38:10 | 💵 Available: $430.49 after open P&L | Locked: $63.94
01:38:10 | 📈 Session: $+0.47 (+0.1%)
01:38:10 | 🎯 C510 Book (what trades): 12 positions, gross 0.57x, open $-7.94 | rule C2 N2+N3 + range vol (GK) | closed 9: 5W/4L $+1.58 | since 01 Oct -1.11% (normal)
01:38:10 | ============================================================
01:38:10 | ============================================================
01:38:10 | 🔻 Book guard: $5.57 of $100.00 used this month on marked equity (6%, from $500.00) · realised today -0.00% [C497]
01:38:10 | ============================================================
01:38:10 | 
 
  01:46  up 1h12m  daily book --------------------------------------------------------------------
  PLAN      $999.94 of $1,000.00 ($-0.06)  after tax on net profit $999.94
            Delta vs CoinDCX funding gap $999.94  paper
  BELOW     experiments, not your money
  EQUITY    $494.83  unreal $-7.54
  OPEN      no intraday positions  book holds 12 (BOOK row)  free $430.89 after open P&L
  SHADOW    intraday M1 $484.84 (-2.98%)  M1g $505.71 (+1.20%)  7d paper only
  CARRY     $499.07 (-0.15%)  7 held  paper only
  SPOT      $247.84 (-0.86%)  2 held  7% invested  cash earns 6.69%  paper pot
  SAVINGS   idle $307.22 (62%)  at 6.69% +$0.44 so far  ~$1.71/month  paper
  BFUSD     wallet $494.88 at 7.66%  +$0.69 so far  ~$3.16/month  vs Savings $1.71  paper
  DELTA     $494.37 (-1.13%)  10 held  fees $0.40  funding $+0.13
            paper experiment: the book on Delta
  XVENUE    $998.28 (-0.17%)  10 pairs  funding $+7.48  fees $6.95  paper, Delta vs CoinDCX
  TESTS     every 8 h: ahead $0.01, 2 days  3-day avg: level $0.00, 2 days
            15 x 12%: scored from 06:00 IST  paper, vs your daily rule
  BOOK      12 pos gross $285.03 (0.58x)  open $-7.54  funding $-0.03  vol 27% top 20
            rebal 2026-10-08
  CONTEXT   since 01 Oct $-5.17 (-1.03%) in 7.7d  normal -2.9% to +6.5%  bottom 28%: normal
  RULE      C2 N2+N3 + range vol (GK)  forward test (paper)
  TOURNEY   7d from 2026-10-01  base -0.19%  N2 -0.50%  N3 -0.31%  N2+N3 -0.52%  +K4 -0.98%
            +GK* -0.32%  +K4+GK -0.64%  +GK+DD -0.06%  +GK+XA +0.33%
  DATA      on time  prices 21s  funding booked  book today  shadow 20:00  carry today
            spot pot today
  SESSION   $+0.87 +0.18%
  CURVE     ====++++++
  MONTH     book guard $5.17 of $100.00 used  on marked equity  from $500.00  dial 20%
            #.........................
  RECORD    book closed 9  5W 4L  net $+1.58  fees and funding in
  FEES      no fills yet this run (the book trades at 00:05 UTC)
  ------------------------------------------------------------------------------------------------
 
01:46:10 | 
01:46:10 | ============================================================
01:46:10 | 📊 POSITION SUMMARY (8-MIN UPDATE)
01:46:10 | 💰 Equity: $494.83 marked (the Binance book, an experiment) = cash $502.37 + open $-7.54
01:46:10 | 💵 Available: $430.89 after open P&L | Locked: $63.94
01:46:10 | 📈 Session: $+0.87 (+0.2%)
01:46:10 | 🎯 C510 Book (what trades): 12 positions, gross 0.58x, open $-7.54 | rule C2 N2+N3 + range vol (GK) | closed 9: 5W/4L $+1.58 | since 01 Oct -1.03% (normal)
01:46:10 | ============================================================
01:46:10 | ============================================================
01:46:10 | 🔻 Book guard: $5.17 of $100.00 used this month on marked equity (5%, from $500.00) · realised today -0.00% [C497]
01:46:10 | ============================================================
01:46:10 | 
 
  01:54  up 1h20m  daily book --------------------------------------------------------------------
  PLAN      $999.59 of $1,000.00 ($-0.41)  after tax on net profit $999.59
            Delta vs CoinDCX funding gap $999.59  paper
  BELOW     experiments, not your money
  EQUITY    $494.94  unreal $-7.43
  OPEN      no intraday positions  book holds 12 (BOOK row)  free $431.00 after open P&L
  SHADOW    intraday M1 $484.84 (-2.98%)  M1g $505.71 (+1.20%)  7d paper only
  CARRY     $499.07 (-0.15%)  7 held  paper only
  SPOT      $247.86 (-0.85%)  2 held  7% invested  cash earns 6.69%  paper pot
  SAVINGS   idle $307.21 (62%)  at 6.69% +$0.44 so far  ~$1.71/month  paper
  BFUSD     wallet $494.87 at 7.66%  +$0.69 so far  ~$3.16/month  vs Savings $1.71  paper
  DELTA     $494.42 (-1.12%)  10 held  fees $0.40  funding $+0.13
            paper experiment: the book on Delta
  XVENUE    $998.28 (-0.17%)  10 pairs  funding $+7.48  fees $6.95  paper, Delta vs CoinDCX
  TESTS     every 8 h: ahead $0.01, 2 days  3-day avg: level $0.00, 2 days
            15 x 12%: scored from 06:00 IST  paper, vs your daily rule
  BOOK      12 pos gross $284.95 (0.58x)  open $-7.43  funding $-0.03  vol 27% top 20
            rebal 2026-10-08
  CONTEXT   since 01 Oct $-5.06 (-1.01%) in 7.7d  normal -2.9% to +6.5%  bottom 29%: normal
  RULE      C2 N2+N3 + range vol (GK)  forward test (paper)
  TOURNEY   7d from 2026-10-01  base -0.19%  N2 -0.50%  N3 -0.31%  N2+N3 -0.52%  +K4 -0.98%
            +GK* -0.32%  +K4+GK -0.64%  +GK+DD -0.06%  +GK+XA +0.33%
  DATA      on time  prices 8s  funding booked  book today  shadow 20:00  carry today
            spot pot today
  SESSION   $+0.98 +0.20%
  CURVE     ====+++==++
  MONTH     book guard $5.06 of $100.00 used  on marked equity  from $500.00  dial 20%
            #.........................
  RECORD    book closed 9  5W 4L  net $+1.58  fees and funding in
  FEES      no fills yet this run (the book trades at 00:05 UTC)
  ------------------------------------------------------------------------------------------------
 
01:54:11 | 
01:54:11 | ============================================================
01:54:11 | 📊 POSITION SUMMARY (8-MIN UPDATE)
01:54:11 | 💰 Equity: $494.94 marked (the Binance book, an experiment) = cash $502.37 + open $-7.43
01:54:11 | 💵 Available: $431.00 after open P&L | Locked: $63.94
01:54:11 | 📈 Session: $+0.98 (+0.2%)
01:54:11 | 🎯 C510 Book (what trades): 12 positions, gross 0.58x, open $-7.43 | rule C2 N2+N3 + range vol (GK) | closed 9: 5W/4L $+1.58 | since 01 Oct -1.01% (normal)
01:54:11 | ============================================================
01:54:11 | ============================================================
01:54:11 | 🔻 Book guard: $5.06 of $100.00 used this month on marked equity (5%, from $500.00) · realised today -0.00% [C497]
01:54:11 | ============================================================
01:54:11 | 
 
  02:02  up 1h28m  daily book --------------------------------------------------------------------
  PLAN      $999.54 of $1,000.00 ($-0.46)  after tax on net profit $999.54
            Delta vs CoinDCX funding gap $999.54  paper
  BELOW     experiments, not your money
  EQUITY    $494.82  unreal $-7.55
  OPEN      no intraday positions  book holds 12 (BOOK row)  free $430.88 after open P&L
  SHADOW    intraday M1 $484.84 (-2.98%)  M1g $505.71 (+1.20%)  7d paper only
  CARRY     $499.07 (-0.15%)  7 held  paper only
  SPOT      $247.86 (-0.86%)  2 held  7% invested  cash earns 6.69%  paper pot
  SAVINGS   idle $307.14 (62%)  at 6.69% +$0.44 so far  ~$1.71/month  paper
  BFUSD     wallet $494.78 at 7.66%  +$0.69 so far  ~$3.16/month  vs Savings $1.71  paper
  DELTA     $494.38 (-1.12%)  10 held  fees $0.40  funding $+0.13
            paper experiment: the book on Delta
  XVENUE    $998.28 (-0.17%)  10 pairs  funding $+7.48  fees $6.95  paper, Delta vs CoinDCX
  TESTS     every 8 h: ahead $0.01, 2 days  3-day avg: level $0.00, 2 days
            15 x 12%: scored from 06:00 IST  paper, vs your daily rule
  BOOK      12 pos gross $284.87 (0.58x)  open $-7.55  funding $-0.03  vol 27% top 20
            rebal 2026-10-08
  CONTEXT   since 01 Oct $-5.18 (-1.04%) in 7.7d  normal -2.9% to +6.5%  bottom 28%: normal
  RULE      C2 N2+N3 + range vol (GK)  forward test (paper)
  TOURNEY   7d from 2026-10-01  base -0.19%  N2 -0.50%  N3 -0.31%  N2+N3 -0.52%  +K4 -0.98%
            +GK* -0.32%  +K4+GK -0.64%  +GK+DD -0.06%  +GK+XA +0.33%
  DATA      on time  prices 2s  funding booked  book today  shadow 20:00  carry today
            spot pot today
  SESSION   $+0.86 +0.17%  peak $494.94  dd 0.02%
  CURVE     ====+++==+++
  MONTH     book guard $5.18 of $100.00 used  on marked equity  from $500.00  dial 20%
            #.........................
  RECORD    book closed 9  5W 4L  net $+1.58  fees and funding in
  FEES      no fills yet this run (the book trades at 00:05 UTC)
  ------------------------------------------------------------------------------------------------
 
02:02:11 | 
02:02:11 | ============================================================
02:02:11 | 📊 POSITION SUMMARY (8-MIN UPDATE)
02:02:11 | 💰 Equity: $494.82 marked (the Binance book, an experiment) = cash $502.37 + open $-7.55
02:02:11 | 💵 Available: $430.88 after open P&L | Locked: $63.94
02:02:11 | 📈 Session: $+0.86 (+0.2%)
02:02:11 | 🎯 C510 Book (what trades): 12 positions, gross 0.58x, open $-7.55 | rule C2 N2+N3 + range vol (GK) | closed 9: 5W/4L $+1.58 | since 01 Oct -1.04% (normal)
02:02:11 | ============================================================
02:02:11 | ============================================================
02:02:11 | 🔻 Book guard: $5.18 of $100.00 used this month on marked equity (5%, from $500.00) · realised today -0.00% [C497]
02:02:11 | ============================================================
02:02:11 | 
 
  02:10  up 1h36m  daily book --------------------------------------------------------------------
  PLAN      $999.87 of $1,000.00 ($-0.13)  after tax on net profit $999.87
            Delta vs CoinDCX funding gap $999.87  paper
  BELOW     experiments, not your money
  EQUITY    $494.83  unreal $-7.54
  OPEN      no intraday positions  book holds 12 (BOOK row)  free $430.89 after open P&L
  SHADOW    intraday M1 $484.84 (-2.98%)  M1g $505.71 (+1.20%)  7d paper only
  CARRY     $499.07 (-0.15%)  7 held  paper only
  SPOT      $247.88 (-0.85%)  2 held  7% invested  cash earns 6.69%  paper pot
  SAVINGS   idle $307.18 (62%)  at 6.69% +$0.44 so far  ~$1.71/month  paper
  BFUSD     wallet $494.83 at 7.66%  +$0.69 so far  ~$3.16/month  vs Savings $1.71  paper
  DELTA     $494.35 (-1.13%)  10 held  fees $0.40  funding $+0.13
            paper experiment: the book on Delta
  XVENUE    $998.28 (-0.17%)  10 pairs  funding $+7.48  fees $6.95  paper, Delta vs CoinDCX
  TESTS     every 8 h: ahead $0.01, 2 days  3-day avg: level $0.00, 2 days
            15 x 12%: scored from 06:00 IST  paper, vs your daily rule
  BOOK      12 pos gross $285.44 (0.58x)  open $-7.54  funding $-0.03  vol 27% top 20
            rebal 2026-10-08
  CONTEXT   since 01 Oct $-5.17 (-1.03%) in 7.7d  normal -3.0% to +6.5%  bottom 28%: normal
  RULE      C2 N2+N3 + range vol (GK)  forward test (paper)
  TOURNEY   7d from 2026-10-01  base -0.19%  N2 -0.50%  N3 -0.31%  N2+N3 -0.52%  +K4 -0.98%
            +GK* -0.32%  +K4+GK -0.64%  +GK+DD -0.06%  +GK+XA +0.33%
  DATA      on time  prices 36s  funding booked  book today  shadow 20:00  carry today
            spot pot today
  SESSION   $+0.87 +0.18%  peak $494.94  dd 0.02%
  CURVE     ====+++==++++
  MONTH     book guard $5.17 of $100.00 used  on marked equity  from $500.00  dial 20%
            #.........................
  RECORD    book closed 9  5W 4L  net $+1.58  fees and funding in
  FEES      no fills yet this run (the book trades at 00:05 UTC)
  ------------------------------------------------------------------------------------------------
 
02:10:12 | 
02:10:12 | ============================================================
02:10:12 | 📊 POSITION SUMMARY (8-MIN UPDATE)
02:10:12 | 💰 Equity: $494.83 marked (the Binance book, an experiment) = cash $502.37 + open $-7.54
02:10:12 | 💵 Available: $430.89 after open P&L | Locked: $63.94
02:10:12 | 📈 Session: $+0.87 (+0.2%)
02:10:12 | 🎯 C510 Book (what trades): 12 positions, gross 0.58x, open $-7.54 | rule C2 N2+N3 + range vol (GK) | closed 9: 5W/4L $+1.58 | since 01 Oct -1.03% (normal)
02:10:12 | ============================================================
02:10:12 | ============================================================
02:10:12 | 🔻 Book guard: $5.17 of $100.00 used this month on marked equity (5%, from $500.00) · realised today -0.00% [C497]
02:10:12 | ============================================================
02:10:12 | 
