
  ================================================================================================
  OMEGA C469  PAPER  Bitget perps
  19 Sep 2026   12:35
  start $250.00  day -0.68% loss
  ================================================================================================

  RISK FRAME -------------------------------------------------------------------------------------
  EQUITY    $250.00  797 markets
  DAY       -0.68% = $1.70 loss room  (15% DD / 22)
  RISK      0.341% = $0.85/trade  trades/day NO CAP
  EDGE      +0.0527 blended
  NEED      38% win at 1.60 payoff
  ------------------------------------------------------------------------------------------------



  12:42  up 0h08m  scan 1 ------------------------------------------------------------------------
  EQUITY    $250.00
  SESSION   $+0.00 +0.00%
  DAY       real $+0.00  loss room $1.70 (0.68%)  0% used  vol x1.00  trust x1.00
            ..........................
  RECORD    no closed trades yet this run
  OPEN      flat  free $250.00
  FEES      no fills yet this run
  SCAN      797 > 60 > 0 passed  top UB 0.48 (score 0.359 < 0.45)  1 scan, 60 analysed
  MARKET    TRENDING  bias +0.29  breadth -0.15  taker flow +0.14
  NEWS      65 articles  + tone +0.58  BGB +0.50  ONE +0.30  SOL +0.26
  MOVERS    AKE +147% #4  MYX +51% #16  BR +47% #9  AR +41% #20
  ------------------------------------------------------------------------------------------------

  >> 12:47  OPEN   MINA LONG @0.111070  x1 $23.29
       target +9.7%  stop -2.8%  entry score 0.69  maker


  12:50  up 0h16m  scan 2 ------------------------------------------------------------------------
  EQUITY    $250.03  unreal $+0.03
  SESSION   $+0.03 +0.01%
  DAY       real $+0.00  loss room $1.70 (0.68%)  0% used  vol x1.00  trust x1.00
            ..........................
  RECORD    no closed trades yet this run
  OPEN      1 pos $23.29 (9%)  free $226.71
  FEES      $0.00  mk1/tk0  0.002% of eq
  SCAN      797 > 60 > 1 passed  top MINA 0.69 (viable)  2 scans, 120 analysed
  MARKET    TRENDING  bias +0.36  breadth +0.00  taker flow -0.09
  NEWS      65 articles  + tone +0.58  BGB +0.50  ONE +0.30  SOL +0.26
  INFO      1 tilted  flow/fund/news on 74
  MOVERS    AKE +161% #4  MYX +50% cut  BR +46% #9  AR +40% #21
  ------------------------------------------------------------------------------------------------
  PAIR     SIDE       ENTRY      MARK    MOVE     P&L   AGE  THESIS
  MINA     LONG    0.111070  0.111310  +0.22%   +0.03    3m  + 54% left
  ------------------------------------------------------------------------------------------------



  12:59  up 0h24m  scan 4 ------------------------------------------------------------------------
  EQUITY    $249.97  unreal $-0.03
  SESSION   $-0.03 -0.01%  peak $250.03  dd 0.02%
  DAY       real $+0.00  loss room $1.90 (0.76%)  0% used  vol x1.12  trust x1.00
            ..........................
  RECORD    no closed trades yet this run
  OPEN      1 pos $23.29 (9%)  free $226.71
  FEES      $0.00  mk1/tk0  0.002% of eq
  SCAN      797 > 1 > 0 passed  top VET 0.09 (score 0.088 < 0.44)  4 scans, 122 analysed
  MARKET    TRENDING  bias +0.34  breadth +0.00  taker flow +0.32
  NEWS      65 articles  + tone +0.58  BGB +0.50  ONE +0.30  SOL +0.26
  INFO      1 tilted  flow/fund/news on 74
  MOVERS    AKE +155% #4  MYX +53% cut  BR +50% #8  AR +41% #19
  ------------------------------------------------------------------------------------------------
  PAIR     SIDE       ENTRY      MARK    MOVE     P&L   AGE  THESIS
  MINA     LONG    0.111070  0.111000  -0.06%   -0.03   11m  - 45% left
  ------------------------------------------------------------------------------------------------

  >> 13:04  OPEN   UB LONG @0.141400  x2 $33.35
       target +3.8%  stop -1.0%  entry score 0.51  maker


  13:07  up 0h32m  scan 5 ------------------------------------------------------------------------
  EQUITY    $249.58  unreal $-0.42
  SESSION   $-0.42 -0.17%  peak $250.03  dd 0.18%
  DAY       real $+0.00  loss room $1.90 (0.76%)  0% used  vol x1.12  trust x1.00
            ..........................
  RECORD    no closed trades yet this run
  OPEN      2 pos $56.64 (23%)  free $193.36
  FEES      $0.02  mk2/tk0  0.007% of eq
  SCAN      797 > 60 > 2 passed  top MINA 0.63 (viable)  5 scans, 182 analysed
  MARKET    TRENDING  bias +0.39  breadth +0.00  taker flow -0.13
  NEWS      65 articles  + tone +0.58  BGB +0.50  ONE +0.30  SOL +0.26
  INFO      2 tilted  flow/fund/news on 74
  MOVERS    AKE +155% #4  MYX +53% cut  BR +50% #8  AR +41% #19
  ------------------------------------------------------------------------------------------------
  PAIR     SIDE       ENTRY      MARK    MOVE     P&L   AGE  THESIS
  MINA     LONG    0.111070  0.110980  -0.08%   -0.04   19m  - 46% left
  UB       LONG    0.141400  0.140700  -0.50%   -0.38    2m  - 51% left
  ------------------------------------------------------------------------------------------------



  13:16  up 0h41m  scan 7 ------------------------------------------------------------------------
  EQUITY    $249.60  unreal $-0.40
  SESSION   $-0.40 -0.16%  peak $250.03  dd 0.17%
  CURVE     ++++==
  DAY       real $+0.00  loss room $1.60 (0.64%)  0% used  vol x0.94  trust x1.00
            ..........................
  RECORD    no closed trades yet this run
  OPEN      2 pos $56.64 (23%)  free $193.36
  FEES      $0.02  mk2/tk0  0.007% of eq
  SCAN      797 > 60 > 0 passed  top STX 0.65 (post_penalty_quali)  7 scans, 257 analysed
  MARKET    TRENDING  bias +0.11  breadth -0.20  taker flow -0.29
  NEWS      65 articles  + tone +0.52  BGB +0.50  ONE +0.30  SOL +0.26
  INFO      1 tilted  flow/fund/news on 84
  MOVERS    AKE +153% #6  MYX +50% #18  BR +49% #11  AR +39% cut
  ------------------------------------------------------------------------------------------------
  PAIR     SIDE       ENTRY      MARK    MOVE     P&L   AGE  THESIS
  MINA     LONG    0.111070  0.110320  -0.68%   -0.18   28m  - 35% left
  UB       LONG    0.141400  0.141030  -0.26%   -0.23   11m  - 46% left
  ------------------------------------------------------------------------------------------------



  13:24  up 0h49m  scan 8 ------------------------------------------------------------------------
  EQUITY    $249.56  unreal $-0.44
  SESSION   $-0.44 -0.18%  peak $250.03  dd 0.19%
  CURVE     ++++===
  DAY       real $+0.00  loss room $1.86 (0.74%)  0% used  vol x1.09  trust x1.00
            ..........................
  RECORD    no closed trades yet this run
  OPEN      2 pos $56.64 (23%)  free $193.36
  FEES      $0.02  mk2/tk0  0.007% of eq
  SCAN      797 > 11 > 0 passed  top BGB 0.14 (score 0.145 < 0.44)  8 scans, 268 analysed
  MARKET    TRENDING  bias +0.12  breadth -0.15  taker flow +0.08
  NEWS      65 articles  + tone +0.52  BGB +0.50  ARB -0.24  ZEC +0.22
  INFO      1 tilted  flow/fund/news on 84
  MOVERS    AKE +156% #6  MYX +49% #19  BR +49% #11  AR +39% cut
  ------------------------------------------------------------------------------------------------
  PAIR     SIDE       ENTRY      MARK    MOVE     P&L   AGE  THESIS
  MINA     LONG    0.111070  0.110540  -0.48%   -0.13   36m  - 42% left
  UB       LONG    0.141400  0.140860  -0.38%   -0.31   19m  - 35% left
  ------------------------------------------------------------------------------------------------



  13:32  up 0h57m  scan 9 ------------------------------------------------------------------------
  EQUITY    $249.62  unreal $-0.38
  SESSION   $-0.38 -0.15%  peak $250.03  dd 0.16%
  CURVE     ++++====
  DAY       real $+0.00  loss room $1.22 (0.49%)  0% used  vol x0.72  trust x1.00
            ..........................
  RECORD    no closed trades yet this run
  OPEN      2 pos $56.64 (23%)  free $193.36
  FEES      $0.02  mk2/tk0  0.007% of eq
  SCAN      797 > 60 > 1 passed  top STX 0.62 (viable)  9 scans, 328 analysed
  MARKET    TRENDING  bias +0.21  breadth +0.00  taker flow +0.27
  NEWS      65 articles  + tone +0.52  ARB -0.24  ZEC +0.22  HYPE +0.19
  INFO      1 tilted  flow/fund/news/oi on 95
  MOVERS    AKE +147% #6  MYX +52% #19  BR +48% #10  AR +42% cut
  ------------------------------------------------------------------------------------------------
  PAIR     SIDE       ENTRY      MARK    MOVE     P&L   AGE  THESIS
  MINA     LONG    0.111070  0.111250  +0.16%   +0.02   45m  + 51% left
  UB       LONG    0.141400  0.140660  -0.52%   -0.40   28m  - 32% left
  ------------------------------------------------------------------------------------------------

  << 13:36  CLOSE  UB LONG @0.140700  -0.50% $-0.39  LOSS
       held 32m  C399_CONVICTION_FADING:   -0.37R  TAKER


  13:40  up 1h06m  scan 10 -----------------------------------------------------------------------
  EQUITY    $249.96  unreal $+0.35
  SESSION   $-0.04 -0.02%  peak $250.03  dd 0.03%
  CURVE     ++++=====+
  DAY       real $-0.39  loss room $1.35 (0.54%)  29% used  vol x0.79  trust x1.00
            #######...................
  RECORD    1 closed  0W 1L  win 0%  avg $-0.39/tr
  OPEN      1 pos $23.29 (9%)  free $226.32
  FEES      $0.06  mk2/tk1  0.023% of eq
  SCAN      797 > 1 > 0 passed  top STX 0.74 (post_penalty_quali)  10 scans, 329 analysed
  MARKET    TRENDING  bias +0.21  breadth -0.20  taker flow +0.02
  NEWS      65 articles  + tone +0.52  ARB -0.24  ZEC +0.22  HYPE +0.19
  INFO      1 tilted  flow/fund/news/oi on 95
  MOVERS    AKE +147% #6  MYX +52% #19  BR +48% #10  AR +42% cut
  TAPE      -
  ------------------------------------------------------------------------------------------------
  PAIR     SIDE       ENTRY      MARK    MOVE     P&L   AGE  THESIS
  MINA     LONG    0.111070  0.112840  +1.59%   +0.35   53m  + 61% left
  ------------------------------------------------------------------------------------------------

  >> 13:49  OPEN   STX LONG @0.288000  x1 $14.10
       target +5.3%  stop -1.5%  entry score 0.63  maker


  13:49  up 1h14m  scan 12 -----------------------------------------------------------------------
  EQUITY    $249.83  unreal $+0.22
  SESSION   $-0.17 -0.07%  peak $250.03  dd 0.08%
  CURVE     ++++=====++
  DAY       real $-0.39  loss room $1.35 (0.54%)  29% used  vol x0.79  trust x1.00
            #######...................
  RECORD    1 closed  0W 1L  win 0%  avg $-0.39/tr
  OPEN      2 pos $37.39 (15%)  free $212.22
  FEES      $0.06  mk3/tk1  0.024% of eq
  SCAN      797 > 60 > 1 passed  top STX 0.63 (viable)  12 scans, 392 analysed
  MARKET    TRENDING  bias +0.36  breadth +0.00  taker flow +0.15
  NEWS      65 articles  + tone +0.26  ARB -0.24  ZEC +0.22  HYPE +0.19
  INFO      1 tilted  flow/fund/news/oi on 97
  MOVERS    AKE +153% #6  B2 +62% #38  AR +51% cut  BR +48% #11
  TAPE      -
  ------------------------------------------------------------------------------------------------
  PAIR     SIDE       ENTRY      MARK    MOVE     P&L   AGE  THESIS
  MINA     LONG    0.111070  0.112150  +0.97%   +0.21 1h02m  + 53% left
  STX      LONG    0.288000  0.288400  +0.14%   +0.01    0m  + 100% left
  ------------------------------------------------------------------------------------------------

  -> 13:51  HALF   MINA LONG @0.112690  +1.46% $+0.17
       win half banked  maker  $11.64 rides on


  13:57  up 1h22m  scan 13 -----------------------------------------------------------------------
  EQUITY    $249.97  unreal $+0.19
  SESSION   $-0.03 -0.01%  peak $250.03  dd 0.02%
  CURVE     ++++=====+++
  DAY       real $-0.22  loss room $2.06 (0.83%)  11% used  vol x1.21  trust x1.00
            ###.......................
  RECORD    1 closed  0W 1L  win 0%  avg $-0.39/tr
  OPEN      2 pos $25.74 (10%)  free $224.03
  FEES      $0.06  mk4/tk1  0.025% of eq
  SCAN      797 > 18 > 1 passed  top ZAMA 0.69 (viable)  13 scans, 410 analysed
  MARKET    TRENDING  bias +0.36  breadth +0.22  taker flow -0.17
  NEWS      65 articles  + tone +0.26  ARB -0.28  STRK -0.28  NEAR +0.27
  INFO      1 tilted  flow/fund/news/oi on 108
  MOVERS    AKE +154% #6  B2 +93% #34  AR +54% #16  BR +46% #11
  TAPE      -
  ------------------------------------------------------------------------------------------------
  PAIR     SIDE       ENTRY      MARK    MOVE     P&L   AGE  THESIS
  MINA     LONG    0.111070  0.112950  +1.69%   +0.19 1h10m  + 17% left
  STX      LONG    0.288000  0.288300  +0.10%   +0.00    8m  + 66% left
  ------------------------------------------------------------------------------------------------

  << 14:05  CLOSE  MINA LONG @0.112500  +1.29% $+0.14  WIN
       held 1h18m  TRAILING_TP: peak=+1.9%   kept 66% of a +1.94% peak  +0.34R  maker


  14:05  up 1h30m  scan 15 -----------------------------------------------------------------------
  EQUITY    $249.94  unreal $+0.02
  SESSION   $-0.06 -0.02%  peak $250.03  dd 0.04%
  CURVE     ++++=====+++++
  DAY       real $-0.08  loss room $1.37 (0.55%)  6% used  vol x0.72  trust x1.12
            #.........................
  RECORD    2 closed  1W 1L  win 50%  payoff 0.37  avg $-0.12/tr  best $+0.14  worst $-0.39
            break-even 73%
  OPEN      1 pos $14.10 (6%)  free $235.82
  FEES      $0.07  mk5/tk1  0.026% of eq
  SCAN      797 > 17 > 0 passed  top ZAMA 1.10 (mtf_disagree)  15 scans, 487 analysed
  MARKET    TRENDING  bias +0.55  breadth +0.22  taker flow +0.23
  NEWS      65 articles  + tone +0.26  ARB -0.28  STRK -0.28  NEAR +0.27
  INFO      2 tilted  flow/fund/news/oi on 108
            info>0 1tr $+0.14 win 100%  info≤0 1tr $-0.39 win 0%
  MOVERS    AKE +153% cut  B2 +92% #27  AR +55% #15  MYX +44% cut
  TAPE      - +
  ------------------------------------------------------------------------------------------------
  PAIR     SIDE       ENTRY      MARK    MOVE     P&L   AGE  THESIS
  STX      LONG    0.288000  0.288600  +0.21%   +0.02   16m  + 64% left
  ------------------------------------------------------------------------------------------------



  14:13  up 1h38m  scan 15 -----------------------------------------------------------------------
  EQUITY    $249.97  unreal $+0.05
  SESSION   $-0.03 -0.01%  peak $250.03  dd 0.02%
  CURVE     ++++=====++++++
  DAY       real $-0.08  loss room $1.76 (0.71%)  4% used  vol x0.92  trust x1.12
            #.........................
  RECORD    2 closed  1W 1L  win 50%  payoff 0.37  avg $-0.12/tr  best $+0.14  worst $-0.39
            break-even 73%
  OPEN      1 pos $14.10 (6%)  free $235.82
  FEES      $0.07  mk5/tk1  0.026% of eq
  SCAN      797 > 17 > 0 passed  top ZAMA 1.10 (mtf_disagree)  15 scans, 487 analysed
  MARKET    TRENDING  bias +0.55  breadth +0.00  taker flow -0.51
  NEWS      65 articles  + tone +0.26  ARB -0.28  STRK -0.28  NEAR +0.27
  INFO      2 tilted  flow/fund/news/oi on 108
            info>0 1tr $+0.14 win 100%  info≤0 1tr $-0.39 win 0%
  MOVERS    AKE +153% cut  B2 +92% #27  AR +55% #15  MYX +44% cut
  TAPE      - +
  ------------------------------------------------------------------------------------------------
  PAIR     SIDE       ENTRY      MARK    MOVE     P&L   AGE  THESIS
  STX      LONG    0.288000  0.289300  +0.45%   +0.05   24m  + 65% left
  ------------------------------------------------------------------------------------------------

  >> 14:16  OPEN   AVAX LONG @8.7300  x2 $26.35
       target +4.7%  stop -1.4%  entry score 0.51  maker


  14:21  up 1h46m  scan 17 -----------------------------------------------------------------------
  EQUITY    $250.09  unreal $+0.17
  SESSION   $+0.09 +0.04%
  CURVE     ++++=====+++++++
  DAY       real $-0.08  loss room $1.34 (0.54%)  6% used  vol x0.70  trust x1.12
            ##........................
  RECORD    2 closed  1W 1L  win 50%  payoff 0.37  avg $-0.12/tr  best $+0.14  worst $-0.39
            break-even 73%
  OPEN      2 pos $40.45 (16%)  free $209.47
  FEES      $0.08  mk6/tk1  0.030% of eq
  SCAN      797 > 3 > 0 passed  top ZAMA 1.29 (mtf_disagree)  17 scans, 551 analysed
  MARKET    TRENDING  bias +0.64  breadth +0.16  taker flow +0.03
  NEWS      65 articles  + tone +0.45  BNB +0.73  ARB +0.71  PEPE +0.70
  INFO      3 tilted  flow/fund/news/oi on 117
            info>0 1tr $+0.14 win 100%  info≤0 1tr $-0.39 win 0%
  MOVERS    AKE +154% cut  B2 +88% #30  AR +59% #14  SYN +52% #29
  TAPE      - +
  ------------------------------------------------------------------------------------------------
  PAIR     SIDE       ENTRY      MARK    MOVE     P&L   AGE  THESIS
  STX      LONG    0.288000  0.289200  +0.42%   +0.05   32m  + 64% left
  AVAX     LONG      8.7300    8.7570  +0.31%   +0.12    5m  + 58% left
  ------------------------------------------------------------------------------------------------

  >> 14:26  OPEN   VVV LONG @28.7410  x1 $12.78
       target +6.6%  stop -1.8%  entry score 0.61  maker


  14:29  up 1h55m  scan 19 -----------------------------------------------------------------------
  EQUITY    $250.28  unreal $+0.36
  SESSION   $+0.28 +0.11%
  CURVE     ++++=====+=++++++
  DAY       real $-0.08  loss room $1.79 (0.71%)  4% used  vol x0.93  trust x1.12
            #.........................
  RECORD    2 closed  1W 1L  win 50%  payoff 0.37  avg $-0.12/tr  best $+0.14  worst $-0.39
            break-even 73%
  OPEN      3 pos $53.23 (21%)  free $196.69
  FEES      $0.08  mk7/tk1  0.031% of eq
  SCAN      797 > 1 > 0 passed  19 scans, 565 analysed
  MARKET    TRENDING  bias +0.66  breadth +0.39  taker flow +0.05
  NEWS      65 articles  + tone +0.45  BNB +0.73  ARB +0.71  PEPE +0.70
  INFO      1 tilted  flow/fund/news/oi on 119
            info>0 1tr $+0.14 win 100%  info≤0 1tr $-0.39 win 0%
  MOVERS    AKE +145% #6  B2 +93% #25  AR +55% #17  SYN +51% #29
  TAPE      - +
  ------------------------------------------------------------------------------------------------
  PAIR     SIDE       ENTRY      MARK    MOVE     P&L   AGE  THESIS
  STX      LONG    0.288000  0.288200  +0.07%   -0.00   40m  - 64% left
  AVAX     LONG      8.7300    8.7960  +0.76%   +0.36   13m  + 57% left
  VVV      LONG     28.7410   28.7760  +0.12%   +0.01    3m  + 98% left
  ------------------------------------------------------------------------------------------------



  14:38  up 2h03m  scan 21 -----------------------------------------------------------------------
  EQUITY    $250.76  unreal $+0.84
  SESSION   $+0.76 +0.30%
  CURVE     ====-----=======+*
  DAY       real $-0.08  loss room $1.44 (0.58%)  5% used  vol x0.75  trust x1.12
            #.........................
  RECORD    2 closed  1W 1L  win 50%  payoff 0.37  avg $-0.12/tr  best $+0.14  worst $-0.39
            break-even 73%
  OPEN      3 pos $53.23 (21%)  free $196.69
  FEES      $0.08  mk7/tk1  0.031% of eq
  SCAN      797 > 14 > 0 passed  top DYDX 1.30 (corr_cap)  21 scans, 639 analysed
  MARKET    TRENDING  bias +0.65  breadth +0.15  taker flow -0.04
  NEWS      65 articles  + tone +0.45  BNB +0.73  ARB +0.71  PEPE +0.70
  INFO      1 tilted  flow/fund/news/oi on 119
            info>0 1tr $+0.14 win 100%  info≤0 1tr $-0.39 win 0%
  MOVERS    AKE +154% cut  B2 +87% #24  AR +53% #13  MYX +46% #19
  TAPE      - +
  ------------------------------------------------------------------------------------------------
  PAIR     SIDE       ENTRY      MARK    MOVE     P&L   AGE  THESIS
  STX      LONG    0.288000  0.288100  +0.03%   -0.01   48m  - 56% left
  AVAX     LONG      8.7300    8.8880  +1.81%   +0.91   21m  + 54% left
  VVV      LONG     28.7410   28.6120  -0.45%   -0.07   11m  - 102% left
  ------------------------------------------------------------------------------------------------

  -> 14:42  HALF   AVAX LONG @8.9100  +2.06% $+0.53
       win half banked  maker  $13.18 rides on


  14:46  up 2h11m  scan 21 -----------------------------------------------------------------------
  EQUITY    $250.80  unreal $+0.34
  SESSION   $+0.80 +0.32%
  CURVE     ====-----=======+**
  DAY       real $+0.46  loss room $1.87 (0.75%)  0% used  vol x0.98  trust x1.12
            ..........................
  RECORD    2 closed  1W 1L  win 50%  payoff 0.37  avg $-0.12/tr  best $+0.14  worst $-0.39
            break-even 73%
  OPEN      3 pos $40.05 (16%)  free $210.40
  FEES      $0.08  mk8/tk1  0.033% of eq
  SCAN      797 > 14 > 0 passed  top DYDX 1.30 (corr_cap)  21 scans, 639 analysed
  MARKET    TRENDING  bias +0.65  breadth +0.00  taker flow +0.56
  NEWS      65 articles  + tone +0.45  BNB +0.73  ARB +0.71  PEPE +0.70
  INFO      1 tilted  flow/fund/news/oi on 119
            info>0 1tr $+0.14 win 100%  info≤0 1tr $-0.39 win 0%
  MOVERS    AKE +154% cut  B2 +87% #24  AR +53% #13  MYX +46% #19
  TAPE      - +
  ------------------------------------------------------------------------------------------------
  PAIR     SIDE       ENTRY      MARK    MOVE     P&L   AGE  THESIS
  STX      LONG    0.288000  0.287700  -0.10%   -0.03   56m  - 52% left
  AVAX     LONG      8.7300    8.9150  +2.12%   +0.54   29m  + 53% left
  VVV      LONG     28.7410   28.3700  -1.29%   -0.18   19m  - 90% left
  ------------------------------------------------------------------------------------------------



  14:54  up 2h19m  scan 22 -----------------------------------------------------------------------
  EQUITY    $250.99  unreal $+0.53
  SESSION   $+0.99 +0.40%
  CURVE     ====-----=======+++*
  DAY       real $+0.46  loss room $2.19 (0.88%)  0% used  vol x1.15  trust x1.12
            ..........................
  RECORD    2 closed  1W 1L  win 50%  payoff 0.37  avg $-0.12/tr  best $+0.14  worst $-0.39
            break-even 73%
  OPEN      3 pos $40.05 (16%)  free $210.40
  FEES      $0.08  mk8/tk1  0.033% of eq
  SCAN      797 > 60 > 0 passed  top MINA 0.85 (reentry-chase 0.7A)  22 scans, 699 analysed
  MARKET    TRENDING  bias +0.56  breadth +0.23  taker flow -0.19
  NEWS      65 articles  + tone +0.14  ARB +0.71  ONDO +0.27  ZEC +0.22
  INFO      1 tilted  flow/fund/news/oi on 119
            info>0 1tr $+0.14 win 100%  info≤0 1tr $-0.39 win 0%
  MOVERS    AKE +160% #6  B2 +81% #25  MYX +51% cut  AR +51% #15
  TAPE      - +
  ------------------------------------------------------------------------------------------------
  PAIR     SIDE       ENTRY      MARK    MOVE     P&L   AGE  THESIS
  STX      LONG    0.288000  0.288200  +0.07%   -0.00 1h04m  - 44% left
  AVAX     LONG      8.7300    8.9860  +2.93%   +0.75   37m  + 56% left
  VVV      LONG     28.7410   28.2780  -1.61%   -0.22   27m  - 61% left
  ------------------------------------------------------------------------------------------------

  << 14:56  CLOSE  VVV LONG @28.1380  -2.10% $-0.28  LOSS
       held 29m  C377_RISK_STOP: -1.88% =  round trip from +1.18%  -0.87R  TAKER
  << 14:56  CLOSE  STX LONG @0.287300  -0.24% $-0.05  LOSS
       held 1h06m  C399_CONVICTION_COLLAPSE  round trip from +0.76%  -0.12R  TAKER
  << 14:59  CLOSE  AVAX LONG @8.9950  +3.04% $+0.79  WIN
       held 43m  EARLY_PEAK_CAPTURE: peak  kept 83% of a +3.68% peak  +1.67R  maker


  15:02  up 2h27m  scan 23 -----------------------------------------------------------------------
  EQUITY    $250.92
  SESSION   $+0.92 +0.37%  peak $250.99  dd 0.03%
  CURVE     ====-----=======+++*==**
  DAY       real $+0.92  loss room $2.44 (0.98%)  0% used  vol x1.15  trust x1.25
            ..........................
  RECORD    5 closed  2W 3L  win 40%  payoff 1.97  avg $+0.04/tr  best $+0.79  worst $-0.39
            break-even 34%
  OPEN      flat  free $250.92
  FEES      $0.11  mk9/tk3  0.042% of eq
  SCAN      797 > 2 > 0 passed  23 scans, 701 analysed
  MARKET    TRENDING  bias +0.56  breadth +0.00  taker flow +0.08
  NEWS      65 articles  + tone +0.14  ARB +0.71  ONDO +0.27  ZEC +0.22
  INFO      1 tilted  flow/fund/news/oi on 119
            info>0 3tr $+0.30 win 67%  info≤0 2tr $-0.33 win 0%
  MOVERS    AKE +154% #5  B2 +84% #23  MYX +54% cut  SYN +48% #25
  TAPE      - + - - +
  ------------------------------------------------------------------------------------------------

  .. 15:10  flat  $250.92  $+0.92 +0.37%  2W 3L 40%  59 analysed
  .. 15:18  flat  $250.92  $+0.92 +0.37%  2W 3L 40%  59 analysed
  .. 15:26  flat  $250.92  $+0.92 +0.37%  2W 3L 40%  10 analysed


  15:34  up 2h59m  scan 28 -----------------------------------------------------------------------
  EQUITY    $250.92
  SESSION   $+0.92 +0.37%  peak $250.99  dd 0.03%
  CURVE     ====-----=-=====+***==******
  DAY       real $+0.92  loss room $1.49 (0.60%)  0% used  vol x0.70  trust x1.25
            ..........................
  RECORD    5 closed  2W 3L  win 40%  payoff 1.97  avg $+0.04/tr  best $+0.79  worst $-0.39
            break-even 34%
  OPEN      flat  free $250.92
  FEES      $0.11  mk9/tk3  0.042% of eq
  SCAN      797 > 59 > 0 passed  top NIL 0.81 (vol_floor)  28 scans, 901 analysed
  MARKET    TRENDING  bias +0.45  breadth +0.20  taker flow -0.22
  NEWS      65 articles  + tone +0.58  ARB +0.71  DOGE +0.56  NEAR +0.32
  INFO      1 tilted  flow/fund/news/oi on 119
            info>0 3tr $+0.30 win 67%  info≤0 2tr $-0.33 win 0%
  MOVERS    AKE +150% #6  B2 +86% #25  MYX +54% #20  AR +40% #18
  TAPE      - + - - +
  ------------------------------------------------------------------------------------------------

  .. 15:42  flat  $250.92  $+0.92 +0.37%  2W 3L 40%  9 analysed
  .. 15:51  flat  $250.92  $+0.92 +0.37%  2W 3L 40%  60 analysed
  .. 15:59  flat  $250.92  $+0.92 +0.37%  2W 3L 40%  60 analysed


  16:07  up 3h32m  scan 31 -----------------------------------------------------------------------
  EQUITY    $250.92
  SESSION   $+0.92 +0.37%  peak $250.99  dd 0.03%
  CURVE     ====-----=======+++*==**********
  DAY       real $+0.92  loss room $2.32 (0.93%)  0% used  vol x1.09  trust x1.25
            ..........................
  RECORD    5 closed  2W 3L  win 40%  payoff 1.97  avg $+0.04/tr  best $+0.79  worst $-0.39
            break-even 34%
  OPEN      flat  free $250.92
  FEES      $0.11  mk9/tk3  0.042% of eq
  SCAN      797 > 60 > 0 passed  top AAVE 0.39 (score 0.391 < 0.50)  31 scans, 1030 analysed
  MARKET    TRENDING  bias +0.37  breadth +0.00  taker flow +0.37
  NEWS      65 articles  + tone +0.44  PEPE +0.77  UNI +0.72  ARB +0.71
  INFO      1 tilted  flow/fund/news/oi on 119
            info>0 3tr $+0.30 win 67%  info≤0 2tr $-0.33 win 0%
  MOVERS    AKE +147% #6  B2 +80% #18  MYX +55% #15  ONE +53% #10
  TAPE      - + - - +
  ------------------------------------------------------------------------------------------------

  .. 16:15  flat  $250.92  $+0.92 +0.37%  2W 3L 40%  1 analysed
  .. 16:23  flat  $250.92  $+0.92 +0.37%  2W 3L 40%  60 analysed
  .. 16:31  flat  $250.92  $+0.92 +0.37%  2W 3L 40%  9 analysed


  16:39  up 4h04m  scan 36 -----------------------------------------------------------------------
  EQUITY    $250.92
  SESSION   $+0.92 +0.37%  peak $250.99  dd 0.03%
  CURVE     ====-----=======++**==**************
  DAY       real $+0.92  loss room $1.97 (0.79%)  0% used  vol x0.93  trust x1.25
            ..........................
  RECORD    5 closed  2W 3L  win 40%  payoff 1.97  avg $+0.04/tr  best $+0.79  worst $-0.39
            break-even 34%
  OPEN      flat  free $250.92
  FEES      $0.11  mk9/tk3  0.042% of eq
  SCAN      797 > 10 > 0 passed  36 scans, 1170 analysed
  MARKET    TRENDING  bias +0.38  breadth +0.35  taker flow -0.11
  NEWS      65 articles  + tone +0.46  UNI +0.72  SUI +0.53  INJ +0.38
  INFO      1 tilted  flow/fund/news/oi on 119
            info>0 3tr $+0.30 win 67%  info≤0 2tr $-0.33 win 0%
  MOVERS    AKE +155% #6  B2 +94% cut  MYX +52% #21  ONE +52% #13
  TAPE      - + - - +
  ------------------------------------------------------------------------------------------------

  .. 16:47  flat  $250.92  $+0.92 +0.37%  2W 3L 40%  10 analysed
  .. 16:55  flat  $250.92  $+0.92 +0.37%  2W 3L 40%  60 analysed
  .. 17:03  flat  $250.92  $+0.92 +0.37%  2W 3L 40%  60 analysed


  17:11  up 4h36m  scan 38 -----------------------------------------------------------------------
  EQUITY    $250.92
  SESSION   $+0.92 +0.37%  peak $250.99  dd 0.03%
  CURVE     ====-----=-=====+***==******************
  DAY       real $+0.92  loss room $1.51 (0.60%)  0% used  vol x0.71  trust x1.25
            ..........................
  RECORD    5 closed  2W 3L  win 40%  payoff 1.97  avg $+0.04/tr  best $+0.79  worst $-0.39
            break-even 34%
  OPEN      flat  free $250.92
  FEES      $0.11  mk9/tk3  0.042% of eq
  SCAN      797 > 60 > 0 passed  top ZEN 0.04 (score 0.041 < 0.46)  38 scans, 1290 analysed
  MARKET    TRENDING  bias +0.51  breadth +0.63  taker flow +0.00
  NEWS      65 articles  + tone +0.50  INJ +0.38  RAY +0.28  PEPE +0.25
  INFO      1 tilted  flow/fund/news/oi on 119
            info>0 3tr $+0.30 win 67%  info≤0 2tr $-0.33 win 0%
  MOVERS    AKE +149% cut  B2 +95% cut  MYX +60% #15  AR +52% #12
  TAPE      - + - - +
  ------------------------------------------------------------------------------------------------

  .. 17:19  flat  $250.92  $+0.92 +0.37%  2W 3L 40%  3 analysed
  .. 17:27  flat  $250.92  $+0.92 +0.37%  2W 3L 40%  60 analysed
  .. 17:35  flat  $250.92  $+0.92 +0.37%  2W 3L 40%  60 analysed


  17:43  up 5h08m  scan 43 -----------------------------------------------------------------------
  EQUITY    $250.92
  SESSION   $+0.92 +0.37%  peak $250.99  dd 0.03%
  CURVE     ====-----=-=====+***==**********************
  DAY       real $+0.92  loss room $1.57 (0.63%)  0% used  vol x0.73  trust x1.25
            ..........................
  RECORD    5 closed  2W 3L  win 40%  payoff 1.97  avg $+0.04/tr  best $+0.79  worst $-0.39
            break-even 34%
  OPEN      flat  free $250.92
  FEES      $0.11  mk9/tk3  0.042% of eq
  SCAN      797 > 14 > 0 passed  43 scans, 1440 analysed
  MARKET    TRENDING  bias +0.69  breadth +0.57  taker flow +0.31
  NEWS      65 articles  + tone +0.66  BNB +0.72  ADA +0.70  NEAR +0.67
  INFO      1 tilted  flow/fund/news/oi on 119
            info>0 3tr $+0.30 win 67%  info≤0 2tr $-0.33 win 0%
  MOVERS    AKE +139% #4  B2 +76% #12  BR +53% cut  MYX +53% #16
  TAPE      - + - - +
  ------------------------------------------------------------------------------------------------

  .. 17:51  flat  $250.92  $+0.92 +0.37%  2W 3L 40%  60 analysed
  .. 17:59  flat  $250.92  $+0.92 +0.37%  2W 3L 40%  15 analysed
  .. 18:07  flat  $250.92  $+0.92 +0.37%  2W 3L 40%  60 analysed


  18:15  up 5h40m  scan 47 -----------------------------------------------------------------------
  EQUITY    $250.92
  SESSION   $+0.92 +0.37%  peak $250.99  dd 0.03%
  CURVE     ====-----=======++**==**************************
  DAY       real $+0.92  loss room $2.09 (0.84%)  0% used  vol x0.98  trust x1.25
            ..........................
  RECORD    5 closed  2W 3L  win 40%  payoff 1.97  avg $+0.04/tr  best $+0.79  worst $-0.39
            break-even 34%
  OPEN      flat  free $250.92
  FEES      $0.11  mk9/tk3  0.042% of eq
  SCAN      797 > 15 > 0 passed  top MMT 0.69 (vol_floor)  47 scans, 1590 analysed
  MARKET    TRENDING  bias +0.29  breadth +0.13  taker flow -0.27
  NEWS      65 articles  + tone +0.27  FIL +0.50  RAY +0.28  STRK -0.24
  INFO      1 tilted  flow/fund/news/oi on 119
            info>0 3tr $+0.30 win 67%  info≤0 2tr $-0.33 win 0%
  MOVERS    AKE +144% #6  B2 +86% #15  AR +49% #14  ONE +38% #13
  TAPE      - + - - +
  ------------------------------------------------------------------------------------------------

  >> 18:18  OPEN   ONDO LONG @0.423200  x1 $38.26
       target +6.2%  stop -1.8%  entry score 0.65  maker


  18:23  up 5h48m  scan 48 -----------------------------------------------------------------------
  EQUITY    $251.17  unreal $+0.25
  SESSION   $+1.17 +0.47%
  CURVE     ====-----=-======++*==***************************
  DAY       real $+0.92  loss room $2.09 (0.84%)  0% used  vol x0.98  trust x1.25
            ..........................
  RECORD    5 closed  2W 3L  win 40%  payoff 1.97  avg $+0.04/tr  best $+0.79  worst $-0.39
            break-even 34%
  OPEN      1 pos $38.26 (15%)  free $212.66
  FEES      $0.11  mk10/tk3  0.045% of eq
  SCAN      797 > 60 > 1 passed  top ONDO 0.65 (viable)  48 scans, 1650 analysed
  MARKET    TRENDING  bias +0.27  breadth +0.00  taker flow +0.42
  NEWS      65 articles  + tone +0.27  FIL +0.50  RAY +0.28  STRK -0.24
  INFO      1 tilted  flow/fund/news/oi on 143
            info>0 3tr $+0.30 win 67%  info≤0 2tr $-0.33 win 0%
  MOVERS    AKE +132% #6  B2 +80% #15  AR +48% #14  ONE +41% cut
  TAPE      - + - - +
  ------------------------------------------------------------------------------------------------
  PAIR     SIDE       ENTRY      MARK    MOVE     P&L   AGE  THESIS
  ONDO     LONG    0.423200  0.426300  +0.73%   +0.25    4m  + 69% left
  ------------------------------------------------------------------------------------------------



  18:31  up 5h56m  scan 50 -----------------------------------------------------------------------
  EQUITY    $251.12  unreal $+0.20
  SESSION   $+1.12 +0.45%  peak $251.17  dd 0.02%
  CURVE     ====-----=-======++*==****************************
  DAY       real $+0.92  loss room $1.92 (0.77%)  0% used  vol x0.90  trust x1.25
            ..........................
  RECORD    5 closed  2W 3L  win 40%  payoff 1.97  avg $+0.04/tr  best $+0.79  worst $-0.39
            break-even 34%
  OPEN      1 pos $38.26 (15%)  free $212.66
  FEES      $0.11  mk10/tk3  0.045% of eq
  SCAN      797 > 3 > 0 passed  50 scans, 1654 analysed
  MARKET    TRENDING  bias +0.25  breadth +0.00  taker flow +0.31
  NEWS      65 articles  + tone +0.27  FIL +0.50  RAY +0.28  STRK -0.24
  INFO      1 tilted  flow/fund/news/oi on 143
            info>0 3tr $+0.30 win 67%  info≤0 2tr $-0.33 win 0%
  MOVERS    AKE +131% #6  B2 +87% #13  AR +47% #14  ONE +46% cut
  TAPE      - + - - +
  ------------------------------------------------------------------------------------------------
  PAIR     SIDE       ENTRY      MARK    MOVE     P&L   AGE  THESIS
  ONDO     LONG    0.423200  0.425700  +0.59%   +0.20   12m  + 68% left
  ------------------------------------------------------------------------------------------------



  18:39  up 6h04m  scan 51 -----------------------------------------------------------------------
  EQUITY    $250.66  unreal $-0.26
  SESSION   $+0.66 +0.26%  peak $251.17  dd 0.20%
  CURVE     ====-----=-======++*==****************************+
  DAY       real $+0.92  loss room $1.92 (0.77%)  0% used  vol x0.90  trust x1.25
            ..........................
  RECORD    5 closed  2W 3L  win 40%  payoff 1.97  avg $+0.04/tr  best $+0.79  worst $-0.39
            break-even 34%
  OPEN      1 pos $38.26 (15%)  free $212.66
  FEES      $0.11  mk10/tk3  0.045% of eq
  SCAN      797 > 60 > 1 passed  top ONDO 0.55 (viable)  51 scans, 1714 analysed
  MARKET    TRENDING  bias +0.29  breadth +0.00  taker flow +0.10
  NEWS      65 articles  + tone +0.52  FIL +0.50  RAY +0.28  STRK -0.24
  INFO      1 tilted  flow/fund/news/oi on 144
            info>0 3tr $+0.30 win 67%  info≤0 2tr $-0.33 win 0%
  MOVERS    AKE +131% #6  B2 +87% #13  AR +47% #14  ONE +46% cut
  TAPE      - + - - +
  ------------------------------------------------------------------------------------------------
  PAIR     SIDE       ENTRY      MARK    MOVE     P&L   AGE  THESIS
  ONDO     LONG    0.423200  0.420700  -0.59%   -0.26   20m  - 62% left
  ------------------------------------------------------------------------------------------------

  << 18:46  CLOSE  ONDO LONG @0.420700  -0.59% $-0.26  LOSS
       held 27m  REGIME_EXIT: R=-0.27 opp  round trip from +0.97%  -0.25R  TAKER


  18:47  up 6h12m  scan 52 -----------------------------------------------------------------------
  EQUITY    $250.66
  SESSION   $+0.66 +0.26%  peak $251.17  dd 0.20%
  CURVE     ====-----=-======++*==****************************+++
  DAY       real $+0.66  loss room $1.78 (0.71%)  0% used  vol x1.04  trust x1.00
            ..........................
  RECORD    6 closed  2W 4L  win 33%  payoff 1.93  avg $-0.01/tr  best $+0.79  worst $-0.39
            break-even 34%
  OPEN      flat  free $250.66
  FEES      $0.14  mk10/tk4  0.054% of eq
  SCAN      797 > 18 > 0 passed  52 scans, 1732 analysed
  MARKET    TRENDING  bias +0.29  breadth +0.52  taker flow +0.13
  NEWS      65 articles  + tone +0.52  BNB +0.72  DOGE +0.68  RAY +0.28
  INFO      1 tilted  flow/fund/news/oi on 144
            info>0 4tr $+0.16 win 50%  info≤0 2tr $-0.33 win 0%
  MOVERS    AKE +132% #5  B2 +90% #10  AR +47% #15  ZAMA +42% cut
  TAPE      - + - - + -
  ------------------------------------------------------------------------------------------------

  .. 18:55  flat  $250.66  $+0.66 +0.26%  2W 4L 33%  60 analysed
  .. 19:03  flat  $250.66  $+0.66 +0.26%  2W 4L 33%  60 analysed
  .. 19:11  flat  $250.66  $+0.66 +0.26%  2W 4L 33%  60 analysed


  19:19  up 6h44m  scan 56 -----------------------------------------------------------------------
  EQUITY    $250.66
  SESSION   $+0.66 +0.26%  peak $251.17  dd 0.20%
  CURVE     ----_____------==***==**************************##+++++++
  DAY       real $+0.66  loss room $1.27 (0.51%)  0% used  vol x0.74  trust x1.00
            ..........................
  RECORD    6 closed  2W 4L  win 33%  payoff 1.93  avg $-0.01/tr  best $+0.79  worst $-0.39
            break-even 34%
  OPEN      flat  free $250.66
  FEES      $0.14  mk10/tk4  0.054% of eq
  SCAN      797 > 60 > 0 passed  top XLM 0.22 (score 0.220 < 0.48)  56 scans, 1915 analysed
  MARKET    TRENDING  bias +0.27  breadth +0.00  taker flow +0.24
  NEWS      65 articles  + tone +0.45  BNB +0.72  DOGE +0.68  SEI +0.38
  INFO      1 tilted  flow/fund/news/oi on 144
            info>0 4tr $+0.16 win 50%  info≤0 2tr $-0.33 win 0%
  MOVERS    AKE +137% #6  B2 +72% #14  AR +51% cut  ONE +45% cut
  TAPE      - + - - + -
  ------------------------------------------------------------------------------------------------


  SESSION SUMMARY --------------------------------------------------------------------------------
  RAN       6h48m  56 scans  1915 pair-analyses  6 closed trades
  P&L       $+0.66 (+0.26%)  $250.00 > $250.66  maxDD 0.34%
  CURVE     ----.....__-__--=*#@=-##########################@@*******
  RECORD    2W 4L  win 33%  payoff 1.93  profit factor 0.97  avg win $+0.47  avg loss $-0.24
            break-even 34%  expectancy $-0.01/tr  gross $0.93 won  $0.97 lost
  HOLD      median 43m  range 27-78m
  COST      fees $0.14  maker 10 / taker 4 fills  133% of gross  71% of fills maker  maker $0.06
            taker $0.08
  INFO A/B  agreed 4tr $+0.16/tr win 50%  disagreed 2tr $-0.33/tr win 0%  gap $+0.49/tr
  EXITS     C399_CONVICTION_FADI 1  TRAILING_TP: peak=+1 1  C377_RISK_STOP: -1.8 1
            C399_CONVICTION_COLL 1  EARLY_PEAK_CAPTURE:  1  REGIME_EXIT: R=-0.27 1
  ------------------------------------------------------------------------------------------------
  PAIR     SIDE      MOVE      NET   HELD  EXIT
  UB       LONG    -0.50%   $-0.39    32m  C399_CONVICTION_FADI [L]
  MINA     LONG    +1.29%   $+0.14  1h18m  TRAILING_TP: peak=+1 [W]
  VVV      LONG    -2.10%   $-0.28    29m  C377_RISK_STOP: -1.8 [L]
  STX      LONG    -0.24%   $-0.05  1h06m  C399_CONVICTION_COLL [L]
  AVAX     LONG    +3.04%   $+0.79    43m  EARLY_PEAK_CAPTURE:  [W]
  ONDO     LONG    -0.59%   $-0.26    27m  REGIME_EXIT: R=-0.27 [L]
  ------------------------------------------------------------------------------------------------

