
  ================================================================================================
  OMEGA C486  PAPER  Bitget perps
  25 Sep 2026   08:36
  start $250.14  risk dial 15%/month
  ================================================================================================

  RISK FRAME -------------------------------------------------------------------------------------
  EQUITY    $250.14  805 markets
  MONTH     dial 15% = $37.92 this month  used $2.66
  DAY       limit $9.44  25% of what the month has left, fixed at midnight
  RISK      0.341% = $0.85/trade  trades/day NO CAP
  EDGE      +0.0067 blended  40W 89L realised
  NEED      51% win at 0.97 payoff
  ------------------------------------------------------------------------------------------------



  08:44  up 0h08m  scan 1 ------------------------------------------------------------------------
  EQUITY    $250.14
  OPEN      flat  free $250.14
  SESSION   $-0.00 -0.00%
  DAY       real $-2.49  limit $9.44 (3.74%)  26% used
            #######...................
  MONTH     dial 15%  used $2.66 of $37.92  from $252.81
  RECORD    no closed trades yet this run
  LIFETIME  129tr 40W 89L 31%  $+0.14
  FEES      no fills yet this run
  SCAN      805 > 78 > 0 passed  top MUBARAK 0.61 (low_agreement 53%<)  1 scan, 78 analysed
  MARKET    MIXED  bias +0.01  breadth -0.17  taker flow -0.24
  NEWS      65 articles  + tone +0.17  XRP +0.53  LTC +0.26  ARB -0.25
  MOVERS    ONDO +27% #3  QNT +27% cut  XPL +23% cut  NIL -22% #11
  ------------------------------------------------------------------------------------------------

  .. 08:52  flat  $250.14  $-0.00 -0.00%  0W 0L  78 analysed
  .. 09:00  flat  $250.14  $-0.00 -0.00%  0W 0L  10 analysed
  .. 09:08  flat  $250.14  $-0.00 -0.00%  0W 0L  69 analysed


  09:16  up 0h40m  scan 5 ------------------------------------------------------------------------
  EQUITY    $250.14
  OPEN      flat  free $250.14
  SESSION   $-0.00 -0.00%
  CURVE     +=====
  DAY       real $-2.49  limit $9.44 (3.74%)  26% used
            #######...................
  MONTH     dial 15%  used $2.66 of $37.92  from $252.81
  RECORD    no closed trades yet this run
  LIFETIME  129tr 40W 89L 31%  $+0.14
  FEES      no fills yet this run
  SCAN      805 > 11 > 0 passed  top BTW 0.48 (confidence 0.277 <)  5 scans, 246 analysed
  MARKET    TRENDING  bias -0.22  breadth -0.14  taker flow +0.06
  NEWS      65 articles  ~ tone +0.03  XRP +0.53  LTC +0.26  ARB -0.25
  MOVERS    QNT +30% #27  ONDO +27% #5  XPL +26% cut  龙虾 -21% #31
  ------------------------------------------------------------------------------------------------

  .. 09:24  flat  $250.14  $-0.00 -0.00%  0W 0L  17 analysed
  .. 09:32  flat  $250.14  $-0.00 -0.00%  0W 0L  17 analysed
  .. 09:40  flat  $250.14  $-0.00 -0.00%  0W 0L  2 analysed


  09:48  up 1h12m  scan 10 -----------------------------------------------------------------------
  EQUITY    $250.14
  OPEN      flat  free $250.14
  SESSION   $-0.00 -0.00%
  CURVE     +=========
  DAY       real $-2.49  limit $9.44 (3.74%)  26% used
            #######...................
  MONTH     dial 15%  used $2.66 of $37.92  from $252.81
  RECORD    no closed trades yet this run
  LIFETIME  129tr 40W 89L 31%  $+0.14
  FEES      no fills yet this run
  SCAN      805 > 71 > 0 passed  top MUBARAK 0.48 (quality 0.195 < 0.)  10 scans, 485 analysed
  MARKET    TRENDING  bias -0.28  breadth +0.00  taker flow +0.05
  NEWS      65 articles  + tone +0.10  PEPE +0.25  XLM -0.17  JST +0.15
  INFO      1 tilted  flow/fund/news/oi on 121
  MOVERS    QNT +33% #22  XPL +29% #10  ONDO +25% #5  BROCCOLI +21% #24
  ------------------------------------------------------------------------------------------------

  .. 09:56  flat  $250.14  $-0.00 -0.00%  0W 0L  71 analysed
  .. 10:04  flat  $250.14  $-0.00 -0.00%  0W 0L  71 analysed
  .. 10:12  flat  $250.14  $-0.00 -0.00%  0W 0L  16 analysed


  10:21  up 1h44m  scan 14 -----------------------------------------------------------------------
  EQUITY    $250.14
  OPEN      flat  free $311.50
  SESSION   $-0.00 -0.00%
  CURVE     +=============
  DAY       real $-2.49  limit $9.44 (3.74%)  26% used
            #######...................
  MONTH     dial 15%  used $2.66 of $37.92  from $252.81
  RECORD    no closed trades yet this run
  LIFETIME  129tr 40W 89L 31%  $+0.14
  FEES      no fills yet this run
  SCAN      805 > 71 > 2 passed  top ACE 0.60 (viable)  14 scans, 645 analysed
  MARKET    TRENDING  bias +0.07  breadth +0.00  taker flow -0.32
  NEWS      65 articles  + tone +0.33  BEAT +0.67  CFG +0.13
  INFO      2 tilted  flow/news/oi on 134
  MOVERS    QNT +36% #19  XPL +28% #10  ONDO +27% #3  BROCCOLI +22% #21
  ------------------------------------------------------------------------------------------------

  .. 10:29  flat  $250.14  $-0.00 -0.00%  0W 0L  2 analysed
  .. 10:37  flat  $250.14  $-0.00 -0.00%  0W 0L  71 analysed
  .. 10:45  flat  $250.14  $-0.00 -0.00%  0W 0L  4 analysed


  10:53  up 2h16m  scan 19 -----------------------------------------------------------------------
  EQUITY    $250.14
  OPEN      flat  free $250.14
  SESSION   $-0.00 -0.00%
  CURVE     +=================
  DAY       real $-2.49  limit $9.44 (3.74%)  26% used
            #######...................
  MONTH     dial 15%  used $2.66 of $37.92  from $252.81
  RECORD    no closed trades yet this run
  LIFETIME  129tr 40W 89L 31%  $+0.14
  FEES      no fills yet this run
  SCAN      805 > 71 > 0 passed  top BEAT 0.90 (score 0.676 < 0.68)  19 scans, 795 analysed
  MARKET    TRENDING  bias +0.01  breadth +0.00  taker flow -0.01
  NEWS      65 articles  + tone +0.33  PEPE +0.25  OP +0.25  BGB +0.25
  INFO      2 tilted  flow/news/oi on 136
  MOVERS    QNT +30% #25  XPL +27% #10  ONDO +25% #3  NIL -18% cut
  ------------------------------------------------------------------------------------------------

  .. 11:02  flat  $250.14  $-0.00 -0.00%  0W 0L  78 analysed
  .. 11:10  flat  $250.14  $-0.00 -0.00%  0W 0L  14 analysed
  .. 11:19  flat  $250.14  $-0.00 -0.00%  0W 0L  78 analysed


  11:27  up 2h51m  scan 23 -----------------------------------------------------------------------
  EQUITY    $250.14
  OPEN      flat  free $250.14
  SESSION   $-0.00 -0.00%
  CURVE     +=====================
  DAY       real $-2.49  limit $9.44 (3.74%)  26% used
            #######...................
  MONTH     dial 15%  used $2.66 of $37.92  from $252.81
  RECORD    no closed trades yet this run
  LIFETIME  129tr 40W 89L 31%  $+0.14
  FEES      no fills yet this run
  SCAN      805 > 78 > 0 passed  top BILL 1.34 (vol_floor)  23 scans, 992 analysed
  MARKET    MIXED  bias +0.01  breadth -0.08  taker flow -0.34
  NEWS      65 articles  + tone +0.20  ARB +0.58  PUMP +0.50  OP +0.32
  INFO      2 tilted  flow/news/oi on 136
  MOVERS    QNT +36% #15  XPL +27% cut  ONDO +24% cut  BROCCOLI +21% #24
  ------------------------------------------------------------------------------------------------

  .. 11:35  flat  $250.14  $-0.00 -0.00%  0W 0L  78 analysed
  .. 11:43  flat  $250.14  $-0.00 -0.00%  0W 0L  13 analysed
  .. 11:51  flat  $250.14  $-0.00 -0.00%  0W 0L  78 analysed


  11:59  up 3h23m  scan 27 -----------------------------------------------------------------------
  EQUITY    $250.14
  OPEN      flat  free $250.14
  SESSION   $-0.00 -0.00%
  CURVE     +=========================
  DAY       real $-2.49  limit $9.44 (3.74%)  26% used
            #######...................
  MONTH     dial 15%  used $2.66 of $37.92  from $252.81
  RECORD    no closed trades yet this run
  LIFETIME  129tr 40W 89L 31%  $+0.14
  FEES      no fills yet this run
  SCAN      805 > 18 > 0 passed  top CVC 0.51 (post_penalty_quali)  27 scans, 1179 analysed
  MARKET    TRENDING  bias -0.22  breadth +0.06  taker flow -0.37
  NEWS      65 articles  + tone +0.33  ARB +0.58  TRUMP +0.34  OP +0.32
  INFO      2 tilted  flow/news/oi on 136
  MOVERS    QNT +36% #18  XPL +31% #7  ONDO +26% cut  PHA +20% #39
  ------------------------------------------------------------------------------------------------

  .. 12:07  flat  $250.14  $-0.00 -0.00%  0W 0L  76 analysed
  .. 12:15  flat  $250.14  $-0.00 -0.00%  0W 0L  76 analysed
  .. 12:23  flat  $250.14  $-0.00 -0.00%  0W 0L  76 analysed


  12:31  up 3h55m  scan 30 -----------------------------------------------------------------------
  EQUITY    $250.14
  OPEN      flat  free $250.14
  SESSION   $-0.00 -0.00%
  CURVE     +=============================
  DAY       real $-2.49  limit $9.44 (3.74%)  26% used
            #######...................
  MONTH     dial 15%  used $2.66 of $37.92  from $252.81
  RECORD    no closed trades yet this run
  LIFETIME  129tr 40W 89L 31%  $+0.14
  FEES      no fills yet this run
  SCAN      805 > 3 > 0 passed  top RAY 0.12 (score 0.119 < 0.28)  30 scans, 1334 analysed
  MARKET    TRENDING  bias -0.24  breadth +0.00  taker flow -0.07
  NEWS      65 articles  + tone +0.33  ARB +0.58  TRUMP +0.34  DOGE +0.25
  INFO      2 tilted  flow/news/oi on 136
  MOVERS    QNT +41% #16  XPL +32% #8  ONDO +26% #3  PHA +19% #33
  ------------------------------------------------------------------------------------------------

  .. 12:39  flat  $250.14  $-0.00 -0.00%  0W 0L  76 analysed
  .. 12:47  flat  $250.14  $-0.00 -0.00%  0W 0L  76 analysed
  .. 12:55  flat  $250.14  $-0.00 -0.00%  0W 0L  14 analysed


  13:03  up 4h27m  scan 35 -----------------------------------------------------------------------
  EQUITY    $250.14
  OPEN      flat  free $250.14
  SESSION   $-0.00 -0.00%
  CURVE     +=================================
  DAY       real $-2.49  limit $9.44 (3.74%)  26% used
            #######...................
  MONTH     dial 15%  used $2.66 of $37.92  from $252.81
  RECORD    no closed trades yet this run
  LIFETIME  129tr 40W 89L 31%  $+0.14
  FEES      no fills yet this run
  SCAN      805 > 76 > 0 passed  top MARSCOIN 0.68 (post_penalty_quali)  35 scans, 1594 analysed
  MARKET    TRENDING  bias +0.07  breadth +0.00  taker flow +0.06
  NEWS      65 articles  + tone +0.27  BGB +0.53  TRUMP +0.34  ONDO +0.13
  INFO      1 tilted  flow/fund/news/oi on 152
  MOVERS    QNT +41% #17  XPL +28% #11  ONDO +28% #3  BROCCOLI +25% #25
  ------------------------------------------------------------------------------------------------

  .. 13:11  flat  $250.14  $-0.00 -0.00%  0W 0L  76 analysed
  .. 13:20  flat  $250.14  $-0.00 -0.00%  0W 0L  76 analysed
  .. 13:28  flat  $250.14  $-0.00 -0.00%  0W 0L  11 analysed


  13:36  up 5h00m  scan 39 -----------------------------------------------------------------------
  EQUITY    $250.14
  OPEN      flat  free $250.14
  SESSION   $-0.00 -0.00%
  CURVE     +=====================================
  DAY       real $-2.49  limit $9.44 (3.74%)  26% used
            #######...................
  MONTH     dial 15%  used $2.66 of $37.92  from $252.81
  RECORD    no closed trades yet this run
  LIFETIME  129tr 40W 89L 31%  $+0.14
  FEES      no fills yet this run
  SCAN      805 > 69 > 0 passed  top QNT 0.41 (score 0.491 < 0.58)  39 scans, 1751 analysed
  MARKET    MIXED  bias -0.15  breadth -0.09  taker flow +0.33
  NEWS      65 articles  + tone +0.26  BNB +0.54  TRUMP +0.34  ONDO +0.28
  INFO      1 tilted  flow/fund/news/oi on 152
  MOVERS    QNT +41% #14  ONDO +28% #3  XPL +26% #10  BROCCOLI +24% #25
  ------------------------------------------------------------------------------------------------

  .. 13:44  flat  $250.14  $-0.00 -0.00%  0W 0L  13 analysed
  >> 13:49  OPEN   ARK LONG @0.214400  x1 $20.75
       target +18.0%  stop -3.5%  entry score 0.42  maker


  13:52  up 5h16m  scan 41 -----------------------------------------------------------------------
  EQUITY    $249.76  unreal $-0.38
  OPEN      1 pos $20.75 (8%)  free $229.39
  ------------------------------------------------------------------------------------------------
  PAIR     SIDE       ENTRY      MARK    MOVE     P&L   AGE  THESIS
  ARK      LONG    0.214400  0.210600  -1.77%   -0.38    3m  - 73% left
  ------------------------------------------------------------------------------------------------
  SESSION   $-0.38 -0.15%  peak $250.14  dd 0.15%
  CURVE     +++++++++++++++++++++++++++++++++++++++=
  DAY       real $-2.49  limit $9.44 (3.74%)  26% used
            #######...................
  MONTH     dial 15%  used $2.66 of $37.92  from $252.81
  RECORD    no closed trades yet this run
  LIFETIME  129tr 40W 89L 31%  $+0.14
  FEES      $0.00  mk1/tk0  0.002% of eq
  SCAN      805 > 69 > 2 passed  top JTO 0.50 (viable)  41 scans, 1833 analysed
  MARKET    MIXED  bias +0.27  breadth +0.00  taker flow -0.20
  NEWS      62 articles  ~ tone +0.04  BNB +0.54  TRUMP +0.34  ONDO +0.28
  INFO      2 tilted  flow/fund/news/oi on 155
  MOVERS    QNT +42% #14  ONDO +32% #3  BROCCOLI +29% #20  XPL +29% #9
  ------------------------------------------------------------------------------------------------

  >> 14:02  OPEN   JTO LONG @0.511200  x3 $22.64
       target +4.5%  stop -1.0%  entry score 0.63  maker


  14:02  up 5h26m  scan 43 -----------------------------------------------------------------------
  EQUITY    $250.62  unreal $+0.48
  OPEN      2 pos $43.39 (17%)  free $206.75
  ------------------------------------------------------------------------------------------------
  PAIR     SIDE       ENTRY      MARK    MOVE     P&L   AGE  THESIS
  ARK      LONG    0.214400  0.220100  +2.66%   +0.53   12m  + 69% left
  JTO      LONG    0.511200  0.511200  +0.00%   -0.05    0m  - 100% left
  ------------------------------------------------------------------------------------------------
  SESSION   $+0.48 +0.19%
  CURVE     ========================================+
  DAY       real $-2.49  limit $9.44 (3.74%)  26% used
            #######...................
  MONTH     dial 15%  used $2.66 of $37.92  from $252.81
  RECORD    no closed trades yet this run
  LIFETIME  129tr 40W 89L 31%  $+0.14
  FEES      $0.02  mk2/tk0  0.007% of eq
  SCAN      805 > 70 > 3 passed  top JTO 0.63 (viable)  43 scans, 1905 analysed
  MARKET    TRENDING  bias +0.55  breadth +0.00  taker flow -0.46
  NEWS      62 articles  ~ tone +0.04  TRUMP +0.34  ONDO +0.27  UNI -0.26
  INFO      3 tilted  flow/fund/news/oi on 156
  MOVERS    QNT +42% cut  XPL +36% #9  ONDO +34% #3  BROCCOLI +33% #18
  ------------------------------------------------------------------------------------------------



  14:10  up 5h34m  scan 45 -----------------------------------------------------------------------
  EQUITY    $250.79  unreal $+0.65
  OPEN      2 pos $43.39 (17%)  free $206.75
  ------------------------------------------------------------------------------------------------
  PAIR     SIDE       ENTRY      MARK    MOVE     P&L   AGE  THESIS
  ARK      LONG    0.214400  0.220200  +2.71%   +0.54   20m  + 76% left
  JTO      LONG    0.511200  0.512400  +0.23%   +0.10    8m  + 51% left
  ------------------------------------------------------------------------------------------------
  SESSION   $+0.65 +0.26%
  CURVE     ========================================++
  DAY       real $-2.49  limit $9.44 (3.74%)  26% used
            #######...................
  MONTH     dial 15%  used $2.66 of $37.92  from $252.81
  RECORD    no closed trades yet this run
  LIFETIME  129tr 40W 89L 31%  $+0.14
  FEES      $0.02  mk2/tk0  0.007% of eq
  SCAN      805 > 4 > 1 passed  top ZEN 0.63 (viable)  45 scans, 1912 analysed
  MARKET    TRENDING  bias +0.59  breadth +0.00  taker flow +0.46
  NEWS      65 articles  + tone +0.30  TRUMP +0.34  ONDO +0.27  UNI -0.26
  INFO      1 tilted  flow/fund/news/oi on 158
  MOVERS    QNT +39% cut  XPL +38% #9  BROCCOLI +36% #16  ONDO +31% #5
  ------------------------------------------------------------------------------------------------



  14:18  up 5h42m  scan 47 -----------------------------------------------------------------------
  EQUITY    $251.23  unreal $+1.09
  OPEN      2 pos $43.39 (17%)  free $206.75
  ------------------------------------------------------------------------------------------------
  PAIR     SIDE       ENTRY      MARK    MOVE     P&L   AGE  THESIS
  ARK      LONG    0.214400  0.220500  +2.85%   +0.57   29m  + 77% left
  JTO      LONG    0.511200  0.515500  +0.84%   +0.52   16m  + 51% left
  ------------------------------------------------------------------------------------------------
  SESSION   $+1.09 +0.43%
  CURVE     ========================================+++
  DAY       real $-2.49  limit $9.44 (3.74%)  26% used
            #######...................
  MONTH     dial 15%  used $2.66 of $37.92  from $252.81
  RECORD    no closed trades yet this run
  LIFETIME  129tr 40W 89L 31%  $+0.14
  FEES      $0.02  mk2/tk0  0.007% of eq
  SCAN      805 > 70 > 2 passed  top ZEN 0.51 (viable)  47 scans, 1983 analysed
  MARKET    MIXED  bias +0.38  breadth +0.00  taker flow +0.16
  NEWS      65 articles  + tone +0.30  TRUMP +0.34  ONDO +0.27  UNI -0.26
  INFO      2 tilted  flow/fund/news/oi on 158
  MOVERS    QNT +39% cut  XPL +38% #9  BROCCOLI +36% #16  ONDO +31% #5
  ------------------------------------------------------------------------------------------------

  -> 14:23  HALF   JTO LONG @0.518500  +1.43% $+0.47
       win half banked  maker  $11.32 rides on


  14:26  up 5h50m  scan 48 -----------------------------------------------------------------------
  EQUITY    $251.95  unreal $+1.33
  OPEN      2 pos $32.07 (13%)  free $218.55
  ------------------------------------------------------------------------------------------------
  PAIR     SIDE       ENTRY      MARK    MOVE     P&L   AGE  THESIS
  ARK      LONG    0.214400  0.224100  +4.52%   +0.92   37m  + 72% left
  JTO      LONG    0.511200  0.517800  +1.29%   +0.41   24m  + 51% left
  ------------------------------------------------------------------------------------------------
  SESSION   $+1.81 +0.72%
  CURVE     ==========================================++
  DAY       real $-2.02  limit $9.44 (3.74%)  21% used
            ######....................
  MONTH     dial 15%  used $2.19 of $37.92  from $252.81
  RECORD    no closed trades yet this run
  LIFETIME  129tr 40W 89L 31%  $+0.62
  FEES      $0.02  mk3/tk0  0.010% of eq
  SCAN      805 > 14 > 0 passed  top JASMY 0.91 (vol_floor)  48 scans, 1997 analysed
  MARKET    MIXED  bias +0.39  breadth +0.63  taker flow +0.04
  NEWS      65 articles  + tone +0.30  TAO +0.48  HYPE +0.34  TRUMP +0.34
  INFO      2 tilted  flow/fund/news/oi on 158
  MOVERS    QNT +40% #14  XPL +33% #9  ONDO +32% #3  BROCCOLI +29% #22
  ------------------------------------------------------------------------------------------------

  -> 14:34  HALF   ARK LONG @0.229200  +6.90% $+0.71
       win half banked  maker  $10.38 rides on


  14:36  up 6h00m  scan 49 -----------------------------------------------------------------------
  EQUITY    $252.53  unreal $+1.20
  OPEN      2 pos $21.70 (9%)  free $229.63
  ------------------------------------------------------------------------------------------------
  PAIR     SIDE       ENTRY      MARK    MOVE     P&L   AGE  THESIS
  ARK      LONG    0.214400  0.230200  +7.37%   +0.76   47m  + 73% left
  JTO      LONG    0.511200  0.518300  +1.39%   +0.44   34m  + 55% left
  ------------------------------------------------------------------------------------------------
  SESSION   $+2.39 +0.95%
  CURVE     ==========================================+++
  DAY       real $-1.30  limit $9.44 (3.74%)  14% used
            ####......................
  MONTH     dial 15%  used $1.48 of $37.92  from $252.81
  RECORD    no closed trades yet this run
  LIFETIME  129tr 40W 89L 31%  $+1.33
  FEES      $0.03  mk4/tk0  0.011% of eq
  SCAN      805 > 69 > 8 passed  top ARK 0.87 (viable)  49 scans, 2066 analysed
  MARKET    TRENDING  bias +0.51  breadth +0.00  taker flow -0.20
  NEWS      65 articles  + tone +0.30  TAO +0.48  HYPE +0.34  UNI -0.26
  INFO      8 tilted  flow/fund/news/oi on 160
  MOVERS    QNT +39% #18  XPL +35% #9  ARK +33% #30  ONDO +32% #4
  ------------------------------------------------------------------------------------------------



  14:44  up 6h08m  scan 51 -----------------------------------------------------------------------
  EQUITY    $252.89  unreal $+1.56
  OPEN      2 pos $21.70 (9%)  free $229.63
  ------------------------------------------------------------------------------------------------
  PAIR     SIDE       ENTRY      MARK    MOVE     P&L   AGE  THESIS
  ARK      LONG    0.214400  0.234400  +9.33%   +0.96   55m  + 75% left
  JTO      LONG    0.511200  0.520600  +1.84%   +0.60   42m  + 56% left
  ------------------------------------------------------------------------------------------------
  SESSION   $+2.75 +1.10%
  CURVE     ===========================================+++
  DAY       real $-1.30  limit $9.44 (3.74%)  14% used
            ####......................
  MONTH     dial 15%  used $1.48 of $37.92  from $252.81
  RECORD    no closed trades yet this run
  LIFETIME  129tr 40W 89L 31%  $+1.33
  FEES      $0.03  mk4/tk0  0.011% of eq
  SCAN      805 > 3 > 0 passed  top POL 0.28 (late-leg F=-0.17)  51 scans, 2077 analysed
  MARKET    TRENDING  bias +0.50  breadth +0.88  taker flow +0.02
  NEWS      65 articles  - tone -0.08  TAO +0.48  HYPE +0.34  UNI -0.26
  INFO      8 tilted  flow/fund/news/oi on 160
  MOVERS    QNT +38% #17  XPL +35% #9  ARK +34% #31  ONDO +30% #4
  ------------------------------------------------------------------------------------------------

  << 14:46  CLOSE  JTO LONG @0.519500  +1.62% $+1.01  WIN
       held 43m  EARLY_PEAK_CAPTURE: peak  kept 79% of a +2.05% peak  +1.24R  maker
  << 14:46  CLOSE  ARK LONG @0.229800  +7.18% $+1.45  WIN
       held 57m  EARLY_PEAK_CAPTURE: peak  kept 77% of a +9.33% peak  +1.54R  maker
  >> 14:52  OPEN   SEI LONG @0.066190  x1 $29.93
       target +9.4%  stop -2.4%  entry score 0.77  maker
  >> 14:52  OPEN   PENDLE LONG @2.6163  x1 $37.29
       target +6.0%  stop -1.7%  entry score 0.62  maker


  14:52  up 6h16m  scan 52 -----------------------------------------------------------------------
  EQUITY    $252.62  unreal $+0.01
  OPEN      2 pos $67.22 (27%)  free $185.39
  ------------------------------------------------------------------------------------------------
  PAIR     SIDE       ENTRY      MARK    MOVE     P&L   AGE  THESIS
  SEI      LONG    0.066190  0.066270  +0.12%   +0.01    0m  + 66% left
  PENDLE   LONG      2.6163    2.6182  +0.07%   -0.00    0m  - 68% left
  ------------------------------------------------------------------------------------------------
  SESSION   $+2.48 +0.99%  peak $252.89  dd 0.11%
  CURVE     ===========================================++++++
  DAY       real $-0.03  limit $9.44 (3.74%)  0% used
            ..........................
  MONTH     dial 15%  used $0.20 of $37.92  from $252.81
  RECORD    2 closed  2W 0L  win 100%  avg $+1.23/tr  best $+1.45  worst $+1.01
  LIFETIME  131tr 42W 89L 32%  $+2.61
  FEES      $0.05  mk8/tk0  0.020% of eq
  SCAN      805 > 69 > 7 passed  top SEI 0.77 (viable)  52 scans, 2146 analysed
  MARKET    TRENDING  bias +0.59  breadth +0.00  taker flow -0.27
  NEWS      65 articles  - tone -0.08  TAO +0.48  HYPE +0.34  UNI -0.26
  INFO      6 tilted  flow/fund/news/oi on 160
            info>0 1tr $+1.01 win 100%  info≤0 1tr $+1.45 win 100%
  MOVERS    QNT +38% #17  XPL +35% #9  ARK +34% #31  ONDO +30% #4
  TAPE      + +
  ------------------------------------------------------------------------------------------------



  15:01  up 6h24m  scan 54 -----------------------------------------------------------------------
  EQUITY    $252.86  unreal $+0.25
  OPEN      2 pos $67.22 (27%)  free $185.39
  ------------------------------------------------------------------------------------------------
  PAIR     SIDE       ENTRY      MARK    MOVE     P&L   AGE  THESIS
  SEI      LONG    0.066190  0.066380  +0.29%   +0.06    8m  + 61% left
  PENDLE   LONG      2.6163    2.6314  +0.58%   +0.19    8m  + 40% left
  ------------------------------------------------------------------------------------------------
  SESSION   $+2.72 +1.09%  peak $252.89  dd 0.01%
  CURVE     ===========================================+++++++
  DAY       real $-0.03  limit $9.44 (3.74%)  0% used
            ..........................
  MONTH     dial 15%  used $0.20 of $37.92  from $252.81
  RECORD    2 closed  2W 0L  win 100%  avg $+1.23/tr  best $+1.45  worst $+1.01
  LIFETIME  131tr 42W 89L 32%  $+2.61
  FEES      $0.05  mk8/tk0  0.020% of eq
  SCAN      805 > 1 > 0 passed  top SPK 0.72 (mtf_disagree)  54 scans, 2165 analysed
  MARKET    TRENDING  bias +0.59  breadth +0.61  taker flow -0.43
  NEWS      65 articles  - tone -0.08  ONE +0.26  BNB +0.21  NEAR -0.18
  INFO      1 tilted  flow/fund/news/oi on 162
            info>0 1tr $+1.01 win 100%  info≤0 1tr $+1.45 win 100%
  MOVERS    QNT +39% cut  XPL +34% #12  ONDO +30% #4  ARK +30% #36
  TAPE      + +
  ------------------------------------------------------------------------------------------------



  15:09  up 6h32m  scan 56 -----------------------------------------------------------------------
  EQUITY    $253.08  unreal $+0.47
  OPEN      2 pos $67.22 (27%)  free $185.39
  ------------------------------------------------------------------------------------------------
  PAIR     SIDE       ENTRY      MARK    MOVE     P&L   AGE  THESIS
  SEI      LONG    0.066190  0.066950  +1.15%   +0.32   16m  + 45% left
  PENDLE   LONG      2.6163    2.6292  +0.49%   +0.15   16m  + 53% left
  ------------------------------------------------------------------------------------------------
  SESSION   $+2.94 +1.17%
  CURVE     ===========================================++++++++
  DAY       real $-0.03  limit $9.44 (3.74%)  0% used
            ..........................
  MONTH     dial 15%  used $0.20 of $37.92  from $252.81
  RECORD    2 closed  2W 0L  win 100%  avg $+1.23/tr  best $+1.45  worst $+1.01
  LIFETIME  131tr 42W 89L 32%  $+2.61
  FEES      $0.05  mk8/tk0  0.020% of eq
  SCAN      805 > 22 > 0 passed  top SPK 1.02 (mtf_disagree)  56 scans, 2257 analysed
  MARKET    TRENDING  bias +0.69  breadth +0.76  taker flow -0.02
  NEWS      65 articles  - tone -0.08  ONE +0.26  BNB +0.21  NEAR -0.18
  INFO      10 tilted  flow/fund/news/oi on 162
            info>0 1tr $+1.01 win 100%  info≤0 1tr $+1.45 win 100%
  MOVERS    QNT +37% cut  XPL +33% #13  ONDO +31% #5  PHA +26% cut
  TAPE      + +
  ------------------------------------------------------------------------------------------------



  15:18  up 6h42m  scan 57 -----------------------------------------------------------------------
  EQUITY    $252.84  unreal $+0.23
  OPEN      2 pos $67.22 (27%)  free $185.39
  ------------------------------------------------------------------------------------------------
  PAIR     SIDE       ENTRY      MARK    MOVE     P&L   AGE  THESIS
  SEI      LONG    0.066190  0.066650  +0.69%   +0.18   26m  + 57% left
  PENDLE   LONG      2.6163    2.6216  +0.20%   +0.05   26m  + 47% left
  ------------------------------------------------------------------------------------------------
  SESSION   $+2.70 +1.08%  peak $253.08  dd 0.09%
  CURVE     ===========================================+++++++++
  DAY       real $-0.03  limit $9.44 (3.74%)  0% used
            ..........................
  MONTH     dial 15%  used $0.20 of $37.92  from $252.81
  RECORD    2 closed  2W 0L  win 100%  avg $+1.23/tr  best $+1.45  worst $+1.01
  LIFETIME  131tr 42W 89L 32%  $+2.61
  FEES      $0.05  mk8/tk0  0.020% of eq
  SCAN      805 > 72 > 4 passed  top SEI 0.87 (viable)  57 scans, 2329 analysed
  MARKET    MIXED  bias +0.54  breadth +0.00  taker flow -0.20
  NEWS      65 articles  - tone -0.21  ONE +0.26  BNB +0.21  NEAR -0.18
  INFO      4 tilted  flow/fund/news/oi on 165
            info>0 1tr $+1.01 win 100%  info≤0 1tr $+1.45 win 100%
  MOVERS    QNT +37% cut  XPL +33% #13  ONDO +31% #5  PHA +26% cut
  TAPE      + +
  ------------------------------------------------------------------------------------------------



  15:26  up 6h50m  scan 58 -----------------------------------------------------------------------
  EQUITY    $252.80  unreal $+0.19
  OPEN      2 pos $67.22 (27%)  free $185.39
  ------------------------------------------------------------------------------------------------
  PAIR     SIDE       ENTRY      MARK    MOVE     P&L   AGE  THESIS
  SEI      LONG    0.066190  0.066940  +1.13%   +0.31   34m  + 61% left
  PENDLE   LONG      2.6163    2.6096  -0.26%   -0.13   34m  - 19% left
  ------------------------------------------------------------------------------------------------
  SESSION   $+2.66 +1.06%  peak $253.08  dd 0.11%
  CURVE     ===========================================++++++++++
  DAY       real $-0.03  limit $9.44 (3.74%)  0% used
            ..........................
  MONTH     dial 15%  used $0.20 of $37.92  from $252.81
  RECORD    2 closed  2W 0L  win 100%  avg $+1.23/tr  best $+1.45  worst $+1.01
  LIFETIME  131tr 42W 89L 32%  $+2.61
  FEES      $0.05  mk8/tk0  0.020% of eq
  SCAN      805 > 15 > 0 passed  top AR 1.01 (mtf_disagree)  58 scans, 2344 analysed
  MARKET    MIXED  bias +0.53  breadth +0.53  taker flow -0.07
  NEWS      65 articles  - tone -0.21  BGB -0.44  ONE +0.26  ETH +0.22
  INFO      4 tilted  flow/fund/news/oi on 165
            info>0 1tr $+1.01 win 100%  info≤0 1tr $+1.45 win 100%
  MOVERS    QNT +38% cut  ONDO +32% #5  XPL +31% cut  BROCCOLI +27% #25
  TAPE      + +
  ------------------------------------------------------------------------------------------------

  << 15:27  CLOSE  PENDLE LONG @2.6122  -0.16% $-0.09  LOSS
       held 35m  C399_CONVICTION_COLLAPSE  round trip from +0.72%  -0.07R  TAKER
  >> 15:35  OPEN   JTO LONG @0.533500  x1 $30.22
       target +8.2%  stop -2.4%  entry score 0.79  maker


  15:35  up 6h58m  scan 59 -----------------------------------------------------------------------
  EQUITY    $252.66  unreal $+0.14
  OPEN      2 pos $60.15 (24%)  free $192.37
  ------------------------------------------------------------------------------------------------
  PAIR     SIDE       ENTRY      MARK    MOVE     P&L   AGE  THESIS
  SEI      LONG    0.066190  0.066590  +0.60%   +0.16   42m  + 51% left
  JTO      LONG    0.533500  0.533600  +0.02%   -0.02    0m  - 100% left
  ------------------------------------------------------------------------------------------------
  SESSION   $+2.52 +1.01%  peak $253.08  dd 0.17%
  CURVE     ===========================================++++++++++++
  DAY       real $-0.11  limit $9.44 (3.74%)  1% used
            ..........................
  MONTH     dial 15%  used $0.29 of $37.92  from $252.81
  RECORD    3 closed  2W 1L  win 67%  payoff 13.94  avg $+0.79/tr  best $+1.45  worst $-0.09
            break-even 7%
  LIFETIME  132tr 42W 90L 32%  $+2.52
  FEES      $0.08  mk9/tk1  0.031% of eq
  SCAN      805 > 71 > 6 passed  top JTO 0.79 (viable)  59 scans, 2415 analysed
  MARKET    MIXED  bias +0.54  breadth +0.00  taker flow -0.10
  NEWS      65 articles  - tone -0.21  BGB -0.44  ONE +0.26  ETH +0.22
  INFO      6 tilted  flow/fund/news/oi on 169
            info>0 1tr $+1.01 win 100%  info≤0 2tr $+0.68 win 50%
  MOVERS    QNT +36% cut  ONDO +31% #6  XPL +30% cut  ARK +26% #37
  TAPE      + + -
  ------------------------------------------------------------------------------------------------

  << 15:42  CLOSE  SEI LONG @0.066230  +0.06% $-0.01  LOSS
       held 50m  PEAK_FLOOR: peaked at +1  kept 4% of a +1.47% peak  +0.02R  TAKER


  15:43  up 7h06m  scan 61 -----------------------------------------------------------------------
  EQUITY    $252.55  unreal $+0.04
  OPEN      1 pos $30.22 (12%)  free $222.29
  ------------------------------------------------------------------------------------------------
  PAIR     SIDE       ENTRY      MARK    MOVE     P&L   AGE  THESIS
  JTO      LONG    0.533500  0.534700  +0.22%   +0.04    8m  + 60% left
  ------------------------------------------------------------------------------------------------
  SESSION   $+2.41 +0.96%  peak $253.08  dd 0.21%
  CURVE     ===========================================++++++++++++++
  DAY       real $-0.12  limit $9.44 (3.74%)  1% used
            ..........................
  MONTH     dial 15%  used $0.29 of $37.92  from $252.81
  RECORD    4 closed  2W 2L  win 50%  payoff 26.14  avg $+0.59/tr  best $+1.45  worst $-0.09
            break-even 4%
  LIFETIME  133tr 42W 91L 32%  $+2.51
  FEES      $0.10  mk9/tk2  0.038% of eq
  SCAN      805 > 3 > 0 passed  top REZ 1.28 (vol_floor)  61 scans, 2424 analysed
  MARKET    MIXED  bias +0.52  breadth +0.00  taker flow +0.09
  NEWS      65 articles  - tone -0.21  BGB -0.44  ONE +0.26  ETH +0.22
  INFO      6 tilted  flow/fund/news/oi on 169
            info>0 1tr $+1.01 win 100%  info≤0 3tr $+0.45 win 33%
  MOVERS    QNT +39% cut  ONDO +31% #6  XPL +30% cut  ARK +29% #32
  TAPE      + + - -
  ------------------------------------------------------------------------------------------------

  >> 15:47  OPEN   AR LONG @4.8340  x1 $32.47
       target +7.5%  stop -2.2%  entry score 0.74  maker
  >> 15:47  OPEN   ALGO LONG @0.117060  x2 $24.46
       target +5.0%  stop -1.4%  entry score 0.50  maker


  15:51  up 7h14m  scan 63 -----------------------------------------------------------------------
  EQUITY    $252.24  unreal $-0.27
  OPEN      3 pos $87.15 (35%)  free $165.36
  ------------------------------------------------------------------------------------------------
  PAIR     SIDE       ENTRY      MARK    MOVE     P&L   AGE  THESIS
  JTO      LONG    0.533500  0.531400  -0.39%   -0.14   16m  - 64% left
  AR       LONG      4.8340    4.8190  -0.31%   -0.13    4m  - 72% left
  ALGO     LONG    0.117060  0.117150  +0.08%   -0.00    4m  - 45% left
  ------------------------------------------------------------------------------------------------
  SESSION   $+2.10 +0.84%  peak $253.08  dd 0.33%
  CURVE     ===========================================+++++++++++++++
  DAY       real $-0.12  limit $9.44 (3.74%)  1% used
            ..........................
  MONTH     dial 15%  used $0.29 of $37.92  from $252.81
  RECORD    4 closed  2W 2L  win 50%  payoff 26.14  avg $+0.59/tr  best $+1.45  worst $-0.09
            break-even 4%
  LIFETIME  133tr 42W 91L 32%  $+2.51
  FEES      $0.11  mk11/tk2  0.044% of eq
  SCAN      805 > 13 > 0 passed  top AR 0.68 (corr_cap)  63 scans, 2506 analysed
  MARKET    TRENDING  bias +0.49  breadth +0.71  taker flow +0.09
  NEWS      65 articles  ~ tone +0.00  XRP +0.70  BNB +0.53  PUMP +0.53
  INFO      2 tilted  flow/fund/news/oi on 170
            info>0 1tr $+1.01 win 100%  info≤0 3tr $+0.45 win 33%
  MOVERS    QNT +39% #17  ONDO +31% #6  XPL +30% cut  ARK +30% #38
  TAPE      + + - -
  ------------------------------------------------------------------------------------------------



  15:59  up 7h22m  scan 63 -----------------------------------------------------------------------
  EQUITY    $253.26  unreal $+0.75
  OPEN      3 pos $87.15 (34%)  free $165.36
  ------------------------------------------------------------------------------------------------
  PAIR     SIDE       ENTRY      MARK    MOVE     P&L   AGE  THESIS
  JTO      LONG    0.533500  0.542800  +1.74%   +0.50   24m  + 63% left
  AR       LONG      4.8340    4.8310  -0.06%   -0.05   12m  - 69% left
  ALGO     LONG    0.117060  0.117860  +0.68%   +0.29   12m  + 50% left
  ------------------------------------------------------------------------------------------------
  SESSION   $+3.12 +1.25%
  CURVE     ===========================================++++++++++++++++
  DAY       real $-0.12  limit $9.44 (3.74%)  1% used
            ..........................
  MONTH     dial 15%  used $0.29 of $37.92  from $252.81
  RECORD    4 closed  2W 2L  win 50%  payoff 26.14  avg $+0.59/tr  best $+1.45  worst $-0.09
            break-even 4%
  LIFETIME  133tr 42W 91L 32%  $+2.51
  FEES      $0.11  mk11/tk2  0.044% of eq
  SCAN      805 > 13 > 0 passed  top AR 0.68 (corr_cap)  63 scans, 2506 analysed
  MARKET    TRENDING  bias +0.49  breadth +0.00  taker flow +0.42
  NEWS      65 articles  ~ tone +0.00  XRP +0.70  BNB +0.53  PUMP +0.53
  INFO      2 tilted  flow/fund/news/oi on 170
            info>0 1tr $+1.01 win 100%  info≤0 3tr $+0.45 win 33%
  MOVERS    QNT +39% #17  ONDO +31% #6  XPL +30% cut  ARK +30% #38
  TAPE      + + - -
  ------------------------------------------------------------------------------------------------



  16:07  up 7h30m  scan 64 -----------------------------------------------------------------------
  EQUITY    $253.18  unreal $+0.67
  OPEN      3 pos $87.15 (34%)  free $165.36
  ------------------------------------------------------------------------------------------------
  PAIR     SIDE       ENTRY      MARK    MOVE     P&L   AGE  THESIS
  JTO      LONG    0.533500  0.545200  +2.19%   +0.64   32m  + 72% left
  AR       LONG      4.8340    4.8110  -0.48%   -0.18   20m  - 60% left
  ALGO     LONG    0.117060  0.117650  +0.50%   +0.21   20m  + 62% left
  ------------------------------------------------------------------------------------------------
  SESSION   $+3.04 +1.21%  peak $253.26  dd 0.03%
  CURVE     ===========================================+++++++++++++++++
  DAY       real $-0.12  limit $9.44 (3.74%)  1% used
            ..........................
  MONTH     dial 15%  used $0.29 of $37.92  from $252.81
  RECORD    4 closed  2W 2L  win 50%  payoff 26.14  avg $+0.59/tr  best $+1.45  worst $-0.09
            break-even 4%
  LIFETIME  133tr 42W 91L 32%  $+2.51
  FEES      $0.11  mk11/tk2  0.044% of eq
  SCAN      805 > 71 > 0 passed  top LINK 0.92 (absorption cvd=-0.)  64 scans, 2577 analysed
  MARKET    TRENDING  bias +0.59  breadth +0.73  taker flow +0.25
  NEWS      65 articles  ~ tone +0.00  XRP +0.70  BNB +0.53  PUMP +0.53
  INFO      2 tilted  flow/fund/news/oi on 170
            info>0 1tr $+1.01 win 100%  info≤0 3tr $+0.45 win 33%
  MOVERS    QNT +38% #18  ONDO +32% #6  XPL +32% cut  ARK +30% #35
  TAPE      + + - -
  ------------------------------------------------------------------------------------------------

  -> 16:08  HALF   JTO LONG @0.547200  +2.57% $+0.38
       win half banked  maker  $15.11 rides on


  16:15  up 7h39m  scan 65 -----------------------------------------------------------------------
  EQUITY    $253.14  unreal $+0.25
  OPEN      3 pos $72.04 (28%)  free $180.85
  ------------------------------------------------------------------------------------------------
  PAIR     SIDE       ENTRY      MARK    MOVE     P&L   AGE  THESIS
  JTO      LONG    0.533500  0.544300  +2.02%   +0.29   40m  + 76% left
  AR       LONG      4.8340    4.8090  -0.52%   -0.19   28m  - 53% left
  ALGO     LONG    0.117060  0.117510  +0.38%   +0.15   28m  + 61% left
  ------------------------------------------------------------------------------------------------
  SESSION   $+3.00 +1.20%  peak $253.26  dd 0.05%
  CURVE     ===========================================++++++++++++++++++
  DAY       real $+0.26  limit $9.44 (3.74%)  0% used
            ..........................
  MONTH     dial 15%  used $0.00 of $37.92  from $252.81
  RECORD    4 closed  2W 2L  win 50%  payoff 26.14  avg $+0.59/tr  best $+1.45  worst $-0.09
            break-even 4%
  LIFETIME  133tr 42W 91L 32%  $+2.89
  FEES      $0.12  mk12/tk2  0.045% of eq
  SCAN      805 > 2 > 0 passed  top ZEN 0.75 (corr_cap)  65 scans, 2579 analysed
  MARKET    TRENDING  bias +0.59  breadth +0.00  taker flow +0.06
  NEWS      65 articles  ~ tone +0.00  XRP +0.70  BNB +0.53  PUMP +0.53
  INFO      2 tilted  flow/fund/news/oi on 170
            info>0 1tr $+1.01 win 100%  info≤0 3tr $+0.45 win 33%
  MOVERS    QNT +40% #16  ARK +33% #26  ONDO +31% #6  XPL +30% cut
  TAPE      + + - -
  ------------------------------------------------------------------------------------------------



  16:23  up 7h47m  scan 67 -----------------------------------------------------------------------
  EQUITY    $253.21  unreal $+0.32
  OPEN      3 pos $72.04 (28%)  free $180.85
  ------------------------------------------------------------------------------------------------
  PAIR     SIDE       ENTRY      MARK    MOVE     P&L   AGE  THESIS
  JTO      LONG    0.533500  0.546800  +2.49%   +0.36   48m  + 72% left
  AR       LONG      4.8340    4.8190  -0.31%   -0.13   36m  - 55% left
  ALGO     LONG    0.117060  0.117350  +0.25%   +0.08   36m  + 46% left
  ------------------------------------------------------------------------------------------------
  SESSION   $+3.07 +1.23%  peak $253.26  dd 0.02%
  CURVE     ===========================================+++++++++++++++++++
  DAY       real $+0.26  limit $9.44 (3.74%)  0% used
            ..........................
  MONTH     dial 15%  used $0.00 of $37.92  from $252.81
  RECORD    4 closed  2W 2L  win 50%  payoff 26.14  avg $+0.59/tr  best $+1.45  worst $-0.09
            break-even 4%
  LIFETIME  133tr 42W 91L 32%  $+2.89
  FEES      $0.12  mk12/tk2  0.045% of eq
  SCAN      805 > 11 > 0 passed  top CC 1.06 (corr_cap)  67 scans, 2660 analysed
  MARKET    TRENDING  bias +0.69  breadth +0.76  taker flow -0.13
  NEWS      64 articles  - tone -0.10  BNB +0.53  AVAX -0.53  BGB -0.25
  INFO      2 tilted  flow/fund/news/oi on 170
            info>0 1tr $+1.01 win 100%  info≤0 3tr $+0.45 win 33%
  MOVERS    QNT +36% #18  ARK +35% #25  ONDO +30% #6  XPL +29% cut
  TAPE      + + - -
  ------------------------------------------------------------------------------------------------



  16:31  up 7h55m  scan 67 -----------------------------------------------------------------------
  EQUITY    $253.29  unreal $+0.40
  OPEN      3 pos $72.04 (28%)  free $180.85
  ------------------------------------------------------------------------------------------------
  PAIR     SIDE       ENTRY      MARK    MOVE     P&L   AGE  THESIS
  JTO      LONG    0.533500  0.549200  +2.94%   +0.43   56m  + 71% left
  AR       LONG      4.8340    4.8060  -0.58%   -0.21   44m  - 66% left
  ALGO     LONG    0.117060  0.117580  +0.44%   +0.18   44m  + 40% left
  ------------------------------------------------------------------------------------------------
  SESSION   $+3.15 +1.26%
  CURVE     ===========================================++++++++++++++++++++
  DAY       real $+0.26  limit $9.44 (3.74%)  0% used
            ..........................
  MONTH     dial 15%  used $0.00 of $37.92  from $252.81
  RECORD    4 closed  2W 2L  win 50%  payoff 26.14  avg $+0.59/tr  best $+1.45  worst $-0.09
            break-even 4%
  LIFETIME  133tr 42W 91L 32%  $+2.89
  FEES      $0.12  mk12/tk2  0.045% of eq
  SCAN      805 > 11 > 0 passed  top CC 1.06 (corr_cap)  67 scans, 2660 analysed
  MARKET    TRENDING  bias +0.68  breadth +0.00  taker flow -0.18
  NEWS      64 articles  - tone -0.10  BNB +0.53  AVAX -0.53  BGB -0.45
  INFO      2 tilted  flow/fund/news/oi on 170
            info>0 1tr $+1.01 win 100%  info≤0 3tr $+0.45 win 33%
  MOVERS    QNT +36% #18  ARK +35% #25  ONDO +30% #6  XPL +29% cut
  TAPE      + + - -
  ------------------------------------------------------------------------------------------------



  16:39  up 8h03m  scan 68 -----------------------------------------------------------------------
  EQUITY    $253.83  unreal $+0.94
  OPEN      3 pos $72.04 (28%)  free $180.85
  ------------------------------------------------------------------------------------------------
  PAIR     SIDE       ENTRY      MARK    MOVE     P&L   AGE  THESIS
  JTO      LONG    0.533500  0.551100  +3.30%   +0.49 1h04m  + 59% left
  AR       LONG      4.8340    4.8320  -0.04%   -0.04   52m  - 72% left
  ALGO     LONG    0.117060  0.118330  +1.08%   +0.49   52m  + 61% left
  ------------------------------------------------------------------------------------------------
  SESSION   $+3.69 +1.47%
  CURVE     ===========================================+++++++++++++++++++++
  DAY       real $+0.26  limit $9.44 (3.74%)  0% used
            ..........................
  MONTH     dial 15%  used $0.00 of $37.92  from $252.81
  RECORD    4 closed  2W 2L  win 50%  payoff 26.14  avg $+0.59/tr  best $+1.45  worst $-0.09
            break-even 4%
  LIFETIME  133tr 42W 91L 32%  $+2.89
  FEES      $0.12  mk12/tk2  0.045% of eq
  SCAN      805 > 69 > 0 passed  top ZEN 1.41 (corr_cap)  68 scans, 2729 analysed
  MARKET    TRENDING  bias +0.69  breadth +0.65  taker flow -0.19
  NEWS      64 articles  - tone -0.10  BNB +0.53  AVAX -0.53  BGB -0.45
  INFO      2 tilted  flow/fund/news/oi on 170
            info>0 1tr $+1.01 win 100%  info≤0 3tr $+0.45 win 33%
  MOVERS    ARK +36% #26  QNT +36% #19  XPL +30% cut  ONDO +30% #6
  TAPE      + + - -
  ------------------------------------------------------------------------------------------------



  16:48  up 8h11m  scan 70 -----------------------------------------------------------------------
  EQUITY    $253.51  unreal $+0.62
  OPEN      3 pos $72.04 (28%)  free $180.85
  ------------------------------------------------------------------------------------------------
  PAIR     SIDE       ENTRY      MARK    MOVE     P&L   AGE  THESIS
  JTO      LONG    0.533500  0.551600  +3.39%   +0.50 1h13m  + 26% left
  AR       LONG      4.8340    4.7950  -0.81%   -0.29 1h01m  - 63% left
  ALGO     LONG    0.117060  0.118120  +0.91%   +0.40 1h01m  + 67% left
  ------------------------------------------------------------------------------------------------
  SESSION   $+3.37 +1.35%  peak $253.83  dd 0.13%
  CURVE     ===========================================++++++++++++++++++++++
  DAY       real $+0.26  limit $9.44 (3.74%)  0% used
            ..........................
  MONTH     dial 15%  used $0.00 of $37.92  from $252.81
  RECORD    4 closed  2W 2L  win 50%  payoff 26.14  avg $+0.59/tr  best $+1.45  worst $-0.09
            break-even 4%
  LIFETIME  133tr 42W 91L 32%  $+2.89
  FEES      $0.12  mk12/tk2  0.045% of eq
  SCAN      805 > 69 > 0 passed  top FET 1.47 (corr_cap)  70 scans, 2805 analysed
  MARKET    TRENDING  bias +0.79  breadth +0.00  taker flow +0.68
  NEWS      64 articles  - tone -0.10  BNB +0.53  AVAX -0.53  BGB -0.45
  INFO      2 tilted  flow/fund/news/oi on 170
            info>0 1tr $+1.01 win 100%  info≤0 3tr $+0.45 win 33%
  MOVERS    ARK +38% #25  QNT +36% #21  XPL +32% cut  ONDO +30% #6
  TAPE      + + - -
  ------------------------------------------------------------------------------------------------

  << 16:50  CLOSE  AR LONG @4.7640  -1.45% $-0.50  LOSS
       held 1h03m  C399_CONVICTION_COLLAPSE  round trip from +0.37%  -0.50R  TAKER
  << 16:53  CLOSE  JTO LONG @0.542900  +1.76% $+0.64  WIN
       held 1h18m  TRAILING_TP: peak=+3.8%   kept 46% of a +3.81% peak  +0.56R  maker


  16:56  up 8h19m  scan 71 -----------------------------------------------------------------------
  EQUITY    $252.66
  OPEN      1 pos $24.46 (10%)  free $228.20
  ------------------------------------------------------------------------------------------------
  PAIR     SIDE       ENTRY      MARK    MOVE     P&L   AGE  THESIS
  ALGO     LONG    0.117060  0.117150  +0.08%   -0.00 1h09m  - 12% left
  ------------------------------------------------------------------------------------------------
  SESSION   $+2.52 +1.01%  peak $253.83  dd 0.46%
  CURVE     ===========================================+++++++++++++++++++++++++
  DAY       real $+0.03  limit $9.44 (3.74%)  0% used
            ..........................
  MONTH     dial 15%  used $0.15 of $37.92  from $252.81
  RECORD    6 closed  3W 3L  win 50%  payoff 5.26  avg $+0.42/tr  best $+1.45  worst $-0.50
            break-even 16%
  LIFETIME  135tr 43W 92L 32%  $+2.66
  FEES      $0.14  mk13/tk3  0.054% of eq
  SCAN      805 > 12 > 1 passed  top MOVR 0.77 (viable)  71 scans, 2817 analysed
  MARKET    TRENDING  bias +0.81  breadth +0.00  taker flow +0.53
  NEWS      65 articles  + tone +0.06  BNB +0.53  AVAX -0.53  BGB -0.45
  INFO      1 tilted  flow/fund/news/oi on 177
            info>0 3tr $+0.39 win 67%  info≤0 3tr $+0.45 win 33%
  MOVERS    ARK +42% #21  QNT +35% cut  XPL +30% cut  ONDO +29% #6
  TAPE      + + - - - +
  ------------------------------------------------------------------------------------------------

  << 16:58  CLOSE  ALGO LONG @0.117030  -0.03% $-0.05  LOSS
       held 1h11m  PEAK_FLOOR: peaked at +2  round trip from +1.29%  -0.01R  TAKER


  17:04  up 8h28m  scan 71 -----------------------------------------------------------------------
  EQUITY    $252.61
  OPEN      flat  free $252.61
  SESSION   $+2.47 +0.99%  peak $253.83  dd 0.48%
  CURVE     ===========================================+++++++++++++++++++++++++++
  DAY       real $-0.03  limit $9.44 (3.74%)  0% used
            ..........................
  MONTH     dial 15%  used $0.20 of $37.92  from $252.81
  RECORD    7 closed  3W 4L  win 43%  payoff 6.45  avg $+0.35/tr  best $+1.45  worst $-0.50
            break-even 13%
  LIFETIME  136tr 43W 93L 32%  $+2.61
  FEES      $0.17  mk13/tk4  0.066% of eq
  SCAN      805 > 12 > 1 passed  top MOVR 0.77 (viable)  71 scans, 2817 analysed
  MARKET    TRENDING  bias +0.81  breadth +0.00  taker flow +0.33
  NEWS      65 articles  + tone +0.06  BGB -0.45  JST +0.17  ARB -0.17
  INFO      1 tilted  flow/fund/news/oi on 177
            info>0 3tr $+0.39 win 67%  info≤0 4tr $+0.33 win 25%
  MOVERS    ARK +42% #21  QNT +35% cut  XPL +30% cut  ONDO +29% #6
  TAPE      + + - - - + -
  ------------------------------------------------------------------------------------------------

  >> 17:07  OPEN   ZEN LONG @7.6650  x2 $22.71
       target +4.9%  stop -1.4%  entry score 0.81  maker


  17:12  up 8h36m  scan 73 -----------------------------------------------------------------------
  EQUITY    $252.52  unreal $-0.09
  OPEN      1 pos $22.71 (9%)  free $229.90
  ------------------------------------------------------------------------------------------------
  PAIR     SIDE       ENTRY      MARK    MOVE     P&L   AGE  THESIS
  ZEN      LONG      7.6650    7.6560  -0.12%   -0.09    5m  - 43% left
  ------------------------------------------------------------------------------------------------
  SESSION   $+2.38 +0.95%  peak $253.83  dd 0.52%
  CURVE     ===========================================++++++++++++++++++++++++++++
  DAY       real $-0.03  limit $9.44 (3.74%)  0% used
            ..........................
  MONTH     dial 15%  used $0.20 of $37.92  from $252.81
  RECORD    7 closed  3W 4L  win 43%  payoff 6.45  avg $+0.35/tr  best $+1.45  worst $-0.50
            break-even 13%
  LIFETIME  136tr 43W 93L 32%  $+2.61
  FEES      $0.18  mk14/tk4  0.070% of eq
  SCAN      805 > 6 > 3 passed  top ZEC 0.56 (viable)  73 scans, 2893 analysed
  MARKET    TRENDING  bias +0.74  breadth +0.80  taker flow +0.24
  NEWS      65 articles  + tone +0.06  SUI +0.53  PEPE +0.32  FARTCOIN +0.24
  INFO      3 tilted  flow/fund/news/oi on 177
            info>0 3tr $+0.39 win 67%  info≤0 4tr $+0.33 win 25%
  MOVERS    ARK +39% #26  QNT +37% cut  XPL +29% cut  ONDO +29% cut
  TAPE      + + - - - + -
  ------------------------------------------------------------------------------------------------

