10:22:55 |    day cap 0.91%  |  per-trade risk 0.455%  |  break-even WR 50.0% AT 1:1 PAYOFF — no
    R-denominated payoff measured yet, so the honest break-even is the 1:1 figure above and nothing
    better [C406/C463-10]
10:22:55 | 📊 Paper Mode
10:22:58 | ✅ Connected | 797 futures markets
10:22:58 |    day cap 0.68%  |  per-trade risk 0.341%  |  break-even WR 50.0% AT 1:1 PAYOFF — at the
    measured 2.17 payoff (9W/9L in R) it is 32%, which is the number that matters [C406/C463-10]
 
  ================================================================================================
  OMEGA C479  PAPER  Bitget perps
  20 Sep 2026   10:22
  start $250.00  day -0.68% loss
  ================================================================================================
 
10:22:58 | ⚠️ Flask not available - web dashboard disabled
10:22:58 | 🌐 Remote control on http://0.0.0.0:8138 — TOKEN REQUIRED
10:22:58 |    📱 Same WiFi: http://10.0.0.160:8138/?t=<your token>
10:22:58 |    🌍 Internet: put a Cloudflare Tunnel in front of this port.
10:22:58 |        See deploy/DEPLOY.md — one command, no open ports, free.
10:22:58 |   4 EXIT       4 questions: HARD STOP · THESIS DEAD (C399 retention)
10:22:58 | 💡 Press Ctrl+C to stop safely
10:23:03 |    🪞 C266 board-parity (top movers vs screen): CELR +115%[#13] | ONE +65%[#7] | G
    +61%[#6] | AKE +40%[Live=0.20<cut] | B2 +33%[#15]
10:23:25 |    ⚖️ C462-7 G: penalties 0.57→0.23 (×0.41) vs bar 0.47 — the stack decided
10:23:29 |    ⚖️ C462-7 CELR: penalties 0.77→0.32 (×0.41) vs bar 0.47 — the stack decided
10:23:31 |    🎢→⚖️ BR: C292 stands down — parabola BROKEN (range 18×ATR, 3.9 ATR off the day
    extreme): the 24h 'trend' already failed structurally; counter-trend entry re-enters the TURNING
    path [C299]
10:23:33 |    ⚖️ C462-7 ADA: penalties 0.51→0.38 (×0.74) vs bar 0.47 — the stack decided
10:23:34 |    ⚖️ C462-7 INJ: penalties 0.52→0.23 (×0.44) vs bar 0.49 — the stack decided
10:23:41 |    🎢→⚖️ SYN: C292 stands down — parabola BROKEN (range 11×ATR, 5.1 ATR off the day
    extreme): the 24h 'trend' already failed structurally; counter-trend entry re-enters the TURNING
    path [C299]
10:23:55 |    ⚖️ C462-7 SKL: penalties 0.76→0.37 (×0.49) vs bar 0.47 — the stack decided
10:23:57 |    ⚖️ C462-7 C: penalties 0.86→0.42 (×0.49) vs bar 0.47 — the stack decided
10:24:00 |    ⚖️ C462-7 CTSI: penalties 0.97→0.40 (×0.41) vs bar 0.40 — the stack decided
10:24:01 |    ⚖️ C462-7 CYS: penalties 0.77→0.24 (×0.31) vs bar 0.40 — the stack decided
10:24:03 | 📊 Step 3 result: 60 analyzed → 0 passed | low_confidence=5, low_score=42,
    absorption_at_extreme=3, late_leg_no_forward=1, fee_floor=4, capitulation_short=1,
    flat_projection=3, no_structural_room=1
10:24:03 |    📌 Nearest miss: FET score=0.612 (pre-pen 0.83) conf=0.789 quality=0.483/0.26
    reason=pending

============================================================
📝 Log saved: 2026-09-20 10:25:47
============================================================
 
  SESSION SUMMARY --------------------------------------------------------------------------------
  RAN       0h02m  1 scans  60 pair-analyses  0 closed trades
  P&L       $+0.00 (+0.00%)  $250.00 > $250.00  maxDD 0.00%
  COST      fees $0.00  maker 0 / taker 0 fills
  ------------------------------------------------------------------------------------------------
 

============================================================
📝 Log saved: 2026-09-20 10:25:47
============================================================
