
  ================================================================================================
  OMEGA C510  PAPER  Bitget perps
  29 Sep 2026   14:13
  start $250.00 realised  risk dial 20%/month
  ================================================================================================

  RISK FRAME -------------------------------------------------------------------------------------
  EQUITY    $250.00 realised  804 markets
  MONTH     dial 20% = $50.00 this month  used $0.00 realised
  BOOK      daily trend + momentum + carry, rebalanced 00:05 UTC
            month guard on MARKED equity (open P&L counts)  intraday scanner idle
  ------------------------------------------------------------------------------------------------



  14:21  up 0h08m  scan 0 ------------------------------------------------------------------------
  EQUITY    $249.78  unreal $-0.16
  OPEN      no intraday positions  book holds 11 (BOOK row)  free $228.15 after open P&L
  SHADOW    intraday M1 $249.89 (-0.02%)  M1g $249.94 (+0.00%)  1d paper only
  CARRY     $249.54 (-0.16%)  8 held  paper only
  SPOT      $250.11 (+0.04%)  15 held  22% invested  cash earns 7.63%  paper pot
  SAVINGS   idle $165.73 (66%)  at 7.63% +$0.00 so far  ~$1.05/month  paper
  BOOK      11 pos gross $108.26 (0.43x)  open $-0.16  funding $+0.00  vol 27% top 20
            rebal 2026-09-29
  CONTEXT   since 29 Sep -0.09%  under a day: too early to judge
  RULE      C2 N2+N3  forward test (paper)
  TOURNEY   7 rules held since 2026-09-29  first scores at the next rebalance
  DATA      on time  prices 0s  funding booked  book today  shadow 08:00  carry today
            spot pot today
  SESSION   $-0.22 -0.09%  peak $250.00  dd 0.09%
  MONTH     book guard $0.22 of $50.00 used  on marked equity  from $250.00  dial 20%
            ..........................
  RECORD    book closed 0  0W 0L  net $+0.00  fees and funding in
  FEES      book $0.06  11 taker fills this run  0.060% of $108.16 traded
  ------------------------------------------------------------------------------------------------



  14:29  up 0h16m  scan 0 ------------------------------------------------------------------------
  EQUITY    $249.90  unreal $-0.04
  OPEN      no intraday positions  book holds 11 (BOOK row)  free $228.27 after open P&L
  SHADOW    intraday M1 $249.89 (-0.02%)  M1g $249.94 (+0.00%)  1d paper only
  CARRY     $249.54 (-0.16%)  8 held  paper only
  SPOT      $250.13 (+0.05%)  15 held  22% invested  cash earns 7.63%  paper pot
  SAVINGS   idle $165.80 (66%)  at 7.63% +$0.00 so far  ~$1.05/month  paper
  BOOK      11 pos gross $108.32 (0.43x)  open $-0.04  funding $+0.00  vol 27% top 20
            rebal 2026-09-29
  CONTEXT   since 29 Sep -0.04%  under a day: too early to judge
  RULE      C2 N2+N3  forward test (paper)
  TOURNEY   7 rules held since 2026-09-29  first scores at the next rebalance
  DATA      on time  prices 34s  funding booked  book today  shadow 08:00  carry today
            spot pot today
  SESSION   $-0.10 -0.04%  peak $250.00  dd 0.04%
  MONTH     book guard $0.10 of $50.00 used  on marked equity  from $250.00  dial 20%
            ..........................
  RECORD    book closed 0  0W 0L  net $+0.00  fees and funding in
  FEES      book $0.06  11 taker fills this run  0.060% of $108.16 traded
  ------------------------------------------------------------------------------------------------



  14:37  up 0h24m  scan 0 ------------------------------------------------------------------------
  EQUITY    $249.89  unreal $-0.05
  OPEN      no intraday positions  book holds 11 (BOOK row)  free $228.26 after open P&L
  SHADOW    intraday M1 $249.25 (-0.27%)  M1g $249.94 (+0.00%)  1d paper only
  CARRY     $249.54 (-0.16%)  8 held  paper only
  SPOT      $250.04 (+0.01%)  15 held  22% invested  cash earns 7.63%  paper pot
  SAVINGS   idle $165.79 (66%)  at 7.63% +$0.00 so far  ~$1.05/month  paper
  BOOK      11 pos gross $108.22 (0.43x)  open $-0.05  funding $+0.00  vol 27% top 20
            rebal 2026-09-29
  CONTEXT   since 29 Sep -0.04%  under a day: too early to judge
  RULE      C2 N2+N3  forward test (paper)
  TOURNEY   7 rules held since 2026-09-29  first scores at the next rebalance
  DATA      on time  prices 38s  funding booked  book today  shadow 09:00  carry today
            spot pot today
  SESSION   $-0.11 -0.04%  peak $250.00  dd 0.04%
  MONTH     book guard $0.11 of $50.00 used  on marked equity  from $250.00  dial 20%
            ..........................
  RECORD    book closed 0  0W 0L  net $+0.00  fees and funding in
  FEES      book $0.06  11 taker fills this run  0.060% of $108.16 traded
  ------------------------------------------------------------------------------------------------



  14:45  up 0h32m  scan 0 ------------------------------------------------------------------------
  EQUITY    $249.93  unreal $-0.01
  OPEN      no intraday positions  book holds 11 (BOOK row)  free $228.30 after open P&L
  SHADOW    intraday M1 $249.25 (-0.27%)  M1g $249.94 (+0.00%)  1d paper only
  CARRY     $249.54 (-0.16%)  8 held  paper only
  SPOT      $250.00 (-0.00%)  15 held  22% invested  cash earns 7.63%  paper pot
  SAVINGS   idle $165.82 (66%)  at 7.63% +$0.00 so far  ~$1.05/month  paper
  BOOK      11 pos gross $108.20 (0.43x)  open $-0.01  funding $+0.00  vol 27% top 20
            rebal 2026-09-29
  CONTEXT   since 29 Sep -0.03%  under a day: too early to judge
  RULE      C2 N2+N3  forward test (paper)
  TOURNEY   7 rules held since 2026-09-29  first scores at the next rebalance
  DATA      on time  prices 32s  funding booked  book today  shadow 09:00  carry today
            spot pot today
  SESSION   $-0.07 -0.03%  peak $250.00  dd 0.03%
  MONTH     book guard $0.07 of $50.00 used  on marked equity  from $250.00  dial 20%
            ..........................
  RECORD    book closed 0  0W 0L  net $+0.00  fees and funding in
  FEES      book $0.06  11 taker fills this run  0.060% of $108.16 traded
  ------------------------------------------------------------------------------------------------



  14:53  up 0h40m  scan 0 ------------------------------------------------------------------------
  EQUITY    $249.90  unreal $-0.04
  OPEN      no intraday positions  book holds 11 (BOOK row)  free $228.27 after open P&L
  SHADOW    intraday M1 $249.25 (-0.27%)  M1g $249.94 (+0.00%)  1d paper only
  CARRY     $249.54 (-0.16%)  8 held  paper only
  SPOT      $250.08 (+0.03%)  15 held  22% invested  cash earns 7.63%  paper pot
  SAVINGS   idle $165.81 (66%)  at 7.63% +$0.00 so far  ~$1.05/month  paper
  BOOK      11 pos gross $108.28 (0.43x)  open $-0.04  funding $+0.00  vol 27% top 20
            rebal 2026-09-29
  CONTEXT   since 29 Sep -0.04%  under a day: too early to judge
  RULE      C2 N2+N3  forward test (paper)
  TOURNEY   7 rules held since 2026-09-29  first scores at the next rebalance
  DATA      on time  prices 26s  funding booked  book today  shadow 09:00  carry today
            spot pot today
  SESSION   $-0.10 -0.04%  peak $250.00  dd 0.04%
  CURVE     +=+=++
  MONTH     book guard $0.10 of $50.00 used  on marked equity  from $250.00  dial 20%
            ..........................
  RECORD    book closed 0  0W 0L  net $+0.00  fees and funding in
  FEES      book $0.06  11 taker fills this run  0.060% of $108.16 traded
  ------------------------------------------------------------------------------------------------



  15:01  up 0h48m  scan 0 ------------------------------------------------------------------------
  EQUITY    $249.92  unreal $-0.02
  OPEN      no intraday positions  book holds 11 (BOOK row)  free $228.29 after open P&L
  SHADOW    intraday M1 $249.25 (-0.27%)  M1g $249.94 (+0.00%)  1d paper only
  CARRY     $249.54 (-0.16%)  8 held  paper only
  SPOT      $250.22 (+0.09%)  15 held  22% invested  cash earns 7.63%  paper pot
  SAVINGS   idle $165.81 (66%)  at 7.63% +$0.00 so far  ~$1.05/month  paper
  BOOK      11 pos gross $108.51 (0.43x)  open $-0.02  funding $+0.00  vol 27% top 20
            rebal 2026-09-29
  CONTEXT   since 29 Sep -0.03%  under a day: too early to judge
  RULE      C2 N2+N3  forward test (paper)
  TOURNEY   7 rules held since 2026-09-29  first scores at the next rebalance
  DATA      on time  prices 20s  funding booked  book today  shadow 09:00  carry today
            spot pot today
  SESSION   $-0.08 -0.03%  peak $250.00  dd 0.03%
  CURVE     +=+=+++
  MONTH     book guard $0.08 of $50.00 used  on marked equity  from $250.00  dial 20%
            ..........................
  RECORD    book closed 0  0W 0L  net $+0.00  fees and funding in
  FEES      book $0.06  11 taker fills this run  0.060% of $108.16 traded
  ------------------------------------------------------------------------------------------------



  15:09  up 0h56m  scan 0 ------------------------------------------------------------------------
  EQUITY    $250.01  unreal $+0.07
  OPEN      no intraday positions  book holds 11 (BOOK row)  free $228.38 after open P&L
  SHADOW    intraday M1 $249.25 (-0.27%)  M1g $249.94 (+0.00%)  1d paper only
  CARRY     $249.54 (-0.16%)  8 held  paper only
  SPOT      $250.47 (+0.19%)  15 held  22% invested  cash earns 7.63%  paper pot
  SAVINGS   idle $165.89 (66%)  at 7.63% +$0.00 so far  ~$1.05/month  paper
  BOOK      11 pos gross $108.91 (0.44x)  open $+0.07  funding $+0.00  vol 27% top 20
            rebal 2026-09-29
  CONTEXT   since 29 Sep +0.00%  under a day: too early to judge
  RULE      C2 N2+N3  forward test (paper)
  TOURNEY   7 rules held since 2026-09-29  first scores at the next rebalance
  DATA      on time  prices 15s  funding booked  book today  shadow 09:00  carry today
            spot pot today
  SESSION   $+0.01 +0.00%
  CURVE     +=+=++++
  MONTH     book guard $0.00 of $50.00 used  on marked equity  from $250.00  dial 20%
            ..........................
  RECORD    book closed 0  0W 0L  net $+0.00  fees and funding in
  FEES      book $0.06  11 taker fills this run  0.060% of $108.16 traded
  ------------------------------------------------------------------------------------------------



  15:17  up 1h04m  scan 0 ------------------------------------------------------------------------
  EQUITY    $250.06  unreal $+0.12
  OPEN      no intraday positions  book holds 11 (BOOK row)  free $228.43 after open P&L
  SHADOW    intraday M1 $249.25 (-0.27%)  M1g $249.94 (+0.00%)  1d paper only
  CARRY     $249.54 (-0.16%)  8 held  paper only
  SPOT      $250.57 (+0.23%)  15 held  22% invested  cash earns 7.63%  paper pot
  SAVINGS   idle $165.88 (66%)  at 7.63% +$0.00 so far  ~$1.05/month  paper
  BOOK      11 pos gross $108.98 (0.44x)  open $+0.12  funding $+0.00  vol 27% top 20
            rebal 2026-09-29
  CONTEXT   since 29 Sep +0.02%  under a day: too early to judge
  RULE      C2 N2+N3  forward test (paper)
  TOURNEY   7 rules held since 2026-09-29  first scores at the next rebalance
  DATA      on time  prices 9s  funding booked  book today  shadow 09:00  carry today
            spot pot today
  SESSION   $+0.06 +0.02%
  CURVE     +===+==++
  MONTH     book guard $0.00 of $50.00 used  on marked equity  from $250.00  dial 20%
            ..........................
  RECORD    book closed 0  0W 0L  net $+0.00  fees and funding in
  FEES      book $0.06  11 taker fills this run  0.060% of $108.16 traded
  ------------------------------------------------------------------------------------------------



  15:25  up 1h12m  scan 0 ------------------------------------------------------------------------
  EQUITY    $250.14  unreal $+0.20
  OPEN      no intraday positions  book holds 11 (BOOK row)  free $228.51 after open P&L
  SHADOW    intraday M1 $249.25 (-0.27%)  M1g $249.94 (+0.00%)  1d paper only
  CARRY     $249.54 (-0.16%)  8 held  paper only
  SPOT      $250.54 (+0.21%)  15 held  22% invested  cash earns 7.63%  paper pot
  SAVINGS   idle $165.92 (66%)  at 7.63% +$0.00 so far  ~$1.05/month  paper
  BOOK      11 pos gross $109.26 (0.44x)  open $+0.20  funding $+0.00  vol 27% top 20
            rebal 2026-09-29
  CONTEXT   since 29 Sep +0.06%  under a day: too early to judge
  RULE      C2 N2+N3  forward test (paper)
  TOURNEY   7 rules held since 2026-09-29  first scores at the next rebalance
  DATA      on time  prices 4s  funding booked  book today  shadow 09:00  carry today
            spot pot today
  SESSION   $+0.14 +0.06%
  CURVE     +======+++
  MONTH     book guard $0.00 of $50.00 used  on marked equity  from $250.00  dial 20%
            ..........................
  RECORD    book closed 0  0W 0L  net $+0.00  fees and funding in
  FEES      book $0.06  11 taker fills this run  0.060% of $108.16 traded
  ------------------------------------------------------------------------------------------------



  15:33  up 1h20m  scan 0 ------------------------------------------------------------------------
  EQUITY    $250.04  unreal $+0.10
  OPEN      no intraday positions  book holds 11 (BOOK row)  free $228.41 after open P&L
  SHADOW    intraday M1 $249.82 (-0.05%)  M1g $249.94 (+0.00%)  1d paper only
  CARRY     $249.54 (-0.16%)  8 held  paper only
  SPOT      $250.46 (+0.18%)  15 held  22% invested  cash earns 7.63%  paper pot
  SAVINGS   idle $165.88 (66%)  at 7.63% +$0.00 so far  ~$1.05/month  paper
  BOOK      11 pos gross $109.06 (0.44x)  open $+0.10  funding $+0.00  vol 27% top 20
            rebal 2026-09-29
  CONTEXT   since 29 Sep +0.02%  under a day: too early to judge
  RULE      C2 N2+N3  forward test (paper)
  TOURNEY   7 rules held since 2026-09-29  first scores at the next rebalance
  DATA      on time  prices 6s  funding booked  book today  shadow 10:00  carry today
            spot pot today
  SESSION   $+0.04 +0.02%  peak $250.14  dd 0.04%
  CURVE     +======++++
  MONTH     book guard $0.00 of $50.00 used  on marked equity  from $250.00  dial 20%
            ..........................
  RECORD    book closed 0  0W 0L  net $+0.00  fees and funding in
  FEES      book $0.06  11 taker fills this run  0.060% of $108.16 traded
  ------------------------------------------------------------------------------------------------



  15:41  up 1h28m  scan 0 ------------------------------------------------------------------------
  EQUITY    $250.03  unreal $+0.09
  OPEN      no intraday positions  book holds 11 (BOOK row)  free $228.40 after open P&L
  SHADOW    intraday M1 $249.82 (-0.05%)  M1g $249.94 (+0.00%)  1d paper only
  CARRY     $249.54 (-0.16%)  8 held  paper only
  SPOT      $250.55 (+0.22%)  15 held  22% invested  cash earns 7.63%  paper pot
  SAVINGS   idle $165.87 (66%)  at 7.63% +$0.00 so far  ~$1.05/month  paper
  BOOK      11 pos gross $109.12 (0.44x)  open $+0.09  funding $+0.00  vol 27% top 20
            rebal 2026-09-29
  CONTEXT   since 29 Sep +0.01%  under a day: too early to judge
  RULE      C2 N2+N3  forward test (paper)
  TOURNEY   7 rules held since 2026-09-29  first scores at the next rebalance
  DATA      on time  prices 0s  funding booked  book today  shadow 10:00  carry today
            spot pot today
  SESSION   $+0.03 +0.01%  peak $250.14  dd 0.04%
  CURVE     +======+++++
  MONTH     book guard $0.00 of $50.00 used  on marked equity  from $250.00  dial 20%
            ..........................
  RECORD    book closed 0  0W 0L  net $+0.00  fees and funding in
  FEES      book $0.06  11 taker fills this run  0.060% of $108.16 traded
  ------------------------------------------------------------------------------------------------



  15:49  up 1h36m  scan 0 ------------------------------------------------------------------------
  EQUITY    $250.04  unreal $+0.10
  OPEN      no intraday positions  book holds 11 (BOOK row)  free $228.41 after open P&L
  SHADOW    intraday M1 $249.82 (-0.05%)  M1g $249.94 (+0.00%)  1d paper only
  CARRY     $249.54 (-0.16%)  8 held  paper only
  SPOT      $250.35 (+0.14%)  15 held  22% invested  cash earns 7.63%  paper pot
  SAVINGS   idle $165.90 (66%)  at 7.63% +$0.00 so far  ~$1.05/month  paper
  BOOK      11 pos gross $108.84 (0.43x)  open $+0.10  funding $+0.00  vol 27% top 20
            rebal 2026-09-29
  CONTEXT   since 29 Sep +0.02%  under a day: too early to judge
  RULE      C2 N2+N3  forward test (paper)
  TOURNEY   7 rules held since 2026-09-29  first scores at the next rebalance
  DATA      on time  prices 35s  funding booked  book today  shadow 10:00  carry today
            spot pot today
  SESSION   $+0.04 +0.02%  peak $250.14  dd 0.04%
  CURVE     +======++++++
  MONTH     book guard $0.00 of $50.00 used  on marked equity  from $250.00  dial 20%
            ..........................
  RECORD    book closed 0  0W 0L  net $+0.00  fees and funding in
  FEES      book $0.06  11 taker fills this run  0.060% of $108.16 traded
  ------------------------------------------------------------------------------------------------



  15:57  up 1h44m  scan 0 ------------------------------------------------------------------------
  EQUITY    $250.08  unreal $+0.14
  OPEN      no intraday positions  book holds 11 (BOOK row)  free $228.45 after open P&L
  SHADOW    intraday M1 $249.82 (-0.05%)  M1g $249.94 (+0.00%)  1d paper only
  CARRY     $249.54 (-0.16%)  8 held  paper only
  SPOT      $250.32 (+0.13%)  15 held  22% invested  cash earns 7.63%  paper pot
  SAVINGS   idle $165.93 (66%)  at 7.63% +$0.00 so far  ~$1.06/month  paper
  BOOK      11 pos gross $108.84 (0.43x)  open $+0.14  funding $+0.00  vol 27% top 20
            rebal 2026-09-29
  CONTEXT   since 29 Sep +0.03%  under a day: too early to judge
  RULE      C2 N2+N3  forward test (paper)
  TOURNEY   7 rules held since 2026-09-29  first scores at the next rebalance
  DATA      on time  prices 29s  funding booked  book today  shadow 10:00  carry today
            spot pot today
  SESSION   $+0.08 +0.03%  peak $250.14  dd 0.02%
  CURVE     +======+++++++
  MONTH     book guard $0.00 of $50.00 used  on marked equity  from $250.00  dial 20%
            ..........................
  RECORD    book closed 0  0W 0L  net $+0.00  fees and funding in
  FEES      book $0.06  11 taker fills this run  0.060% of $108.16 traded
  ------------------------------------------------------------------------------------------------



  16:05  up 1h52m  scan 0 ------------------------------------------------------------------------
  EQUITY    $250.09  unreal $+0.15
  OPEN      no intraday positions  book holds 11 (BOOK row)  free $228.46 after open P&L
  SHADOW    intraday M1 $249.82 (-0.05%)  M1g $249.94 (+0.00%)  1d paper only
  CARRY     $249.54 (-0.16%)  8 held  paper only
  SPOT      $250.31 (+0.12%)  15 held  22% invested  cash earns 7.63%  paper pot
  SAVINGS   idle $165.94 (66%)  at 7.63% +$0.00 so far  ~$1.06/month  paper
  BOOK      11 pos gross $108.67 (0.43x)  open $+0.15  funding $+0.00  vol 27% top 20
            rebal 2026-09-29
  CONTEXT   since 29 Sep +0.04%  under a day: too early to judge
  RULE      C2 N2+N3  forward test (paper)
  TOURNEY   7 rules held since 2026-09-29  first scores at the next rebalance
  DATA      on time  prices 23s  funding booked  book today  shadow 10:00  carry today
            spot pot today
  SESSION   $+0.09 +0.04%  peak $250.14  dd 0.02%
  CURVE     +======++++++++
  MONTH     book guard $0.00 of $50.00 used  on marked equity  from $250.00  dial 20%
            ..........................
  RECORD    book closed 0  0W 0L  net $+0.00  fees and funding in
  FEES      book $0.06  11 taker fills this run  0.060% of $108.16 traded
  ------------------------------------------------------------------------------------------------



  16:13  up 2h00m  scan 0 ------------------------------------------------------------------------
  EQUITY    $249.96  unreal $+0.02
  OPEN      no intraday positions  book holds 11 (BOOK row)  free $228.33 after open P&L
  SHADOW    intraday M1 $249.82 (-0.05%)  M1g $249.94 (+0.00%)  1d paper only
  CARRY     $249.54 (-0.16%)  8 held  paper only
  SPOT      $250.22 (+0.09%)  15 held  22% invested  cash earns 7.63%  paper pot
  SAVINGS   idle $165.84 (66%)  at 7.63% +$0.00 so far  ~$1.05/month  paper
  BOOK      11 pos gross $108.45 (0.43x)  open $+0.02  funding $+0.00  vol 27% top 20
            rebal 2026-09-29
  CONTEXT   since 29 Sep -0.02%  under a day: too early to judge
  RULE      C2 N2+N3  forward test (paper)
  TOURNEY   7 rules held since 2026-09-29  first scores at the next rebalance
  DATA      on time  prices 18s  funding booked  book today  shadow 10:00  carry today
            spot pot today
  SESSION   $-0.04 -0.02%  peak $250.14  dd 0.07%
  CURVE     +======++++++++=
  MONTH     book guard $0.04 of $50.00 used  on marked equity  from $250.00  dial 20%
            ..........................
  RECORD    book closed 0  0W 0L  net $+0.00  fees and funding in
  FEES      book $0.06  11 taker fills this run  0.060% of $108.16 traded
  ------------------------------------------------------------------------------------------------



  16:21  up 2h08m  scan 0 ------------------------------------------------------------------------
  EQUITY    $249.97  unreal $+0.03
  OPEN      no intraday positions  book holds 11 (BOOK row)  free $228.34 after open P&L
  SHADOW    intraday M1 $249.82 (-0.05%)  M1g $249.94 (+0.00%)  1d paper only
  CARRY     $249.54 (-0.16%)  8 held  paper only
  SPOT      $250.28 (+0.11%)  15 held  22% invested  cash earns 7.63%  paper pot
  SAVINGS   idle $165.85 (66%)  at 7.63% +$0.00 so far  ~$1.05/month  paper
  BOOK      11 pos gross $108.66 (0.43x)  open $+0.03  funding $+0.00  vol 27% top 20
            rebal 2026-09-29
  CONTEXT   since 29 Sep -0.01%  under a day: too early to judge
  RULE      C2 N2+N3  forward test (paper)
  TOURNEY   7 rules held since 2026-09-29  first scores at the next rebalance
  DATA      on time  prices 11s  funding booked  book today  shadow 10:00  carry today
            spot pot today
  SESSION   $-0.03 -0.01%  peak $250.14  dd 0.07%
  CURVE     +======++++++++=+
  MONTH     book guard $0.03 of $50.00 used  on marked equity  from $250.00  dial 20%
            ..........................
  RECORD    book closed 0  0W 0L  net $+0.00  fees and funding in
  FEES      book $0.06  11 taker fills this run  0.060% of $108.16 traded
  ------------------------------------------------------------------------------------------------



  16:29  up 2h16m  scan 0 ------------------------------------------------------------------------
  EQUITY    $249.97  unreal $+0.03
  OPEN      no intraday positions  book holds 11 (BOOK row)  free $228.34 after open P&L
  SHADOW    intraday M1 $249.82 (-0.05%)  M1g $249.94 (+0.00%)  1d paper only
  CARRY     $249.54 (-0.16%)  8 held  paper only
  SPOT      $250.32 (+0.13%)  15 held  22% invested  cash earns 7.63%  paper pot
  SAVINGS   idle $165.84 (66%)  at 7.63% +$0.00 so far  ~$1.05/month  paper
  BOOK      11 pos gross $108.79 (0.43x)  open $+0.03  funding $+0.00  vol 27% top 20
            rebal 2026-09-29
  CONTEXT   since 29 Sep -0.01%  under a day: too early to judge
  RULE      C2 N2+N3  forward test (paper)
  TOURNEY   7 rules held since 2026-09-29  first scores at the next rebalance
  DATA      on time  prices 6s  funding booked  book today  shadow 10:00  carry today
            spot pot today
  SESSION   $-0.03 -0.01%  peak $250.14  dd 0.07%
  CURVE     +======++++++++=++
  MONTH     book guard $0.03 of $50.00 used  on marked equity  from $250.00  dial 20%
            ..........................
  RECORD    book closed 0  0W 0L  net $+0.00  fees and funding in
  FEES      book $0.06  11 taker fills this run  0.060% of $108.16 traded
  ------------------------------------------------------------------------------------------------



  16:37  up 2h24m  scan 0 ------------------------------------------------------------------------
  EQUITY    $250.05  unreal $+0.11
  OPEN      no intraday positions  book holds 11 (BOOK row)  free $228.42 after open P&L
  SHADOW    intraday M1 $249.04 (-0.36%)  M1g $249.94 (+0.00%)  1d paper only
  CARRY     $249.54 (-0.16%)  8 held  paper only
  SPOT      $250.44 (+0.18%)  15 held  22% invested  cash earns 7.63%  paper pot
  SAVINGS   idle $165.91 (66%)  at 7.63% +$0.00 so far  ~$1.05/month  paper
  BOOK      11 pos gross $108.90 (0.43x)  open $+0.11  funding $+0.00  vol 27% top 20
            rebal 2026-09-29
  CONTEXT   since 29 Sep +0.02%  under a day: too early to judge
  RULE      C2 N2+N3  forward test (paper)
  TOURNEY   7 rules held since 2026-09-29  first scores at the next rebalance
  DATA      on time  prices 30s  funding booked  book today  shadow 11:00  carry today
            spot pot today
  SESSION   $+0.05 +0.02%  peak $250.14  dd 0.04%
  CURVE     +======++++++++=+++
  MONTH     book guard $0.00 of $50.00 used  on marked equity  from $250.00  dial 20%
            ..........................
  RECORD    book closed 0  0W 0L  net $+0.00  fees and funding in
  FEES      book $0.06  11 taker fills this run  0.060% of $108.16 traded
  ------------------------------------------------------------------------------------------------



  16:45  up 2h32m  scan 0 ------------------------------------------------------------------------
  EQUITY    $249.99  unreal $+0.05
  OPEN      no intraday positions  book holds 11 (BOOK row)  free $228.36 after open P&L
  SHADOW    intraday M1 $249.04 (-0.36%)  M1g $249.94 (+0.00%)  1d paper only
  CARRY     $249.54 (-0.16%)  8 held  paper only
  SPOT      $250.34 (+0.13%)  15 held  22% invested  cash earns 7.63%  paper pot
  SAVINGS   idle $165.86 (66%)  at 7.63% +$0.00 so far  ~$1.05/month  paper
  BOOK      11 pos gross $108.76 (0.43x)  open $+0.05  funding $+0.00  vol 27% top 20
            rebal 2026-09-29
  CONTEXT   since 29 Sep -0.00%  under a day: too early to judge
  RULE      C2 N2+N3  forward test (paper)
  TOURNEY   7 rules held since 2026-09-29  first scores at the next rebalance
  DATA      on time  prices 24s  funding booked  book today  shadow 11:00  carry today
            spot pot today
  SESSION   $-0.01 -0.00%  peak $250.14  dd 0.06%
  CURVE     +======++++++++=++++
  MONTH     book guard $0.01 of $50.00 used  on marked equity  from $250.00  dial 20%
            ..........................
  RECORD    book closed 0  0W 0L  net $+0.00  fees and funding in
  FEES      book $0.06  11 taker fills this run  0.060% of $108.16 traded
  ------------------------------------------------------------------------------------------------



  16:53  up 2h40m  scan 0 ------------------------------------------------------------------------
  EQUITY    $249.95  unreal $+0.01
  OPEN      no intraday positions  book holds 11 (BOOK row)  free $228.32 after open P&L
  SHADOW    intraday M1 $249.04 (-0.36%)  M1g $249.94 (+0.00%)  1d paper only
  CARRY     $249.54 (-0.16%)  8 held  paper only
  SPOT      $250.38 (+0.15%)  15 held  22% invested  cash earns 7.63%  paper pot
  SAVINGS   idle $165.83 (66%)  at 7.63% +$0.00 so far  ~$1.05/month  paper
  BOOK      11 pos gross $108.75 (0.43x)  open $+0.01  funding $+0.00  vol 27% top 20
            rebal 2026-09-29
  CONTEXT   since 29 Sep -0.02%  under a day: too early to judge
  RULE      C2 N2+N3  forward test (paper)
  TOURNEY   7 rules held since 2026-09-29  first scores at the next rebalance
  DATA      on time  prices 18s  funding booked  book today  shadow 11:00  carry today
            spot pot today
  SESSION   $-0.05 -0.02%  peak $250.14  dd 0.08%
  CURVE     +======++++++++=++++=
  MONTH     book guard $0.05 of $50.00 used  on marked equity  from $250.00  dial 20%
            ..........................
  RECORD    book closed 0  0W 0L  net $+0.00  fees and funding in
  FEES      book $0.06  11 taker fills this run  0.060% of $108.16 traded
  ------------------------------------------------------------------------------------------------



  17:01  up 2h48m  scan 0 ------------------------------------------------------------------------
  EQUITY    $249.95  unreal $+0.01
  OPEN      no intraday positions  book holds 11 (BOOK row)  free $228.32 after open P&L
  SHADOW    intraday M1 $249.04 (-0.36%)  M1g $249.94 (+0.00%)  1d paper only
  CARRY     $249.54 (-0.16%)  8 held  paper only
  SPOT      $250.44 (+0.18%)  15 held  22% invested  cash earns 7.63%  paper pot
  SAVINGS   idle $165.83 (66%)  at 7.63% +$0.00 so far  ~$1.05/month  paper
  BOOK      11 pos gross $108.96 (0.44x)  open $+0.01  funding $+0.00  vol 27% top 20
            rebal 2026-09-29
  CONTEXT   since 29 Sep -0.02%  under a day: too early to judge
  RULE      C2 N2+N3  forward test (paper)
  TOURNEY   7 rules held since 2026-09-29  first scores at the next rebalance
  DATA      on time  prices 12s  funding booked  book today  shadow 11:00  carry today
            spot pot today
  SESSION   $-0.05 -0.02%  peak $250.14  dd 0.08%
  CURVE     +======++++++++=++++==
  MONTH     book guard $0.05 of $50.00 used  on marked equity  from $250.00  dial 20%
            ..........................
  RECORD    book closed 0  0W 0L  net $+0.00  fees and funding in
  FEES      book $0.06  11 taker fills this run  0.060% of $108.16 traded
  ------------------------------------------------------------------------------------------------



  17:09  up 2h56m  scan 0 ------------------------------------------------------------------------
  EQUITY    $250.29  unreal $+0.35
  OPEN      no intraday positions  book holds 11 (BOOK row)  free $228.66 after open P&L
  SHADOW    intraday M1 $249.04 (-0.36%)  M1g $249.94 (+0.00%)  1d paper only
  CARRY     $249.54 (-0.16%)  8 held  paper only
  SPOT      $250.76 (+0.30%)  15 held  22% invested  cash earns 7.63%  paper pot
  SAVINGS   idle $166.06 (66%)  at 7.63% +$0.00 so far  ~$1.06/month  paper
  BOOK      11 pos gross $109.53 (0.44x)  open $+0.35  funding $+0.00  vol 27% top 20
            rebal 2026-09-29
  CONTEXT   since 29 Sep +0.12%  under a day: too early to judge
  RULE      C2 N2+N3  forward test (paper)
  TOURNEY   7 rules held since 2026-09-29  first scores at the next rebalance
  DATA      on time  prices 8s  funding booked  book today  shadow 11:00  carry today
            spot pot today
  SESSION   $+0.29 +0.12%
  CURVE     ========+++=+++===+===+
  MONTH     book guard $0.00 of $50.00 used  on marked equity  from $250.00  dial 20%
            ..........................
  RECORD    book closed 0  0W 0L  net $+0.00  fees and funding in
  FEES      book $0.06  11 taker fills this run  0.060% of $108.16 traded
  ------------------------------------------------------------------------------------------------



  17:17  up 3h04m  scan 0 ------------------------------------------------------------------------
  EQUITY    $250.44  unreal $+0.50
  OPEN      no intraday positions  book holds 11 (BOOK row)  free $228.81 after open P&L
  SHADOW    intraday M1 $249.04 (-0.36%)  M1g $249.94 (+0.00%)  1d paper only
  CARRY     $249.54 (-0.16%)  8 held  paper only
  SPOT      $251.01 (+0.40%)  15 held  22% invested  cash earns 7.63%  paper pot
  SAVINGS   idle $166.12 (66%)  at 7.63% +$0.00 so far  ~$1.06/month  paper
  BOOK      11 pos gross $109.93 (0.44x)  open $+0.50  funding $+0.00  vol 27% top 20
            rebal 2026-09-29
  CONTEXT   since 29 Sep +0.18%  under a day: too early to judge
  RULE      C2 N2+N3  forward test (paper)
  TOURNEY   7 rules held since 2026-09-29  first scores at the next rebalance
  DATA      on time  prices 2s  funding booked  book today  shadow 11:00  carry today
            spot pot today
  SESSION   $+0.44 +0.18%
  CURVE     =========+============++
  MONTH     book guard $0.00 of $50.00 used  on marked equity  from $250.00  dial 20%
            ..........................
  RECORD    book closed 0  0W 0L  net $+0.00  fees and funding in
  FEES      book $0.06  11 taker fills this run  0.060% of $108.16 traded
  ------------------------------------------------------------------------------------------------



  17:25  up 3h12m  scan 0 ------------------------------------------------------------------------
  EQUITY    $250.43  unreal $+0.49
  OPEN      no intraday positions  book holds 11 (BOOK row)  free $228.80 after open P&L
  SHADOW    intraday M1 $249.04 (-0.36%)  M1g $249.94 (+0.00%)  1d paper only
  CARRY     $249.54 (-0.16%)  8 held  paper only
  SPOT      $251.11 (+0.44%)  15 held  22% invested  cash earns 7.63%  paper pot
  SAVINGS   idle $166.22 (66%)  at 7.63% +$0.00 so far  ~$1.06/month  paper
  BOOK      11 pos gross $110.13 (0.44x)  open $+0.49  funding $+0.00  vol 27% top 20
            rebal 2026-09-29
  CONTEXT   since 29 Sep +0.17%  under a day: too early to judge
  RULE      C2 N2+N3  forward test (paper)
  TOURNEY   7 rules held since 2026-09-29  first scores at the next rebalance
  DATA      on time  prices 36s  funding booked  book today  shadow 11:00  carry today
            spot pot today
  SESSION   $+0.43 +0.17%  peak $250.44
  CURVE     =========+============+++
  MONTH     book guard $0.00 of $50.00 used  on marked equity  from $250.00  dial 20%
            ..........................
  RECORD    book closed 0  0W 0L  net $+0.00  fees and funding in
  FEES      book $0.06  11 taker fills this run  0.060% of $108.16 traded
  ------------------------------------------------------------------------------------------------



  17:33  up 3h20m  scan 0 ------------------------------------------------------------------------
  EQUITY    $250.45  unreal $+0.52
  OPEN      no intraday positions  book holds 11 (BOOK row)  free $228.82 after open P&L
  SHADOW    intraday M1 $248.11 (-0.73%)  M1g $249.89 (-0.02%)  1d paper only
  CARRY     $249.54 (-0.16%)  8 held  paper only
  SPOT      $251.18 (+0.47%)  15 held  22% invested  cash earns 7.63%  paper pot
  SAVINGS   idle $166.19 (66%)  at 7.63% +$0.00 so far  ~$1.06/month  paper
  BOOK      11 pos gross $109.98 (0.44x)  open $+0.52  funding $-0.00  vol 27% top 20
            rebal 2026-09-29
  CONTEXT   since 29 Sep +0.18%  under a day: too early to judge
  RULE      C2 N2+N3  forward test (paper)
  TOURNEY   7 rules held since 2026-09-29  first scores at the next rebalance
  DATA      on time  prices 34s  funding booked  book today  shadow 12:00  carry today
            spot pot today
  SESSION   $+0.45 +0.18%
  CURVE     =========+============++++
  MONTH     book guard $0.00 of $50.00 used  on marked equity  from $250.00  dial 20%
            ..........................
  RECORD    book closed 0  0W 0L  net $+0.00  fees and funding in
  FEES      book $0.06  11 taker fills this run  0.060% of $108.16 traded
  ------------------------------------------------------------------------------------------------



  17:41  up 3h28m  scan 0 ------------------------------------------------------------------------
  EQUITY    $250.35  unreal $+0.42
  OPEN      no intraday positions  book holds 11 (BOOK row)  free $228.72 after open P&L
  SHADOW    intraday M1 $248.11 (-0.73%)  M1g $249.89 (-0.02%)  1d paper only
  CARRY     $249.54 (-0.16%)  8 held  paper only
  SPOT      $251.00 (+0.40%)  15 held  22% invested  cash earns 7.63%  paper pot
  SAVINGS   idle $166.12 (66%)  at 7.63% +$0.01 so far  ~$1.06/month  paper
  BOOK      11 pos gross $109.73 (0.44x)  open $+0.42  funding $-0.00  vol 27% top 20
            rebal 2026-09-29
  CONTEXT   since 29 Sep +0.14%  under a day: too early to judge
  RULE      C2 N2+N3  forward test (paper)
  TOURNEY   7 rules held since 2026-09-29  first scores at the next rebalance
  DATA      on time  prices 29s  funding booked  book today  shadow 12:00  carry today
            spot pot today
  SESSION   $+0.35 +0.14%  peak $250.45  dd 0.04%
  CURVE     =========+============+++++
  MONTH     book guard $0.00 of $50.00 used  on marked equity  from $250.00  dial 20%
            ..........................
  RECORD    book closed 0  0W 0L  net $+0.00  fees and funding in
  FEES      book $0.06  11 taker fills this run  0.060% of $108.16 traded
  ------------------------------------------------------------------------------------------------



  17:49  up 3h36m  scan 0 ------------------------------------------------------------------------
  EQUITY    $250.29  unreal $+0.36
  OPEN      no intraday positions  book holds 11 (BOOK row)  free $228.66 after open P&L
  SHADOW    intraday M1 $248.11 (-0.73%)  M1g $249.89 (-0.02%)  1d paper only
  CARRY     $249.54 (-0.16%)  8 held  paper only
  SPOT      $251.04 (+0.42%)  15 held  22% invested  cash earns 7.63%  paper pot
  SAVINGS   idle $166.20 (66%)  at 7.63% +$0.01 so far  ~$1.06/month  paper
  BOOK      11 pos gross $109.86 (0.44x)  open $+0.36  funding $-0.00  vol 27% top 20
            rebal 2026-09-29
  CONTEXT   since 29 Sep +0.12%  under a day: too early to judge
  RULE      C2 N2+N3  forward test (paper)
  TOURNEY   7 rules held since 2026-09-29  first scores at the next rebalance
  DATA      on time  prices 22s  funding booked  book today  shadow 12:00  carry today
            spot pot today
  SESSION   $+0.29 +0.12%  peak $250.45  dd 0.06%
  CURVE     =========+============++++++
  MONTH     book guard $0.00 of $50.00 used  on marked equity  from $250.00  dial 20%
            ..........................
  RECORD    book closed 0  0W 0L  net $+0.00  fees and funding in
  FEES      book $0.06  11 taker fills this run  0.060% of $108.16 traded
  ------------------------------------------------------------------------------------------------



  17:57  up 3h44m  scan 0 ------------------------------------------------------------------------
  EQUITY    $250.31  unreal $+0.38
  OPEN      no intraday positions  book holds 11 (BOOK row)  free $228.68 after open P&L
  SHADOW    intraday M1 $248.11 (-0.73%)  M1g $249.89 (-0.02%)  1d paper only
  CARRY     $249.54 (-0.16%)  8 held  paper only
  SPOT      $251.04 (+0.42%)  15 held  22% invested  cash earns 7.63%  paper pot
  SAVINGS   idle $166.10 (66%)  at 7.63% +$0.01 so far  ~$1.06/month  paper
  BOOK      11 pos gross $109.62 (0.44x)  open $+0.38  funding $-0.00  vol 27% top 20
            rebal 2026-09-29
  CONTEXT   since 29 Sep +0.12%  under a day: too early to judge
  RULE      C2 N2+N3  forward test (paper)
  TOURNEY   7 rules held since 2026-09-29  first scores at the next rebalance
  DATA      on time  prices 17s  funding booked  book today  shadow 12:00  carry today
            spot pot today
  SESSION   $+0.31 +0.12%  peak $250.45  dd 0.06%
  CURVE     =========+============+++++++
  MONTH     book guard $0.00 of $50.00 used  on marked equity  from $250.00  dial 20%
            ..........................
  RECORD    book closed 0  0W 0L  net $+0.00  fees and funding in
  FEES      book $0.06  11 taker fills this run  0.060% of $108.16 traded
  ------------------------------------------------------------------------------------------------



  18:05  up 3h52m  scan 0 ------------------------------------------------------------------------
  EQUITY    $250.10  unreal $+0.17
  OPEN      no intraday positions  book holds 11 (BOOK row)  free $228.47 after open P&L
  SHADOW    intraday M1 $248.11 (-0.73%)  M1g $249.89 (-0.02%)  1d paper only
  CARRY     $249.54 (-0.16%)  8 held  paper only
  SPOT      $251.20 (+0.48%)  15 held  22% invested  cash earns 7.63%  paper pot
  SAVINGS   idle $165.97 (66%)  at 7.63% +$0.01 so far  ~$1.06/month  paper
  BOOK      11 pos gross $110.03 (0.44x)  open $+0.17  funding $-0.00  vol 27% top 20
            rebal 2026-09-29
  CONTEXT   since 29 Sep +0.04%  under a day: too early to judge
  RULE      C2 N2+N3  forward test (paper)
  TOURNEY   7 rules held since 2026-09-29  first scores at the next rebalance
  DATA      on time  prices 11s  funding booked  book today  shadow 12:00  carry today
            spot pot today
  SESSION   $+0.10 +0.04%  peak $250.45  dd 0.14%
  CURVE     =========+============+++++++=
  MONTH     book guard $0.00 of $50.00 used  on marked equity  from $250.00  dial 20%
            ..........................
  RECORD    book closed 0  0W 0L  net $+0.00  fees and funding in
  FEES      book $0.06  11 taker fills this run  0.060% of $108.16 traded
  ------------------------------------------------------------------------------------------------



  18:13  up 4h00m  scan 0 ------------------------------------------------------------------------
  EQUITY    $250.02  unreal $+0.09
  OPEN      no intraday positions  book holds 11 (BOOK row)  free $228.39 after open P&L
  SHADOW    intraday M1 $248.11 (-0.73%)  M1g $249.89 (-0.02%)  1d paper only
  CARRY     $249.54 (-0.16%)  8 held  paper only
  SPOT      $251.09 (+0.44%)  15 held  22% invested  cash earns 7.63%  paper pot
  SAVINGS   idle $165.88 (66%)  at 7.63% +$0.01 so far  ~$1.05/month  paper
  BOOK      11 pos gross $109.79 (0.44x)  open $+0.09  funding $-0.00  vol 27% top 20
            rebal 2026-09-29
  CONTEXT   since 29 Sep +0.01%  under a day: too early to judge
  RULE      C2 N2+N3  forward test (paper)
  TOURNEY   7 rules held since 2026-09-29  first scores at the next rebalance
  DATA      on time  prices 5s  funding booked  book today  shadow 12:00  carry today
            spot pot today
  SESSION   $+0.02 +0.01%  peak $250.45  dd 0.17%
  CURVE     =========+============+++++++==
  MONTH     book guard $0.00 of $50.00 used  on marked equity  from $250.00  dial 20%
            ..........................
  RECORD    book closed 0  0W 0L  net $+0.00  fees and funding in
  FEES      book $0.06  11 taker fills this run  0.060% of $108.16 traded
  ------------------------------------------------------------------------------------------------



  18:21  up 4h08m  scan 0 ------------------------------------------------------------------------
  EQUITY    $250.06  unreal $+0.13
  OPEN      no intraday positions  book holds 11 (BOOK row)  free $228.43 after open P&L
  SHADOW    intraday M1 $248.11 (-0.73%)  M1g $249.89 (-0.02%)  1d paper only
  CARRY     $249.54 (-0.16%)  8 held  paper only
  SPOT      $251.05 (+0.42%)  15 held  22% invested  cash earns 7.63%  paper pot
  SAVINGS   idle $165.92 (66%)  at 7.63% +$0.01 so far  ~$1.05/month  paper
  BOOK      11 pos gross $109.73 (0.44x)  open $+0.13  funding $-0.00  vol 27% top 20
            rebal 2026-09-29
  CONTEXT   since 29 Sep +0.02%  under a day: too early to judge
  RULE      C2 N2+N3  forward test (paper)
  TOURNEY   7 rules held since 2026-09-29  first scores at the next rebalance
  DATA      on time  prices 40s  funding booked  book today  shadow 12:00  carry today
            spot pot today
  SESSION   $+0.06 +0.02%  peak $250.45  dd 0.16%
  CURVE     =========+============+++++++===
  MONTH     book guard $0.00 of $50.00 used  on marked equity  from $250.00  dial 20%
            ..........................
  RECORD    book closed 0  0W 0L  net $+0.00  fees and funding in
  FEES      book $0.06  11 taker fills this run  0.060% of $108.16 traded
  ------------------------------------------------------------------------------------------------



  18:29  up 4h16m  scan 0 ------------------------------------------------------------------------
  EQUITY    $250.13  unreal $+0.20
  OPEN      no intraday positions  book holds 11 (BOOK row)  free $228.50 after open P&L
  SHADOW    intraday M1 $248.11 (-0.73%)  M1g $249.89 (-0.02%)  1d paper only
  CARRY     $249.54 (-0.16%)  8 held  paper only
  SPOT      $251.04 (+0.41%)  15 held  22% invested  cash earns 7.63%  paper pot
  SAVINGS   idle $165.97 (66%)  at 7.63% +$0.01 so far  ~$1.06/month  paper
  BOOK      11 pos gross $109.87 (0.44x)  open $+0.20  funding $-0.00  vol 27% top 20
            rebal 2026-09-29
  CONTEXT   since 29 Sep +0.05%  under a day: too early to judge
  RULE      C2 N2+N3  forward test (paper)
  TOURNEY   7 rules held since 2026-09-29  first scores at the next rebalance
  DATA      on time  prices 34s  funding booked  book today  shadow 12:00  carry today
            spot pot today
  SESSION   $+0.13 +0.05%  peak $250.45  dd 0.13%
  CURVE     =========+============+++++++===+
  MONTH     book guard $0.00 of $50.00 used  on marked equity  from $250.00  dial 20%
            ..........................
  RECORD    book closed 0  0W 0L  net $+0.00  fees and funding in
  FEES      book $0.06  11 taker fills this run  0.060% of $108.16 traded
  ------------------------------------------------------------------------------------------------



  18:37  up 4h24m  scan 0 ------------------------------------------------------------------------
  EQUITY    $250.21  unreal $+0.28
  OPEN      no intraday positions  book holds 11 (BOOK row)  free $228.58 after open P&L
  SHADOW    intraday M1 $247.79 (-0.86%)  M1g $250.00 (+0.02%)  1d paper only
  CARRY     $249.54 (-0.16%)  8 held  paper only
  SPOT      $251.11 (+0.45%)  15 held  22% invested  cash earns 7.63%  paper pot
  SAVINGS   idle $166.03 (66%)  at 7.63% +$0.01 so far  ~$1.06/month  paper
  BOOK      11 pos gross $110.06 (0.44x)  open $+0.28  funding $-0.00  vol 27% top 20
            rebal 2026-09-29
  CONTEXT   since 29 Sep +0.08%  under a day: too early to judge
  RULE      C2 N2+N3  forward test (paper)
  TOURNEY   7 rules held since 2026-09-29  first scores at the next rebalance
  DATA      on time  prices 22s  funding booked  book today  shadow 13:00  carry today
            spot pot today
  SESSION   $+0.21 +0.08%  peak $250.45  dd 0.10%
  CURVE     =========+============+++++++===++
  MONTH     book guard $0.00 of $50.00 used  on marked equity  from $250.00  dial 20%
            ..........................
  RECORD    book closed 0  0W 0L  net $+0.00  fees and funding in
  FEES      book $0.06  11 taker fills this run  0.060% of $108.16 traded
  ------------------------------------------------------------------------------------------------



  18:45  up 4h32m  scan 0 ------------------------------------------------------------------------
  EQUITY    $250.17  unreal $+0.24
  OPEN      no intraday positions  book holds 11 (BOOK row)  free $228.54 after open P&L
  SHADOW    intraday M1 $247.79 (-0.86%)  M1g $250.00 (+0.02%)  1d paper only
  CARRY     $249.54 (-0.16%)  8 held  paper only
  SPOT      $251.05 (+0.42%)  15 held  22% invested  cash earns 7.63%  paper pot
  SAVINGS   idle $166.00 (66%)  at 7.63% +$0.01 so far  ~$1.06/month  paper
  BOOK      11 pos gross $109.82 (0.44x)  open $+0.24  funding $-0.00  vol 27% top 20
            rebal 2026-09-29
  CONTEXT   since 29 Sep +0.07%  under a day: too early to judge
  RULE      C2 N2+N3  forward test (paper)
  TOURNEY   7 rules held since 2026-09-29  first scores at the next rebalance
  DATA      on time  prices 16s  funding booked  book today  shadow 13:00  carry today
            spot pot today
  SESSION   $+0.17 +0.07%  peak $250.45  dd 0.11%
  CURVE     =========+============+++++++===+++
  MONTH     book guard $0.00 of $50.00 used  on marked equity  from $250.00  dial 20%
            ..........................
  RECORD    book closed 0  0W 0L  net $+0.00  fees and funding in
  FEES      book $0.06  11 taker fills this run  0.060% of $108.16 traded
  ------------------------------------------------------------------------------------------------



  18:54  up 4h40m  scan 0 ------------------------------------------------------------------------
  EQUITY    $250.42  unreal $+0.49
  OPEN      no intraday positions  book holds 11 (BOOK row)  free $228.79 after open P&L
  SHADOW    intraday M1 $247.79 (-0.86%)  M1g $250.00 (+0.02%)  1d paper only
  CARRY     $249.54 (-0.16%)  8 held  paper only
  SPOT      $251.16 (+0.47%)  15 held  22% invested  cash earns 7.63%  paper pot
  SAVINGS   idle $166.19 (66%)  at 7.63% +$0.01 so far  ~$1.06/month  paper
  BOOK      11 pos gross $110.40 (0.44x)  open $+0.48  funding $-0.00  vol 27% top 20
            rebal 2026-09-29
  CONTEXT   since 29 Sep +0.17%  under a day: too early to judge
  RULE      C2 N2+N3  forward test (paper)
  TOURNEY   7 rules held since 2026-09-29  first scores at the next rebalance
  DATA      on time  prices 10s  funding booked  book today  shadow 13:00  carry today
            spot pot today
  SESSION   $+0.42 +0.17%  peak $250.45  dd 0.01%
  CURVE     =========+============+++++++===++++
  MONTH     book guard $0.00 of $50.00 used  on marked equity  from $250.00  dial 20%
            ..........................
  RECORD    book closed 0  0W 0L  net $+0.00  fees and funding in
  FEES      book $0.06  11 taker fills this run  0.060% of $108.16 traded
  ------------------------------------------------------------------------------------------------



  19:02  up 4h48m  scan 0 ------------------------------------------------------------------------
  EQUITY    $250.28  unreal $+0.35
  OPEN      no intraday positions  book holds 11 (BOOK row)  free $228.65 after open P&L
  SHADOW    intraday M1 $247.79 (-0.86%)  M1g $250.00 (+0.02%)  1d paper only
  CARRY     $249.54 (-0.16%)  8 held  paper only
  SPOT      $250.90 (+0.36%)  15 held  22% invested  cash earns 7.63%  paper pot
  SAVINGS   idle $166.12 (66%)  at 7.63% +$0.01 so far  ~$1.06/month  paper
  BOOK      11 pos gross $109.87 (0.44x)  open $+0.35  funding $-0.00  vol 27% top 20
            rebal 2026-09-29
  CONTEXT   since 29 Sep +0.11%  under a day: too early to judge
  RULE      C2 N2+N3  forward test (paper)
  TOURNEY   7 rules held since 2026-09-29  first scores at the next rebalance
  DATA      on time  prices 4s  funding booked  book today  shadow 13:00  carry today
            spot pot today
  SESSION   $+0.28 +0.11%  peak $250.45  dd 0.07%
  CURVE     =========+============+++++++===+++++
  MONTH     book guard $0.00 of $50.00 used  on marked equity  from $250.00  dial 20%
            ..........................
  RECORD    book closed 0  0W 0L  net $+0.00  fees and funding in
  FEES      book $0.06  11 taker fills this run  0.060% of $108.16 traded
  ------------------------------------------------------------------------------------------------



  19:10  up 4h56m  scan 0 ------------------------------------------------------------------------
  EQUITY    $250.49  unreal $+0.56
  OPEN      no intraday positions  book holds 11 (BOOK row)  free $228.86 after open P&L
  SHADOW    intraday M1 $247.79 (-0.86%)  M1g $250.00 (+0.02%)  1d paper only
  CARRY     $249.54 (-0.16%)  8 held  paper only
  SPOT      $251.14 (+0.46%)  15 held  22% invested  cash earns 7.63%  paper pot
  SAVINGS   idle $166.24 (66%)  at 7.63% +$0.01 so far  ~$1.06/month  paper
  BOOK      11 pos gross $110.39 (0.44x)  open $+0.56  funding $-0.00  vol 27% top 20
            rebal 2026-09-29
  CONTEXT   since 29 Sep +0.20%  under a day: too early to judge
  RULE      C2 N2+N3  forward test (paper)
  TOURNEY   7 rules held since 2026-09-29  first scores at the next rebalance
  DATA      on time  prices 38s  funding booked  book today  shadow 13:00  carry today
            spot pot today
  SESSION   $+0.49 +0.20%
  CURVE     =========+============+++++++====+++++
  MONTH     book guard $0.00 of $50.00 used  on marked equity  from $250.00  dial 20%
            ..........................
  RECORD    book closed 0  0W 0L  net $+0.00  fees and funding in
  FEES      book $0.06  11 taker fills this run  0.060% of $108.16 traded
  ------------------------------------------------------------------------------------------------



  19:18  up 5h04m  scan 0 ------------------------------------------------------------------------
  EQUITY    $250.46  unreal $+0.53
  OPEN      no intraday positions  book holds 11 (BOOK row)  free $228.83 after open P&L
  SHADOW    intraday M1 $247.79 (-0.86%)  M1g $250.00 (+0.02%)  1d paper only
  CARRY     $249.54 (-0.16%)  8 held  paper only
  SPOT      $251.02 (+0.41%)  15 held  22% invested  cash earns 7.63%  paper pot
  SAVINGS   idle $166.22 (66%)  at 7.63% +$0.01 so far  ~$1.06/month  paper
  BOOK      11 pos gross $110.07 (0.44x)  open $+0.53  funding $-0.00  vol 27% top 20
            rebal 2026-09-29
  CONTEXT   since 29 Sep +0.18%  under a day: too early to judge
  RULE      C2 N2+N3  forward test (paper)
  TOURNEY   7 rules held since 2026-09-29  first scores at the next rebalance
  DATA      on time  prices 33s  funding booked  book today  shadow 13:00  carry today
            spot pot today
  SESSION   $+0.46 +0.18%  peak $250.49  dd 0.01%
  CURVE     =========+============+++++++====++++++
  MONTH     book guard $0.00 of $50.00 used  on marked equity  from $250.00  dial 20%
            ..........................
  RECORD    book closed 0  0W 0L  net $+0.00  fees and funding in
  FEES      book $0.06  11 taker fills this run  0.060% of $108.16 traded
  ------------------------------------------------------------------------------------------------



  19:26  up 5h12m  scan 0 ------------------------------------------------------------------------
  EQUITY    $250.74  unreal $+0.81
  OPEN      no intraday positions  book holds 11 (BOOK row)  free $229.11 after open P&L
  SHADOW    intraday M1 $247.79 (-0.86%)  M1g $250.00 (+0.02%)  1d paper only
  CARRY     $249.54 (-0.16%)  8 held  paper only
  SPOT      $251.17 (+0.47%)  15 held  22% invested  cash earns 7.63%  paper pot
  SAVINGS   idle $166.43 (66%)  at 7.63% +$0.01 so far  ~$1.06/month  paper
  BOOK      11 pos gross $110.86 (0.44x)  open $+0.81  funding $-0.00  vol 27% top 20
            rebal 2026-09-29
  CONTEXT   since 29 Sep +0.30%  under a day: too early to judge
  RULE      C2 N2+N3  forward test (paper)
  TOURNEY   7 rules held since 2026-09-29  first scores at the next rebalance
  DATA      on time  prices 27s  funding booked  book today  shadow 13:00  carry today
            spot pot today
  SESSION   $+0.74 +0.30%
  CURVE     ======================+++++++======+++++
  MONTH     book guard $0.00 of $50.00 used  on marked equity  from $250.00  dial 20%
            ..........................
  RECORD    book closed 0  0W 0L  net $+0.00  fees and funding in
  FEES      book $0.06  11 taker fills this run  0.060% of $108.16 traded
  ------------------------------------------------------------------------------------------------



  19:34  up 5h20m  scan 0 ------------------------------------------------------------------------
  EQUITY    $250.65  unreal $+0.72
  OPEN      no intraday positions  book holds 11 (BOOK row)  free $229.02 after open P&L
  SHADOW    intraday M1 $248.64 (-0.52%)  M1g $250.19 (+0.10%)  1d paper only
  CARRY     $249.54 (-0.16%)  8 held  paper only
  SPOT      $250.86 (+0.35%)  15 held  22% invested  cash earns 7.63%  paper pot
  SAVINGS   idle $166.36 (66%)  at 7.63% +$0.01 so far  ~$1.06/month  paper
  BOOK      11 pos gross $110.26 (0.44x)  open $+0.72  funding $-0.00  vol 27% top 20
            rebal 2026-09-29
  CONTEXT   since 29 Sep +0.26%  under a day: too early to judge
  RULE      C2 N2+N3  forward test (paper)
  TOURNEY   7 rules held since 2026-09-29  first scores at the next rebalance
  DATA      on time  prices 18s  funding booked  book today  shadow 14:00  carry today
            spot pot today
  SESSION   $+0.65 +0.26%  peak $250.74  dd 0.04%
  CURVE     ======================+++++++======++++++
  MONTH     book guard $0.00 of $50.00 used  on marked equity  from $250.00  dial 20%
            ..........................
  RECORD    book closed 0  0W 0L  net $+0.00  fees and funding in
  FEES      book $0.06  11 taker fills this run  0.060% of $108.16 traded
  ------------------------------------------------------------------------------------------------



  19:42  up 5h28m  scan 0 ------------------------------------------------------------------------
  EQUITY    $250.27  unreal $+0.34
  OPEN      no intraday positions  book holds 11 (BOOK row)  free $228.64 after open P&L
  SHADOW    intraday M1 $248.64 (-0.52%)  M1g $250.19 (+0.10%)  1d paper only
  CARRY     $249.54 (-0.16%)  8 held  paper only
  SPOT      $250.71 (+0.28%)  15 held  22% invested  cash earns 7.63%  paper pot
  SAVINGS   idle $166.07 (66%)  at 7.63% +$0.01 so far  ~$1.06/month  paper
  BOOK      11 pos gross $109.78 (0.44x)  open $+0.34  funding $-0.00  vol 27% top 20
            rebal 2026-09-29
  CONTEXT   since 29 Sep +0.11%  under a day: too early to judge
  RULE      C2 N2+N3  forward test (paper)
  TOURNEY   7 rules held since 2026-09-29  first scores at the next rebalance
  DATA      on time  prices 14s  funding booked  book today  shadow 14:00  carry today
            spot pot today
  SESSION   $+0.27 +0.11%  peak $250.74  dd 0.19%
  CURVE     ======================+++++++======+++++++
  MONTH     book guard $0.00 of $50.00 used  on marked equity  from $250.00  dial 20%
            ..........................
  RECORD    book closed 0  0W 0L  net $+0.00  fees and funding in
  FEES      book $0.06  11 taker fills this run  0.060% of $108.16 traded
  ------------------------------------------------------------------------------------------------



  19:50  up 5h36m  scan 0 ------------------------------------------------------------------------
  EQUITY    $250.69  unreal $+0.76
  OPEN      no intraday positions  book holds 11 (BOOK row)  free $229.06 after open P&L
  SHADOW    intraday M1 $248.64 (-0.52%)  M1g $250.19 (+0.10%)  1d paper only
  CARRY     $249.54 (-0.16%)  8 held  paper only
  SPOT      $251.04 (+0.42%)  15 held  22% invested  cash earns 7.63%  paper pot
  SAVINGS   idle $166.39 (66%)  at 7.63% +$0.01 so far  ~$1.06/month  paper
  BOOK      11 pos gross $110.62 (0.44x)  open $+0.76  funding $-0.00  vol 27% top 20
            rebal 2026-09-29
  CONTEXT   since 29 Sep +0.28%  under a day: too early to judge
  RULE      C2 N2+N3  forward test (paper)
  TOURNEY   7 rules held since 2026-09-29  first scores at the next rebalance
  DATA      on time  prices 8s  funding booked  book today  shadow 14:00  carry today
            spot pot today
  SESSION   $+0.69 +0.28%  peak $250.74  dd 0.02%
  CURVE     ======================+++++++======++++++++
  MONTH     book guard $0.00 of $50.00 used  on marked equity  from $250.00  dial 20%
            ..........................
  RECORD    book closed 0  0W 0L  net $+0.00  fees and funding in
  FEES      book $0.06  11 taker fills this run  0.060% of $108.16 traded
  ------------------------------------------------------------------------------------------------



  19:58  up 5h44m  scan 0 ------------------------------------------------------------------------
  EQUITY    $250.68  unreal $+0.75
  OPEN      no intraday positions  book holds 11 (BOOK row)  free $229.05 after open P&L
  SHADOW    intraday M1 $248.64 (-0.52%)  M1g $250.19 (+0.10%)  1d paper only
  CARRY     $249.54 (-0.16%)  8 held  paper only
  SPOT      $251.04 (+0.42%)  15 held  22% invested  cash earns 7.63%  paper pot
  SAVINGS   idle $166.33 (66%)  at 7.63% +$0.01 so far  ~$1.06/month  paper
  BOOK      11 pos gross $110.74 (0.44x)  open $+0.75  funding $-0.00  vol 27% top 20
            rebal 2026-09-29
  CONTEXT   since 29 Sep +0.27%  under a day: too early to judge
  RULE      C2 N2+N3  forward test (paper)
  TOURNEY   7 rules held since 2026-09-29  first scores at the next rebalance
  DATA      on time  prices 3s  funding booked  book today  shadow 14:00  carry today
            spot pot today
  SESSION   $+0.68 +0.27%  peak $250.74  dd 0.02%
  CURVE     ======================+++++++======+++++++++
  MONTH     book guard $0.00 of $50.00 used  on marked equity  from $250.00  dial 20%
            ..........................
  RECORD    book closed 0  0W 0L  net $+0.00  fees and funding in
  FEES      book $0.06  11 taker fills this run  0.060% of $108.16 traded
  ------------------------------------------------------------------------------------------------



  20:06  up 5h52m  scan 0 ------------------------------------------------------------------------
  EQUITY    $250.53  unreal $+0.60
  OPEN      no intraday positions  book holds 11 (BOOK row)  free $228.90 after open P&L
  SHADOW    intraday M1 $248.64 (-0.52%)  M1g $250.19 (+0.10%)  1d paper only
  CARRY     $249.54 (-0.16%)  8 held  paper only
  SPOT      $250.97 (+0.39%)  15 held  22% invested  cash earns 7.63%  paper pot
  SAVINGS   idle $166.32 (66%)  at 7.63% +$0.01 so far  ~$1.06/month  paper
  BOOK      11 pos gross $110.32 (0.44x)  open $+0.60  funding $-0.00  vol 27% top 20
            rebal 2026-09-29
  CONTEXT   since 29 Sep +0.21%  under a day: too early to judge
  RULE      C2 N2+N3  forward test (paper)
  TOURNEY   7 rules held since 2026-09-29  first scores at the next rebalance
  DATA      on time  prices 38s  funding booked  book today  shadow 14:00  carry today
            spot pot today
  SESSION   $+0.53 +0.21%  peak $250.74  dd 0.08%
  CURVE     ======================+++++++======++++++++++
  MONTH     book guard $0.00 of $50.00 used  on marked equity  from $250.00  dial 20%
            ..........................
  RECORD    book closed 0  0W 0L  net $+0.00  fees and funding in
  FEES      book $0.06  11 taker fills this run  0.060% of $108.16 traded
  ------------------------------------------------------------------------------------------------


  SESSION SUMMARY --------------------------------------------------------------------------------
  RAN       5h59m  0 scans  0 pair-analyses  0 closed trades
  P&L       $+0.53 (+0.21%)  $250.00 > $250.53  maxDD 0.19%
  CURVE     _..._.__-------___-___+***+++-_--==*+**@@+@@#
  COST      fees $0.00  maker 0 / taker 0 fills
  ------------------------------------------------------------------------------------------------

