18:47:44 | 📊 Paper Mode
18:47:44 | ✅ Connected | 737 futures markets (Binance USDⓈ-M)
 
  ================================================================================================
  OMEGA C535  PAPER  Binance perps
  05 Oct 2026   18:47
  start $499.67 realised  risk dial 20%/month
  ================================================================================================
 
  RISK FRAME -------------------------------------------------------------------------------------
  EQUITY    $499.67 realised  737 markets
  MONTH     dial 20% = $100.00 this month
            used $0.33 realised (the guard counts MARKED equity once prices load)
  BOOK      daily trend + momentum + carry, rebalanced 00:05 UTC
            month guard on MARKED equity (open P&L counts)  intraday scanner idle
  ------------------------------------------------------------------------------------------------
 
18:47:44 | 🌐 Remote control on http://0.0.0.0:8138 — TOKEN REQUIRED
18:47:44 |    📱 Local network: http://10.0.0.160:8138/?t=<your token> (this machine's own address)
18:47:44 |    🌍 Internet: put a Cloudflare Tunnel in front of this port.
18:47:44 |        See deploy/DEPLOY.md — one command, no open ports, free.
18:47:44 | 📊 C503 WHAT IS RUNNING -- the portfolio book trades the Binance paper account (an
    experiment, not your plan):
18:47:44 |    RULE   C2 N2+N3 + range vol (GK): C2 = residual momentum, no crowded shorts (N2+N3) --
    a FORWARD TEST in paper (C510); the admitted rule is scored beside it in the rule tournament
18:47:44 |    BOOK   trend (C1) + momentum (C2) + carry (C3), equal risk; vol target 27% from the
    20% dial; gross <= 3x equity; top 20 crypto; $6 minimum; 30% band
18:47:44 |           rebalanced daily 00:05 UTC with market orders (paper fills at the ask/bid,
    taker 0.05%); 5x cross margin; funding at each coin's own interval; its one limit is the month
    guard on MARKED equity
18:47:44 |    PAPER  never touches the account: intraday shadow (C489) hourly · carry (C490) 00:10
    UTC · spot pot (C501/C502) $250, spot minimum $5, 00:20 UTC · idle cash -> Savings at Binance's
    own rate (read every 6 h; 6.69% until the first read) every minute · rule tournament (C510, 9
    rules on the same prices) at each rebalance · BFUSD wallet at 7.66% (C521) · the same book on
    Delta Exchange India, $500 (C521), an experiment · Delta vs Pi42 funding spread, both legs,
    $1000 (C532: both in rupees; Pi42's rates read from Binance, its source)
18:47:44 |    IDLE   the intraday scanner, the OLD strategy (139 trades, 44W/95L before the 29 Sep
    2026 fresh start; it lost after fees): it opens nothing, and its boot description is not printed
    (OMEGA_ENGINE=intraday runs and describes it)
18:47:44 | 💡 Stop safely: sudo systemctl stop omega (Ctrl+C only when run by hand)
 
  18:55  up 0h08m  daily book --------------------------------------------------------------------
  PLAN      $996.01 of $1,000.00 ($-3.99)  after tax on net profit $996.01
            Delta vs Pi42 funding gap $996.01  paper
  BELOW     experiments, not your money
  EQUITY    $501.70  unreal $+2.03
  OPEN      no intraday positions  book holds 9 (BOOK row)  free $439.00 after open P&L
  SHADOW    intraday M1 $508.21 (+1.70%)  M1g $513.07 (+2.67%)  4d paper only
  CARRY     $499.01 (-0.16%)  8 held  paper only
  SPOT      $250.32 (+0.13%)  5 held  18% invested  cash earns 6.90%  paper pot
  SAVINGS   idle $313.61 (62%)  at 6.90% +$0.25 so far  ~$1.80/month  paper
  BFUSD     wallet $501.75 at 7.66%  +$0.34 so far  ~$3.20/month  vs Savings $1.80  paper
  DELTA     $502.61 (+0.52%)  9 held  fees $0.20  funding $+0.13
            paper experiment: the book on Delta
  XVENUE    $995.21 (-0.48%)  10 pairs  funding $+2.27  fees $4.87  paper, Delta vs Pi42
  BOOK      9 pos gross $318.84 (0.64x)  open $+2.03  funding $-0.08  vol 27% top 20
            rebal 2026-10-05
  CONTEXT   since 01 Oct $+1.70 (+0.34%) in 4.4d  normal -2.4% to +4.2%  top 48%: normal
  RULE      C2 N2+N3 + range vol (GK)  forward test (paper)
  TOURNEY   4d from 2026-10-01  base -0.52%  N2 -0.66%  N3 +0.20%  N2+N3 +0.11%  +K4 +0.41%
            +GK* +0.27%  +K4+GK +0.60%  +GK+DD +0.53%  +GK+XA +1.53%
  DATA      on time  prices 33s  funding booked  book today  shadow 13:00  carry today
            spot pot today
  SESSION   $-0.37 -0.07%  peak $502.07  dd 0.07%
  MONTH     book guard $0.00 of $100.00 used  on marked equity  from $500.00  dial 20%
            ..........................
  RECORD    book closed 3  2W 1L  net $-0.09  fees and funding in
  FEES      no fills yet this run (the book trades at 00:05 UTC)
  ------------------------------------------------------------------------------------------------
 
18:55:44 | 🎯 C510 Book (what trades): 9 positions, gross 0.64x, open $+2.03 | rule C2 N2+N3 + range
    vol (GK) | closed 3: 2W/1L $-0.09 | since 01 Oct +0.34% (normal)
 
  19:03  up 0h16m  daily book --------------------------------------------------------------------
  PLAN      $996.07 of $1,000.00 ($-3.93)  after tax on net profit $996.07
            Delta vs Pi42 funding gap $996.07  paper
  BELOW     experiments, not your money
  EQUITY    $501.76  unreal $+2.09
  OPEN      no intraday positions  book holds 9 (BOOK row)  free $439.06 after open P&L
  SHADOW    intraday M1 $508.21 (+1.70%)  M1g $513.07 (+2.67%)  4d paper only
  CARRY     $499.01 (-0.16%)  8 held  paper only
  SPOT      $250.27 (+0.11%)  5 held  18% invested  cash earns 6.90%  paper pot
  SAVINGS   idle $313.61 (62%)  at 6.90% +$0.25 so far  ~$1.80/month  paper
  BFUSD     wallet $501.74 at 7.66%  +$0.34 so far  ~$3.20/month  vs Savings $1.80  paper
  DELTA     $502.61 (+0.52%)  9 held  fees $0.20  funding $+0.13
            paper experiment: the book on Delta
  XVENUE    $995.21 (-0.48%)  10 pairs  funding $+2.27  fees $4.87  paper, Delta vs Pi42
  BOOK      9 pos gross $318.50 (0.64x)  open $+2.09  funding $-0.08  vol 27% top 20
            rebal 2026-10-05
  CONTEXT   since 01 Oct $+1.76 (+0.35%) in 4.4d  normal -2.4% to +4.2%  top 47%: normal
  RULE      C2 N2+N3 + range vol (GK)  forward test (paper)
  TOURNEY   4d from 2026-10-01  base -0.52%  N2 -0.66%  N3 +0.20%  N2+N3 +0.11%  +K4 +0.41%
            +GK* +0.27%  +K4+GK +0.60%  +GK+DD +0.53%  +GK+XA +1.53%
  DATA      on time  prices 26s  funding booked  book today  shadow 13:00  carry today
            spot pot today
  SESSION   $-0.31 -0.06%  peak $502.07  dd 0.06%
  MONTH     book guard $0.00 of $100.00 used  on marked equity  from $500.00  dial 20%
            ..........................
  RECORD    book closed 3  2W 1L  net $-0.09  fees and funding in
  FEES      no fills yet this run (the book trades at 00:05 UTC)
  ------------------------------------------------------------------------------------------------
 
19:03:45 | 🎯 C510 Book (what trades): 9 positions, gross 0.64x, open $+2.09 | rule C2 N2+N3 + range
    vol (GK) | closed 3: 2W/1L $-0.09 | since 01 Oct +0.35% (normal)
 
  19:11  up 0h24m  daily book --------------------------------------------------------------------
  PLAN      $996.05 of $1,000.00 ($-3.95)  after tax on net profit $996.05
            Delta vs Pi42 funding gap $996.05  paper
  BELOW     experiments, not your money
  EQUITY    $501.86  unreal $+2.19
  OPEN      no intraday positions  book holds 9 (BOOK row)  free $439.16 after open P&L
  SHADOW    intraday M1 $508.21 (+1.70%)  M1g $513.07 (+2.67%)  4d paper only
  CARRY     $499.01 (-0.16%)  8 held  paper only
  SPOT      $250.21 (+0.08%)  5 held  18% invested  cash earns 6.90%  paper pot
  SAVINGS   idle $313.75 (62%)  at 6.90% +$0.25 so far  ~$1.80/month  paper
  BFUSD     wallet $501.93 at 7.66%  +$0.35 so far  ~$3.20/month  vs Savings $1.80  paper
  DELTA     $502.58 (+0.52%)  9 held  fees $0.20  funding $+0.13
            paper experiment: the book on Delta
  XVENUE    $995.21 (-0.48%)  10 pairs  funding $+2.27  fees $4.87  paper, Delta vs Pi42
  BOOK      9 pos gross $318.47 (0.64x)  open $+2.19  funding $-0.08  vol 27% top 20
            rebal 2026-10-05
  CONTEXT   since 01 Oct $+1.86 (+0.37%) in 4.4d  normal -2.4% to +4.2%  top 47%: normal
  RULE      C2 N2+N3 + range vol (GK)  forward test (paper)
  TOURNEY   4d from 2026-10-01  base -0.52%  N2 -0.66%  N3 +0.20%  N2+N3 +0.11%  +K4 +0.41%
            +GK* +0.27%  +K4+GK +0.60%  +GK+DD +0.53%  +GK+XA +1.53%
  DATA      on time  prices 20s  funding booked  book today  shadow 13:00  carry today
            spot pot today
  SESSION   $-0.21 -0.04%  peak $502.07  dd 0.04%
  MONTH     book guard $0.00 of $100.00 used  on marked equity  from $500.00  dial 20%
            ..........................
  RECORD    book closed 3  2W 1L  net $-0.09  fees and funding in
  FEES      no fills yet this run (the book trades at 00:05 UTC)
  ------------------------------------------------------------------------------------------------
 
19:11:45 | 🎯 C510 Book (what trades): 9 positions, gross 0.64x, open $+2.19 | rule C2 N2+N3 + range
    vol (GK) | closed 3: 2W/1L $-0.09 | since 01 Oct +0.37% (normal)
 
  19:19  up 0h32m  daily book --------------------------------------------------------------------
  PLAN      $995.84 of $1,000.00 ($-4.16)  after tax on net profit $995.84
            Delta vs Pi42 funding gap $995.84  paper
  BELOW     experiments, not your money
  EQUITY    $502.17  unreal $+2.50
  OPEN      no intraday positions  book holds 9 (BOOK row)  free $439.47 after open P&L
  SHADOW    intraday M1 $508.21 (+1.70%)  M1g $513.07 (+2.67%)  4d paper only
  CARRY     $499.01 (-0.16%)  8 held  paper only
  SPOT      $250.36 (+0.14%)  5 held  18% invested  cash earns 6.90%  paper pot
  SAVINGS   idle $313.83 (62%)  at 6.90% +$0.25 so far  ~$1.80/month  paper
  BFUSD     wallet $502.04 at 7.66%  +$0.35 so far  ~$3.20/month  vs Savings $1.80  paper
  DELTA     $502.99 (+0.60%)  9 held  fees $0.20  funding $+0.13
            paper experiment: the book on Delta
  XVENUE    $995.21 (-0.48%)  10 pairs  funding $+2.27  fees $4.87  paper, Delta vs Pi42
  BOOK      9 pos gross $319.57 (0.64x)  open $+2.50  funding $-0.08  vol 27% top 20
            rebal 2026-10-05
  CONTEXT   since 01 Oct $+2.17 (+0.43%) in 4.4d  normal -2.4% to +4.2%  top 46%: normal
  RULE      C2 N2+N3 + range vol (GK)  forward test (paper)
  TOURNEY   4d from 2026-10-01  base -0.52%  N2 -0.66%  N3 +0.20%  N2+N3 +0.11%  +K4 +0.41%
            +GK* +0.27%  +K4+GK +0.60%  +GK+DD +0.53%  +GK+XA +1.53%
  DATA      on time  prices 14s  funding booked  book today  shadow 13:00  carry today
            spot pot today
  SESSION   $+0.10 +0.02%
  MONTH     book guard $0.00 of $100.00 used  on marked equity  from $500.00  dial 20%
            ..........................
  RECORD    book closed 3  2W 1L  net $-0.09  fees and funding in
  FEES      no fills yet this run (the book trades at 00:05 UTC)
  ------------------------------------------------------------------------------------------------
 
19:19:45 | 🎯 C510 Book (what trades): 9 positions, gross 0.64x, open $+2.50 | rule C2 N2+N3 + range
    vol (GK) | closed 3: 2W/1L $-0.09 | since 01 Oct +0.43% (normal)
 
  19:27  up 0h40m  daily book --------------------------------------------------------------------
  PLAN      $996.23 of $1,000.00 ($-3.77)  after tax on net profit $996.23
            Delta vs Pi42 funding gap $996.23  paper
  BELOW     experiments, not your money
  EQUITY    $502.17  unreal $+2.50
  OPEN      no intraday positions  book holds 9 (BOOK row)  free $439.47 after open P&L
  SHADOW    intraday M1 $508.21 (+1.70%)  M1g $513.07 (+2.67%)  4d paper only
  CARRY     $499.01 (-0.16%)  8 held  paper only
  SPOT      $250.37 (+0.15%)  5 held  18% invested  cash earns 6.90%  paper pot
  SAVINGS   idle $313.95 (62%)  at 6.90% +$0.25 so far  ~$1.80/month  paper
  BFUSD     wallet $502.20 at 7.66%  +$0.35 so far  ~$3.21/month  vs Savings $1.80  paper
  DELTA     $503.11 (+0.62%)  9 held  fees $0.20  funding $+0.13
            paper experiment: the book on Delta
  XVENUE    $995.21 (-0.48%)  10 pairs  funding $+2.27  fees $4.87  paper, Delta vs Pi42
  BOOK      9 pos gross $319.67 (0.64x)  open $+2.50  funding $-0.08  vol 27% top 20
            rebal 2026-10-05
  CONTEXT   since 01 Oct $+2.17 (+0.43%) in 4.4d  normal -2.4% to +4.2%  top 46%: normal
  RULE      C2 N2+N3 + range vol (GK)  forward test (paper)
  TOURNEY   4d from 2026-10-01  base -0.52%  N2 -0.66%  N3 +0.20%  N2+N3 +0.11%  +K4 +0.41%
            +GK* +0.27%  +K4+GK +0.60%  +GK+DD +0.53%  +GK+XA +1.53%
  DATA      on time  prices 7s  funding booked  book today  shadow 13:00  carry today
            spot pot today
  SESSION   $+0.10 +0.02%
  CURVE     +===++
  MONTH     book guard $0.00 of $100.00 used  on marked equity  from $500.00  dial 20%
            ..........................
  RECORD    book closed 3  2W 1L  net $-0.09  fees and funding in
  FEES      no fills yet this run (the book trades at 00:05 UTC)
  ------------------------------------------------------------------------------------------------
 
19:27:46 | 🎯 C510 Book (what trades): 9 positions, gross 0.64x, open $+2.50 | rule C2 N2+N3 + range
    vol (GK) | closed 3: 2W/1L $-0.09 | since 01 Oct +0.43% (normal)
19:32:37 |    👻 C489 shadow hour 14:00 UTC: 39 coins scored (full (16 features)), gate OPEN | M1
    $507.67 (+1.59%) M1g $512.76 (+2.61%) over 4d [14s]
 
  19:35  up 0h48m  daily book --------------------------------------------------------------------
  PLAN      $995.95 of $1,000.00 ($-4.05)  after tax on net profit $995.95
            Delta vs Pi42 funding gap $995.95  paper
  BELOW     experiments, not your money
  EQUITY    $502.24  unreal $+2.57
  OPEN      no intraday positions  book holds 9 (BOOK row)  free $439.54 after open P&L
  SHADOW    intraday M1 $507.67 (+1.59%)  M1g $512.76 (+2.61%)  4d paper only
  CARRY     $499.01 (-0.16%)  8 held  paper only
  SPOT      $250.33 (+0.13%)  5 held  18% invested  cash earns 6.90%  paper pot
  SAVINGS   idle $313.99 (62%)  at 6.90% +$0.25 so far  ~$1.80/month  paper
  BFUSD     wallet $502.25 at 7.66%  +$0.35 so far  ~$3.21/month  vs Savings $1.80  paper
  DELTA     $503.20 (+0.64%)  9 held  fees $0.20  funding $+0.13
            paper experiment: the book on Delta
  XVENUE    $995.21 (-0.48%)  10 pairs  funding $+2.27  fees $4.87  paper, Delta vs Pi42
  BOOK      9 pos gross $319.29 (0.64x)  open $+2.57  funding $-0.08  vol 27% top 20
            rebal 2026-10-05
  CONTEXT   since 01 Oct $+2.24 (+0.45%) in 4.4d  normal -2.4% to +4.2%  top 46%: normal
  RULE      C2 N2+N3 + range vol (GK)  forward test (paper)
  TOURNEY   4d from 2026-10-01  base -0.52%  N2 -0.66%  N3 +0.20%  N2+N3 +0.11%  +K4 +0.41%
            +GK* +0.27%  +K4+GK +0.60%  +GK+DD +0.53%  +GK+XA +1.53%
  DATA      on time  prices 1s  funding booked  book today  shadow 14:00  carry today
            spot pot today
  SESSION   $+0.17 +0.03%
  CURVE     +===+++
  MONTH     book guard $0.00 of $100.00 used  on marked equity  from $500.00  dial 20%
            ..........................
  RECORD    book closed 3  2W 1L  net $-0.09  fees and funding in
  FEES      no fills yet this run (the book trades at 00:05 UTC)
  ------------------------------------------------------------------------------------------------
 
19:35:46 | 🎯 C510 Book (what trades): 9 positions, gross 0.64x, open $+2.57 | rule C2 N2+N3 + range
    vol (GK) | closed 3: 2W/1L $-0.09 | since 01 Oct +0.45% (normal)
 
  19:43  up 0h56m  daily book --------------------------------------------------------------------
  PLAN      $996.05 of $1,000.00 ($-3.95)  after tax on net profit $996.05
            Delta vs Pi42 funding gap $996.05  paper
  BELOW     experiments, not your money
  EQUITY    $502.58  unreal $+2.91
  OPEN      no intraday positions  book holds 9 (BOOK row)  free $439.88 after open P&L
  SHADOW    intraday M1 $507.67 (+1.59%)  M1g $512.76 (+2.61%)  4d paper only
  CARRY     $499.01 (-0.16%)  8 held  paper only
  SPOT      $250.49 (+0.20%)  5 held  18% invested  cash earns 6.90%  paper pot
  SAVINGS   idle $314.29 (62%)  at 6.90% +$0.25 so far  ~$1.81/month  paper
  BFUSD     wallet $502.65 at 7.66%  +$0.35 so far  ~$3.21/month  vs Savings $1.81  paper
  DELTA     $503.41 (+0.68%)  9 held  fees $0.20  funding $+0.13
            paper experiment: the book on Delta
  XVENUE    $995.21 (-0.48%)  10 pairs  funding $+2.27  fees $4.87  paper, Delta vs Pi42
  BOOK      9 pos gross $320.38 (0.64x)  open $+2.91  funding $-0.08  vol 27% top 20
            rebal 2026-10-05
  CONTEXT   since 01 Oct $+2.58 (+0.52%) in 4.4d  normal -2.4% to +4.2%  top 45%: normal
  RULE      C2 N2+N3 + range vol (GK)  forward test (paper)
  TOURNEY   4d from 2026-10-01  base -0.52%  N2 -0.66%  N3 +0.20%  N2+N3 +0.11%  +K4 +0.41%
            +GK* +0.27%  +K4+GK +0.60%  +GK+DD +0.53%  +GK+XA +1.53%
  DATA      on time  prices 38s  funding booked  book today  shadow 14:00  carry today
            spot pot today
  SESSION   $+0.51 +0.10%
  CURVE     ====++++
  MONTH     book guard $0.00 of $100.00 used  on marked equity  from $500.00  dial 20%
            ..........................
  RECORD    book closed 3  2W 1L  net $-0.09  fees and funding in
  FEES      no fills yet this run (the book trades at 00:05 UTC)
  ------------------------------------------------------------------------------------------------
 
19:43:47 | 🎯 C510 Book (what trades): 9 positions, gross 0.64x, open $+2.91 | rule C2 N2+N3 + range
    vol (GK) | closed 3: 2W/1L $-0.09 | since 01 Oct +0.52% (normal)
 
  19:51  up 1h04m  daily book --------------------------------------------------------------------
  PLAN      $996.16 of $1,000.00 ($-3.84)  after tax on net profit $996.16
            Delta vs Pi42 funding gap $996.16  paper
  BELOW     experiments, not your money
  EQUITY    $502.44  unreal $+2.77
  OPEN      no intraday positions  book holds 9 (BOOK row)  free $439.74 after open P&L
  SHADOW    intraday M1 $507.67 (+1.59%)  M1g $512.76 (+2.61%)  4d paper only
  CARRY     $499.01 (-0.16%)  8 held  paper only
  SPOT      $250.36 (+0.14%)  5 held  18% invested  cash earns 6.90%  paper pot
  SAVINGS   idle $314.19 (62%)  at 6.90% +$0.25 so far  ~$1.81/month  paper
  BFUSD     wallet $502.52 at 7.66%  +$0.35 so far  ~$3.21/month  vs Savings $1.81  paper
  DELTA     $503.56 (+0.71%)  9 held  fees $0.20  funding $+0.13
            paper experiment: the book on Delta
  XVENUE    $995.21 (-0.48%)  10 pairs  funding $+2.27  fees $4.87  paper, Delta vs Pi42
  BOOK      9 pos gross $319.10 (0.64x)  open $+2.77  funding $-0.08  vol 27% top 20
            rebal 2026-10-05
  CONTEXT   since 01 Oct $+2.44 (+0.49%) in 4.4d  normal -2.4% to +4.2%  top 45%: normal
  RULE      C2 N2+N3 + range vol (GK)  forward test (paper)
  TOURNEY   4d from 2026-10-01  base -0.52%  N2 -0.66%  N3 +0.20%  N2+N3 +0.11%  +K4 +0.41%
            +GK* +0.27%  +K4+GK +0.60%  +GK+DD +0.53%  +GK+XA +1.53%
  DATA      on time  prices 27s  funding booked  book today  shadow 14:00  carry today
            spot pot today
  SESSION   $+0.37 +0.07%  peak $502.58  dd 0.03%
  CURVE     ====+++++
  MONTH     book guard $0.00 of $100.00 used  on marked equity  from $500.00  dial 20%
            ..........................
  RECORD    book closed 3  2W 1L  net $-0.09  fees and funding in
  FEES      no fills yet this run (the book trades at 00:05 UTC)
  ------------------------------------------------------------------------------------------------
 
19:51:48 | 🎯 C510 Book (what trades): 9 positions, gross 0.64x, open $+2.77 | rule C2 N2+N3 + range
    vol (GK) | closed 3: 2W/1L $-0.09 | since 01 Oct +0.49% (normal)
 
  19:59  up 1h12m  daily book --------------------------------------------------------------------
  PLAN      $996.06 of $1,000.00 ($-3.94)  after tax on net profit $996.06
            Delta vs Pi42 funding gap $996.06  paper
  BELOW     experiments, not your money
  EQUITY    $502.57  unreal $+2.90
  OPEN      no intraday positions  book holds 9 (BOOK row)  free $439.87 after open P&L
  SHADOW    intraday M1 $507.67 (+1.59%)  M1g $512.76 (+2.61%)  4d paper only
  CARRY     $499.01 (-0.16%)  8 held  paper only
  SPOT      $250.24 (+0.10%)  5 held  18% invested  cash earns 6.90%  paper pot
  SAVINGS   idle $314.16 (62%)  at 6.90% +$0.25 so far  ~$1.81/month  paper
  BFUSD     wallet $502.48 at 7.66%  +$0.35 so far  ~$3.21/month  vs Savings $1.81  paper
  DELTA     $503.28 (+0.66%)  9 held  fees $0.20  funding $+0.13
            paper experiment: the book on Delta
  XVENUE    $995.21 (-0.48%)  10 pairs  funding $+2.27  fees $4.87  paper, Delta vs Pi42
  BOOK      9 pos gross $318.60 (0.63x)  open $+2.90  funding $-0.08  vol 27% top 20
            rebal 2026-10-05
  CONTEXT   since 01 Oct $+2.57 (+0.51%) in 4.5d  normal -2.4% to +4.2%  top 45%: normal
  RULE      C2 N2+N3 + range vol (GK)  forward test (paper)
  TOURNEY   4d from 2026-10-01  base -0.52%  N2 -0.66%  N3 +0.20%  N2+N3 +0.11%  +K4 +0.41%
            +GK* +0.27%  +K4+GK +0.60%  +GK+DD +0.53%  +GK+XA +1.53%
  DATA      on time  prices 22s  funding booked  book today  shadow 14:00  carry today
            spot pot today
  SESSION   $+0.50 +0.10%  peak $502.58
  CURVE     ====++++++
  MONTH     book guard $0.00 of $100.00 used  on marked equity  from $500.00  dial 20%
            ..........................
  RECORD    book closed 3  2W 1L  net $-0.09  fees and funding in
  FEES      no fills yet this run (the book trades at 00:05 UTC)
  ------------------------------------------------------------------------------------------------
 
19:59:48 | 🎯 C510 Book (what trades): 9 positions, gross 0.63x, open $+2.90 | rule C2 N2+N3 + range
    vol (GK) | closed 3: 2W/1L $-0.09 | since 01 Oct +0.51% (normal)
 
  20:07  up 1h20m  daily book --------------------------------------------------------------------
  PLAN      $996.66 of $1,000.00 ($-3.34)  after tax on net profit $996.66
            Delta vs Pi42 funding gap $996.66  paper
  BELOW     experiments, not your money
  EQUITY    $501.91  unreal $+2.24
  OPEN      no intraday positions  book holds 9 (BOOK row)  free $439.21 after open P&L
  SHADOW    intraday M1 $507.67 (+1.59%)  M1g $512.76 (+2.61%)  4d paper only
  CARRY     $499.01 (-0.16%)  8 held  paper only
  SPOT      $249.96 (-0.02%)  5 held  18% invested  cash earns 6.90%  paper pot
  SAVINGS   idle $313.65 (62%)  at 6.90% +$0.25 so far  ~$1.80/month  paper
  BFUSD     wallet $501.80 at 7.66%  +$0.35 so far  ~$3.20/month  vs Savings $1.80  paper
  DELTA     $502.98 (+0.60%)  9 held  fees $0.20  funding $+0.13
            paper experiment: the book on Delta
  XVENUE    $995.21 (-0.48%)  10 pairs  funding $+2.27  fees $4.87  paper, Delta vs Pi42
  BOOK      9 pos gross $316.55 (0.63x)  open $+2.24  funding $-0.08  vol 27% top 20
            rebal 2026-10-05
  CONTEXT   since 01 Oct $+1.91 (+0.38%) in 4.5d  normal -2.4% to +4.2%  top 47%: normal
  RULE      C2 N2+N3 + range vol (GK)  forward test (paper)
  TOURNEY   4d from 2026-10-01  base -0.52%  N2 -0.66%  N3 +0.20%  N2+N3 +0.11%  +K4 +0.41%
            +GK* +0.27%  +K4+GK +0.60%  +GK+DD +0.53%  +GK+XA +1.53%
  DATA      on time  prices 15s  funding booked  book today  shadow 14:00  carry today
            spot pot today
  SESSION   $-0.16 -0.03%  peak $502.58  dd 0.13%
  CURVE     ====++++++=
  MONTH     book guard $0.00 of $100.00 used  on marked equity  from $500.00  dial 20%
            ..........................
  RECORD    book closed 3  2W 1L  net $-0.09  fees and funding in
  FEES      no fills yet this run (the book trades at 00:05 UTC)
  ------------------------------------------------------------------------------------------------
 
20:07:49 | 🎯 C510 Book (what trades): 9 positions, gross 0.63x, open $+2.24 | rule C2 N2+N3 + range
    vol (GK) | closed 3: 2W/1L $-0.09 | since 01 Oct +0.38% (normal)
 
  20:15  up 1h28m  daily book --------------------------------------------------------------------
  PLAN      $996.22 of $1,000.00 ($-3.78)  after tax on net profit $996.22
            Delta vs Pi42 funding gap $996.22  paper
  BELOW     experiments, not your money
  EQUITY    $501.73  unreal $+2.06
  OPEN      no intraday positions  book holds 9 (BOOK row)  free $439.03 after open P&L
  SHADOW    intraday M1 $507.67 (+1.59%)  M1g $512.76 (+2.61%)  4d paper only
  CARRY     $499.01 (-0.16%)  8 held  paper only
  SPOT      $250.04 (+0.02%)  5 held  18% invested  cash earns 6.90%  paper pot
  SAVINGS   idle $313.73 (62%)  at 6.90% +$0.25 so far  ~$1.80/month  paper
  BFUSD     wallet $501.90 at 7.66%  +$0.35 so far  ~$3.20/month  vs Savings $1.80  paper
  DELTA     $502.76 (+0.55%)  9 held  fees $0.20  funding $+0.13
            paper experiment: the book on Delta
  XVENUE    $995.21 (-0.48%)  10 pairs  funding $+2.27  fees $4.87  paper, Delta vs Pi42
  BOOK      9 pos gross $315.96 (0.63x)  open $+2.06  funding $-0.08  vol 27% top 20
            rebal 2026-10-05
  CONTEXT   since 01 Oct $+1.73 (+0.35%) in 4.5d  normal -2.4% to +4.2%  top 48%: normal
  RULE      C2 N2+N3 + range vol (GK)  forward test (paper)
  TOURNEY   4d from 2026-10-01  base -0.52%  N2 -0.66%  N3 +0.20%  N2+N3 +0.11%  +K4 +0.41%
            +GK* +0.27%  +K4+GK +0.60%  +GK+DD +0.53%  +GK+XA +1.53%
  DATA      on time  prices 9s  funding booked  book today  shadow 14:00  carry today
            spot pot today
  SESSION   $-0.34 -0.07%  peak $502.58  dd 0.17%
  CURVE     ====++++++==
  MONTH     book guard $0.00 of $100.00 used  on marked equity  from $500.00  dial 20%
            ..........................
  RECORD    book closed 3  2W 1L  net $-0.09  fees and funding in
  FEES      no fills yet this run (the book trades at 00:05 UTC)
  ------------------------------------------------------------------------------------------------
 
20:15:49 | 🎯 C510 Book (what trades): 9 positions, gross 0.63x, open $+2.06 | rule C2 N2+N3 + range
    vol (GK) | closed 3: 2W/1L $-0.09 | since 01 Oct +0.35% (normal)
