
  ================================================================================================
  OMEGA C483  PAPER  Bitget perps
  23 Sep 2026   18:37
  start $252.81  risk dial 15%/month
  ================================================================================================

  RISK FRAME -------------------------------------------------------------------------------------
  EQUITY    $252.81  802 markets
  MONTH     dial 15% = $37.92 this month  used $0.00
  DAY       limit $9.48  25% of what the month has left, fixed at midnight
  RISK      0.341% = $0.86/trade  trades/day NO CAP
  EDGE      -0.0258 blended  25W 62L realised
  NEED      73% win at 0.36 payoff
  ------------------------------------------------------------------------------------------------



  18:45  up 0h08m  scan 1 ------------------------------------------------------------------------
  EQUITY    $254.05  unreal $+1.24
  OPEN      3 pos $102.06 (40%)  free $150.75
  ------------------------------------------------------------------------------------------------
  PAIR     SIDE       ENTRY      MARK    MOVE     P&L   AGE  THESIS
  牛来       SHORT   0.108840  0.107660  +1.08%   +0.32 1h08m  + 20% left
  KERNEL   SHORT   0.056370  0.055450  +1.63%   +0.54 1h08m  + 20% left
  AVAX     SHORT    10.7570   10.6330  +1.15%   +0.38   56m  + 36% left
  ------------------------------------------------------------------------------------------------
  SESSION   $+1.24 +0.49%
  DAY       real $-2.17  limit $9.48 (3.72%)  23% used
            ######....................
  MONTH     dial 15%  used $0.00 of $37.92  from $252.81
  RECORD    no closed trades yet this run
  LIFETIME  87tr 25W 62L 29%  $+2.81
  FEES      no fills yet this run
  SCAN      802 > 70 > 0 passed  top 牛来 0.96 (corr_cap)  1 scan, 70 analysed
  MARKET    MIXED  bias -0.19  breadth -0.29  taker flow +0.15
  NEWS      35 articles  + tone +0.58  ONE +0.32  PEPE +0.25  ETH +0.22
  MOVERS    FIGHT +39% #47  ALLO +31% cut  MET +28% #27  SENT +24% #45
  ------------------------------------------------------------------------------------------------

  -> 18:47  HALF   牛来 SHORT @0.107770  +0.98% $+0.15
       win half banked  maker  $15.89 rides on
  << 18:50  CLOSE  牛来 SHORT @0.107970  +0.80% $+0.27  WIN
       held 1h13m  TRAILING_TP: peak=+1.5%   kept 54% of a +1.49% peak  +0.28R  maker
  -> 18:51  HALF   AVAX SHORT @10.6440  +1.05% $+0.18
       win half banked  maker  $17.65 rides on
  << 18:51  CLOSE  AVAX SHORT @10.6370  +1.12% $+0.36  WIN
       held 1h02m  REL_DSI+DRI DIVERGE: dsi  kept 78% of a +1.43% peak  +0.44R  TAKER


  18:53  up 0h16m  scan 2 ------------------------------------------------------------------------
  EQUITY    $253.68  unreal $+0.24
  OPEN      1 pos $34.98 (14%)  free $218.46
  ------------------------------------------------------------------------------------------------
  PAIR     SIDE       ENTRY      MARK    MOVE     P&L   AGE  THESIS
  KERNEL   SHORT   0.056370  0.055940  +0.76%   +0.24 1h16m  + 0% left
  ------------------------------------------------------------------------------------------------
  SESSION   $+0.87 +0.35%  peak $254.05  dd 0.15%
  DAY       real $-1.54  limit $9.48 (3.72%)  16% used
            ####......................
  MONTH     dial 15%  used $0.00 of $37.92  from $252.81
  RECORD    2 closed  2W 0L  win 100%  avg $+0.32/tr  best $+0.36  worst $+0.27
  LIFETIME  89tr 27W 62L 30%  $+3.44
  FEES      $0.02  mk3/tk1  0.008% of eq
  SCAN      802 > 70 > 0 passed  top KERNEL 1.11 (corr_cap)  2 scans, 140 analysed
  MARKET    MIXED  bias -0.35  breadth +0.00  taker flow +0.26
  NEWS      35 articles  + tone +0.58  ONE +0.32  PEPE +0.25  ETH +0.22
  MOVERS    FIGHT +38% #50  ALLO +31% cut  MET +30% cut  SENT +24% #48
  TAPE      + +
  ------------------------------------------------------------------------------------------------



  19:02  up 0h25m  scan 3 ------------------------------------------------------------------------
  EQUITY    $253.78  unreal $+0.34
  OPEN      1 pos $34.98 (14%)  free $218.46
  ------------------------------------------------------------------------------------------------
  PAIR     SIDE       ENTRY      MARK    MOVE     P&L   AGE  THESIS
  KERNEL   SHORT   0.056370  0.055780  +1.05%   +0.34 1h25m  + 0% left
  ------------------------------------------------------------------------------------------------
  SESSION   $+0.97 +0.39%  peak $254.05  dd 0.11%
  CURVE     =+=+++
  DAY       real $-1.54  limit $9.48 (3.72%)  16% used
            ####......................
  MONTH     dial 15%  used $0.00 of $37.92  from $252.81
  RECORD    2 closed  2W 0L  win 100%  avg $+0.32/tr  best $+0.36  worst $+0.27
  LIFETIME  89tr 27W 62L 30%  $+3.44
  FEES      $0.02  mk3/tk1  0.008% of eq
  SCAN      802 > 70 > 0 passed  top KERNEL 0.75 (reward_conviction )  3 scans, 210 analysed
  MARKET    MIXED  bias -0.25  breadth +0.00  taker flow -0.02
  NEWS      35 articles  + tone +0.58  ONE +0.32  PEPE +0.25  ADA +0.25
  MOVERS    ALLO +34% #20  MET +31% cut  FIGHT +30% cut  SENT +25% #45
  TAPE      + +
  ------------------------------------------------------------------------------------------------



  19:10  up 0h33m  scan 3 ------------------------------------------------------------------------
  EQUITY    $253.61  unreal $+0.17
  OPEN      1 pos $34.98 (14%)  free $218.46
  ------------------------------------------------------------------------------------------------
  PAIR     SIDE       ENTRY      MARK    MOVE     P&L   AGE  THESIS
  KERNEL   SHORT   0.056370  0.056050  +0.57%   +0.17 1h33m  + 0% left
  ------------------------------------------------------------------------------------------------
  SESSION   $+0.80 +0.32%  peak $254.05  dd 0.17%
  CURVE     =+=++++
  DAY       real $-1.54  limit $9.48 (3.72%)  16% used
            ####......................
  MONTH     dial 15%  used $0.00 of $37.92  from $252.81
  RECORD    2 closed  2W 0L  win 100%  avg $+0.32/tr  best $+0.36  worst $+0.27
  LIFETIME  89tr 27W 62L 30%  $+3.44
  FEES      $0.02  mk3/tk1  0.008% of eq
  SCAN      802 > 70 > 0 passed  top KERNEL 0.75 (reward_conviction )  3 scans, 210 analysed
  MARKET    MIXED  bias -0.25  breadth -0.20  taker flow -0.60
  NEWS      35 articles  + tone +0.58  ONE +0.32  PEPE +0.25  ADA +0.25
  MOVERS    ALLO +34% #20  MET +31% cut  FIGHT +30% cut  SENT +25% #45
  TAPE      + +
  ------------------------------------------------------------------------------------------------



  19:20  up 0h42m  scan 5 ------------------------------------------------------------------------
  EQUITY    $253.80  unreal $+0.36
  OPEN      1 pos $34.98 (14%)  free $308.00
  ------------------------------------------------------------------------------------------------
  PAIR     SIDE       ENTRY      MARK    MOVE     P&L   AGE  THESIS
  KERNEL   SHORT   0.056370  0.055750  +1.10%   +0.36 1h43m  + 0% left
  ------------------------------------------------------------------------------------------------
  SESSION   $+0.99 +0.39%  peak $254.05  dd 0.10%
  CURVE     =+=+++++
  DAY       real $-1.54  limit $9.48 (3.72%)  16% used
            ####......................
  MONTH     dial 15%  used $0.00 of $37.92  from $252.81
  RECORD    2 closed  2W 0L  win 100%  avg $+0.32/tr  best $+0.36  worst $+0.27
  LIFETIME  89tr 27W 62L 30%  $+3.44
  FEES      $0.02  mk3/tk1  0.008% of eq
  SCAN      805 > 70 > 2 passed  top ALLO 0.58 (viable)  5 scans, 283 analysed
  MARKET    MIXED  bias -0.08  breadth +0.00  taker flow -0.15
  NEWS      65 articles  + tone +0.54  ONE +0.32  PEPE +0.25  ADA +0.25
  INFO      2 tilted  flow/fund/news/oi on 99
  MOVERS    ALLO +36% #21  MET +32% cut  FIGHT +27% cut  SENT +25% #44
  TAPE      + +
  ------------------------------------------------------------------------------------------------



  19:28  up 0h50m  scan 6 ------------------------------------------------------------------------
  EQUITY    $253.73  unreal $+0.29
  OPEN      1 pos $34.98 (14%)  free $327.69
  ------------------------------------------------------------------------------------------------
  PAIR     SIDE       ENTRY      MARK    MOVE     P&L   AGE  THESIS
  KERNEL   SHORT   0.056370  0.055860  +0.90%   +0.29 1h51m  + 0% left
  ------------------------------------------------------------------------------------------------
  SESSION   $+0.92 +0.37%  peak $254.05  dd 0.13%
  CURVE     =+=++++++
  DAY       real $-1.54  limit $9.48 (3.72%)  16% used
            ####......................
  MONTH     dial 15%  used $0.00 of $37.92  from $252.81
  RECORD    2 closed  2W 0L  win 100%  avg $+0.32/tr  best $+0.36  worst $+0.27
  LIFETIME  89tr 27W 62L 30%  $+3.44
  FEES      $0.02  mk3/tk1  0.008% of eq
  SCAN      805 > 77 > 8 passed  top DASH 0.82 (viable)  6 scans, 360 analysed
  MARKET    MIXED  bias -0.10  breadth -0.09  taker flow +0.25
  NEWS      65 articles  + tone +0.54  LINK +0.53  ONE +0.32  PEPE +0.25
  INFO      8 tilted  flow/fund/news/oi on 168
  MOVERS    ALLO +35% #31  MET +31% #40  FIGHT +28% #101  SENT +24% #80
  TAPE      + +
  ------------------------------------------------------------------------------------------------



  19:36  up 0h58m  scan 7 ------------------------------------------------------------------------
  EQUITY    $253.64  unreal $+0.20
  OPEN      1 pos $34.98 (14%)  free $252.51
  ------------------------------------------------------------------------------------------------
  PAIR     SIDE       ENTRY      MARK    MOVE     P&L   AGE  THESIS
  KERNEL   SHORT   0.056370  0.056010  +0.64%   +0.20 1h59m  + 0% left
  ------------------------------------------------------------------------------------------------
  SESSION   $+0.83 +0.33%  peak $254.05  dd 0.16%
  CURVE     =+=+++++++
  DAY       real $-1.54  limit $9.48 (3.72%)  16% used
            ####......................
  MONTH     dial 15%  used $0.00 of $37.92  from $252.81
  RECORD    2 closed  2W 0L  win 100%  avg $+0.32/tr  best $+0.36  worst $+0.27
  LIFETIME  89tr 27W 62L 30%  $+3.44
  FEES      $0.02  mk3/tk1  0.008% of eq
  SCAN      805 > 131 > 1 passed  top ALLO 0.63 (viable)  7 scans, 491 analysed
  MARKET    MIXED  bias -0.17  breadth -0.08  taker flow +0.07
  NEWS      65 articles  + tone +0.54  LINK +0.53  ZEC +0.26  PEPE +0.25
  INFO      1 tilted  flow/fund/news/oi on 168
  MOVERS    ALLO +35% #31  MET +31% #40  FIGHT +28% #101  SENT +24% #80
  TAPE      + +
  ------------------------------------------------------------------------------------------------

  -> 19:39  HALF   KERNEL SHORT @0.055530  +1.49% $+0.25
       win half banked  maker  $17.49 rides on
  << 19:43  CLOSE  KERNEL SHORT @0.053120  +5.77% $+1.26  WIN
       held 2h06m  PEAK_REVERSAL: peak=+7.2  kept 80% of a +7.22% peak  +2.23R  maker


  19:44  up 1h06m  scan 8 ------------------------------------------------------------------------
  EQUITY    $254.69
  OPEN      flat  free $254.69
  SESSION   $+1.88 +0.75%
  CURVE     =+===+=+==++
  DAY       real $-0.29  limit $9.48 (3.72%)  3% used
            #.........................
  MONTH     dial 15%  used $0.00 of $37.92  from $252.81
  RECORD    3 closed  3W 0L  win 100%  avg $+0.63/tr  best $+1.26  worst $+0.27
  LIFETIME  90tr 28W 62L 31%  $+4.69
  FEES      $0.03  mk5/tk1  0.011% of eq
  SCAN      805 > 27 > 1 passed  top ALLO 0.69 (viable)  8 scans, 518 analysed
  MARKET    MIXED  bias -0.22  breadth -0.15  taker flow +0.31
  NEWS      65 articles  + tone +0.54  LINK +0.53  ZEC +0.26  PEPE +0.25
  INFO      1 tilted  flow/fund/news/oi on 188
  MOVERS    ALLO +33% #31  MET +28% cut  FIGHT +26% cut  MUBARAK -24% cut
  TAPE      + + +
  ------------------------------------------------------------------------------------------------

  .. 19:52  flat  $254.69  $+1.88 +0.75%  3W 0L 100%  130 analysed
  .. 20:00  flat  $254.69  $+1.88 +0.75%  3W 0L 100%  31 analysed
  .. 20:08  flat  $254.69  $+1.88 +0.75%  3W 0L 100%  130 analysed
