09:33:51 | 📊 Paper Mode
09:33:51 | ✅ Connected | 740 futures markets (Binance USDⓈ-M)
09:33:51 | 📊 Binance Fees: Maker 0.02% | Taker 0.05%
09:33:51 | 📊 Market type: PERPETUAL FUTURES (swap) — verified
09:33:51 | 📋 Limit Orders: ENABLED (offset 0.1%) -- the idle intraday scanner's; the book trades with market orders
09:33:51 | 📂 Loaded state: $499.71 realised | 0 intraday positions | available $437.01 before open P&L (locked $62.70)
09:33:51 | 📐 RISK @ $499.71: monthly dial 20% = $100.00/month (20% of this month's anchor $500.00)  |  the portfolio book trades: its month guard closes the book if MARKED equity falls that far below the month's anchor [C497]
 
  ================================================================================================
  OMEGA C525  PAPER  Binance perps
  03 Oct 2026   09:33
  start $499.71 realised  risk dial 20%/month
  ================================================================================================
 
  RISK FRAME -------------------------------------------------------------------------------------
  EQUITY    $499.71 realised  740 markets
  MONTH     dial 20% = $100.00 this month  used $0.29 realised
  BOOK      daily trend + momentum + carry, rebalanced 00:05 UTC
            month guard on MARKED equity (open P&L counts)  intraday scanner idle
  ------------------------------------------------------------------------------------------------
 
09:33:51 |    (legacy Flask page not installed — the dashboard is the control panel)
09:33:51 | 🌐 Remote control on http://0.0.0.0:8138 — TOKEN REQUIRED
09:33:51 |    📱 Local network: http://10.0.0.160:8138/?t=<your token> (this machine's own address)
09:33:51 |    🌍 Internet: put a Cloudflare Tunnel in front of this port.
09:33:51 |        See deploy/DEPLOY.md — one command, no open ports, free.
09:33:51 | ============================================================
09:33:51 | 🤖 OMEGA V60 — INFORMATION ENGINE (C466)
09:33:51 | 📊 C503 WHAT IS RUNNING -- the portfolio book trades:
09:33:51 |    RULE   C2 N2+N3 + range vol (GK): C2 = residual momentum, no crowded shorts (N2+N3) -- a FORWARD TEST in paper (C510); the admitted rule is scored beside it in the rule tournament
09:33:51 |    BOOK   trend (C1) + momentum (C2) + carry (C3), equal risk; vol target 27% from the 20% dial; gross <= 3x equity; top 20 crypto; $6 minimum; 30% band
09:33:51 |           rebalanced daily 00:05 UTC with market orders (paper fills at the ask/bid, taker 0.05%); 5x cross margin; funding at each coin's own interval; its one limit is the month guard on MARKED equity
09:33:51 |    PAPER  never touches the account: intraday shadow (C489) hourly · carry (C490) 00:10 UTC · spot pot (C501/C502) $250, spot minimum $5, 00:20 UTC · idle cash -> Savings at 6.69% every minute · rule tournament (C510, 9 rules on the same prices) at each rebalance · BFUSD wallet at 7.66% (C521) · the same plan on Delta Exchange India, $500 (C521) · Delta vs Binance funding spread, both legs, $500 (C524)
09:33:51 |    IDLE   the intraday scanner, the OLD strategy (139 trades, 44W/95L before the 29 Sep 2026 fresh start; it lost after fees): it opens nothing, and its boot description is not printed (OMEGA_ENGINE=intraday runs and describes it)
09:33:52 | 💡 Stop safely: sudo systemctl stop omega (Ctrl+C only when run by hand)
09:33:52 | ============================================================
09:33:52 | 🔄 Monitoring thread started — SPLIT LOOP [C397]: FAST leg every 0.8s (prices in PARALLEL → hard stop, trailing floor, peak floor, capture floor); SLOW leg every 20s (OHLCV/DRI) and 90s (BTC/ETH regime, AFTER positions are checked, never before) -- it watches INTRADAY positions; the book has no stops, its one limit is the month guard
09:33:53 | 💼 C488: portfolio engine ON -- the intraday scanner opens no new positions (OMEGA_ENGINE=intraday restores it); the book holds 9 positions
 
  09:41  up 0h08m  daily book --------------------------------------------------------------------
  EQUITY    $499.27  unreal $-0.44
  OPEN      no intraday positions  book holds 9 (BOOK row)  free $436.57 after open P&L
  SHADOW    intraday M1 $506.86 (+1.43%)  M1g $502.41 (+0.54%)  2d paper only
  CARRY     $499.11 (-0.15%)  8 held  paper only
  SPOT      $249.73 (-0.11%)  1 held  4% invested  cash earns 6.69%  paper pot
  SAVINGS   idle $311.75 (62%)  at 6.69% +$0.11 so far  ~$1.74/month  paper
  BFUSD     wallet $499.27 at 7.66%  +$0.09 so far  ~$3.19/month  vs Savings $1.74  paper
  DELTA     $499.75 (-0.05%)  9 held  fees $0.20  funding $+0.01  paper, same plan
  XVENUE    $499.35 (-0.13%)  10 pairs  funding $+0.00  fees $0.74  paper, Delta vs Binance
  BOOK      9 pos gross $308.03 (0.62x)  open $-0.45  funding $-0.04  vol 27% top 20
            rebal 2026-10-03
  CONTEXT   since 01 Oct $-0.73 (-0.15%) in 2.0d  normal -1.7% to +2.5%  bottom 43%: normal
  RULE      C2 N2+N3 + range vol (GK)  forward test (paper)
  TOURNEY   2d from 2026-10-01  base -0.60%  N2 -0.66%  N3 -0.37%  N2+N3 -0.37%  +K4 -0.42%
            +GK* -0.30%  +K4+GK -0.38%  +GK+DD +0.00%  +GK+XA +0.00%
  DATA      on time  prices 32s  funding booked  book today  shadow 04:00  carry today
            spot pot today
  SESSION   $-0.15 -0.03%  peak $499.42  dd 0.03%
  MONTH     book guard $0.73 of $100.00 used  on marked equity  from $500.00  dial 20%
            ..........................
  RECORD    book closed 3  2W 1L  net $-0.09  fees and funding in
  FEES      no fills yet this run (the book trades at 00:05 UTC)
  ------------------------------------------------------------------------------------------------
 
09:41:52 | 
09:41:52 | ============================================================
09:41:52 | 📊 POSITION SUMMARY (8-MIN UPDATE)
09:41:52 | 💰 Equity: $499.71 | Unrealized: $-0.44
09:41:52 | 💵 Available: $436.57 after open P&L | Locked: $62.70
09:41:52 | 📈 Session: $-0.15 (-0.0%)
09:41:52 | 🎯 C510 Book (what trades): 9 positions, gross 0.62x, open $-0.45 | rule C2 N2+N3 + range vol (GK) | closed 3: 2W/1L $-0.09 | since 01 Oct -0.15% (normal)
09:41:52 | ============================================================
09:41:52 | ============================================================
09:41:52 | 🔵 Book guard: $0.73 of $100.00 used this month on marked equity (1%, from $500.00) · realised today +0.00% [C497]
09:41:52 | ============================================================
09:41:52 | 
 
  09:49  up 0h16m  daily book --------------------------------------------------------------------
  EQUITY    $499.07  unreal $-0.64
  OPEN      no intraday positions  book holds 9 (BOOK row)  free $436.37 after open P&L
  SHADOW    intraday M1 $506.86 (+1.43%)  M1g $502.41 (+0.54%)  2d paper only
  CARRY     $499.11 (-0.15%)  8 held  paper only
  SPOT      $249.72 (-0.11%)  1 held  4% invested  cash earns 6.69%  paper pot
  SAVINGS   idle $311.62 (62%)  at 6.69% +$0.11 so far  ~$1.74/month  paper
  BFUSD     wallet $499.10 at 7.66%  +$0.09 so far  ~$3.19/month  vs Savings $1.74  paper
  DELTA     $499.47 (-0.11%)  9 held  fees $0.20  funding $+0.01  paper, same plan
  XVENUE    $499.35 (-0.13%)  10 pairs  funding $+0.00  fees $0.74  paper, Delta vs Binance
  BOOK      9 pos gross $307.66 (0.62x)  open $-0.64  funding $-0.04  vol 27% top 20
            rebal 2026-10-03
  CONTEXT   since 01 Oct $-0.93 (-0.19%) in 2.0d  normal -1.7% to +2.5%  bottom 42%: normal
  RULE      C2 N2+N3 + range vol (GK)  forward test (paper)
  TOURNEY   2d from 2026-10-01  base -0.60%  N2 -0.66%  N3 -0.37%  N2+N3 -0.37%  +K4 -0.42%
            +GK* -0.30%  +K4+GK -0.38%  +GK+DD +0.00%  +GK+XA +0.00%
  DATA      on time  prices 23s  funding booked  book today  shadow 04:00  carry today
            spot pot today
  SESSION   $-0.35 -0.07%  peak $499.42  dd 0.07%
  MONTH     book guard $0.93 of $100.00 used  on marked equity  from $500.00  dial 20%
            ..........................
  RECORD    book closed 3  2W 1L  net $-0.09  fees and funding in
  FEES      no fills yet this run (the book trades at 00:05 UTC)
  ------------------------------------------------------------------------------------------------
 
09:49:52 | 
09:49:52 | ============================================================
09:49:52 | 📊 POSITION SUMMARY (8-MIN UPDATE)
09:49:52 | 💰 Equity: $499.71 | Unrealized: $-0.64
09:49:52 | 💵 Available: $436.37 after open P&L | Locked: $62.70
09:49:52 | 📈 Session: $-0.35 (-0.1%)
09:49:52 | 🎯 C510 Book (what trades): 9 positions, gross 0.62x, open $-0.64 | rule C2 N2+N3 + range vol (GK) | closed 3: 2W/1L $-0.09 | since 01 Oct -0.19% (normal)
09:49:52 | ============================================================
09:49:52 | ============================================================
09:49:52 | 🔵 Book guard: $0.93 of $100.00 used this month on marked equity (1%, from $500.00) · realised today +0.00% [C497]
09:49:52 | ============================================================
09:49:52 | 
 
  09:57  up 0h24m  daily book --------------------------------------------------------------------
  EQUITY    $498.96  unreal $-0.75
  OPEN      no intraday positions  book holds 9 (BOOK row)  free $436.26 after open P&L
  SHADOW    intraday M1 $506.86 (+1.43%)  M1g $502.41 (+0.54%)  2d paper only
  CARRY     $499.11 (-0.15%)  8 held  paper only
  SPOT      $249.72 (-0.11%)  1 held  4% invested  cash earns 6.69%  paper pot
  SAVINGS   idle $311.53 (62%)  at 6.69% +$0.11 so far  ~$1.74/month  paper
  BFUSD     wallet $498.97 at 7.66%  +$0.09 so far  ~$3.19/month  vs Savings $1.74  paper
  DELTA     $499.40 (-0.12%)  9 held  fees $0.20  funding $+0.01  paper, same plan
  XVENUE    $499.35 (-0.13%)  10 pairs  funding $+0.00  fees $0.74  paper, Delta vs Binance
  BOOK      9 pos gross $307.26 (0.62x)  open $-0.75  funding $-0.04  vol 27% top 20
            rebal 2026-10-03
  CONTEXT   since 01 Oct $-1.04 (-0.21%) in 2.0d  normal -1.7% to +2.5%  bottom 41%: normal
  RULE      C2 N2+N3 + range vol (GK)  forward test (paper)
  TOURNEY   2d from 2026-10-01  base -0.60%  N2 -0.66%  N3 -0.37%  N2+N3 -0.37%  +K4 -0.42%
            +GK* -0.30%  +K4+GK -0.38%  +GK+DD +0.00%  +GK+XA +0.00%
  DATA      on time  prices 18s  funding booked  book today  shadow 04:00  carry today
            spot pot today
  SESSION   $-0.46 -0.09%  peak $499.42  dd 0.09%
  MONTH     book guard $1.04 of $100.00 used  on marked equity  from $500.00  dial 20%
            ..........................
  RECORD    book closed 3  2W 1L  net $-0.09  fees and funding in
  FEES      no fills yet this run (the book trades at 00:05 UTC)
  ------------------------------------------------------------------------------------------------
 
09:57:52 | 
09:57:52 | ============================================================
09:57:52 | 📊 POSITION SUMMARY (8-MIN UPDATE)
09:57:52 | 💰 Equity: $499.71 | Unrealized: $-0.75
09:57:52 | 💵 Available: $436.26 after open P&L | Locked: $62.70
09:57:52 | 📈 Session: $-0.46 (-0.1%)
09:57:52 | 🎯 C510 Book (what trades): 9 positions, gross 0.62x, open $-0.75 | rule C2 N2+N3 + range vol (GK) | closed 3: 2W/1L $-0.09 | since 01 Oct -0.21% (normal)
09:57:52 | ============================================================
09:57:52 | ============================================================
09:57:52 | 🔵 Book guard: $1.04 of $100.00 used this month on marked equity (1%, from $500.00) · realised today +0.00% [C497]
09:57:52 | ============================================================
09:57:52 | 
 
  10:05  up 0h32m  daily book --------------------------------------------------------------------
  EQUITY    $498.91  unreal $-0.80
  OPEN      no intraday positions  book holds 9 (BOOK row)  free $436.21 after open P&L
  SHADOW    intraday M1 $506.86 (+1.43%)  M1g $502.41 (+0.54%)  2d paper only
  CARRY     $499.11 (-0.15%)  8 held  paper only
  SPOT      $249.71 (-0.11%)  1 held  4% invested  cash earns 6.69%  paper pot
  SAVINGS   idle $311.50 (62%)  at 6.69% +$0.12 so far  ~$1.74/month  paper
  BFUSD     wallet $498.93 at 7.66%  +$0.10 so far  ~$3.18/month  vs Savings $1.74  paper
  DELTA     $499.30 (-0.14%)  9 held  fees $0.20  funding $+0.01  paper, same plan
  XVENUE    $499.35 (-0.13%)  10 pairs  funding $+0.00  fees $0.74  paper, Delta vs Binance
  BOOK      9 pos gross $307.03 (0.61x)  open $-0.80  funding $-0.04  vol 27% top 20
            rebal 2026-10-03
  CONTEXT   since 01 Oct $-1.09 (-0.22%) in 2.0d  normal -1.7% to +2.5%  bottom 41%: normal
  RULE      C2 N2+N3 + range vol (GK)  forward test (paper)
  TOURNEY   2d from 2026-10-01  base -0.60%  N2 -0.66%  N3 -0.37%  N2+N3 -0.37%  +K4 -0.42%
            +GK* -0.30%  +K4+GK -0.38%  +GK+DD +0.00%  +GK+XA +0.00%
  DATA      on time  prices 12s  funding booked  book today  shadow 04:00  carry today
            spot pot today
  SESSION   $-0.51 -0.10%  peak $499.42  dd 0.10%
  MONTH     book guard $1.09 of $100.00 used  on marked equity  from $500.00  dial 20%
            ..........................
  RECORD    book closed 3  2W 1L  net $-0.09  fees and funding in
  FEES      no fills yet this run (the book trades at 00:05 UTC)
  ------------------------------------------------------------------------------------------------
 
10:05:52 | 
10:05:52 | ============================================================
10:05:52 | 📊 POSITION SUMMARY (8-MIN UPDATE)
10:05:52 | 💰 Equity: $499.71 | Unrealized: $-0.80
10:05:52 | 💵 Available: $436.21 after open P&L | Locked: $62.70
10:05:52 | 📈 Session: $-0.51 (-0.1%)
10:05:52 | 🎯 C510 Book (what trades): 9 positions, gross 0.61x, open $-0.80 | rule C2 N2+N3 + range vol (GK) | closed 3: 2W/1L $-0.09 | since 01 Oct -0.22% (normal)
10:05:52 | ============================================================
10:05:52 | ============================================================
10:05:52 | 🔵 Book guard: $1.09 of $100.00 used this month on marked equity (1%, from $500.00) · realised today +0.00% [C497]
10:05:52 | ============================================================
10:05:52 | 
 
  10:13  up 0h40m  daily book --------------------------------------------------------------------
  EQUITY    $499.00  unreal $-0.71
  OPEN      no intraday positions  book holds 9 (BOOK row)  free $436.30 after open P&L
  SHADOW    intraday M1 $506.86 (+1.43%)  M1g $502.41 (+0.54%)  2d paper only
  CARRY     $499.11 (-0.15%)  8 held  paper only
  SPOT      $249.71 (-0.11%)  1 held  4% invested  cash earns 6.69%  paper pot
  SAVINGS   idle $311.54 (62%)  at 6.69% +$0.12 so far  ~$1.74/month  paper
  BFUSD     wallet $498.99 at 7.66%  +$0.10 so far  ~$3.19/month  vs Savings $1.74  paper
  DELTA     $499.36 (-0.13%)  9 held  fees $0.20  funding $+0.01  paper, same plan
  XVENUE    $499.35 (-0.13%)  10 pairs  funding $+0.00  fees $0.74  paper, Delta vs Binance
  BOOK      9 pos gross $307.31 (0.62x)  open $-0.71  funding $-0.04  vol 27% top 20
            rebal 2026-10-03
  CONTEXT   since 01 Oct $-1.00 (-0.20%) in 2.0d  normal -1.7% to +2.5%  bottom 41%: normal
  RULE      C2 N2+N3 + range vol (GK)  forward test (paper)
  TOURNEY   2d from 2026-10-01  base -0.60%  N2 -0.66%  N3 -0.37%  N2+N3 -0.37%  +K4 -0.42%
            +GK* -0.30%  +K4+GK -0.38%  +GK+DD +0.00%  +GK+XA +0.00%
  DATA      on time  prices 4s  funding booked  book today  shadow 04:00  carry today
            spot pot today
  SESSION   $-0.42 -0.08%  peak $499.42  dd 0.08%
  CURVE     ++====
  MONTH     book guard $1.00 of $100.00 used  on marked equity  from $500.00  dial 20%
            ..........................
  RECORD    book closed 3  2W 1L  net $-0.09  fees and funding in
  FEES      no fills yet this run (the book trades at 00:05 UTC)
  ------------------------------------------------------------------------------------------------
 
10:13:52 | 
10:13:52 | ============================================================
10:13:52 | 📊 POSITION SUMMARY (8-MIN UPDATE)
10:13:52 | 💰 Equity: $499.71 | Unrealized: $-0.71
10:13:52 | 💵 Available: $436.30 after open P&L | Locked: $62.70
10:13:52 | 📈 Session: $-0.42 (-0.1%)
10:13:52 | 🎯 C510 Book (what trades): 9 positions, gross 0.62x, open $-0.71 | rule C2 N2+N3 + range vol (GK) | closed 3: 2W/1L $-0.09 | since 01 Oct -0.20% (normal)
10:13:52 | ============================================================
10:13:52 | ============================================================
10:13:52 | 🔵 Book guard: $1.00 of $100.00 used this month on marked equity (1%, from $500.00) · realised today +0.00% [C497]
10:13:52 | ============================================================
10:13:52 | 
 
  10:21  up 0h48m  daily book --------------------------------------------------------------------
  EQUITY    $499.14  unreal $-0.57
  OPEN      no intraday positions  book holds 9 (BOOK row)  free $436.44 after open P&L
  SHADOW    intraday M1 $506.86 (+1.43%)  M1g $502.41 (+0.54%)  2d paper only
  CARRY     $499.11 (-0.15%)  8 held  paper only
  SPOT      $249.72 (-0.11%)  1 held  4% invested  cash earns 6.69%  paper pot
  SAVINGS   idle $311.65 (62%)  at 6.69% +$0.12 so far  ~$1.74/month  paper
  BFUSD     wallet $499.14 at 7.66%  +$0.10 so far  ~$3.19/month  vs Savings $1.74  paper
  DELTA     $499.56 (-0.09%)  9 held  fees $0.20  funding $+0.01  paper, same plan
  XVENUE    $499.35 (-0.13%)  10 pairs  funding $+0.00  fees $0.74  paper, Delta vs Binance
  BOOK      9 pos gross $307.73 (0.62x)  open $-0.57  funding $-0.04  vol 27% top 20
            rebal 2026-10-03
  CONTEXT   since 01 Oct $-0.86 (-0.17%) in 2.0d  normal -1.7% to +2.5%  bottom 42%: normal
  RULE      C2 N2+N3 + range vol (GK)  forward test (paper)
  TOURNEY   2d from 2026-10-01  base -0.60%  N2 -0.66%  N3 -0.37%  N2+N3 -0.37%  +K4 -0.42%
            +GK* -0.30%  +K4+GK -0.38%  +GK+DD +0.00%  +GK+XA +0.00%
  DATA      on time  prices 37s  funding booked  book today  shadow 04:00  carry today
            spot pot today
  SESSION   $-0.28 -0.06%  peak $499.42  dd 0.06%
  CURVE     ++=====
  MONTH     book guard $0.86 of $100.00 used  on marked equity  from $500.00  dial 20%
            ..........................
  RECORD    book closed 3  2W 1L  net $-0.09  fees and funding in
  FEES      no fills yet this run (the book trades at 00:05 UTC)
  ------------------------------------------------------------------------------------------------
 
10:21:53 | 
10:21:53 | ============================================================
10:21:53 | 📊 POSITION SUMMARY (8-MIN UPDATE)
10:21:53 | 💰 Equity: $499.71 | Unrealized: $-0.57
10:21:53 | 💵 Available: $436.44 after open P&L | Locked: $62.70
10:21:53 | 📈 Session: $-0.28 (-0.1%)
10:21:53 | 🎯 C510 Book (what trades): 9 positions, gross 0.62x, open $-0.57 | rule C2 N2+N3 + range vol (GK) | closed 3: 2W/1L $-0.09 | since 01 Oct -0.17% (normal)
10:21:53 | ============================================================
10:21:53 | ============================================================
10:21:53 | 🔵 Book guard: $0.86 of $100.00 used this month on marked equity (1%, from $500.00) · realised today +0.00% [C497]
10:21:53 | ============================================================
10:21:53 | 
 
  10:29  up 0h56m  daily book --------------------------------------------------------------------
  EQUITY    $499.17  unreal $-0.54
  OPEN      no intraday positions  book holds 9 (BOOK row)  free $436.47 after open P&L
  SHADOW    intraday M1 $506.86 (+1.43%)  M1g $502.41 (+0.54%)  2d paper only
  CARRY     $499.11 (-0.15%)  8 held  paper only
  SPOT      $249.72 (-0.11%)  1 held  4% invested  cash earns 6.69%  paper pot
  SAVINGS   idle $311.68 (62%)  at 6.69% +$0.12 so far  ~$1.74/month  paper
  BFUSD     wallet $499.17 at 7.66%  +$0.10 so far  ~$3.19/month  vs Savings $1.74  paper
  DELTA     $499.57 (-0.09%)  9 held  fees $0.20  funding $+0.01  paper, same plan
  XVENUE    $499.35 (-0.13%)  10 pairs  funding $+0.00  fees $0.74  paper, Delta vs Binance
  BOOK      9 pos gross $307.57 (0.62x)  open $-0.54  funding $-0.04  vol 27% top 20
            rebal 2026-10-03
  CONTEXT   since 01 Oct $-0.83 (-0.17%) in 2.0d  normal -1.7% to +2.5%  bottom 42%: normal
  RULE      C2 N2+N3 + range vol (GK)  forward test (paper)
  TOURNEY   2d from 2026-10-01  base -0.60%  N2 -0.66%  N3 -0.37%  N2+N3 -0.37%  +K4 -0.42%
            +GK* -0.30%  +K4+GK -0.38%  +GK+DD +0.00%  +GK+XA +0.00%
  DATA      on time  prices 31s  funding booked  book today  shadow 04:00  carry today
            spot pot today
  SESSION   $-0.25 -0.05%  peak $499.42  dd 0.05%
  CURVE     ++=====+
  MONTH     book guard $0.83 of $100.00 used  on marked equity  from $500.00  dial 20%
            ..........................
  RECORD    book closed 3  2W 1L  net $-0.09  fees and funding in
  FEES      no fills yet this run (the book trades at 00:05 UTC)
  ------------------------------------------------------------------------------------------------
 
10:29:53 | 
10:29:53 | ============================================================
10:29:53 | 📊 POSITION SUMMARY (8-MIN UPDATE)
10:29:53 | 💰 Equity: $499.71 | Unrealized: $-0.54
10:29:53 | 💵 Available: $436.47 after open P&L | Locked: $62.70
10:29:53 | 📈 Session: $-0.25 (-0.1%)
10:29:53 | 🎯 C510 Book (what trades): 9 positions, gross 0.62x, open $-0.54 | rule C2 N2+N3 + range vol (GK) | closed 3: 2W/1L $-0.09 | since 01 Oct -0.17% (normal)
10:29:53 | ============================================================
10:29:53 | ============================================================
10:29:53 | 🔵 Book guard: $0.83 of $100.00 used this month on marked equity (1%, from $500.00) · realised today +0.00% [C497]
10:29:53 | ============================================================
10:29:53 | 
10:32:18 |    👻 C489 shadow hour 05:00 UTC: 39 coins scored (full (16 features)), gate OPEN | M1 $506.69 (+1.39%) M1g $502.14 (+0.48%) over 2d [14s]
 
  10:37  up 1h04m  daily book --------------------------------------------------------------------
  EQUITY    $499.18  unreal $-0.53
  OPEN      no intraday positions  book holds 9 (BOOK row)  free $436.48 after open P&L
  SHADOW    intraday M1 $506.69 (+1.39%)  M1g $502.14 (+0.48%)  2d paper only
  CARRY     $499.11 (-0.15%)  8 held  paper only
  SPOT      $249.72 (-0.11%)  1 held  4% invested  cash earns 6.69%  paper pot
  SAVINGS   idle $311.65 (62%)  at 6.69% +$0.12 so far  ~$1.74/month  paper
  BFUSD     wallet $499.14 at 7.66%  +$0.10 so far  ~$3.19/month  vs Savings $1.74  paper
  DELTA     $499.51 (-0.10%)  9 held  fees $0.20  funding $+0.01  paper, same plan
  XVENUE    $499.35 (-0.13%)  10 pairs  funding $+0.00  fees $0.74  paper, Delta vs Binance
  BOOK      9 pos gross $307.55 (0.62x)  open $-0.53  funding $-0.04  vol 27% top 20
            rebal 2026-10-03
  CONTEXT   since 01 Oct $-0.82 (-0.16%) in 2.1d  normal -1.7% to +2.5%  bottom 42%: normal
  RULE      C2 N2+N3 + range vol (GK)  forward test (paper)
  TOURNEY   2d from 2026-10-01  base -0.60%  N2 -0.66%  N3 -0.37%  N2+N3 -0.37%  +K4 -0.42%
            +GK* -0.30%  +K4+GK -0.38%  +GK+DD +0.00%  +GK+XA +0.00%
  DATA      on time  prices 25s  funding booked  book today  shadow 05:00  carry today
            spot pot today
  SESSION   $-0.24 -0.05%  peak $499.42  dd 0.05%
  CURVE     ++=====++
  MONTH     book guard $0.82 of $100.00 used  on marked equity  from $500.00  dial 20%
            ..........................
  RECORD    book closed 3  2W 1L  net $-0.09  fees and funding in
  FEES      no fills yet this run (the book trades at 00:05 UTC)
  ------------------------------------------------------------------------------------------------
 
10:37:53 | 
10:37:53 | ============================================================
10:37:53 | 📊 POSITION SUMMARY (8-MIN UPDATE)
10:37:53 | 💰 Equity: $499.71 | Unrealized: $-0.53
10:37:53 | 💵 Available: $436.48 after open P&L | Locked: $62.70
10:37:53 | 📈 Session: $-0.24 (-0.0%)
10:37:53 | 🎯 C510 Book (what trades): 9 positions, gross 0.62x, open $-0.53 | rule C2 N2+N3 + range vol (GK) | closed 3: 2W/1L $-0.09 | since 01 Oct -0.16% (normal)
10:37:53 | ============================================================
10:37:53 | ============================================================
10:37:53 | 🔵 Book guard: $0.82 of $100.00 used this month on marked equity (1%, from $500.00) · realised today +0.00% [C497]
10:37:53 | ============================================================
10:37:53 | 
 
  10:45  up 1h12m  daily book --------------------------------------------------------------------
  EQUITY    $499.21  unreal $-0.50
  OPEN      no intraday positions  book holds 9 (BOOK row)  free $436.51 after open P&L
  SHADOW    intraday M1 $506.69 (+1.39%)  M1g $502.14 (+0.48%)  2d paper only
  CARRY     $499.11 (-0.15%)  8 held  paper only
  SPOT      $249.72 (-0.11%)  1 held  4% invested  cash earns 6.69%  paper pot
  SAVINGS   idle $311.69 (62%)  at 6.69% +$0.12 so far  ~$1.74/month  paper
  BFUSD     wallet $499.18 at 7.66%  +$0.10 so far  ~$3.19/month  vs Savings $1.74  paper
  DELTA     $499.61 (-0.08%)  9 held  fees $0.20  funding $+0.01  paper, same plan
  XVENUE    $499.35 (-0.13%)  10 pairs  funding $+0.00  fees $0.74  paper, Delta vs Binance
  BOOK      9 pos gross $307.81 (0.62x)  open $-0.50  funding $-0.04  vol 27% top 20
            rebal 2026-10-03
  CONTEXT   since 01 Oct $-0.79 (-0.16%) in 2.1d  normal -1.7% to +2.5%  bottom 43%: normal
  RULE      C2 N2+N3 + range vol (GK)  forward test (paper)
  TOURNEY   2d from 2026-10-01  base -0.60%  N2 -0.66%  N3 -0.37%  N2+N3 -0.37%  +K4 -0.42%
            +GK* -0.30%  +K4+GK -0.38%  +GK+DD +0.00%  +GK+XA +0.00%
  DATA      on time  prices 17s  funding booked  book today  shadow 05:00  carry today
            spot pot today
  SESSION   $-0.21 -0.04%  peak $499.42  dd 0.04%
  CURVE     ++=====+++
  MONTH     book guard $0.79 of $100.00 used  on marked equity  from $500.00  dial 20%
            ..........................
  RECORD    book closed 3  2W 1L  net $-0.09  fees and funding in
  FEES      no fills yet this run (the book trades at 00:05 UTC)
  ------------------------------------------------------------------------------------------------
 
10:45:53 | 
10:45:53 | ============================================================
10:45:53 | 📊 POSITION SUMMARY (8-MIN UPDATE)
10:45:53 | 💰 Equity: $499.71 | Unrealized: $-0.50
10:45:53 | 💵 Available: $436.51 after open P&L | Locked: $62.70
10:45:53 | 📈 Session: $-0.21 (-0.0%)
10:45:53 | 🎯 C510 Book (what trades): 9 positions, gross 0.62x, open $-0.50 | rule C2 N2+N3 + range vol (GK) | closed 3: 2W/1L $-0.09 | since 01 Oct -0.16% (normal)
10:45:53 | ============================================================
10:45:53 | ============================================================
10:45:53 | 🔵 Book guard: $0.79 of $100.00 used this month on marked equity (1%, from $500.00) · realised today +0.00% [C497]
10:45:53 | ============================================================
10:45:53 | 
 
  10:53  up 1h20m  daily book --------------------------------------------------------------------
  EQUITY    $499.33  unreal $-0.38
  OPEN      no intraday positions  book holds 9 (BOOK row)  free $436.63 after open P&L
  SHADOW    intraday M1 $506.69 (+1.39%)  M1g $502.14 (+0.48%)  2d paper only
  CARRY     $499.11 (-0.15%)  8 held  paper only
  SPOT      $249.72 (-0.11%)  1 held  4% invested  cash earns 6.69%  paper pot
  SAVINGS   idle $311.81 (62%)  at 6.69% +$0.12 so far  ~$1.74/month  paper
  BFUSD     wallet $499.35 at 7.66%  +$0.10 so far  ~$3.19/month  vs Savings $1.74  paper
  DELTA     $499.69 (-0.06%)  9 held  fees $0.20  funding $+0.01  paper, same plan
  XVENUE    $499.35 (-0.13%)  10 pairs  funding $+0.00  fees $0.74  paper, Delta vs Binance
  BOOK      9 pos gross $308.11 (0.62x)  open $-0.38  funding $-0.04  vol 27% top 20
            rebal 2026-10-03
  CONTEXT   since 01 Oct $-0.67 (-0.13%) in 2.1d  normal -1.7% to +2.5%  bottom 43%: normal
  RULE      C2 N2+N3 + range vol (GK)  forward test (paper)
  TOURNEY   2d from 2026-10-01  base -0.60%  N2 -0.66%  N3 -0.37%  N2+N3 -0.37%  +K4 -0.42%
            +GK* -0.30%  +K4+GK -0.38%  +GK+DD +0.00%  +GK+XA +0.00%
  DATA      on time  prices 10s  funding booked  book today  shadow 05:00  carry today
            spot pot today
  SESSION   $-0.09 -0.02%  peak $499.42  dd 0.02%
  CURVE     ++=====++++
  MONTH     book guard $0.67 of $100.00 used  on marked equity  from $500.00  dial 20%
            ..........................
  RECORD    book closed 3  2W 1L  net $-0.09  fees and funding in
  FEES      no fills yet this run (the book trades at 00:05 UTC)
  ------------------------------------------------------------------------------------------------
 
10:53:53 | 
10:53:53 | ============================================================
10:53:53 | 📊 POSITION SUMMARY (8-MIN UPDATE)
10:53:53 | 💰 Equity: $499.71 | Unrealized: $-0.38
10:53:53 | 💵 Available: $436.63 after open P&L | Locked: $62.70
10:53:53 | 📈 Session: $-0.09 (-0.0%)
10:53:53 | 🎯 C510 Book (what trades): 9 positions, gross 0.62x, open $-0.38 | rule C2 N2+N3 + range vol (GK) | closed 3: 2W/1L $-0.09 | since 01 Oct -0.13% (normal)
10:53:53 | ============================================================
10:53:53 | ============================================================
10:53:53 | 🔵 Book guard: $0.67 of $100.00 used this month on marked equity (1%, from $500.00) · realised today +0.00% [C497]
10:53:53 | ============================================================
10:53:53 | 
 
  11:01  up 1h28m  daily book --------------------------------------------------------------------
  EQUITY    $499.47  unreal $-0.24
  OPEN      no intraday positions  book holds 9 (BOOK row)  free $436.77 after open P&L
  SHADOW    intraday M1 $506.69 (+1.39%)  M1g $502.14 (+0.48%)  2d paper only
  CARRY     $499.11 (-0.15%)  8 held  paper only
  SPOT      $249.73 (-0.11%)  1 held  4% invested  cash earns 6.69%  paper pot
  SAVINGS   idle $311.88 (62%)  at 6.69% +$0.12 so far  ~$1.74/month  paper
  BFUSD     wallet $499.44 at 7.66%  +$0.10 so far  ~$3.19/month  vs Savings $1.74  paper
  DELTA     $499.76 (-0.05%)  9 held  fees $0.20  funding $+0.01  paper, same plan
  XVENUE    $499.35 (-0.13%)  10 pairs  funding $+0.00  fees $0.74  paper, Delta vs Binance
  BOOK      9 pos gross $308.44 (0.62x)  open $-0.24  funding $-0.04  vol 27% top 20
            rebal 2026-10-03
  CONTEXT   since 01 Oct $-0.53 (-0.11%) in 2.1d  normal -1.7% to +2.5%  bottom 44%: normal
  RULE      C2 N2+N3 + range vol (GK)  forward test (paper)
  TOURNEY   2d from 2026-10-01  base -0.60%  N2 -0.66%  N3 -0.37%  N2+N3 -0.37%  +K4 -0.42%
            +GK* -0.30%  +K4+GK -0.38%  +GK+DD +0.00%  +GK+XA +0.00%
  DATA      on time  prices 3s  funding booked  book today  shadow 05:00  carry today
            spot pot today
  SESSION   $+0.05 +0.01%
  CURVE     ++=======+++
  MONTH     book guard $0.53 of $100.00 used  on marked equity  from $500.00  dial 20%
            ..........................
  RECORD    book closed 3  2W 1L  net $-0.09  fees and funding in
  FEES      no fills yet this run (the book trades at 00:05 UTC)
  ------------------------------------------------------------------------------------------------
 
11:01:54 | 
11:01:54 | ============================================================
11:01:54 | 📊 POSITION SUMMARY (8-MIN UPDATE)
11:01:54 | 💰 Equity: $499.71 | Unrealized: $-0.24
11:01:54 | 💵 Available: $436.77 after open P&L | Locked: $62.70
11:01:54 | 📈 Session: $+0.05 (+0.0%)
11:01:54 | 🎯 C510 Book (what trades): 9 positions, gross 0.62x, open $-0.24 | rule C2 N2+N3 + range vol (GK) | closed 3: 2W/1L $-0.09 | since 01 Oct -0.11% (normal)
11:01:54 | ============================================================
11:01:54 | ============================================================
11:01:54 | 🔵 Book guard: $0.53 of $100.00 used this month on marked equity (1%, from $500.00) · realised today +0.00% [C497]
11:01:54 | ============================================================
11:01:54 | 
 
  11:09  up 1h36m  daily book --------------------------------------------------------------------
  EQUITY    $499.52  unreal $-0.19
  OPEN      no intraday positions  book holds 9 (BOOK row)  free $436.82 after open P&L
  SHADOW    intraday M1 $506.69 (+1.39%)  M1g $502.14 (+0.48%)  2d paper only
  CARRY     $499.11 (-0.15%)  8 held  paper only
  SPOT      $249.73 (-0.11%)  1 held  4% invested  cash earns 6.69%  paper pot
  SAVINGS   idle $311.94 (62%)  at 6.69% +$0.12 so far  ~$1.74/month  paper
  BFUSD     wallet $499.52 at 7.66%  +$0.10 so far  ~$3.19/month  vs Savings $1.74  paper
  DELTA     $499.93 (-0.01%)  9 held  fees $0.20  funding $+0.01  paper, same plan
  XVENUE    $499.35 (-0.13%)  10 pairs  funding $+0.00  fees $0.74  paper, Delta vs Binance
  BOOK      9 pos gross $308.38 (0.62x)  open $-0.19  funding $-0.04  vol 27% top 20
            rebal 2026-10-03
  CONTEXT   since 01 Oct $-0.48 (-0.10%) in 2.1d  normal -1.7% to +2.5%  bottom 44%: normal
  RULE      C2 N2+N3 + range vol (GK)  forward test (paper)
  TOURNEY   2d from 2026-10-01  base -0.60%  N2 -0.66%  N3 -0.37%  N2+N3 -0.37%  +K4 -0.42%
            +GK* -0.30%  +K4+GK -0.38%  +GK+DD +0.00%  +GK+XA +0.00%
  DATA      on time  prices 37s  funding booked  book today  shadow 05:00  carry today
            spot pot today
  SESSION   $+0.10 +0.02%
  CURVE     ++========+++
  MONTH     book guard $0.48 of $100.00 used  on marked equity  from $500.00  dial 20%
            ..........................
  RECORD    book closed 3  2W 1L  net $-0.09  fees and funding in
  FEES      no fills yet this run (the book trades at 00:05 UTC)
  ------------------------------------------------------------------------------------------------
 
11:09:54 | 
11:09:54 | ============================================================
11:09:54 | 📊 POSITION SUMMARY (8-MIN UPDATE)
11:09:54 | 💰 Equity: $499.71 | Unrealized: $-0.19
11:09:54 | 💵 Available: $436.82 after open P&L | Locked: $62.70
11:09:54 | 📈 Session: $+0.10 (+0.0%)
11:09:54 | 🎯 C510 Book (what trades): 9 positions, gross 0.62x, open $-0.19 | rule C2 N2+N3 + range vol (GK) | closed 3: 2W/1L $-0.09 | since 01 Oct -0.10% (normal)
11:09:54 | ============================================================
11:09:54 | ============================================================
11:09:54 | 🔵 Book guard: $0.48 of $100.00 used this month on marked equity (0%, from $500.00) · realised today +0.00% [C497]
11:09:54 | ============================================================
11:09:54 | 
 
  11:17  up 1h44m  daily book --------------------------------------------------------------------
  EQUITY    $499.59  unreal $-0.12
  OPEN      no intraday positions  book holds 9 (BOOK row)  free $436.89 after open P&L
  SHADOW    intraday M1 $506.69 (+1.39%)  M1g $502.14 (+0.48%)  2d paper only
  CARRY     $499.11 (-0.15%)  8 held  paper only
  SPOT      $249.73 (-0.11%)  1 held  4% invested  cash earns 6.69%  paper pot
  SAVINGS   idle $311.99 (62%)  at 6.69% +$0.12 so far  ~$1.74/month  paper
  BFUSD     wallet $499.59 at 7.66%  +$0.10 so far  ~$3.19/month  vs Savings $1.74  paper
  DELTA     $499.90 (-0.02%)  9 held  fees $0.20  funding $+0.01  paper, same plan
  XVENUE    $499.35 (-0.13%)  10 pairs  funding $+0.00  fees $0.74  paper, Delta vs Binance
  BOOK      9 pos gross $308.44 (0.62x)  open $-0.12  funding $-0.04  vol 27% top 20
            rebal 2026-10-03
  CONTEXT   since 01 Oct $-0.41 (-0.08%) in 2.1d  normal -1.7% to +2.5%  bottom 45%: normal
  RULE      C2 N2+N3 + range vol (GK)  forward test (paper)
  TOURNEY   2d from 2026-10-01  base -0.60%  N2 -0.66%  N3 -0.37%  N2+N3 -0.37%  +K4 -0.42%
            +GK* -0.30%  +K4+GK -0.38%  +GK+DD +0.00%  +GK+XA +0.00%
  DATA      on time  prices 29s  funding booked  book today  shadow 05:00  carry today
            spot pot today
  SESSION   $+0.17 +0.03%
  CURVE     ++========++++
  MONTH     book guard $0.41 of $100.00 used  on marked equity  from $500.00  dial 20%
            ..........................
  RECORD    book closed 3  2W 1L  net $-0.09  fees and funding in
  FEES      no fills yet this run (the book trades at 00:05 UTC)
  ------------------------------------------------------------------------------------------------
 
11:17:55 | 
11:17:55 | ============================================================
11:17:55 | 📊 POSITION SUMMARY (8-MIN UPDATE)
11:17:55 | 💰 Equity: $499.71 | Unrealized: $-0.12
11:17:55 | 💵 Available: $436.89 after open P&L | Locked: $62.70
11:17:55 | 📈 Session: $+0.17 (+0.0%)
11:17:55 | 🎯 C510 Book (what trades): 9 positions, gross 0.62x, open $-0.12 | rule C2 N2+N3 + range vol (GK) | closed 3: 2W/1L $-0.09 | since 01 Oct -0.08% (normal)
11:17:55 | ============================================================
11:17:55 | ============================================================
11:17:55 | 🔵 Book guard: $0.41 of $100.00 used this month on marked equity (0%, from $500.00) · realised today +0.00% [C497]
11:17:55 | ============================================================
11:17:55 | 
 
  11:25  up 1h52m  daily book --------------------------------------------------------------------
  EQUITY    $499.57  unreal $-0.14
  OPEN      no intraday positions  book holds 9 (BOOK row)  free $436.87 after open P&L
  SHADOW    intraday M1 $506.69 (+1.39%)  M1g $502.14 (+0.48%)  2d paper only
  CARRY     $499.11 (-0.15%)  8 held  paper only
  SPOT      $249.73 (-0.11%)  1 held  4% invested  cash earns 6.69%  paper pot
  SAVINGS   idle $311.98 (62%)  at 6.69% +$0.12 so far  ~$1.74/month  paper
  BFUSD     wallet $499.57 at 7.66%  +$0.10 so far  ~$3.19/month  vs Savings $1.74  paper
  DELTA     $499.91 (-0.02%)  9 held  fees $0.20  funding $+0.01  paper, same plan
  XVENUE    $499.35 (-0.13%)  10 pairs  funding $+0.00  fees $0.74  paper, Delta vs Binance
  BOOK      9 pos gross $308.12 (0.62x)  open $-0.14  funding $-0.04  vol 27% top 20
            rebal 2026-10-03
  CONTEXT   since 01 Oct $-0.43 (-0.09%) in 2.1d  normal -1.7% to +2.5%  bottom 45%: normal
  RULE      C2 N2+N3 + range vol (GK)  forward test (paper)
  TOURNEY   2d from 2026-10-01  base -0.60%  N2 -0.66%  N3 -0.37%  N2+N3 -0.37%  +K4 -0.42%
            +GK* -0.30%  +K4+GK -0.38%  +GK+DD +0.00%  +GK+XA +0.00%
  DATA      on time  prices 22s  funding booked  book today  shadow 05:00  carry today
            spot pot today
  SESSION   $+0.15 +0.03%  peak $499.59
  CURVE     ++========+++++
  MONTH     book guard $0.43 of $100.00 used  on marked equity  from $500.00  dial 20%
            ..........................
  RECORD    book closed 3  2W 1L  net $-0.09  fees and funding in
  FEES      no fills yet this run (the book trades at 00:05 UTC)
  ------------------------------------------------------------------------------------------------
 
11:25:56 | 
11:25:56 | ============================================================
11:25:56 | 📊 POSITION SUMMARY (8-MIN UPDATE)
11:25:56 | 💰 Equity: $499.71 | Unrealized: $-0.14
11:25:56 | 💵 Available: $436.87 after open P&L | Locked: $62.70
11:25:56 | 📈 Session: $+0.15 (+0.0%)
11:25:56 | 🎯 C510 Book (what trades): 9 positions, gross 0.62x, open $-0.14 | rule C2 N2+N3 + range vol (GK) | closed 3: 2W/1L $-0.09 | since 01 Oct -0.09% (normal)
11:25:56 | ============================================================
11:25:56 | ============================================================
11:25:56 | 🔵 Book guard: $0.43 of $100.00 used this month on marked equity (0%, from $500.00) · realised today +0.00% [C497]
11:25:56 | ============================================================
11:25:56 | 
11:32:04 |    👻 C489 shadow hour 06:00 UTC: 39 coins scored (full (16 features)), gate OPEN | M1 $504.56 (+0.97%) M1g $501.06 (+0.27%) over 2d [3s]
 
  11:33  up 2h00m  daily book --------------------------------------------------------------------
  EQUITY    $499.60  unreal $-0.11
  OPEN      no intraday positions  book holds 9 (BOOK row)  free $436.90 after open P&L
  SHADOW    intraday M1 $504.56 (+0.97%)  M1g $501.06 (+0.27%)  2d paper only
  CARRY     $499.11 (-0.15%)  8 held  paper only
  SPOT      $249.73 (-0.11%)  1 held  4% invested  cash earns 6.69%  paper pot
  SAVINGS   idle $312.00 (62%)  at 6.69% +$0.12 so far  ~$1.74/month  paper
  BFUSD     wallet $499.60 at 7.66%  +$0.10 so far  ~$3.19/month  vs Savings $1.74  paper
  DELTA     $499.92 (-0.02%)  9 held  fees $0.20  funding $+0.01  paper, same plan
  XVENUE    $499.35 (-0.13%)  10 pairs  funding $+0.00  fees $0.74  paper, Delta vs Binance
  BOOK      9 pos gross $308.32 (0.62x)  open $-0.11  funding $-0.04  vol 27% top 20
            rebal 2026-10-03
  CONTEXT   since 01 Oct $-0.40 (-0.08%) in 2.1d  normal -1.7% to +2.5%  bottom 45%: normal
  RULE      C2 N2+N3 + range vol (GK)  forward test (paper)
  TOURNEY   2d from 2026-10-01  base -0.60%  N2 -0.66%  N3 -0.37%  N2+N3 -0.37%  +K4 -0.42%
            +GK* -0.30%  +K4+GK -0.38%  +GK+DD +0.00%  +GK+XA +0.00%
  DATA      on time  prices 14s  funding booked  book today  shadow 06:00  carry today
            spot pot today
  SESSION   $+0.18 +0.04%
  CURVE     ++========++++++
  MONTH     book guard $0.40 of $100.00 used  on marked equity  from $500.00  dial 20%
            ..........................
  RECORD    book closed 3  2W 1L  net $-0.09  fees and funding in
  FEES      no fills yet this run (the book trades at 00:05 UTC)
  ------------------------------------------------------------------------------------------------
 
11:33:56 | 
11:33:56 | ============================================================
11:33:56 | 📊 POSITION SUMMARY (8-MIN UPDATE)
11:33:56 | 💰 Equity: $499.71 | Unrealized: $-0.11
11:33:56 | 💵 Available: $436.90 after open P&L | Locked: $62.70
11:33:56 | 📈 Session: $+0.18 (+0.0%)
11:33:56 | 🎯 C510 Book (what trades): 9 positions, gross 0.62x, open $-0.11 | rule C2 N2+N3 + range vol (GK) | closed 3: 2W/1L $-0.09 | since 01 Oct -0.08% (normal)
11:33:56 | ============================================================
11:33:56 | ============================================================
11:33:56 | 🔵 Book guard: $0.40 of $100.00 used this month on marked equity (0%, from $500.00) · realised today +0.00% [C497]
11:33:56 | ============================================================
11:33:56 | 
 
  11:41  up 2h08m  daily book --------------------------------------------------------------------
  EQUITY    $499.52  unreal $-0.19
  OPEN      no intraday positions  book holds 9 (BOOK row)  free $436.82 after open P&L
  SHADOW    intraday M1 $504.56 (+0.97%)  M1g $501.06 (+0.27%)  2d paper only
  CARRY     $499.11 (-0.15%)  8 held  paper only
  SPOT      $249.73 (-0.11%)  1 held  4% invested  cash earns 6.69%  paper pot
  SAVINGS   idle $311.96 (62%)  at 6.69% +$0.12 so far  ~$1.74/month  paper
  BFUSD     wallet $499.55 at 7.66%  +$0.10 so far  ~$3.19/month  vs Savings $1.74  paper
  DELTA     $499.95 (-0.01%)  9 held  fees $0.20  funding $+0.01  paper, same plan
  XVENUE    $499.35 (-0.13%)  10 pairs  funding $+0.00  fees $0.74  paper, Delta vs Binance
  BOOK      9 pos gross $307.96 (0.62x)  open $-0.19  funding $-0.04  vol 27% top 20
            rebal 2026-10-03
  CONTEXT   since 01 Oct $-0.48 (-0.10%) in 2.1d  normal -1.7% to +2.5%  bottom 44%: normal
  RULE      C2 N2+N3 + range vol (GK)  forward test (paper)
  TOURNEY   2d from 2026-10-01  base -0.60%  N2 -0.66%  N3 -0.37%  N2+N3 -0.37%  +K4 -0.42%
            +GK* -0.30%  +K4+GK -0.38%  +GK+DD +0.00%  +GK+XA +0.00%
  DATA      on time  prices 7s  funding booked  book today  shadow 06:00  carry today
            spot pot today
  SESSION   $+0.10 +0.02%  peak $499.60  dd 0.02%
  CURVE     ++========+++++++
  MONTH     book guard $0.48 of $100.00 used  on marked equity  from $500.00  dial 20%
            ..........................
  RECORD    book closed 3  2W 1L  net $-0.09  fees and funding in
  FEES      no fills yet this run (the book trades at 00:05 UTC)
  ------------------------------------------------------------------------------------------------
 
11:41:57 | 
11:41:57 | ============================================================
11:41:57 | 📊 POSITION SUMMARY (8-MIN UPDATE)
11:41:57 | 💰 Equity: $499.71 | Unrealized: $-0.19
11:41:57 | 💵 Available: $436.82 after open P&L | Locked: $62.70
11:41:57 | 📈 Session: $+0.10 (+0.0%)
11:41:57 | 🎯 C510 Book (what trades): 9 positions, gross 0.62x, open $-0.19 | rule C2 N2+N3 + range vol (GK) | closed 3: 2W/1L $-0.09 | since 01 Oct -0.10% (normal)
11:41:57 | ============================================================
11:41:57 | ============================================================
11:41:57 | 🔵 Book guard: $0.48 of $100.00 used this month on marked equity (0%, from $500.00) · realised today +0.00% [C497]
11:41:57 | ============================================================
11:41:57 | 
 
  11:49  up 2h16m  daily book --------------------------------------------------------------------
  EQUITY    $499.54  unreal $-0.17
  OPEN      no intraday positions  book holds 9 (BOOK row)  free $436.84 after open P&L
  SHADOW    intraday M1 $504.56 (+0.97%)  M1g $501.06 (+0.27%)  2d paper only
  CARRY     $499.11 (-0.15%)  8 held  paper only
  SPOT      $249.73 (-0.11%)  1 held  4% invested  cash earns 6.69%  paper pot
  SAVINGS   idle $311.95 (62%)  at 6.69% +$0.12 so far  ~$1.74/month  paper
  BFUSD     wallet $499.53 at 7.66%  +$0.10 so far  ~$3.19/month  vs Savings $1.74  paper
  DELTA     $499.82 (-0.04%)  9 held  fees $0.20  funding $+0.01  paper, same plan
  XVENUE    $499.35 (-0.13%)  10 pairs  funding $+0.00  fees $0.74  paper, Delta vs Binance
  BOOK      9 pos gross $308.00 (0.62x)  open $-0.17  funding $-0.04  vol 27% top 20
            rebal 2026-10-03
  CONTEXT   since 01 Oct $-0.46 (-0.09%) in 2.1d  normal -1.7% to +2.5%  bottom 45%: normal
  RULE      C2 N2+N3 + range vol (GK)  forward test (paper)
  TOURNEY   2d from 2026-10-01  base -0.60%  N2 -0.66%  N3 -0.37%  N2+N3 -0.37%  +K4 -0.42%
            +GK* -0.30%  +K4+GK -0.38%  +GK+DD +0.00%  +GK+XA +0.00%
  DATA      on time  prices 0s  funding booked  book today  shadow 06:00  carry today
            spot pot today
  SESSION   $+0.12 +0.02%  peak $499.60  dd 0.01%
  CURVE     ++========++++++++
  MONTH     book guard $0.46 of $100.00 used  on marked equity  from $500.00  dial 20%
            ..........................
  RECORD    book closed 3  2W 1L  net $-0.09  fees and funding in
  FEES      no fills yet this run (the book trades at 00:05 UTC)
  ------------------------------------------------------------------------------------------------
 
11:49:58 | 
11:49:58 | ============================================================
11:49:58 | 📊 POSITION SUMMARY (8-MIN UPDATE)
11:49:58 | 💰 Equity: $499.71 | Unrealized: $-0.17
11:49:58 | 💵 Available: $436.84 after open P&L | Locked: $62.70
11:49:58 | 📈 Session: $+0.12 (+0.0%)
11:49:58 | 🎯 C510 Book (what trades): 9 positions, gross 0.62x, open $-0.17 | rule C2 N2+N3 + range vol (GK) | closed 3: 2W/1L $-0.09 | since 01 Oct -0.09% (normal)
11:49:58 | ============================================================
11:49:58 | ============================================================
11:49:58 | 🔵 Book guard: $0.46 of $100.00 used this month on marked equity (0%, from $500.00) · realised today +0.00% [C497]
11:49:58 | ============================================================
11:49:58 | 
 
  11:57  up 2h24m  daily book --------------------------------------------------------------------
  EQUITY    $499.49  unreal $-0.22
  OPEN      no intraday positions  book holds 9 (BOOK row)  free $436.79 after open P&L
  SHADOW    intraday M1 $504.56 (+0.97%)  M1g $501.06 (+0.27%)  2d paper only
  CARRY     $499.11 (-0.15%)  8 held  paper only
  SPOT      $249.73 (-0.11%)  1 held  4% invested  cash earns 6.69%  paper pot
  SAVINGS   idle $311.92 (62%)  at 6.69% +$0.12 so far  ~$1.74/month  paper
  BFUSD     wallet $499.50 at 7.66%  +$0.10 so far  ~$3.19/month  vs Savings $1.74  paper
  DELTA     $499.85 (-0.03%)  9 held  fees $0.20  funding $+0.01  paper, same plan
  XVENUE    $499.35 (-0.13%)  10 pairs  funding $+0.00  fees $0.74  paper, Delta vs Binance
  BOOK      9 pos gross $308.05 (0.62x)  open $-0.22  funding $-0.04  vol 27% top 20
            rebal 2026-10-03
  CONTEXT   since 01 Oct $-0.51 (-0.10%) in 2.1d  normal -1.7% to +2.5%  bottom 44%: normal
  RULE      C2 N2+N3 + range vol (GK)  forward test (paper)
  TOURNEY   2d from 2026-10-01  base -0.60%  N2 -0.66%  N3 -0.37%  N2+N3 -0.37%  +K4 -0.42%
            +GK* -0.30%  +K4+GK -0.38%  +GK+DD +0.00%  +GK+XA +0.00%
  DATA      on time  prices 34s  funding booked  book today  shadow 06:00  carry today
            spot pot today
  SESSION   $+0.07 +0.01%  peak $499.60  dd 0.02%
  CURVE     ++========+++++++++
  MONTH     book guard $0.51 of $100.00 used  on marked equity  from $500.00  dial 20%
            ..........................
  RECORD    book closed 3  2W 1L  net $-0.09  fees and funding in
  FEES      no fills yet this run (the book trades at 00:05 UTC)
  ------------------------------------------------------------------------------------------------
 
11:57:58 | 
11:57:58 | ============================================================
11:57:58 | 📊 POSITION SUMMARY (8-MIN UPDATE)
11:57:58 | 💰 Equity: $499.71 | Unrealized: $-0.22
11:57:58 | 💵 Available: $436.79 after open P&L | Locked: $62.70
11:57:58 | 📈 Session: $+0.07 (+0.0%)
11:57:58 | 🎯 C510 Book (what trades): 9 positions, gross 0.62x, open $-0.22 | rule C2 N2+N3 + range vol (GK) | closed 3: 2W/1L $-0.09 | since 01 Oct -0.10% (normal)
11:57:58 | ============================================================
11:57:58 | ============================================================
11:57:58 | 🔵 Book guard: $0.51 of $100.00 used this month on marked equity (1%, from $500.00) · realised today +0.00% [C497]
11:57:58 | ============================================================
11:57:58 | 
 
  12:05  up 2h32m  daily book --------------------------------------------------------------------
  EQUITY    $499.49  unreal $-0.22
  OPEN      no intraday positions  book holds 9 (BOOK row)  free $436.79 after open P&L
  SHADOW    intraday M1 $504.56 (+0.97%)  M1g $501.06 (+0.27%)  2d paper only
  CARRY     $499.11 (-0.15%)  8 held  paper only
  SPOT      $249.73 (-0.11%)  1 held  4% invested  cash earns 6.69%  paper pot
  SAVINGS   idle $311.91 (62%)  at 6.69% +$0.12 so far  ~$1.74/month  paper
  BFUSD     wallet $499.48 at 7.66%  +$0.10 so far  ~$3.19/month  vs Savings $1.74  paper
  DELTA     $499.90 (-0.02%)  9 held  fees $0.20  funding $+0.01  paper, same plan
  XVENUE    $499.35 (-0.13%)  10 pairs  funding $+0.00  fees $0.74  paper, Delta vs Binance
  BOOK      9 pos gross $308.00 (0.62x)  open $-0.22  funding $-0.04  vol 27% top 20
            rebal 2026-10-03
  CONTEXT   since 01 Oct $-0.51 (-0.10%) in 2.1d  normal -1.7% to +2.5%  bottom 44%: normal
  RULE      C2 N2+N3 + range vol (GK)  forward test (paper)
  TOURNEY   2d from 2026-10-01  base -0.60%  N2 -0.66%  N3 -0.37%  N2+N3 -0.37%  +K4 -0.42%
            +GK* -0.30%  +K4+GK -0.38%  +GK+DD +0.00%  +GK+XA +0.00%
  DATA      on time  prices 27s  funding booked  book today  shadow 06:00  carry today
            spot pot today
  SESSION   $+0.07 +0.01%  peak $499.60  dd 0.02%
  CURVE     ++========++++++++++
  MONTH     book guard $0.51 of $100.00 used  on marked equity  from $500.00  dial 20%
            ..........................
  RECORD    book closed 3  2W 1L  net $-0.09  fees and funding in
  FEES      no fills yet this run (the book trades at 00:05 UTC)
  ------------------------------------------------------------------------------------------------
 
12:05:58 | 
12:05:58 | ============================================================
12:05:58 | 📊 POSITION SUMMARY (8-MIN UPDATE)
12:05:58 | 💰 Equity: $499.71 | Unrealized: $-0.22
12:05:58 | 💵 Available: $436.79 after open P&L | Locked: $62.70
12:05:58 | 📈 Session: $+0.07 (+0.0%)
12:05:58 | 🎯 C510 Book (what trades): 9 positions, gross 0.62x, open $-0.22 | rule C2 N2+N3 + range vol (GK) | closed 3: 2W/1L $-0.09 | since 01 Oct -0.10% (normal)
12:05:58 | ============================================================
12:05:58 | ============================================================
12:05:58 | 🔵 Book guard: $0.51 of $100.00 used this month on marked equity (1%, from $500.00) · realised today +0.00% [C497]
12:05:58 | ============================================================
12:05:58 | 
 
  12:13  up 2h40m  daily book --------------------------------------------------------------------
  EQUITY    $499.37  unreal $-0.34
  OPEN      no intraday positions  book holds 9 (BOOK row)  free $436.67 after open P&L
  SHADOW    intraday M1 $504.56 (+0.97%)  M1g $501.06 (+0.27%)  2d paper only
  CARRY     $499.11 (-0.15%)  8 held  paper only
  SPOT      $249.73 (-0.11%)  1 held  4% invested  cash earns 6.69%  paper pot
  SAVINGS   idle $311.87 (62%)  at 6.69% +$0.12 so far  ~$1.74/month  paper
  BFUSD     wallet $499.42 at 7.66%  +$0.10 so far  ~$3.19/month  vs Savings $1.74  paper
  DELTA     $499.84 (-0.03%)  9 held  fees $0.20  funding $+0.01  paper, same plan
  XVENUE    $499.35 (-0.13%)  10 pairs  funding $+0.00  fees $0.74  paper, Delta vs Binance
  BOOK      9 pos gross $307.88 (0.62x)  open $-0.34  funding $-0.04  vol 27% top 20
            rebal 2026-10-03
  CONTEXT   since 01 Oct $-0.63 (-0.13%) in 2.1d  normal -1.7% to +2.5%  bottom 44%: normal
  RULE      C2 N2+N3 + range vol (GK)  forward test (paper)
  TOURNEY   2d from 2026-10-01  base -0.60%  N2 -0.66%  N3 -0.37%  N2+N3 -0.37%  +K4 -0.42%
            +GK* -0.30%  +K4+GK -0.38%  +GK+DD +0.00%  +GK+XA +0.00%
  DATA      on time  prices 21s  funding booked  book today  shadow 06:00  carry today
            spot pot today
  SESSION   $-0.05 -0.01%  peak $499.60  dd 0.05%
  CURVE     ++========+++++++++++
  MONTH     book guard $0.63 of $100.00 used  on marked equity  from $500.00  dial 20%
            ..........................
  RECORD    book closed 3  2W 1L  net $-0.09  fees and funding in
  FEES      no fills yet this run (the book trades at 00:05 UTC)
  ------------------------------------------------------------------------------------------------
 
12:13:58 | 
12:13:58 | ============================================================
12:13:58 | 📊 POSITION SUMMARY (8-MIN UPDATE)
12:13:58 | 💰 Equity: $499.71 | Unrealized: $-0.34
12:13:58 | 💵 Available: $436.67 after open P&L | Locked: $62.70
12:13:58 | 📈 Session: $-0.05 (-0.0%)
12:13:58 | 🎯 C510 Book (what trades): 9 positions, gross 0.62x, open $-0.34 | rule C2 N2+N3 + range vol (GK) | closed 3: 2W/1L $-0.09 | since 01 Oct -0.13% (normal)
12:13:58 | ============================================================
12:13:58 | ============================================================
12:13:58 | 🔵 Book guard: $0.63 of $100.00 used this month on marked equity (1%, from $500.00) · realised today +0.00% [C497]
12:13:58 | ============================================================
12:13:58 | 
 
  12:21  up 2h48m  daily book --------------------------------------------------------------------
  EQUITY    $499.29  unreal $-0.42
  OPEN      no intraday positions  book holds 9 (BOOK row)  free $436.59 after open P&L
  SHADOW    intraday M1 $504.56 (+0.97%)  M1g $501.06 (+0.27%)  2d paper only
  CARRY     $499.11 (-0.15%)  8 held  paper only
  SPOT      $249.72 (-0.11%)  1 held  4% invested  cash earns 6.69%  paper pot
  SAVINGS   idle $311.77 (62%)  at 6.69% +$0.12 so far  ~$1.74/month  paper
  BFUSD     wallet $499.30 at 7.66%  +$0.10 so far  ~$3.19/month  vs Savings $1.74  paper
  DELTA     $499.67 (-0.07%)  9 held  fees $0.20  funding $+0.01  paper, same plan
  XVENUE    $499.35 (-0.13%)  10 pairs  funding $+0.00  fees $0.74  paper, Delta vs Binance
  BOOK      9 pos gross $307.83 (0.62x)  open $-0.42  funding $-0.04  vol 27% top 20
            rebal 2026-10-03
  CONTEXT   since 01 Oct $-0.71 (-0.14%) in 2.1d  normal -1.8% to +2.5%  bottom 43%: normal
  RULE      C2 N2+N3 + range vol (GK)  forward test (paper)
  TOURNEY   2d from 2026-10-01  base -0.60%  N2 -0.66%  N3 -0.37%  N2+N3 -0.37%  +K4 -0.42%
            +GK* -0.30%  +K4+GK -0.38%  +GK+DD +0.00%  +GK+XA +0.00%
  DATA      on time  prices 14s  funding booked  book today  shadow 06:00  carry today
            spot pot today
  SESSION   $-0.13 -0.03%  peak $499.60  dd 0.06%
  CURVE     ++========++++++++++++
  MONTH     book guard $0.71 of $100.00 used  on marked equity  from $500.00  dial 20%
            ..........................
  RECORD    book closed 3  2W 1L  net $-0.09  fees and funding in
  FEES      no fills yet this run (the book trades at 00:05 UTC)
  ------------------------------------------------------------------------------------------------
 
12:21:58 | 
12:21:58 | ============================================================
12:21:58 | 📊 POSITION SUMMARY (8-MIN UPDATE)
12:21:58 | 💰 Equity: $499.71 | Unrealized: $-0.42
12:21:58 | 💵 Available: $436.59 after open P&L | Locked: $62.70
12:21:58 | 📈 Session: $-0.13 (-0.0%)
12:21:58 | 🎯 C510 Book (what trades): 9 positions, gross 0.62x, open $-0.42 | rule C2 N2+N3 + range vol (GK) | closed 3: 2W/1L $-0.09 | since 01 Oct -0.14% (normal)
12:21:58 | ============================================================
12:21:58 | ============================================================
12:21:58 | 🔵 Book guard: $0.71 of $100.00 used this month on marked equity (1%, from $500.00) · realised today +0.00% [C497]
12:21:58 | ============================================================
12:21:58 | 
 
  12:29  up 2h56m  daily book --------------------------------------------------------------------
  EQUITY    $499.38  unreal $-0.33
  OPEN      no intraday positions  book holds 9 (BOOK row)  free $436.68 after open P&L
  SHADOW    intraday M1 $504.56 (+0.97%)  M1g $501.06 (+0.27%)  2d paper only
  CARRY     $499.11 (-0.15%)  8 held  paper only
  SPOT      $249.72 (-0.11%)  1 held  4% invested  cash earns 6.69%  paper pot
  SAVINGS   idle $311.87 (62%)  at 6.69% +$0.12 so far  ~$1.74/month  paper
  BFUSD     wallet $499.42 at 7.66%  +$0.11 so far  ~$3.19/month  vs Savings $1.74  paper
  DELTA     $499.79 (-0.04%)  9 held  fees $0.20  funding $+0.01  paper, same plan
  XVENUE    $499.35 (-0.13%)  10 pairs  funding $+0.00  fees $0.74  paper, Delta vs Binance
  BOOK      9 pos gross $307.97 (0.62x)  open $-0.33  funding $-0.04  vol 27% top 20
            rebal 2026-10-03
  CONTEXT   since 01 Oct $-0.62 (-0.12%) in 2.1d  normal -1.8% to +2.5%  bottom 44%: normal
  RULE      C2 N2+N3 + range vol (GK)  forward test (paper)
  TOURNEY   2d from 2026-10-01  base -0.60%  N2 -0.66%  N3 -0.37%  N2+N3 -0.37%  +K4 -0.42%
            +GK* -0.30%  +K4+GK -0.38%  +GK+DD +0.00%  +GK+XA +0.00%
  DATA      on time  prices 7s  funding booked  book today  shadow 06:00  carry today
            spot pot today
  SESSION   $-0.04 -0.01%  peak $499.60  dd 0.04%
  CURVE     ++========+++++++++++++
  MONTH     book guard $0.62 of $100.00 used  on marked equity  from $500.00  dial 20%
            ..........................
  RECORD    book closed 3  2W 1L  net $-0.09  fees and funding in
  FEES      no fills yet this run (the book trades at 00:05 UTC)
  ------------------------------------------------------------------------------------------------
 
12:29:59 | 
12:29:59 | ============================================================
12:29:59 | 📊 POSITION SUMMARY (8-MIN UPDATE)
12:29:59 | 💰 Equity: $499.71 | Unrealized: $-0.33
12:29:59 | 💵 Available: $436.68 after open P&L | Locked: $62.70
12:29:59 | 📈 Session: $-0.04 (-0.0%)
12:29:59 | 🎯 C510 Book (what trades): 9 positions, gross 0.62x, open $-0.33 | rule C2 N2+N3 + range vol (GK) | closed 3: 2W/1L $-0.09 | since 01 Oct -0.12% (normal)
12:29:59 | ============================================================
12:29:59 | ============================================================
12:29:59 | 🔵 Book guard: $0.62 of $100.00 used this month on marked equity (1%, from $500.00) · realised today +0.00% [C497]
12:29:59 | ============================================================
12:29:59 | 
12:32:27 |    👻 C489 shadow hour 07:00 UTC: 39 coins scored (full (16 features)), gate OPEN | M1 $502.44 (+0.54%) M1g $499.10 (-0.12%) over 2d [3s]
 
  12:37  up 3h04m  daily book --------------------------------------------------------------------
  EQUITY    $499.45  unreal $-0.26
  OPEN      no intraday positions  book holds 9 (BOOK row)  free $436.75 after open P&L
  SHADOW    intraday M1 $502.44 (+0.54%)  M1g $499.10 (-0.12%)  2d paper only
  CARRY     $499.11 (-0.15%)  8 held  paper only
  SPOT      $249.72 (-0.11%)  1 held  4% invested  cash earns 6.69%  paper pot
  SAVINGS   idle $311.88 (62%)  at 6.69% +$0.12 so far  ~$1.74/month  paper
  BFUSD     wallet $499.44 at 7.66%  +$0.11 so far  ~$3.19/month  vs Savings $1.74  paper
  DELTA     $499.84 (-0.03%)  9 held  fees $0.20  funding $+0.01  paper, same plan
  XVENUE    $499.35 (-0.13%)  10 pairs  funding $+0.00  fees $0.74  paper, Delta vs Binance
  BOOK      9 pos gross $307.86 (0.62x)  open $-0.27  funding $-0.04  vol 27% top 20
            rebal 2026-10-03
  CONTEXT   since 01 Oct $-0.55 (-0.11%) in 2.1d  normal -1.8% to +2.6%  bottom 44%: normal
  RULE      C2 N2+N3 + range vol (GK)  forward test (paper)
  TOURNEY   2d from 2026-10-01  base -0.60%  N2 -0.66%  N3 -0.37%  N2+N3 -0.37%  +K4 -0.42%
            +GK* -0.30%  +K4+GK -0.38%  +GK+DD +0.00%  +GK+XA +0.00%
  DATA      on time  prices 0s  funding booked  book today  shadow 07:00  carry today
            spot pot today
  SESSION   $+0.03 +0.01%  peak $499.60  dd 0.03%
  CURVE     ++========++++++++++++++
  MONTH     book guard $0.55 of $100.00 used  on marked equity  from $500.00  dial 20%
            ..........................
  RECORD    book closed 3  2W 1L  net $-0.09  fees and funding in
  FEES      no fills yet this run (the book trades at 00:05 UTC)
  ------------------------------------------------------------------------------------------------
 
12:37:59 | 
12:37:59 | ============================================================
12:37:59 | 📊 POSITION SUMMARY (8-MIN UPDATE)
12:37:59 | 💰 Equity: $499.71 | Unrealized: $-0.26
12:37:59 | 💵 Available: $436.75 after open P&L | Locked: $62.70
12:37:59 | 📈 Session: $+0.03 (+0.0%)
12:37:59 | 🎯 C510 Book (what trades): 9 positions, gross 0.62x, open $-0.27 | rule C2 N2+N3 + range vol (GK) | closed 3: 2W/1L $-0.09 | since 01 Oct -0.11% (normal)
12:37:59 | ============================================================
12:37:59 | ============================================================
12:37:59 | 🔵 Book guard: $0.55 of $100.00 used this month on marked equity (1%, from $500.00) · realised today +0.00% [C497]
12:37:59 | ============================================================
12:37:59 | 
 
  12:46  up 3h12m  daily book --------------------------------------------------------------------
  EQUITY    $499.49  unreal $-0.22
  OPEN      no intraday positions  book holds 9 (BOOK row)  free $436.79 after open P&L
  SHADOW    intraday M1 $502.44 (+0.54%)  M1g $499.10 (-0.12%)  2d paper only
  CARRY     $499.11 (-0.15%)  8 held  paper only
  SPOT      $249.73 (-0.11%)  1 held  4% invested  cash earns 6.69%  paper pot
  SAVINGS   idle $311.92 (62%)  at 6.69% +$0.12 so far  ~$1.74/month  paper
  BFUSD     wallet $499.49 at 7.66%  +$0.11 so far  ~$3.19/month  vs Savings $1.74  paper
  DELTA     $499.88 (-0.02%)  9 held  fees $0.20  funding $+0.01  paper, same plan
  XVENUE    $499.35 (-0.13%)  10 pairs  funding $+0.00  fees $0.74  paper, Delta vs Binance
  BOOK      9 pos gross $307.85 (0.62x)  open $-0.22  funding $-0.04  vol 27% top 20
            rebal 2026-10-03
  CONTEXT   since 01 Oct $-0.51 (-0.10%) in 2.1d  normal -1.8% to +2.6%  bottom 44%: normal
  RULE      C2 N2+N3 + range vol (GK)  forward test (paper)
  TOURNEY   2d from 2026-10-01  base -0.60%  N2 -0.66%  N3 -0.37%  N2+N3 -0.37%  +K4 -0.42%
            +GK* -0.30%  +K4+GK -0.38%  +GK+DD +0.00%  +GK+XA +0.00%
  DATA      on time  prices 34s  funding booked  book today  shadow 07:00  carry today
            spot pot today
  SESSION   $+0.07 +0.01%  peak $499.60  dd 0.02%
  CURVE     ++========+++++++++++++++
  MONTH     book guard $0.51 of $100.00 used  on marked equity  from $500.00  dial 20%
            ..........................
  RECORD    book closed 3  2W 1L  net $-0.09  fees and funding in
  FEES      no fills yet this run (the book trades at 00:05 UTC)
  ------------------------------------------------------------------------------------------------
 
12:46:00 | 
12:46:00 | ============================================================
12:46:00 | 📊 POSITION SUMMARY (8-MIN UPDATE)
12:46:00 | 💰 Equity: $499.71 | Unrealized: $-0.22
12:46:00 | 💵 Available: $436.79 after open P&L | Locked: $62.70
12:46:00 | 📈 Session: $+0.07 (+0.0%)
12:46:00 | 🎯 C510 Book (what trades): 9 positions, gross 0.62x, open $-0.22 | rule C2 N2+N3 + range vol (GK) | closed 3: 2W/1L $-0.09 | since 01 Oct -0.10% (normal)
12:46:00 | ============================================================
12:46:00 | ============================================================
12:46:00 | 🔵 Book guard: $0.51 of $100.00 used this month on marked equity (1%, from $500.00) · realised today +0.00% [C497]
12:46:00 | ============================================================
12:46:00 | 
 
  12:54  up 3h20m  daily book --------------------------------------------------------------------
  EQUITY    $499.53  unreal $-0.18
  OPEN      no intraday positions  book holds 9 (BOOK row)  free $436.83 after open P&L
  SHADOW    intraday M1 $502.44 (+0.54%)  M1g $499.10 (-0.12%)  2d paper only
  CARRY     $499.11 (-0.15%)  8 held  paper only
  SPOT      $249.72 (-0.11%)  1 held  4% invested  cash earns 6.69%  paper pot
  SAVINGS   idle $311.95 (62%)  at 6.69% +$0.12 so far  ~$1.74/month  paper
  BFUSD     wallet $499.53 at 7.66%  +$0.11 so far  ~$3.19/month  vs Savings $1.74  paper
  DELTA     $499.97 (-0.01%)  9 held  fees $0.20  funding $+0.01  paper, same plan
  XVENUE    $499.35 (-0.13%)  10 pairs  funding $+0.00  fees $0.74  paper, Delta vs Binance
  BOOK      9 pos gross $307.45 (0.61x)  open $-0.18  funding $-0.04  vol 27% top 20
            rebal 2026-10-03
  CONTEXT   since 01 Oct $-0.47 (-0.09%) in 2.1d  normal -1.8% to +2.6%  bottom 45%: normal
  RULE      C2 N2+N3 + range vol (GK)  forward test (paper)
  TOURNEY   2d from 2026-10-01  base -0.60%  N2 -0.66%  N3 -0.37%  N2+N3 -0.37%  +K4 -0.42%
            +GK* -0.30%  +K4+GK -0.38%  +GK+DD +0.00%  +GK+XA +0.00%
  DATA      on time  prices 26s  funding booked  book today  shadow 07:00  carry today
            spot pot today
  SESSION   $+0.11 +0.02%  peak $499.60  dd 0.01%
  CURVE     ++========++++++++++++++++
  MONTH     book guard $0.47 of $100.00 used  on marked equity  from $500.00  dial 20%
            ..........................
  RECORD    book closed 3  2W 1L  net $-0.09  fees and funding in
  FEES      no fills yet this run (the book trades at 00:05 UTC)
  ------------------------------------------------------------------------------------------------
 
12:54:00 | 
12:54:00 | ============================================================
12:54:00 | 📊 POSITION SUMMARY (8-MIN UPDATE)
12:54:00 | 💰 Equity: $499.71 | Unrealized: $-0.18
12:54:00 | 💵 Available: $436.83 after open P&L | Locked: $62.70
12:54:00 | 📈 Session: $+0.11 (+0.0%)
12:54:00 | 🎯 C510 Book (what trades): 9 positions, gross 0.61x, open $-0.18 | rule C2 N2+N3 + range vol (GK) | closed 3: 2W/1L $-0.09 | since 01 Oct -0.09% (normal)
12:54:00 | ============================================================
12:54:00 | ============================================================
12:54:00 | 🔵 Book guard: $0.47 of $100.00 used this month on marked equity (0%, from $500.00) · realised today +0.00% [C497]
12:54:00 | ============================================================
12:54:00 | 
 
  13:02  up 3h28m  daily book --------------------------------------------------------------------
  EQUITY    $499.66  unreal $-0.05
  OPEN      no intraday positions  book holds 9 (BOOK row)  free $436.96 after open P&L
  SHADOW    intraday M1 $502.44 (+0.54%)  M1g $499.10 (-0.12%)  2d paper only
  CARRY     $499.11 (-0.15%)  8 held  paper only
  SPOT      $249.73 (-0.11%)  1 held  4% invested  cash earns 6.69%  paper pot
  SAVINGS   idle $312.02 (62%)  at 6.69% +$0.12 so far  ~$1.74/month  paper
  BFUSD     wallet $499.63 at 7.66%  +$0.11 so far  ~$3.19/month  vs Savings $1.74  paper
  DELTA     $500.06 (+0.01%)  9 held  fees $0.20  funding $+0.01  paper, same plan
  XVENUE    $499.35 (-0.13%)  10 pairs  funding $+0.00  fees $0.74  paper, Delta vs Binance
  BOOK      9 pos gross $307.59 (0.62x)  open $-0.05  funding $-0.04  vol 27% top 20
            rebal 2026-10-03
  CONTEXT   since 01 Oct $-0.34 (-0.07%) in 2.2d  normal -1.8% to +2.6%  bottom 45%: normal
  RULE      C2 N2+N3 + range vol (GK)  forward test (paper)
  TOURNEY   2d from 2026-10-01  base -0.60%  N2 -0.66%  N3 -0.37%  N2+N3 -0.37%  +K4 -0.42%
            +GK* -0.30%  +K4+GK -0.38%  +GK+DD +0.00%  +GK+XA +0.00%
  DATA      on time  prices 18s  funding booked  book today  shadow 07:00  carry today
            spot pot today
  SESSION   $+0.24 +0.05%
  CURVE     +=========+++++++++++++++++
  MONTH     book guard $0.34 of $100.00 used  on marked equity  from $500.00  dial 20%
            ..........................
  RECORD    book closed 3  2W 1L  net $-0.09  fees and funding in
  FEES      no fills yet this run (the book trades at 00:05 UTC)
  ------------------------------------------------------------------------------------------------
 
13:02:01 | 
13:02:01 | ============================================================
13:02:01 | 📊 POSITION SUMMARY (8-MIN UPDATE)
13:02:01 | 💰 Equity: $499.71 | Unrealized: $-0.05
13:02:01 | 💵 Available: $436.96 after open P&L | Locked: $62.70
13:02:01 | 📈 Session: $+0.24 (+0.0%)
13:02:01 | 🎯 C510 Book (what trades): 9 positions, gross 0.62x, open $-0.05 | rule C2 N2+N3 + range vol (GK) | closed 3: 2W/1L $-0.09 | since 01 Oct -0.07% (normal)
13:02:01 | ============================================================
13:02:01 | ============================================================
13:02:01 | 🔵 Book guard: $0.34 of $100.00 used this month on marked equity (0%, from $500.00) · realised today +0.00% [C497]
13:02:01 | ============================================================
13:02:01 | 
 
  13:10  up 3h36m  daily book --------------------------------------------------------------------
  EQUITY    $499.63  unreal $-0.08
  OPEN      no intraday positions  book holds 9 (BOOK row)  free $436.93 after open P&L
  SHADOW    intraday M1 $502.44 (+0.54%)  M1g $499.10 (-0.12%)  2d paper only
  CARRY     $499.11 (-0.15%)  8 held  paper only
  SPOT      $249.73 (-0.11%)  1 held  4% invested  cash earns 6.69%  paper pot
  SAVINGS   idle $312.05 (62%)  at 6.69% +$0.12 so far  ~$1.74/month  paper
  BFUSD     wallet $499.66 at 7.66%  +$0.11 so far  ~$3.19/month  vs Savings $1.74  paper
  DELTA     $500.07 (+0.01%)  9 held  fees $0.20  funding $+0.01  paper, same plan
  XVENUE    $499.35 (-0.13%)  10 pairs  funding $+0.00  fees $0.74  paper, Delta vs Binance
  BOOK      9 pos gross $307.45 (0.61x)  open $-0.08  funding $-0.04  vol 27% top 20
            rebal 2026-10-03
  CONTEXT   since 01 Oct $-0.37 (-0.07%) in 2.2d  normal -1.8% to +2.6%  bottom 45%: normal
  RULE      C2 N2+N3 + range vol (GK)  forward test (paper)
  TOURNEY   2d from 2026-10-01  base -0.60%  N2 -0.66%  N3 -0.37%  N2+N3 -0.37%  +K4 -0.42%
            +GK* -0.30%  +K4+GK -0.38%  +GK+DD +0.00%  +GK+XA +0.00%
  DATA      on time  prices 11s  funding booked  book today  shadow 07:00  carry today
            spot pot today
  SESSION   $+0.21 +0.04%  peak $499.66  dd 0.01%
  CURVE     +=========++++++++++++++++++
  MONTH     book guard $0.37 of $100.00 used  on marked equity  from $500.00  dial 20%
            ..........................
  RECORD    book closed 3  2W 1L  net $-0.09  fees and funding in
  FEES      no fills yet this run (the book trades at 00:05 UTC)
  ------------------------------------------------------------------------------------------------
 
13:10:01 | 
13:10:01 | ============================================================
13:10:01 | 📊 POSITION SUMMARY (8-MIN UPDATE)
13:10:01 | 💰 Equity: $499.71 | Unrealized: $-0.08
13:10:01 | 💵 Available: $436.93 after open P&L | Locked: $62.70
13:10:01 | 📈 Session: $+0.21 (+0.0%)
13:10:01 | 🎯 C510 Book (what trades): 9 positions, gross 0.61x, open $-0.08 | rule C2 N2+N3 + range vol (GK) | closed 3: 2W/1L $-0.09 | since 01 Oct -0.07% (normal)
13:10:01 | ============================================================
13:10:01 | ============================================================
13:10:01 | 🔵 Book guard: $0.37 of $100.00 used this month on marked equity (0%, from $500.00) · realised today +0.00% [C497]
13:10:01 | ============================================================
13:10:01 | 
