10:02:11 | 📊 Paper Mode
10:02:13 | ✅ Connected | 804 futures markets
10:02:13 | 📊 Bitget Fees: Maker 0.02% | Taker 0.06%
10:02:13 | 📊 Market type: PERPETUAL FUTURES (swap) — verified
10:02:13 | 📋 Limit Orders: ENABLED (offset 0.1%) -- the idle intraday scanner's; the book trades with market orders
10:02:13 | 📂 Loaded state: $243.80 realised | 0 intraday positions | available $223.01 before open P&L (locked $20.79)
10:02:13 | 📐 RISK @ $243.80: monthly dial 15% = $37.92/month (15% of this month's anchor $252.81)  |  the portfolio book trades: its month guard closes the book if MARKED equity falls that far below the month's anchor [C497]
 
  ================================================================================================
  OMEGA C506  PAPER  Bitget perps
  29 Sep 2026   10:02
  start $243.80 realised  risk dial 15%/month
  ================================================================================================
 
  RISK FRAME -------------------------------------------------------------------------------------
  EQUITY    $243.80 realised  804 markets
  MONTH     dial 15% = $37.92 this month  used $9.01 realised
  BOOK      daily trend + momentum + carry, rebalanced 00:05 UTC
            month guard on MARKED equity (open P&L counts)  intraday scanner idle
  ------------------------------------------------------------------------------------------------
 
10:02:13 |    (legacy Flask page not installed — the dashboard is the control panel)
10:02:13 | 🌐 Remote control on http://0.0.0.0:8138 — TOKEN REQUIRED
10:02:13 |    📱 Local network: http://10.0.0.160:8138/?t=<your token> (this machine's own address)
10:02:13 |    🌍 Internet: put a Cloudflare Tunnel in front of this port.
10:02:13 |        See deploy/DEPLOY.md — one command, no open ports, free.
10:02:13 | ============================================================
10:02:13 | 🤖 OMEGA V60 — INFORMATION ENGINE (C466)
10:02:13 |    ℹ️ C497: the portfolio book trades. The blocks below describe the INTRADAY SCANNER, which is idle (OMEGA_ENGINE=intraday restores it); the book is summarised in the RISK FRAME above and the BOOK row every 8 min
10:02:13 | 📊 C503 WHAT IS RUNNING -- the portfolio book trades:
10:02:13 |    BOOK   trend (C1) + momentum (C2) + carry (C3), equal risk; vol target 20% from the 15% dial; gross <= 3x equity; top 20 crypto; $6 minimum; 30% band
10:02:13 |           rebalanced daily 00:05 UTC with market orders (paper fills at the ask/bid, taker 0.06%); 5x cross margin; funding at each coin's own interval; its one limit is the month guard on MARKED equity
10:02:13 |    PAPER  never touches the account: intraday shadow (C489) hourly · carry (C490) 00:10 UTC · spot pot (C501/C502) $250, spot minimum $1, 00:20 UTC · idle cash -> Savings at 7.63% every minute · allostatic shadow (K4) at each rebalance
10:02:13 |    IDLE   the intraday scanner (OMEGA_ENGINE=intraday restores it): every block below, to the 'stop safely' line, describes it
10:02:13 |    🧪 C364 PAPER=LIVE PARITY — costs modelled in paper (the idle scanner's; the book's are in the summary above):
10:02:13 |       • entries: post-only, REJECTED if the limit would cross (mirrors C363 live)
10:02:13 |       • market fills: lift the ASK / hit the BID — never the last price
10:02:13 |       • exit fee: taker on current notional
10:02:13 |       • funding: charged per 8h settlement crossed
10:02:13 |       NOT modelled: partial fills, API outages, queue position.
10:02:13 | ============================================================
10:02:13 | 🔒 Score floor reset: 0.32 (single mode — HP retired at C403-3) -- the idle scanner's
10:02:13 | 🧮 C458 EDGE STATE (the idle scanner's own trade record) — what it would permit today:
10:02:13 |    realised 6W/14L → shrunk base rate 0.400; fair odds for a 2.00R target are 0.333
10:02:13 |    blended edge +0.0474  (prior +0.0467 x0.60 + realised +0.0485 x0.40 (n=20; anchored on realised payoff 2.10 (7W/13L in R) (break-even wr 0.322 vs realised 0.400 = e +0.0776) x extrapolation shrink 0.63 to T 1.41R))
10:02:13 |    ✅ edge is positive — the expectancy gate is open on merit, and exploration should stay idle.
10:02:13 | 📋 Version history: OMEGA_CODE_ATLAS.md in the repo; CHANGELOG.md here records up to C466
10:02:13 | ============================================================
10:02:13 | 📊 INTRADAY SCANNER — IDLE while the book trades; what OMEGA_ENGINE=intraday would run:
10:02:13 |   1 SCANNER    804 markets → volume floor → top 30 by liveliness
10:02:13 |   2 ENTRY      11 signal components → one score; only 3 hard vetoes
10:02:13 |                (can't pay fees / no room to stop / not tradeable).
10:02:13 |                Everything else is a weighted penalty [C403-5].
10:02:13 |                EXPECTANCY GATE [C404/C405]: R = proj×√t ÷ stop,
10:02:13 |                E = p(R×0.60)−(1−p); E must clear 0 AND the live percentile bar.
10:02:13 |                TRADES/DAY [C467]: NO CAP. No count target, no hard cap, no per-scan limit. 2/pair still applies (that is concentration, not pace).
10:02:13 |                What refuses a trade now: the three hard vetoes only — can't pay fees, no room to stop, not tradeable. E<0 is a PENALTY while p has no measured skill [C467].
10:02:13 |   3 MONITOR    SPLIT LOOP [C397]: prices every 0.8s (stop, floors);
10:02:13 |                OHLCV/DRI every 20s; regime every 90s, AFTER positions.
10:02:13 |   4 EXIT       4 questions: hard stop · thesis dead (C399 retention)
10:02:13 |                · profit floor (C397 runner floor binds) · time.
10:02:13 |                Loss patience is BOUNDED at 1.35× the soft limit [C404-2].
10:02:13 |   SESSIONS     when each market DISCOVERS its price, in IST (US is currently on EDT):
10:02:13 |                crypto        24/7        · metals+energy  Globex ~24/5
10:02:13 |                US equity     19:00–01:30 IST  (a NIGHT session from India)
10:02:13 |                index futures Globex ~24/5 (SP500/NDX100 are futures, not cash)
10:02:13 |                Korea (KRX)   05:30–12:00 IST · HK  07:00–13:30 IST (lunch 09:30–10:30)
10:02:13 |                ● OPEN  crypto        24/7
10:02:13 |                ○ shut  us_equity     US cash closed
10:02:13 |                ● OPEN  index_future  Globex index
10:02:13 |                ● OPEN  metal         Globex
10:02:13 |                ● OPEN  korea_equity  KRX cash
10:02:13 |                ○ shut  hk_equity     HKEX lunch break
10:02:13 |   UNIVERSE     464 crypto + 340 RWA perps (stocks/metals/energy/ETFs) today,
10:02:13 |                session-gated; leverage scaled to each instrument's own ATR;
10:02:13 |                fee burden inside E. ONE POOL, no per-class quota [C409].
10:02:13 |                WHY (measured at C409): crypto alive 39.3% of bars, ANY asset alive 59.8%
10:02:13 |                (+20.5pp). Cross-class aliveness corr +0.04/+0.14 vs
10:02:13 |                crypto's OWN internal factor corr +0.925 — real diversification.
10:02:13 |   EDGES        C398 capitulation tilt (down-side only, +4.67pp measured)
10:02:13 |                C396 session tilt · C401 taker-flow (instrumented)
10:02:13 |                C403-7 flow term ±10% on direction
10:02:13 |   RETIRED      HP phase ladder (C403-3: 5 incident classes, 0 benefit)
10:02:13 |                Guardian + C329 (C403-4: 4 controllers, none knew the risk)
10:02:13 |                per-symbol learning (C403-2: needs ~10 months of trades)
10:02:13 |                DSI+DRI divergence / DRI HARD (C399: unreachable by construction)
10:02:13 | ============================================================
10:02:13 | ============================================================
10:02:13 | ✅ DRI SYSTEM (11 components, renormalised to exactly 1.0 [C400]) -- the idle scanner's exit model:
10:02:13 |    Threshold: 0.3 | Hard: 0.5
10:02:13 |    Weights: Mom=0.18 Tech=0.16 Vol=0.11
10:02:13 |    ML=0.04 Wave=0.04 OFI=0.06
10:02:13 |    Fund=0.05 MTF=0.06 RVS=0.07
10:02:13 |    PA=0.15(dyn→0.45) Time=0.10 — nominal sum 1.02, rescaled to 1.00 at runtime [C400: was 1.113]
10:02:13 |    DSI = 6 of those 11 (Mom/Vol/Tech/ML/Wave/MTF, sum 0.59) inverted, Hurst-modulated, now unit-scaled [C400]
10:02:13 |    READ THEM AS: DRI negative = reversal thesis STRONG; DRI→0 = thesis DYING. DSI positive = sustainable; DSI→0 = spent.
10:02:13 |    Updates: every 20s (15m candles do not move faster; prices stay on the 0.8s leg)
10:02:13 | ============================================================
10:02:13 | 📋 CONFIGURATION:
10:02:13 |    💰 Equity: $243.80 realised | Available: $223.01 before open P&L
10:02:13 |    📊 Position Sizing (idle scanner): Dynamic allocation, min $5.0 | 3-5 positions
10:02:13 |    🎲 Leverage (idle scanner): 1x-10x  (single mode — HP retired, C403-3)
10:02:13 |    📋 Limit Orders (idle scanner): ON | Maker 0.02% Taker 0.06%
10:02:13 |    🎚️ Loss control: monthly risk dial 15% — the book's month guard on marked equity; no day limit applies to the book (C497)
10:02:13 |    🛡️ Session drawdown breaker: off | Guardian: report only (C482)
10:02:13 |    ⏱️ Prices 0.8s | DRI 20s | Summary 480s | Min age 15min (the summary is the 8-min block; the rest are the scanner's)
10:02:13 |    🧠 Shared learning ON (Markov chains, calibration). Per-symbol memory OFF [C403-2]. -- the idle scanner's
10:02:13 | ============================================================
10:02:13 | 📊 MODE: NORMAL
10:02:13 | ============================================================
10:02:13 | 💡 Stop safely: sudo systemctl stop omega (Ctrl+C only when run by hand)
10:02:13 | ============================================================
10:02:13 | 🔄 Monitoring thread started — SPLIT LOOP [C397]: FAST leg every 0.8s (prices in PARALLEL → hard stop, trailing floor, peak floor, capture floor); SLOW leg every 20s (OHLCV/DRI) and 90s (BTC/ETH regime, AFTER positions are checked, never before) -- it watches INTRADAY positions; the book has no stops, its one limit is the month guard
10:02:15 | 💼 C488: portfolio engine ON -- the intraday scanner opens no new positions (OMEGA_ENGINE=intraday restores it); the book holds 8 positions
 
  10:10  up 0h08m  scan 0 ------------------------------------------------------------------------
  EQUITY    $241.35  unreal $-2.45
  OPEN      no intraday positions  book holds 8 (BOOK row)  free $220.56 after open P&L
  SHADOW    intraday M1 $257.09 (+1.91%)  M1g $253.68 (+0.56%)  5d paper only
  CARRY     $252.18 (-0.03%)  8 held  paper only
  SPOT      $249.01 (-0.40%)  16 held  24% invested  cash earns 7.63%  paper pot
  SAVINGS   idle $172.31 (71%)  at 7.63% +$0.03 so far  ~$1.10/month  paper
  BOOK      8 pos gross $100.81 (0.42x)  open $-2.45  funding $+0.00  vol 20% top 20
            rebal 2026-09-29
  DATA      on time  prices 32s  funding booked  book today  shadow 04:00  carry today
            spot pot today
  SESSION   $+0.01 +0.00%
  MONTH     book guard $11.46 of $37.92 used  on marked equity  from $252.81  dial 15%
            ########..................
  RECORD    no closed trades yet this run
  LIFETIME  139tr 44W 95L 32% intraday  account $-6.20 realised
  FEES      no fills yet this run
  ------------------------------------------------------------------------------------------------
 
10:10:12 | 
10:10:12 | ============================================================
10:10:12 | 📊 POSITION SUMMARY (8-MIN UPDATE)
10:10:12 | 💰 Equity: $243.80 | Unrealized: $-2.45
10:10:12 | 💵 Available: $220.56 after open P&L | Locked: $20.79
10:10:12 | 📈 Session: $+0.01 (+0.0%)
10:10:12 | 🎯 Win Rate (intraday trades): Overall 32% | Session no trades yet | Open none open
10:10:12 | ============================================================
10:10:12 | ============================================================
10:10:12 | 🔻 Book guard: $11.46 of $37.92 used this month on marked equity (30%, from $252.81) · realised today -2.63% [C497]
10:10:12 | ============================================================
10:10:12 | 
