
  ================================================================================================
  OMEGA C527  PAPER  Binance perps
  03 Oct 2026   13:30
  start $499.71 realised  risk dial 20%/month
  ================================================================================================

  RISK FRAME -------------------------------------------------------------------------------------
  EQUITY    $499.71 realised  740 markets
  MONTH     dial 20% = $100.00 this month  used $0.29 realised
  BOOK      daily trend + momentum + carry, rebalanced 00:05 UTC
            month guard on MARKED equity (open P&L counts)  intraday scanner idle
  ------------------------------------------------------------------------------------------------



  13:38  up 0h08m  daily book --------------------------------------------------------------------
  EQUITY    $499.70  unreal $-0.01
  OPEN      no intraday positions  book holds 9 (BOOK row)  free $437.00 after open P&L
  SHADOW    intraday M1 $505.08 (+1.07%)  M1g $501.73 (+0.40%)  2d paper only
  CARRY     $499.11 (-0.15%)  8 held  paper only
  SPOT      $249.73 (-0.11%)  1 held  4% invested  cash earns 6.68%  paper pot
  SAVINGS   idle $312.07 (62%)  at 6.68% +$0.12 so far  ~$1.74/month  paper
  BFUSD     wallet $499.70 at 7.66%  +$0.11 so far  ~$3.19/month  vs Savings $1.74  paper
  DELTA     $500.03 (+0.01%)  9 held  fees $0.20  funding $+0.01  paper, same plan
  XVENUE    $499.35 (-0.13%)  10 pairs  funding $+0.00  fees $0.74  paper, Delta vs Binance
  TOTAL     planned $749.55 of $750.00 ($-0.45)  all 6 accounts $2,248.20 of $2,249.83 ($-1.63)
            paper
  BOOK      9 pos gross $307.43 (0.61x)  open $-0.01  funding $-0.05  vol 27% top 20
            rebal 2026-10-03
  CONTEXT   since 01 Oct $-0.30 (-0.06%) in 2.2d  normal -1.8% to +2.6%  bottom 46%: normal
  RULE      C2 N2+N3 + range vol (GK)  forward test (paper)
  TOURNEY   2d from 2026-10-01  base -0.60%  N2 -0.66%  N3 -0.37%  N2+N3 -0.37%  +K4 -0.42%
            +GK* -0.30%  +K4+GK -0.38%  +GK+DD new  +GK+XA new
  DATA      on time  prices 32s  funding booked  book today  shadow 08:00  carry today
            spot pot today
  SESSION   $+0.24 +0.05%
  MONTH     book guard $0.30 of $100.00 used  on marked equity  from $500.00  dial 20%
            ..........................
  RECORD    book closed 3  2W 1L  net $-0.09  fees and funding in
  FEES      no fills yet this run (the book trades at 00:05 UTC)
  ------------------------------------------------------------------------------------------------



  13:46  up 0h16m  daily book --------------------------------------------------------------------
  EQUITY    $499.70  unreal $-0.01
  OPEN      no intraday positions  book holds 9 (BOOK row)  free $437.00 after open P&L
  SHADOW    intraday M1 $505.08 (+1.07%)  M1g $501.73 (+0.40%)  2d paper only
  CARRY     $499.11 (-0.15%)  8 held  paper only
  SPOT      $249.73 (-0.11%)  1 held  4% invested  cash earns 6.68%  paper pot
  SAVINGS   idle $312.10 (62%)  at 6.68% +$0.12 so far  ~$1.74/month  paper
  BFUSD     wallet $499.73 at 7.66%  +$0.11 so far  ~$3.19/month  vs Savings $1.74  paper
  DELTA     $500.14 (+0.03%)  9 held  fees $0.20  funding $+0.01  paper, same plan
  XVENUE    $499.35 (-0.13%)  10 pairs  funding $+0.00  fees $0.74  paper, Delta vs Binance
  TOTAL     planned $749.55 of $750.00 ($-0.45)  all 6 accounts $2,248.60 of $2,249.83 ($-1.23)
            paper
  BOOK      9 pos gross $307.57 (0.62x)  open $-0.01  funding $-0.05  vol 27% top 20
            rebal 2026-10-03
  CONTEXT   since 01 Oct $-0.30 (-0.06%) in 2.2d  normal -1.8% to +2.6%  bottom 46%: normal
  RULE      C2 N2+N3 + range vol (GK)  forward test (paper)
  TOURNEY   2d from 2026-10-01  base -0.60%  N2 -0.66%  N3 -0.37%  N2+N3 -0.37%  +K4 -0.42%
            +GK* -0.30%  +K4+GK -0.38%  +GK+DD new  +GK+XA new
  DATA      on time  prices 26s  funding booked  book today  shadow 08:00  carry today
            spot pot today
  SESSION   $+0.24 +0.05%
  MONTH     book guard $0.30 of $100.00 used  on marked equity  from $500.00  dial 20%
            ..........................
  RECORD    book closed 3  2W 1L  net $-0.09  fees and funding in
  FEES      no fills yet this run (the book trades at 00:05 UTC)
  ------------------------------------------------------------------------------------------------



  13:54  up 0h24m  daily book --------------------------------------------------------------------
  EQUITY    $499.63  unreal $-0.08
  OPEN      no intraday positions  book holds 9 (BOOK row)  free $436.93 after open P&L
  SHADOW    intraday M1 $505.08 (+1.07%)  M1g $501.73 (+0.40%)  2d paper only
  CARRY     $499.11 (-0.15%)  8 held  paper only
  SPOT      $249.73 (-0.11%)  1 held  4% invested  cash earns 6.68%  paper pot
  SAVINGS   idle $312.03 (62%)  at 6.68% +$0.12 so far  ~$1.74/month  paper
  BFUSD     wallet $499.64 at 7.66%  +$0.11 so far  ~$3.19/month  vs Savings $1.74  paper
  DELTA     $500.04 (+0.01%)  9 held  fees $0.20  funding $+0.01  paper, same plan
  XVENUE    $499.35 (-0.13%)  10 pairs  funding $+0.00  fees $0.74  paper, Delta vs Binance
  TOTAL     planned $749.48 of $750.00 ($-0.52)  all 6 accounts $2,248.29 of $2,249.83 ($-1.54)
            paper
  BOOK      9 pos gross $307.21 (0.61x)  open $-0.08  funding $-0.05  vol 27% top 20
            rebal 2026-10-03
  CONTEXT   since 01 Oct $-0.37 (-0.07%) in 2.2d  normal -1.8% to +2.6%  bottom 45%: normal
  RULE      C2 N2+N3 + range vol (GK)  forward test (paper)
  TOURNEY   2d from 2026-10-01  base -0.60%  N2 -0.66%  N3 -0.37%  N2+N3 -0.37%  +K4 -0.42%
            +GK* -0.30%  +K4+GK -0.38%  +GK+DD new  +GK+XA new
  DATA      on time  prices 19s  funding booked  book today  shadow 08:00  carry today
            spot pot today
  SESSION   $+0.17 +0.03%  peak $499.70  dd 0.01%
  MONTH     book guard $0.37 of $100.00 used  on marked equity  from $500.00  dial 20%
            ..........................
  RECORD    book closed 3  2W 1L  net $-0.09  fees and funding in
  FEES      no fills yet this run (the book trades at 00:05 UTC)
  ------------------------------------------------------------------------------------------------



  14:02  up 0h32m  daily book --------------------------------------------------------------------
  EQUITY    $499.78  unreal $+0.07
  OPEN      no intraday positions  book holds 9 (BOOK row)  free $437.08 after open P&L
  SHADOW    intraday M1 $505.08 (+1.07%)  M1g $501.73 (+0.40%)  2d paper only
  CARRY     $499.11 (-0.15%)  8 held  paper only
  SPOT      $249.73 (-0.11%)  1 held  4% invested  cash earns 6.68%  paper pot
  SAVINGS   idle $312.11 (62%)  at 6.68% +$0.12 so far  ~$1.74/month  paper
  BFUSD     wallet $499.75 at 7.66%  +$0.11 so far  ~$3.19/month  vs Savings $1.74  paper
  DELTA     $500.16 (+0.03%)  9 held  fees $0.20  funding $+0.01  paper, same plan
  XVENUE    $499.35 (-0.13%)  10 pairs  funding $+0.00  fees $0.74  paper, Delta vs Binance
  TOTAL     planned $749.63 of $750.00 ($-0.37)  all 6 accounts $2,248.48 of $2,249.83 ($-1.35)
            paper
  BOOK      9 pos gross $307.35 (0.61x)  open $+0.07  funding $-0.05  vol 27% top 20
            rebal 2026-10-03
  CONTEXT   since 01 Oct $-0.22 (-0.04%) in 2.2d  normal -1.8% to +2.6%  bottom 46%: normal
  RULE      C2 N2+N3 + range vol (GK)  forward test (paper)
  TOURNEY   2d from 2026-10-01  base -0.60%  N2 -0.66%  N3 -0.37%  N2+N3 -0.37%  +K4 -0.42%
            +GK* -0.30%  +K4+GK -0.38%  +GK+DD new  +GK+XA new
  DATA      on time  prices 12s  funding booked  book today  shadow 08:00  carry today
            spot pot today
  SESSION   $+0.32 +0.06%
  MONTH     book guard $0.22 of $100.00 used  on marked equity  from $500.00  dial 20%
            ..........................
  RECORD    book closed 3  2W 1L  net $-0.09  fees and funding in
  FEES      no fills yet this run (the book trades at 00:05 UTC)
  ------------------------------------------------------------------------------------------------



  14:10  up 0h40m  daily book --------------------------------------------------------------------
  EQUITY    $499.76  unreal $+0.05
  OPEN      no intraday positions  book holds 9 (BOOK row)  free $437.06 after open P&L
  SHADOW    intraday M1 $505.08 (+1.07%)  M1g $501.73 (+0.40%)  2d paper only
  CARRY     $499.11 (-0.15%)  8 held  paper only
  SPOT      $249.73 (-0.11%)  1 held  4% invested  cash earns 6.68%  paper pot
  SAVINGS   idle $312.13 (62%)  at 6.68% +$0.12 so far  ~$1.74/month  paper
  BFUSD     wallet $499.78 at 7.66%  +$0.11 so far  ~$3.19/month  vs Savings $1.74  paper
  DELTA     $500.28 (+0.06%)  9 held  fees $0.20  funding $+0.01  paper, same plan
  XVENUE    $499.35 (-0.13%)  10 pairs  funding $+0.00  fees $0.74  paper, Delta vs Binance
  TOTAL     planned $749.61 of $750.00 ($-0.39)  all 6 accounts $2,248.62 of $2,249.83 ($-1.21)
            paper
  BOOK      9 pos gross $307.59 (0.61x)  open $+0.05  funding $-0.05  vol 27% top 20
            rebal 2026-10-03
  CONTEXT   since 01 Oct $-0.24 (-0.05%) in 2.2d  normal -1.8% to +2.6%  bottom 46%: normal
  RULE      C2 N2+N3 + range vol (GK)  forward test (paper)
  TOURNEY   2d from 2026-10-01  base -0.60%  N2 -0.66%  N3 -0.37%  N2+N3 -0.37%  +K4 -0.42%
            +GK* -0.30%  +K4+GK -0.38%  +GK+DD new  +GK+XA new
  DATA      on time  prices 3s  funding booked  book today  shadow 08:00  carry today
            spot pot today
  SESSION   $+0.30 +0.06%  peak $499.78
  CURVE     =+++++
  MONTH     book guard $0.24 of $100.00 used  on marked equity  from $500.00  dial 20%
            ..........................
  RECORD    book closed 3  2W 1L  net $-0.09  fees and funding in
  FEES      no fills yet this run (the book trades at 00:05 UTC)
  ------------------------------------------------------------------------------------------------



  14:18  up 0h48m  daily book --------------------------------------------------------------------
  EQUITY    $499.75  unreal $+0.04
  OPEN      no intraday positions  book holds 9 (BOOK row)  free $437.05 after open P&L
  SHADOW    intraday M1 $505.08 (+1.07%)  M1g $501.73 (+0.40%)  2d paper only
  CARRY     $499.11 (-0.15%)  8 held  paper only
  SPOT      $249.73 (-0.11%)  1 held  4% invested  cash earns 6.68%  paper pot
  SAVINGS   idle $312.11 (62%)  at 6.68% +$0.13 so far  ~$1.74/month  paper
  BFUSD     wallet $499.75 at 7.66%  +$0.11 so far  ~$3.19/month  vs Savings $1.74  paper
  DELTA     $500.21 (+0.04%)  9 held  fees $0.20  funding $+0.01  paper, same plan
  XVENUE    $499.35 (-0.13%)  10 pairs  funding $+0.00  fees $0.74  paper, Delta vs Binance
  TOTAL     planned $749.61 of $750.00 ($-0.39)  all 6 accounts $2,247.97 of $2,249.83 ($-1.86)
            paper
  BOOK      9 pos gross $307.54 (0.61x)  open $+0.04  funding $-0.05  vol 27% top 20
            rebal 2026-10-03
  CONTEXT   since 01 Oct $-0.25 (-0.05%) in 2.2d  normal -1.8% to +2.6%  bottom 46%: normal
  RULE      C2 N2+N3 + range vol (GK)  forward test (paper)
  TOURNEY   2d from 2026-10-01  base -0.60%  N2 -0.66%  N3 -0.37%  N2+N3 -0.37%  +K4 -0.42%
            +GK* -0.30%  +K4+GK -0.38%  +GK+DD new  +GK+XA new
  DATA      on time  prices 38s  funding booked  book today  shadow 08:00  carry today
            spot pot today
  SESSION   $+0.29 +0.06%  peak $499.78  dd 0.01%
  CURVE     =++++++
  MONTH     book guard $0.25 of $100.00 used  on marked equity  from $500.00  dial 20%
            ..........................
  RECORD    book closed 3  2W 1L  net $-0.09  fees and funding in
  FEES      no fills yet this run (the book trades at 00:05 UTC)
  ------------------------------------------------------------------------------------------------



  14:26  up 0h56m  daily book --------------------------------------------------------------------
  EQUITY    $499.69  unreal $-0.02
  OPEN      no intraday positions  book holds 9 (BOOK row)  free $436.99 after open P&L
  SHADOW    intraday M1 $505.08 (+1.07%)  M1g $501.73 (+0.40%)  2d paper only
  CARRY     $499.11 (-0.15%)  8 held  paper only
  SPOT      $249.73 (-0.11%)  1 held  4% invested  cash earns 6.68%  paper pot
  SAVINGS   idle $312.07 (62%)  at 6.68% +$0.13 so far  ~$1.74/month  paper
  BFUSD     wallet $499.69 at 7.66%  +$0.11 so far  ~$3.19/month  vs Savings $1.74  paper
  DELTA     $500.11 (+0.02%)  9 held  fees $0.20  funding $+0.01  paper, same plan
  XVENUE    $499.35 (-0.13%)  10 pairs  funding $+0.00  fees $0.74  paper, Delta vs Binance
  TOTAL     planned $749.55 of $750.00 ($-0.45)  all 6 accounts $2,248.29 of $2,249.83 ($-1.54)
            paper
  BOOK      9 pos gross $307.68 (0.62x)  open $-0.02  funding $-0.05  vol 27% top 20
            rebal 2026-10-03
  CONTEXT   since 01 Oct $-0.31 (-0.06%) in 2.2d  normal -1.8% to +2.6%  bottom 46%: normal
  RULE      C2 N2+N3 + range vol (GK)  forward test (paper)
  TOURNEY   2d from 2026-10-01  base -0.60%  N2 -0.66%  N3 -0.37%  N2+N3 -0.37%  +K4 -0.42%
            +GK* -0.30%  +K4+GK -0.38%  +GK+DD new  +GK+XA new
  DATA      on time  prices 31s  funding booked  book today  shadow 08:00  carry today
            spot pot today
  SESSION   $+0.23 +0.05%  peak $499.78  dd 0.02%
  CURVE     =+++++++
  MONTH     book guard $0.31 of $100.00 used  on marked equity  from $500.00  dial 20%
            ..........................
  RECORD    book closed 3  2W 1L  net $-0.09  fees and funding in
  FEES      no fills yet this run (the book trades at 00:05 UTC)
  ------------------------------------------------------------------------------------------------



  14:34  up 1h04m  daily book --------------------------------------------------------------------
  EQUITY    $499.77  unreal $+0.06
  OPEN      no intraday positions  book holds 9 (BOOK row)  free $437.07 after open P&L
  SHADOW    intraday M1 $506.44 (+1.34%)  M1g $503.07 (+0.67%)  2d paper only
  CARRY     $499.11 (-0.15%)  8 held  paper only
  SPOT      $249.73 (-0.11%)  1 held  4% invested  cash earns 6.68%  paper pot
  SAVINGS   idle $312.13 (62%)  at 6.68% +$0.13 so far  ~$1.74/month  paper
  BFUSD     wallet $499.77 at 7.66%  +$0.11 so far  ~$3.19/month  vs Savings $1.74  paper
  DELTA     $500.14 (+0.03%)  9 held  fees $0.20  funding $+0.01  paper, same plan
  XVENUE    $499.35 (-0.13%)  10 pairs  funding $+0.00  fees $0.74  paper, Delta vs Binance
  TOTAL     planned $749.63 of $750.00 ($-0.37)  all 6 accounts $2,249.37 of $2,249.83 ($-0.46)
            paper
  BOOK      9 pos gross $307.72 (0.62x)  open $+0.06  funding $-0.05  vol 27% top 20
            rebal 2026-10-03
  CONTEXT   since 01 Oct $-0.23 (-0.05%) in 2.2d  normal -1.8% to +2.6%  bottom 46%: normal
  RULE      C2 N2+N3 + range vol (GK)  forward test (paper)
  TOURNEY   2d from 2026-10-01  base -0.60%  N2 -0.66%  N3 -0.37%  N2+N3 -0.37%  +K4 -0.42%
            +GK* -0.30%  +K4+GK -0.38%  +GK+DD new  +GK+XA new
  DATA      on time  prices 23s  funding booked  book today  shadow 09:00  carry today
            spot pot today
  SESSION   $+0.31 +0.06%  peak $499.78
  CURVE     =++++++++
  MONTH     book guard $0.23 of $100.00 used  on marked equity  from $500.00  dial 20%
            ..........................
  RECORD    book closed 3  2W 1L  net $-0.09  fees and funding in
  FEES      no fills yet this run (the book trades at 00:05 UTC)
  ------------------------------------------------------------------------------------------------



  14:42  up 1h12m  daily book --------------------------------------------------------------------
  EQUITY    $499.83  unreal $+0.12
  OPEN      no intraday positions  book holds 9 (BOOK row)  free $437.13 after open P&L
  SHADOW    intraday M1 $506.44 (+1.34%)  M1g $503.07 (+0.67%)  2d paper only
  CARRY     $499.11 (-0.15%)  8 held  paper only
  SPOT      $249.74 (-0.11%)  1 held  4% invested  cash earns 6.68%  paper pot
  SAVINGS   idle $312.17 (62%)  at 6.68% +$0.13 so far  ~$1.74/month  paper
  BFUSD     wallet $499.83 at 7.66%  +$0.12 so far  ~$3.19/month  vs Savings $1.74  paper
  DELTA     $500.25 (+0.05%)  9 held  fees $0.20  funding $+0.01  paper, same plan
  XVENUE    $499.35 (-0.13%)  10 pairs  funding $+0.00  fees $0.74  paper, Delta vs Binance
  TOTAL     planned $749.70 of $750.00 ($-0.30)  all 6 accounts $2,248.65 of $2,249.83 ($-1.18)
            paper
  BOOK      9 pos gross $308.10 (0.62x)  open $+0.12  funding $-0.05  vol 27% top 20
            rebal 2026-10-03
  CONTEXT   since 01 Oct $-0.17 (-0.03%) in 2.2d  normal -1.8% to +2.6%  bottom 46%: normal
  RULE      C2 N2+N3 + range vol (GK)  forward test (paper)
  TOURNEY   2d from 2026-10-01  base -0.60%  N2 -0.66%  N3 -0.37%  N2+N3 -0.37%  +K4 -0.42%
            +GK* -0.30%  +K4+GK -0.38%  +GK+DD new  +GK+XA new
  DATA      on time  prices 18s  funding booked  book today  shadow 09:00  carry today
            spot pot today
  SESSION   $+0.37 +0.07%
  CURVE     =++=++++++
  MONTH     book guard $0.17 of $100.00 used  on marked equity  from $500.00  dial 20%
            ..........................
  RECORD    book closed 3  2W 1L  net $-0.09  fees and funding in
  FEES      no fills yet this run (the book trades at 00:05 UTC)
  ------------------------------------------------------------------------------------------------



  14:50  up 1h20m  daily book --------------------------------------------------------------------
  EQUITY    $499.91  unreal $+0.20
  OPEN      no intraday positions  book holds 9 (BOOK row)  free $437.21 after open P&L
  SHADOW    intraday M1 $506.44 (+1.34%)  M1g $503.07 (+0.67%)  2d paper only
  CARRY     $499.11 (-0.15%)  8 held  paper only
  SPOT      $249.73 (-0.11%)  1 held  4% invested  cash earns 6.68%  paper pot
  SAVINGS   idle $312.23 (62%)  at 6.68% +$0.13 so far  ~$1.74/month  paper
  BFUSD     wallet $499.91 at 7.66%  +$0.12 so far  ~$3.19/month  vs Savings $1.74  paper
  DELTA     $500.21 (+0.04%)  9 held  fees $0.20  funding $+0.01  paper, same plan
  XVENUE    $499.35 (-0.13%)  10 pairs  funding $+0.00  fees $0.74  paper, Delta vs Binance
  TOTAL     planned $749.77 of $750.00 ($-0.23)  all 6 accounts $2,250.03 of $2,249.83 ($+0.20)
            paper
  BOOK      9 pos gross $307.95 (0.62x)  open $+0.20  funding $-0.05  vol 27% top 20
            rebal 2026-10-03
  CONTEXT   since 01 Oct $-0.09 (-0.02%) in 2.2d  normal -1.8% to +2.6%  bottom 47%: normal
  RULE      C2 N2+N3 + range vol (GK)  forward test (paper)
  TOURNEY   2d from 2026-10-01  base -0.60%  N2 -0.66%  N3 -0.37%  N2+N3 -0.37%  +K4 -0.42%
            +GK* -0.30%  +K4+GK -0.38%  +GK+DD new  +GK+XA new
  DATA      on time  prices 10s  funding booked  book today  shadow 09:00  carry today
            spot pot today
  SESSION   $+0.45 +0.09%
  CURVE     =++=+++++++
  MONTH     book guard $0.09 of $100.00 used  on marked equity  from $500.00  dial 20%
            ..........................
  RECORD    book closed 3  2W 1L  net $-0.09  fees and funding in
  FEES      no fills yet this run (the book trades at 00:05 UTC)
  ------------------------------------------------------------------------------------------------



  14:58  up 1h28m  daily book --------------------------------------------------------------------
  EQUITY    $500.11  unreal $+0.40
  OPEN      no intraday positions  book holds 9 (BOOK row)  free $437.41 after open P&L
  SHADOW    intraday M1 $506.44 (+1.34%)  M1g $503.07 (+0.67%)  2d paper only
  CARRY     $499.11 (-0.15%)  8 held  paper only
  SPOT      $249.73 (-0.11%)  1 held  4% invested  cash earns 6.68%  paper pot
  SAVINGS   idle $312.38 (62%)  at 6.68% +$0.13 so far  ~$1.74/month  paper
  BFUSD     wallet $500.11 at 7.66%  +$0.12 so far  ~$3.19/month  vs Savings $1.74  paper
  DELTA     $500.47 (+0.09%)  9 held  fees $0.20  funding $+0.01  paper, same plan
  XVENUE    $499.35 (-0.13%)  10 pairs  funding $+0.00  fees $0.74  paper, Delta vs Binance
  TOTAL     planned $749.97 of $750.00 ($-0.03)  all 6 accounts $2,249.25 of $2,249.83 ($-0.58)
            paper
  BOOK      9 pos gross $307.94 (0.62x)  open $+0.40  funding $-0.05  vol 27% top 20
            rebal 2026-10-03
  CONTEXT   since 01 Oct $+0.11 (+0.02%) in 2.2d  normal -1.8% to +2.6%  bottom 48%: normal
  RULE      C2 N2+N3 + range vol (GK)  forward test (paper)
  TOURNEY   2d from 2026-10-01  base -0.60%  N2 -0.66%  N3 -0.37%  N2+N3 -0.37%  +K4 -0.42%
            +GK* -0.30%  +K4+GK -0.38%  +GK+DD new  +GK+XA new
  DATA      on time  prices 4s  funding booked  book today  shadow 09:00  carry today
            spot pot today
  SESSION   $+0.65 +0.13%
  CURVE     =========+++
  MONTH     book guard $0.00 of $100.00 used  on marked equity  from $500.00  dial 20%
            ..........................
  RECORD    book closed 3  2W 1L  net $-0.09  fees and funding in
  FEES      no fills yet this run (the book trades at 00:05 UTC)
  ------------------------------------------------------------------------------------------------



  15:06  up 1h36m  daily book --------------------------------------------------------------------
  EQUITY    $500.12  unreal $+0.41
  OPEN      no intraday positions  book holds 9 (BOOK row)  free $437.42 after open P&L
  SHADOW    intraday M1 $506.44 (+1.34%)  M1g $503.07 (+0.67%)  2d paper only
  CARRY     $499.11 (-0.15%)  8 held  paper only
  SPOT      $249.73 (-0.11%)  1 held  4% invested  cash earns 6.68%  paper pot
  SAVINGS   idle $312.38 (62%)  at 6.68% +$0.13 so far  ~$1.74/month  paper
  BFUSD     wallet $500.10 at 7.66%  +$0.12 so far  ~$3.19/month  vs Savings $1.74  paper
  DELTA     $500.61 (+0.12%)  9 held  fees $0.20  funding $+0.01  paper, same plan
  XVENUE    $499.35 (-0.13%)  10 pairs  funding $+0.00  fees $0.74  paper, Delta vs Binance
  TOTAL     planned $749.98 of $750.00 ($-0.02)  all 6 accounts $2,249.77 of $2,249.83 ($-0.06)
            paper
  BOOK      9 pos gross $308.10 (0.62x)  open $+0.41  funding $-0.05  vol 27% top 20
            rebal 2026-10-03
  CONTEXT   since 01 Oct $+0.12 (+0.02%) in 2.2d  normal -1.8% to +2.6%  bottom 48%: normal
  RULE      C2 N2+N3 + range vol (GK)  forward test (paper)
  TOURNEY   2d from 2026-10-01  base -0.60%  N2 -0.66%  N3 -0.37%  N2+N3 -0.37%  +K4 -0.42%
            +GK* -0.30%  +K4+GK -0.38%  +GK+DD new  +GK+XA new
  DATA      on time  prices 37s  funding booked  book today  shadow 09:00  carry today
            spot pot today
  SESSION   $+0.66 +0.13%
  CURVE     =========++++
  MONTH     book guard $0.00 of $100.00 used  on marked equity  from $500.00  dial 20%
            ..........................
  RECORD    book closed 3  2W 1L  net $-0.09  fees and funding in
  FEES      no fills yet this run (the book trades at 00:05 UTC)
  ------------------------------------------------------------------------------------------------



  15:14  up 1h44m  daily book --------------------------------------------------------------------
  EQUITY    $500.13  unreal $+0.42
  OPEN      no intraday positions  book holds 9 (BOOK row)  free $437.43 after open P&L
  SHADOW    intraday M1 $506.44 (+1.34%)  M1g $503.07 (+0.67%)  2d paper only
  CARRY     $499.11 (-0.15%)  8 held  paper only
  SPOT      $249.73 (-0.11%)  1 held  4% invested  cash earns 6.68%  paper pot
  SAVINGS   idle $312.42 (62%)  at 6.68% +$0.13 so far  ~$1.74/month  paper
  BFUSD     wallet $500.16 at 7.66%  +$0.12 so far  ~$3.19/month  vs Savings $1.74  paper
  DELTA     $500.55 (+0.11%)  9 held  fees $0.20  funding $+0.01  paper, same plan
  XVENUE    $499.35 (-0.13%)  10 pairs  funding $+0.00  fees $0.74  paper, Delta vs Binance
  TOTAL     planned $749.99 of $750.00 ($-0.01)  all 6 accounts $2,249.42 of $2,249.83 ($-0.41)
            paper
  BOOK      9 pos gross $308.30 (0.62x)  open $+0.42  funding $-0.05  vol 27% top 20
            rebal 2026-10-03
  CONTEXT   since 01 Oct $+0.13 (+0.03%) in 2.2d  normal -1.8% to +2.6%  bottom 48%: normal
  RULE      C2 N2+N3 + range vol (GK)  forward test (paper)
  TOURNEY   2d from 2026-10-01  base -0.60%  N2 -0.66%  N3 -0.37%  N2+N3 -0.37%  +K4 -0.42%
            +GK* -0.30%  +K4+GK -0.38%  +GK+DD new  +GK+XA new
  DATA      on time  prices 30s  funding booked  book today  shadow 09:00  carry today
            spot pot today
  SESSION   $+0.67 +0.13%
  CURVE     =========+++++
  MONTH     book guard $0.00 of $100.00 used  on marked equity  from $500.00  dial 20%
            ..........................
  RECORD    book closed 3  2W 1L  net $-0.09  fees and funding in
  FEES      no fills yet this run (the book trades at 00:05 UTC)
  ------------------------------------------------------------------------------------------------

