16:56:22 | 📊 Paper Mode
16:56:22 | ✅ Connected | 741 futures markets (Binance USDⓈ-M)
16:56:22 | 📊 Binance Fees: Maker 0.02% | Taker 0.05%
16:56:22 | 📊 Market type: PERPETUAL FUTURES (swap) — verified
16:56:22 | 📋 Limit Orders: ENABLED (offset 0.1%) -- the idle intraday scanner's; the book trades with market orders
16:56:22 | 📂 Loaded state: $502.37 realised | 0 intraday positions | available $438.43 before open P&L (locked $63.94)
16:56:22 | 📐 RISK @ $502.37: monthly dial 20% = $100.00/month (20% of this month's anchor $500.00)  |  the portfolio book trades: its month guard closes the book if MARKED equity falls that far below the month's anchor [C497]
 
  ================================================================================================
  OMEGA C541  PAPER  Binance perps
  08 Oct 2026   16:56
  start $502.37 realised  risk dial 20%/month
  ================================================================================================
 
  RISK FRAME -------------------------------------------------------------------------------------
  EQUITY    $502.37 realised  741 markets
  MONTH     dial 20% = $100.00 this month
            used $0.00 realised (the guard counts MARKED equity once prices load)
  BOOK      daily trend + momentum + carry, rebalanced 00:05 UTC
            month guard on MARKED equity (open P&L counts)  intraday scanner idle
  ------------------------------------------------------------------------------------------------
 
16:56:22 |    (legacy Flask page not installed — the dashboard is the control panel)
16:56:22 | 🌐 Remote control on http://0.0.0.0:8138 — TOKEN REQUIRED
16:56:22 |    📱 Local network: http://10.0.0.160:8138/?t=<your token> (this machine's own address)
16:56:22 |    🌍 Internet: put a Cloudflare Tunnel in front of this port.
16:56:22 |        See deploy/DEPLOY.md — one command, no open ports, free.
16:56:22 | ============================================================
16:56:22 | 🤖 OMEGA V60 — INFORMATION ENGINE (C466)
16:56:22 | 📊 C532 YOUR PLAN (paper until you go live): Delta vs Pi42 funding gap (both in rupees) $1000 = $1000 of your $1000
16:56:22 | 📊 C503 WHAT IS RUNNING -- the portfolio book trades the Binance paper account (an experiment, not your plan):
16:56:22 |    RULE   C2 N2+N3 + range vol (GK): C2 = residual momentum, no crowded shorts (N2+N3) -- a FORWARD TEST in paper (C510); the admitted rule is scored beside it in the rule tournament
16:56:22 |    BOOK   trend (C1) + momentum (C2) + carry (C3), equal risk; vol target 27% from the 20% dial; gross <= 3x equity; top 20 crypto; $6 minimum; 30% band
16:56:22 |           rebalanced daily 00:05 UTC with market orders (paper fills at the ask/bid, taker 0.05%); 5x cross margin; funding at each coin's own interval; its one limit is the month guard on MARKED equity
16:56:22 |    PAPER  never touches the account: intraday shadow (C489) hourly · carry (C490) 00:10 UTC · spot pot (C501/C502) $250, spot minimum $5, 00:20 UTC · idle cash -> Savings at Binance's own rate (read every 6 h; 6.69% until the first read) every minute · rule tournament (C510, 9 rules on the same prices) at each rebalance · BFUSD wallet at 7.66% (C521) · the same book on Delta Exchange India, $500 (C521), an experiment · Delta vs Pi42 funding spread, both legs, $1000 (C532: both in rupees; Pi42's rates read from Binance, its source)
16:56:22 |    IDLE   the intraday scanner, the OLD strategy (139 trades, 44W/95L before the 29 Sep 2026 fresh start; it lost after fees): it opens nothing, and its boot description is not printed (OMEGA_ENGINE=intraday runs and describes it)
16:56:22 | 💡 Stop safely: sudo systemctl stop omega (Ctrl+C only when run by hand)
16:56:22 | ============================================================
16:56:22 | 🔄 Monitoring thread started — SPLIT LOOP [C397]: FAST leg every 0.8s (prices in PARALLEL → hard stop, trailing floor, peak floor, capture floor); SLOW leg every 20s (OHLCV/DRI) and 90s (BTC/ETH regime, AFTER positions are checked, never before) -- it watches INTRADAY positions; the book has no stops, its one limit is the month guard
16:56:24 |    🇮🇳 C534 Pi42's coin list loaded: 182 rupee perps (api.pi42.com); held pairs Pi42 does not list, closed at the next daily run: none
16:56:24 |    🏦 C527 Binance Flexible Savings USDT: 6.56% = 2.56% market + 4.00% on the first 1,000 USDT (read every 6 h)
16:56:27 |    🧪 C538 test "CoinDCX instead of Pi42" (paper, not your plan): starts as a copy of your daily ledger as of its 2026-10-08 run ($1000.35, 10 pairs); from now on it uses CoinDCX instead of Pi42 as the second account: its coins and its lower fee. The two are compared every day after the 06:00 IST run.
16:56:28 |    🔍 C540 real account (read-only) Delta India: no balance, 0 position(s), rent last 24 h +0.0000, 0 fill(s) | the paper ledger holds 10 pairs; nothing is traded live
16:56:28 | ⚠️ C540 real account Pi42 (read-only) not read: Pi42's firewall answered instead of its API (HTTP 403): this network may be blocked -- check from the server: curl -sI https://fapi.pi42.com
16:56:28 | 💼 C488: portfolio engine ON -- the intraday scanner opens no new positions (OMEGA_ENGINE=intraday restores it); the book holds 12 positions
 
  17:04  up 0h08m  daily book --------------------------------------------------------------------
  PLAN      $1,001.58 of $1,000.00 ($+1.58)  after tax on net profit $1,001.09
            Delta vs Pi42 funding gap $1,001.58  paper
  BELOW     experiments, not your money
  EQUITY    $502.81  unreal $+0.44
  OPEN      no intraday positions  book holds 12 (BOOK row)  free $438.87 after open P&L
  SHADOW    intraday M1 $495.61 (-0.82%)  M1g $512.69 (+2.60%)  7d paper only
  CARRY     $499.07 (-0.15%)  7 held  paper only
  SPOT      $248.72 (-0.51%)  2 held  7% invested  cash earns 6.56%  paper pot
  SAVINGS   idle $313.21 (62%)  at 6.56% +$0.42 so far  ~$1.71/month  paper
  BFUSD     wallet $502.86 at 7.66%  +$0.65 so far  ~$3.21/month  vs Savings $1.71  paper
  DELTA     $502.13 (+0.43%)  10 held  fees $0.40  funding $+0.14
            paper experiment: the book on Delta
  XVENUE    $1,000.35 (+0.04%)  10 pairs  funding $+7.48  fees $4.87  paper, Delta vs Pi42
  TESTS     every 8 h: ahead $0.01, 2 days  3-day avg: level $0.00, 2 days
            CoinDCX: scored from 06:00 IST  paper, vs your daily rule
  BOOK      12 pos gross $299.61 (0.60x)  open $+0.45  funding $-0.03  vol 27% top 20
            rebal 2026-10-08
  CONTEXT   since 01 Oct $+2.81 (+0.56%) in 7.3d  normal -2.9% to +6.3%  top 47%: normal
  RULE      C2 N2+N3 + range vol (GK)  forward test (paper)
  TOURNEY   7d from 2026-10-01  base -0.19%  N2 -0.50%  N3 -0.31%  N2+N3 -0.52%  +K4 -0.98%
            +GK* -0.32%  +K4+GK -0.64%  +GK+DD -0.06%  +GK+XA +0.33%
  DATA      on time  prices 33s  funding booked  book today  shadow 11:00  carry today
            spot pot today
  SESSION   $-0.09 -0.02%  peak $502.90  dd 0.02%
  MONTH     book guard $0.00 of $100.00 used  on marked equity  from $500.00  dial 20%
            ..........................
  RECORD    book closed 9  5W 4L  net $+1.58  fees and funding in
  FEES      no fills yet this run (the book trades at 00:05 UTC)
  ------------------------------------------------------------------------------------------------
 
17:04:22 | 
17:04:22 | ============================================================
17:04:22 | 📊 POSITION SUMMARY (8-MIN UPDATE)
17:04:22 | 💰 Equity: $502.81 marked (the Binance book, an experiment) = cash $502.37 + open $+0.44
17:04:22 | 💵 Available: $438.87 after open P&L | Locked: $63.94
17:04:22 | 📈 Session: $-0.09 (-0.0%)
17:04:22 | 🎯 C510 Book (what trades): 12 positions, gross 0.60x, open $+0.45 | rule C2 N2+N3 + range vol (GK) | closed 9: 5W/4L $+1.58 | since 01 Oct +0.56% (normal)
17:04:22 | ============================================================
17:04:22 | ============================================================
17:04:22 | 🔵 Book guard: $0.00 of $100.00 used this month on marked equity (0%, from $500.00) · realised today +0.20% [C497]
17:04:22 | ============================================================
17:04:22 | 
 
  17:12  up 0h16m  daily book --------------------------------------------------------------------
  PLAN      $1,000.78 of $1,000.00 ($+0.78)  after tax on net profit $1,000.54
            Delta vs Pi42 funding gap $1,000.78  paper
  BELOW     experiments, not your money
  EQUITY    $502.70  unreal $+0.33
  OPEN      no intraday positions  book holds 12 (BOOK row)  free $438.76 after open P&L
  SHADOW    intraday M1 $495.61 (-0.82%)  M1g $512.69 (+2.60%)  7d paper only
  CARRY     $499.07 (-0.15%)  7 held  paper only
  SPOT      $248.74 (-0.50%)  2 held  7% invested  cash earns 6.56%  paper pot
  SAVINGS   idle $313.02 (62%)  at 6.56% +$0.42 so far  ~$1.71/month  paper
  BFUSD     wallet $502.61 at 7.66%  +$0.65 so far  ~$3.21/month  vs Savings $1.71  paper
  DELTA     $502.23 (+0.45%)  10 held  fees $0.40  funding $+0.14
            paper experiment: the book on Delta
  XVENUE    $1,000.35 (+0.04%)  10 pairs  funding $+7.48  fees $4.87  paper, Delta vs Pi42
  TESTS     every 8 h: ahead $0.01, 2 days  3-day avg: level $0.00, 2 days
            CoinDCX: scored from 06:00 IST  paper, vs your daily rule
  BOOK      12 pos gross $300.18 (0.60x)  open $+0.33  funding $-0.03  vol 27% top 20
            rebal 2026-10-08
  CONTEXT   since 01 Oct $+2.70 (+0.54%) in 7.3d  normal -2.9% to +6.3%  top 48%: normal
  RULE      C2 N2+N3 + range vol (GK)  forward test (paper)
  TOURNEY   7d from 2026-10-01  base -0.19%  N2 -0.50%  N3 -0.31%  N2+N3 -0.52%  +K4 -0.98%
            +GK* -0.32%  +K4+GK -0.64%  +GK+DD -0.06%  +GK+XA +0.33%
  DATA      on time  prices 27s  funding booked  book today  shadow 11:00  carry today
            spot pot today
  SESSION   $-0.20 -0.04%  peak $502.90  dd 0.04%
  MONTH     book guard $0.00 of $100.00 used  on marked equity  from $500.00  dial 20%
            ..........................
  RECORD    book closed 9  5W 4L  net $+1.58  fees and funding in
  FEES      no fills yet this run (the book trades at 00:05 UTC)
  ------------------------------------------------------------------------------------------------
 
17:12:23 | 
17:12:23 | ============================================================
17:12:23 | 📊 POSITION SUMMARY (8-MIN UPDATE)
17:12:23 | 💰 Equity: $502.70 marked (the Binance book, an experiment) = cash $502.37 + open $+0.33
17:12:23 | 💵 Available: $438.76 after open P&L | Locked: $63.94
17:12:23 | 📈 Session: $-0.20 (-0.0%)
17:12:23 | 🎯 C510 Book (what trades): 12 positions, gross 0.60x, open $+0.33 | rule C2 N2+N3 + range vol (GK) | closed 9: 5W/4L $+1.58 | since 01 Oct +0.54% (normal)
17:12:23 | ============================================================
17:12:23 | ============================================================
17:12:23 | 🔵 Book guard: $0.00 of $100.00 used this month on marked equity (0%, from $500.00) · realised today +0.20% [C497]
17:12:23 | ============================================================
17:12:23 | 
 
  17:20  up 0h24m  daily book --------------------------------------------------------------------
  PLAN      $1,000.67 of $1,000.00 ($+0.67)  after tax on net profit $1,000.46
            Delta vs Pi42 funding gap $1,000.67  paper
  BELOW     experiments, not your money
  EQUITY    $502.55  unreal $+0.18
  OPEN      no intraday positions  book holds 12 (BOOK row)  free $438.61 after open P&L
  SHADOW    intraday M1 $495.61 (-0.82%)  M1g $512.69 (+2.60%)  7d paper only
  CARRY     $499.07 (-0.15%)  7 held  paper only
  SPOT      $248.71 (-0.52%)  2 held  7% invested  cash earns 6.56%  paper pot
  SAVINGS   idle $312.91 (62%)  at 6.56% +$0.42 so far  ~$1.71/month  paper
  BFUSD     wallet $502.47 at 7.66%  +$0.65 so far  ~$3.21/month  vs Savings $1.71  paper
  DELTA     $502.05 (+0.41%)  10 held  fees $0.40  funding $+0.14
            paper experiment: the book on Delta
  XVENUE    $1,000.35 (+0.04%)  10 pairs  funding $+7.48  fees $4.87  paper, Delta vs Pi42
  TESTS     every 8 h: ahead $0.01, 2 days  3-day avg: level $0.00, 2 days
            CoinDCX: scored from 06:00 IST  paper, vs your daily rule
  BOOK      12 pos gross $299.53 (0.60x)  open $+0.18  funding $-0.03  vol 27% top 20
            rebal 2026-10-08
  CONTEXT   since 01 Oct $+2.55 (+0.51%) in 7.3d  normal -2.9% to +6.3%  top 48%: normal
  RULE      C2 N2+N3 + range vol (GK)  forward test (paper)
  TOURNEY   7d from 2026-10-01  base -0.19%  N2 -0.50%  N3 -0.31%  N2+N3 -0.52%  +K4 -0.98%
            +GK* -0.32%  +K4+GK -0.64%  +GK+DD -0.06%  +GK+XA +0.33%
  DATA      on time  prices 20s  funding booked  book today  shadow 11:00  carry today
            spot pot today
  SESSION   $-0.35 -0.07%  peak $502.90  dd 0.07%
  MONTH     book guard $0.00 of $100.00 used  on marked equity  from $500.00  dial 20%
            ..........................
  RECORD    book closed 9  5W 4L  net $+1.58  fees and funding in
  FEES      no fills yet this run (the book trades at 00:05 UTC)
  ------------------------------------------------------------------------------------------------
 
17:20:24 | 
17:20:24 | ============================================================
17:20:24 | 📊 POSITION SUMMARY (8-MIN UPDATE)
17:20:24 | 💰 Equity: $502.55 marked (the Binance book, an experiment) = cash $502.37 + open $+0.18
17:20:24 | 💵 Available: $438.61 after open P&L | Locked: $63.94
17:20:24 | 📈 Session: $-0.35 (-0.1%)
17:20:24 | 🎯 C510 Book (what trades): 12 positions, gross 0.60x, open $+0.18 | rule C2 N2+N3 + range vol (GK) | closed 9: 5W/4L $+1.58 | since 01 Oct +0.51% (normal)
17:20:24 | ============================================================
17:20:24 | ============================================================
17:20:24 | 🔵 Book guard: $0.00 of $100.00 used this month on marked equity (0%, from $500.00) · realised today +0.20% [C497]
17:20:24 | ============================================================
17:20:24 | 
 
  17:28  up 0h32m  daily book --------------------------------------------------------------------
  PLAN      $1,000.72 of $1,000.00 ($+0.72)  after tax on net profit $1,000.50
            Delta vs Pi42 funding gap $1,000.72  paper
  BELOW     experiments, not your money
  EQUITY    $502.31  unreal $-0.06
  OPEN      no intraday positions  book holds 12 (BOOK row)  free $438.37 after open P&L
  SHADOW    intraday M1 $495.61 (-0.82%)  M1g $512.69 (+2.60%)  7d paper only
  CARRY     $499.07 (-0.15%)  7 held  paper only
  SPOT      $248.70 (-0.52%)  2 held  7% invested  cash earns 6.56%  paper pot
  SAVINGS   idle $312.85 (62%)  at 6.56% +$0.42 so far  ~$1.71/month  paper
  BFUSD     wallet $502.38 at 7.66%  +$0.65 so far  ~$3.21/month  vs Savings $1.71  paper
  DELTA     $501.90 (+0.38%)  10 held  fees $0.40  funding $+0.14
            paper experiment: the book on Delta
  XVENUE    $1,000.35 (+0.04%)  10 pairs  funding $+7.48  fees $4.87  paper, Delta vs Pi42
  TESTS     every 8 h: ahead $0.01, 2 days  3-day avg: level $0.00, 2 days
            CoinDCX: scored from 06:00 IST  paper, vs your daily rule
  BOOK      12 pos gross $299.11 (0.59x)  open $-0.06  funding $-0.03  vol 27% top 20
            rebal 2026-10-08
  CONTEXT   since 01 Oct $+2.31 (+0.46%) in 7.3d  normal -2.9% to +6.3%  top 48%: normal
  RULE      C2 N2+N3 + range vol (GK)  forward test (paper)
  TOURNEY   7d from 2026-10-01  base -0.19%  N2 -0.50%  N3 -0.31%  N2+N3 -0.52%  +K4 -0.98%
            +GK* -0.32%  +K4+GK -0.64%  +GK+DD -0.06%  +GK+XA +0.33%
  DATA      on time  prices 13s  funding booked  book today  shadow 11:00  carry today
            spot pot today
  SESSION   $-0.59 -0.12%  peak $502.90  dd 0.12%
  MONTH     book guard $0.00 of $100.00 used  on marked equity  from $500.00  dial 20%
            ..........................
  RECORD    book closed 9  5W 4L  net $+1.58  fees and funding in
  FEES      no fills yet this run (the book trades at 00:05 UTC)
  ------------------------------------------------------------------------------------------------
 
17:28:24 | 
17:28:24 | ============================================================
17:28:24 | 📊 POSITION SUMMARY (8-MIN UPDATE)
17:28:24 | 💰 Equity: $502.31 marked (the Binance book, an experiment) = cash $502.37 + open $-0.06
17:28:24 | 💵 Available: $438.37 after open P&L | Locked: $63.94
17:28:24 | 📈 Session: $-0.59 (-0.1%)
17:28:24 | 🎯 C510 Book (what trades): 12 positions, gross 0.59x, open $-0.06 | rule C2 N2+N3 + range vol (GK) | closed 9: 5W/4L $+1.58 | since 01 Oct +0.46% (normal)
17:28:24 | ============================================================
17:28:24 | ============================================================
17:28:24 | 🔵 Book guard: $0.00 of $100.00 used this month on marked equity (0%, from $500.00) · realised today +0.20% [C497]
17:28:24 | ============================================================
17:28:24 | 
17:32:40 |    👻 C489 shadow hour 12:00 UTC: 39 coins scored (full (16 features)), gate OPEN | M1 $494.63 (-1.02%) M1g $511.67 (+2.39%) over 7d [15s]
 
  17:36  up 0h40m  daily book --------------------------------------------------------------------
  PLAN      $1,001.08 of $1,000.00 ($+1.08)  after tax on net profit $1,000.74
            Delta vs Pi42 funding gap $1,001.08  paper
  BELOW     experiments, not your money
  EQUITY    $502.01  unreal $-0.36
  OPEN      no intraday positions  book holds 12 (BOOK row)  free $438.07 after open P&L
  SHADOW    intraday M1 $494.63 (-1.02%)  M1g $511.67 (+2.39%)  7d paper only
  CARRY     $499.07 (-0.15%)  7 held  paper only
  SPOT      $248.65 (-0.54%)  2 held  7% invested  cash earns 6.56%  paper pot
  SAVINGS   idle $312.63 (62%)  at 6.56% +$0.42 so far  ~$1.71/month  paper
  BFUSD     wallet $502.09 at 7.66%  +$0.65 so far  ~$3.21/month  vs Savings $1.71  paper
  DELTA     $501.65 (+0.33%)  10 held  fees $0.40  funding $+0.14
            paper experiment: the book on Delta
  XVENUE    $1,000.35 (+0.04%)  10 pairs  funding $+7.48  fees $4.87  paper, Delta vs Pi42
  TESTS     every 8 h: ahead $0.01, 2 days  3-day avg: level $0.00, 2 days
            CoinDCX: scored from 06:00 IST  paper, vs your daily rule
  BOOK      12 pos gross $298.35 (0.59x)  open $-0.36  funding $-0.03  vol 27% top 20
            rebal 2026-10-08
  CONTEXT   since 01 Oct $+2.01 (+0.40%) in 7.3d  normal -2.9% to +6.3%  top 49%: normal
  RULE      C2 N2+N3 + range vol (GK)  forward test (paper)
  TOURNEY   7d from 2026-10-01  base -0.19%  N2 -0.50%  N3 -0.31%  N2+N3 -0.52%  +K4 -0.98%
            +GK* -0.32%  +K4+GK -0.64%  +GK+DD -0.06%  +GK+XA +0.33%
  DATA      on time  prices 1s  funding booked  book today  shadow 12:00  carry today
            spot pot today
  SESSION   $-0.89 -0.18%  peak $502.90  dd 0.18%
  CURVE     ++++==
  MONTH     book guard $0.00 of $100.00 used  on marked equity  from $500.00  dial 20%
            ..........................
  RECORD    book closed 9  5W 4L  net $+1.58  fees and funding in
  FEES      no fills yet this run (the book trades at 00:05 UTC)
  ------------------------------------------------------------------------------------------------
 
17:36:25 | 
17:36:25 | ============================================================
17:36:25 | 📊 POSITION SUMMARY (8-MIN UPDATE)
17:36:25 | 💰 Equity: $502.01 marked (the Binance book, an experiment) = cash $502.37 + open $-0.36
17:36:25 | 💵 Available: $438.07 after open P&L | Locked: $63.94
17:36:25 | 📈 Session: $-0.89 (-0.2%)
17:36:25 | 🎯 C510 Book (what trades): 12 positions, gross 0.59x, open $-0.36 | rule C2 N2+N3 + range vol (GK) | closed 9: 5W/4L $+1.58 | since 01 Oct +0.40% (normal)
17:36:25 | ============================================================
17:36:25 | ============================================================
17:36:25 | 🔵 Book guard: $0.00 of $100.00 used this month on marked equity (0%, from $500.00) · realised today +0.20% [C497]
17:36:25 | ============================================================
17:36:25 | 
17:36:30 |    🔍 C540 real account (read-only) Delta India: no balance, 0 position(s), rent last 24 h +0.0000, 0 fill(s) | the paper ledger holds 10 pairs; nothing is traded live
17:36:30 | ⚠️ C540 real account Pi42 (read-only) not read: Pi42's firewall answered instead of its API (HTTP 403): this network may be blocked -- check from the server: curl -sI https://fapi.pi42.com
 
  17:44  up 0h48m  daily book --------------------------------------------------------------------
  PLAN      $1,001.20 of $1,000.00 ($+1.20)  after tax on net profit $1,000.83
            Delta vs Pi42 funding gap $1,001.20  paper
  BELOW     experiments, not your money
  EQUITY    $502.15  unreal $-0.22
  OPEN      no intraday positions  book holds 12 (BOOK row)  free $438.21 after open P&L
  SHADOW    intraday M1 $494.63 (-1.02%)  M1g $511.67 (+2.39%)  7d paper only
  CARRY     $499.07 (-0.15%)  7 held  paper only
  SPOT      $248.68 (-0.53%)  2 held  7% invested  cash earns 6.56%  paper pot
  SAVINGS   idle $312.66 (62%)  at 6.56% +$0.42 so far  ~$1.71/month  paper
  BFUSD     wallet $502.14 at 7.66%  +$0.66 so far  ~$3.21/month  vs Savings $1.71  paper
  DELTA     $501.47 (+0.29%)  10 held  fees $0.40  funding $+0.14
            paper experiment: the book on Delta
  XVENUE    $1,000.35 (+0.04%)  10 pairs  funding $+7.48  fees $4.87  paper, Delta vs Pi42
  TESTS     every 8 h: ahead $0.01, 2 days  3-day avg: level $0.00, 2 days
            CoinDCX: scored from 06:00 IST  paper, vs your daily rule
  BOOK      12 pos gross $298.29 (0.59x)  open $-0.22  funding $-0.03  vol 27% top 20
            rebal 2026-10-08
  CONTEXT   since 01 Oct $+2.15 (+0.43%) in 7.3d  normal -2.9% to +6.3%  top 49%: normal
  RULE      C2 N2+N3 + range vol (GK)  forward test (paper)
  TOURNEY   7d from 2026-10-01  base -0.19%  N2 -0.50%  N3 -0.31%  N2+N3 -0.52%  +K4 -0.98%
            +GK* -0.32%  +K4+GK -0.64%  +GK+DD -0.06%  +GK+XA +0.33%
  DATA      on time  prices 34s  funding booked  book today  shadow 12:00  carry today
            spot pot today
  SESSION   $-0.75 -0.15%  peak $502.90  dd 0.15%
  CURVE     ++++===
  MONTH     book guard $0.00 of $100.00 used  on marked equity  from $500.00  dial 20%
            ..........................
  RECORD    book closed 9  5W 4L  net $+1.58  fees and funding in
  FEES      no fills yet this run (the book trades at 00:05 UTC)
  ------------------------------------------------------------------------------------------------
 
17:44:25 | 
17:44:25 | ============================================================
17:44:25 | 📊 POSITION SUMMARY (8-MIN UPDATE)
17:44:25 | 💰 Equity: $502.15 marked (the Binance book, an experiment) = cash $502.37 + open $-0.22
17:44:25 | 💵 Available: $438.21 after open P&L | Locked: $63.94
17:44:25 | 📈 Session: $-0.75 (-0.1%)
17:44:25 | 🎯 C510 Book (what trades): 12 positions, gross 0.59x, open $-0.22 | rule C2 N2+N3 + range vol (GK) | closed 9: 5W/4L $+1.58 | since 01 Oct +0.43% (normal)
17:44:25 | ============================================================
17:44:25 | ============================================================
17:44:25 | 🔵 Book guard: $0.00 of $100.00 used this month on marked equity (0%, from $500.00) · realised today +0.20% [C497]
17:44:25 | ============================================================
17:44:25 | 
 
  17:52  up 0h56m  daily book --------------------------------------------------------------------
  PLAN      $1,001.17 of $1,000.00 ($+1.17)  after tax on net profit $1,000.80
            Delta vs Pi42 funding gap $1,001.17  paper
  BELOW     experiments, not your money
  EQUITY    $502.05  unreal $-0.32
  OPEN      no intraday positions  book holds 12 (BOOK row)  free $438.11 after open P&L
  SHADOW    intraday M1 $494.63 (-1.02%)  M1g $511.67 (+2.39%)  7d paper only
  CARRY     $499.07 (-0.15%)  7 held  paper only
  SPOT      $248.68 (-0.53%)  2 held  7% invested  cash earns 6.56%  paper pot
  SAVINGS   idle $312.63 (62%)  at 6.56% +$0.42 so far  ~$1.71/month  paper
  BFUSD     wallet $502.10 at 7.66%  +$0.66 so far  ~$3.21/month  vs Savings $1.71  paper
  DELTA     $501.64 (+0.33%)  10 held  fees $0.40  funding $+0.14
            paper experiment: the book on Delta
  XVENUE    $1,000.35 (+0.04%)  10 pairs  funding $+7.48  fees $4.87  paper, Delta vs Pi42
  TESTS     every 8 h: ahead $0.01, 2 days  3-day avg: level $0.00, 2 days
            CoinDCX: scored from 06:00 IST  paper, vs your daily rule
  BOOK      12 pos gross $298.47 (0.59x)  open $-0.32  funding $-0.03  vol 27% top 20
            rebal 2026-10-08
  CONTEXT   since 01 Oct $+2.05 (+0.41%) in 7.4d  normal -2.9% to +6.3%  top 49%: normal
  RULE      C2 N2+N3 + range vol (GK)  forward test (paper)
  TOURNEY   7d from 2026-10-01  base -0.19%  N2 -0.50%  N3 -0.31%  N2+N3 -0.52%  +K4 -0.98%
            +GK* -0.32%  +K4+GK -0.64%  +GK+DD -0.06%  +GK+XA +0.33%
  DATA      on time  prices 26s  funding booked  book today  shadow 12:00  carry today
            spot pot today
  SESSION   $-0.85 -0.17%  peak $502.90  dd 0.17%
  CURVE     ++++====
  MONTH     book guard $0.00 of $100.00 used  on marked equity  from $500.00  dial 20%
            ..........................
  RECORD    book closed 9  5W 4L  net $+1.58  fees and funding in
  FEES      no fills yet this run (the book trades at 00:05 UTC)
  ------------------------------------------------------------------------------------------------
 
17:52:26 | 
17:52:26 | ============================================================
17:52:26 | 📊 POSITION SUMMARY (8-MIN UPDATE)
17:52:26 | 💰 Equity: $502.05 marked (the Binance book, an experiment) = cash $502.37 + open $-0.32
17:52:26 | 💵 Available: $438.11 after open P&L | Locked: $63.94
17:52:26 | 📈 Session: $-0.85 (-0.2%)
17:52:26 | 🎯 C510 Book (what trades): 12 positions, gross 0.59x, open $-0.32 | rule C2 N2+N3 + range vol (GK) | closed 9: 5W/4L $+1.58 | since 01 Oct +0.41% (normal)
17:52:26 | ============================================================
17:52:26 | ============================================================
17:52:26 | 🔵 Book guard: $0.00 of $100.00 used this month on marked equity (0%, from $500.00) · realised today +0.20% [C497]
17:52:26 | ============================================================
17:52:26 | 
 
  18:00  up 1h04m  daily book --------------------------------------------------------------------
  PLAN      $1,000.81 of $1,000.00 ($+0.81)  after tax on net profit $1,000.56
            Delta vs Pi42 funding gap $1,000.81  paper
  BELOW     experiments, not your money
  EQUITY    $502.10  unreal $-0.27
  OPEN      no intraday positions  book holds 12 (BOOK row)  free $438.16 after open P&L
  SHADOW    intraday M1 $494.63 (-1.02%)  M1g $511.67 (+2.39%)  7d paper only
  CARRY     $499.07 (-0.15%)  7 held  paper only
  SPOT      $248.67 (-0.53%)  2 held  7% invested  cash earns 6.56%  paper pot
  SAVINGS   idle $312.66 (62%)  at 6.56% +$0.42 so far  ~$1.71/month  paper
  BFUSD     wallet $502.13 at 7.66%  +$0.66 so far  ~$3.21/month  vs Savings $1.71  paper
  DELTA     $501.58 (+0.32%)  10 held  fees $0.40  funding $+0.14
            paper experiment: the book on Delta
  XVENUE    $1,000.35 (+0.04%)  10 pairs  funding $+7.48  fees $4.87  paper, Delta vs Pi42
  TESTS     every 8 h: ahead $0.01, 2 days  3-day avg: level $0.00, 2 days
            CoinDCX: scored from 06:00 IST  paper, vs your daily rule
  BOOK      12 pos gross $297.78 (0.59x)  open $-0.27  funding $-0.03  vol 27% top 20
            rebal 2026-10-08
  CONTEXT   since 01 Oct $+2.10 (+0.42%) in 7.4d  normal -2.9% to +6.3%  top 49%: normal
  RULE      C2 N2+N3 + range vol (GK)  forward test (paper)
  TOURNEY   7d from 2026-10-01  base -0.19%  N2 -0.50%  N3 -0.31%  N2+N3 -0.52%  +K4 -0.98%
            +GK* -0.32%  +K4+GK -0.64%  +GK+DD -0.06%  +GK+XA +0.33%
  DATA      on time  prices 18s  funding booked  book today  shadow 12:00  carry today
            spot pot today
  SESSION   $-0.80 -0.16%  peak $502.90  dd 0.16%
  CURVE     ++++=====
  MONTH     book guard $0.00 of $100.00 used  on marked equity  from $500.00  dial 20%
            ..........................
  RECORD    book closed 9  5W 4L  net $+1.58  fees and funding in
  FEES      no fills yet this run (the book trades at 00:05 UTC)
  ------------------------------------------------------------------------------------------------
 
18:00:26 | 
18:00:26 | ============================================================
18:00:26 | 📊 POSITION SUMMARY (8-MIN UPDATE)
18:00:26 | 💰 Equity: $502.10 marked (the Binance book, an experiment) = cash $502.37 + open $-0.27
18:00:26 | 💵 Available: $438.16 after open P&L | Locked: $63.94
18:00:26 | 📈 Session: $-0.80 (-0.2%)
18:00:26 | 🎯 C510 Book (what trades): 12 positions, gross 0.59x, open $-0.27 | rule C2 N2+N3 + range vol (GK) | closed 9: 5W/4L $+1.58 | since 01 Oct +0.42% (normal)
18:00:26 | ============================================================
18:00:26 | ============================================================
18:00:26 | 🔵 Book guard: $0.00 of $100.00 used this month on marked equity (0%, from $500.00) · realised today +0.20% [C497]
18:00:26 | ============================================================
18:00:26 | 
 
  18:08  up 1h12m  daily book --------------------------------------------------------------------
  PLAN      $1,000.85 of $1,000.00 ($+0.85)  after tax on net profit $1,000.58
            Delta vs Pi42 funding gap $1,000.85  paper
  BELOW     experiments, not your money
  EQUITY    $501.94  unreal $-0.43
  OPEN      no intraday positions  book holds 12 (BOOK row)  free $438.00 after open P&L
  SHADOW    intraday M1 $494.63 (-1.02%)  M1g $511.67 (+2.39%)  7d paper only
  CARRY     $499.07 (-0.15%)  7 held  paper only
  SPOT      $248.64 (-0.54%)  2 held  7% invested  cash earns 6.56%  paper pot
  SAVINGS   idle $312.51 (62%)  at 6.56% +$0.42 so far  ~$1.71/month  paper
  BFUSD     wallet $501.93 at 7.66%  +$0.66 so far  ~$3.20/month  vs Savings $1.71  paper
  DELTA     $501.32 (+0.26%)  10 held  fees $0.40  funding $+0.14
            paper experiment: the book on Delta
  XVENUE    $1,000.35 (+0.04%)  10 pairs  funding $+7.48  fees $4.87  paper, Delta vs Pi42
  TESTS     every 8 h: ahead $0.01, 2 days  3-day avg: level $0.00, 2 days
            CoinDCX: scored from 06:00 IST  paper, vs your daily rule
  BOOK      12 pos gross $297.37 (0.59x)  open $-0.43  funding $-0.03  vol 27% top 20
            rebal 2026-10-08
  CONTEXT   since 01 Oct $+1.94 (+0.39%) in 7.4d  normal -2.9% to +6.4%  top 49%: normal
  RULE      C2 N2+N3 + range vol (GK)  forward test (paper)
  TOURNEY   7d from 2026-10-01  base -0.19%  N2 -0.50%  N3 -0.31%  N2+N3 -0.52%  +K4 -0.98%
            +GK* -0.32%  +K4+GK -0.64%  +GK+DD -0.06%  +GK+XA +0.33%
  DATA      on time  prices 11s  funding booked  book today  shadow 12:00  carry today
            spot pot today
  SESSION   $-0.96 -0.19%  peak $502.90  dd 0.19%
  CURVE     ++++======
  MONTH     book guard $0.00 of $100.00 used  on marked equity  from $500.00  dial 20%
            ..........................
  RECORD    book closed 9  5W 4L  net $+1.58  fees and funding in
  FEES      no fills yet this run (the book trades at 00:05 UTC)
  ------------------------------------------------------------------------------------------------
 
18:08:26 | 
18:08:26 | ============================================================
18:08:26 | 📊 POSITION SUMMARY (8-MIN UPDATE)
18:08:26 | 💰 Equity: $501.94 marked (the Binance book, an experiment) = cash $502.37 + open $-0.43
18:08:26 | 💵 Available: $438.00 after open P&L | Locked: $63.94
18:08:26 | 📈 Session: $-0.96 (-0.2%)
18:08:26 | 🎯 C510 Book (what trades): 12 positions, gross 0.59x, open $-0.43 | rule C2 N2+N3 + range vol (GK) | closed 9: 5W/4L $+1.58 | since 01 Oct +0.39% (normal)
18:08:26 | ============================================================
18:08:26 | ============================================================
18:08:26 | 🔵 Book guard: $0.00 of $100.00 used this month on marked equity (0%, from $500.00) · realised today +0.20% [C497]
18:08:26 | ============================================================
18:08:26 | 
 
  18:16  up 1h20m  daily book --------------------------------------------------------------------
  PLAN      $1,001.05 of $1,000.00 ($+1.05)  after tax on net profit $1,000.72
            Delta vs Pi42 funding gap $1,001.05  paper
  BELOW     experiments, not your money
  EQUITY    $501.67  unreal $-0.70
  OPEN      no intraday positions  book holds 12 (BOOK row)  free $437.73 after open P&L
  SHADOW    intraday M1 $494.63 (-1.02%)  M1g $511.67 (+2.39%)  7d paper only
  CARRY     $499.07 (-0.15%)  7 held  paper only
  SPOT      $248.59 (-0.56%)  2 held  7% invested  cash earns 6.56%  paper pot
  SAVINGS   idle $312.31 (62%)  at 6.56% +$0.42 so far  ~$1.71/month  paper
  BFUSD     wallet $501.66 at 7.66%  +$0.66 so far  ~$3.20/month  vs Savings $1.71  paper
  DELTA     $501.12 (+0.22%)  10 held  fees $0.40  funding $+0.14
            paper experiment: the book on Delta
  XVENUE    $1,000.35 (+0.04%)  10 pairs  funding $+7.48  fees $4.87  paper, Delta vs Pi42
  TESTS     every 8 h: ahead $0.01, 2 days  3-day avg: level $0.00, 2 days
            CoinDCX: scored from 06:00 IST  paper, vs your daily rule
  BOOK      12 pos gross $296.92 (0.59x)  open $-0.70  funding $-0.03  vol 27% top 20
            rebal 2026-10-08
  CONTEXT   since 01 Oct $+1.67 (+0.33%) in 7.4d  normal -2.9% to +6.4%  top 50%: normal
  RULE      C2 N2+N3 + range vol (GK)  forward test (paper)
  TOURNEY   7d from 2026-10-01  base -0.19%  N2 -0.50%  N3 -0.31%  N2+N3 -0.52%  +K4 -0.98%
            +GK* -0.32%  +K4+GK -0.64%  +GK+DD -0.06%  +GK+XA +0.33%
  DATA      on time  prices 4s  funding booked  book today  shadow 12:00  carry today
            spot pot today
  SESSION   $-1.23 -0.25%  peak $502.90  dd 0.24%
  CURVE     +++++======
  MONTH     book guard $0.00 of $100.00 used  on marked equity  from $500.00  dial 20%
            ..........................
  RECORD    book closed 9  5W 4L  net $+1.58  fees and funding in
  FEES      no fills yet this run (the book trades at 00:05 UTC)
  ------------------------------------------------------------------------------------------------
 
18:16:27 | 
18:16:27 | ============================================================
18:16:27 | 📊 POSITION SUMMARY (8-MIN UPDATE)
18:16:27 | 💰 Equity: $501.67 marked (the Binance book, an experiment) = cash $502.37 + open $-0.70
18:16:27 | 💵 Available: $437.73 after open P&L | Locked: $63.94
18:16:27 | 📈 Session: $-1.23 (-0.2%)
18:16:27 | 🎯 C510 Book (what trades): 12 positions, gross 0.59x, open $-0.70 | rule C2 N2+N3 + range vol (GK) | closed 9: 5W/4L $+1.58 | since 01 Oct +0.33% (normal)
18:16:27 | ============================================================
18:16:27 | ============================================================
18:16:27 | 🔵 Book guard: $0.00 of $100.00 used this month on marked equity (0%, from $500.00) · realised today +0.20% [C497]
18:16:27 | ============================================================
18:16:27 | 
 
  18:24  up 1h28m  daily book --------------------------------------------------------------------
  PLAN      $1,001.37 of $1,000.00 ($+1.37)  after tax on net profit $1,000.94
            Delta vs Pi42 funding gap $1,001.37  paper
  BELOW     experiments, not your money
  EQUITY    $501.79  unreal $-0.58
  OPEN      no intraday positions  book holds 12 (BOOK row)  free $437.85 after open P&L
  SHADOW    intraday M1 $494.63 (-1.02%)  M1g $511.67 (+2.39%)  7d paper only
  CARRY     $499.07 (-0.15%)  7 held  paper only
  SPOT      $248.60 (-0.56%)  2 held  7% invested  cash earns 6.56%  paper pot
  SAVINGS   idle $312.40 (62%)  at 6.56% +$0.42 so far  ~$1.71/month  paper
  BFUSD     wallet $501.79 at 7.66%  +$0.66 so far  ~$3.20/month  vs Savings $1.71  paper
  DELTA     $501.31 (+0.26%)  10 held  fees $0.40  funding $+0.14
            paper experiment: the book on Delta
  XVENUE    $1,000.35 (+0.04%)  10 pairs  funding $+7.48  fees $4.87  paper, Delta vs Pi42
  TESTS     every 8 h: ahead $0.01, 2 days  3-day avg: level $0.00, 2 days
            CoinDCX: scored from 06:00 IST  paper, vs your daily rule
  BOOK      12 pos gross $297.55 (0.59x)  open $-0.58  funding $-0.03  vol 27% top 20
            rebal 2026-10-08
  CONTEXT   since 01 Oct $+1.79 (+0.36%) in 7.4d  normal -2.9% to +6.4%  top 50%: normal
  RULE      C2 N2+N3 + range vol (GK)  forward test (paper)
  TOURNEY   7d from 2026-10-01  base -0.19%  N2 -0.50%  N3 -0.31%  N2+N3 -0.52%  +K4 -0.98%
            +GK* -0.32%  +K4+GK -0.64%  +GK+DD -0.06%  +GK+XA +0.33%
  DATA      on time  prices 38s  funding booked  book today  shadow 12:00  carry today
            spot pot today
  SESSION   $-1.11 -0.22%  peak $502.90  dd 0.22%
  CURVE     +++++=======
  MONTH     book guard $0.00 of $100.00 used  on marked equity  from $500.00  dial 20%
            ..........................
  RECORD    book closed 9  5W 4L  net $+1.58  fees and funding in
  FEES      no fills yet this run (the book trades at 00:05 UTC)
  ------------------------------------------------------------------------------------------------
 
18:24:27 | 
18:24:27 | ============================================================
18:24:27 | 📊 POSITION SUMMARY (8-MIN UPDATE)
18:24:27 | 💰 Equity: $501.79 marked (the Binance book, an experiment) = cash $502.37 + open $-0.58
18:24:27 | 💵 Available: $437.85 after open P&L | Locked: $63.94
18:24:27 | 📈 Session: $-1.11 (-0.2%)
18:24:27 | 🎯 C510 Book (what trades): 12 positions, gross 0.59x, open $-0.58 | rule C2 N2+N3 + range vol (GK) | closed 9: 5W/4L $+1.58 | since 01 Oct +0.36% (normal)
18:24:27 | ============================================================
18:24:27 | ============================================================
18:24:27 | 🔵 Book guard: $0.00 of $100.00 used this month on marked equity (0%, from $500.00) · realised today +0.20% [C497]
18:24:27 | ============================================================
18:24:27 | 
18:32:20 |    👻 C489 shadow hour 13:00 UTC: 39 coins scored (full (16 features)), gate OPEN | M1 $494.67 (-1.01%) M1g $511.72 (+2.40%) over 7d [3s]
 
  18:32  up 1h36m  daily book --------------------------------------------------------------------
  PLAN      $1,001.20 of $1,000.00 ($+1.20)  after tax on net profit $1,000.83
            Delta vs Pi42 funding gap $1,001.20  paper
  BELOW     experiments, not your money
  EQUITY    $501.31  unreal $-1.06
  OPEN      no intraday positions  book holds 12 (BOOK row)  free $437.37 after open P&L
  SHADOW    intraday M1 $494.67 (-1.01%)  M1g $511.72 (+2.40%)  7d paper only
  CARRY     $499.07 (-0.15%)  7 held  paper only
  SPOT      $248.57 (-0.57%)  2 held  7% invested  cash earns 6.56%  paper pot
  SAVINGS   idle $312.04 (62%)  at 6.56% +$0.42 so far  ~$1.71/month  paper
  BFUSD     wallet $501.31 at 7.66%  +$0.66 so far  ~$3.20/month  vs Savings $1.71  paper
  DELTA     $501.14 (+0.23%)  10 held  fees $0.40  funding $+0.14
            paper experiment: the book on Delta
  XVENUE    $1,000.35 (+0.04%)  10 pairs  funding $+7.48  fees $4.87  paper, Delta vs Pi42
  TESTS     every 8 h: ahead $0.01, 2 days  3-day avg: level $0.00, 2 days
            CoinDCX: scored from 06:00 IST  paper, vs your daily rule
  BOOK      12 pos gross $296.86 (0.59x)  open $-1.06  funding $-0.03  vol 27% top 20
            rebal 2026-10-08
  CONTEXT   since 01 Oct $+1.31 (+0.26%) in 7.4d  normal -2.9% to +6.4%  bottom 49%: normal
  RULE      C2 N2+N3 + range vol (GK)  forward test (paper)
  TOURNEY   7d from 2026-10-01  base -0.19%  N2 -0.50%  N3 -0.31%  N2+N3 -0.52%  +K4 -0.98%
            +GK* -0.32%  +K4+GK -0.64%  +GK+DD -0.06%  +GK+XA +0.33%
  DATA      on time  prices 31s  funding booked  book today  shadow 13:00  carry today
            spot pot today
  SESSION   $-1.59 -0.32%  peak $502.90  dd 0.32%
  CURVE     +++++=+======
  MONTH     book guard $0.00 of $100.00 used  on marked equity  from $500.00  dial 20%
            ..........................
  RECORD    book closed 9  5W 4L  net $+1.58  fees and funding in
  FEES      no fills yet this run (the book trades at 00:05 UTC)
  ------------------------------------------------------------------------------------------------
 
18:32:28 | 
18:32:28 | ============================================================
18:32:28 | 📊 POSITION SUMMARY (8-MIN UPDATE)
18:32:28 | 💰 Equity: $501.31 marked (the Binance book, an experiment) = cash $502.37 + open $-1.06
18:32:28 | 💵 Available: $437.37 after open P&L | Locked: $63.94
18:32:28 | 📈 Session: $-1.59 (-0.3%)
18:32:28 | 🎯 C510 Book (what trades): 12 positions, gross 0.59x, open $-1.06 | rule C2 N2+N3 + range vol (GK) | closed 9: 5W/4L $+1.58 | since 01 Oct +0.26% (normal)
18:32:28 | ============================================================
18:32:28 | ============================================================
18:32:28 | 🔵 Book guard: $0.00 of $100.00 used this month on marked equity (0%, from $500.00) · realised today +0.20% [C497]
18:32:28 | ============================================================
18:32:28 | 
18:36:33 |    🔍 C540 real account (read-only) Delta India: no balance, 0 position(s), rent last 24 h +0.0000, 0 fill(s) | the paper ledger holds 10 pairs; nothing is traded live
18:36:33 | ⚠️ C540 real account Pi42 (read-only) not read: Pi42's firewall answered instead of its API (HTTP 403): this network may be blocked -- check from the server: curl -sI https://fapi.pi42.com
 
  18:40  up 1h44m  daily book --------------------------------------------------------------------
  PLAN      $1,000.95 of $1,000.00 ($+0.95)  after tax on net profit $1,000.65
            Delta vs Pi42 funding gap $1,000.95  paper
  BELOW     experiments, not your money
  EQUITY    $501.14  unreal $-1.23
  OPEN      no intraday positions  book holds 12 (BOOK row)  free $437.20 after open P&L
  SHADOW    intraday M1 $494.67 (-1.01%)  M1g $511.72 (+2.40%)  7d paper only
  CARRY     $499.07 (-0.15%)  7 held  paper only
  SPOT      $248.59 (-0.57%)  2 held  7% invested  cash earns 6.56%  paper pot
  SAVINGS   idle $311.91 (62%)  at 6.56% +$0.43 so far  ~$1.70/month  paper
  BFUSD     wallet $501.14 at 7.66%  +$0.66 so far  ~$3.20/month  vs Savings $1.70  paper
  DELTA     $500.71 (+0.14%)  10 held  fees $0.40  funding $+0.14
            paper experiment: the book on Delta
  XVENUE    $1,000.35 (+0.04%)  10 pairs  funding $+7.48  fees $4.87  paper, Delta vs Pi42
  TESTS     every 8 h: ahead $0.01, 2 days  3-day avg: level $0.00, 2 days
            CoinDCX: scored from 06:00 IST  paper, vs your daily rule
  BOOK      12 pos gross $296.89 (0.59x)  open $-1.23  funding $-0.03  vol 27% top 20
            rebal 2026-10-08
  CONTEXT   since 01 Oct $+1.14 (+0.23%) in 7.4d  normal -2.9% to +6.4%  bottom 48%: normal
  RULE      C2 N2+N3 + range vol (GK)  forward test (paper)
  TOURNEY   7d from 2026-10-01  base -0.19%  N2 -0.50%  N3 -0.31%  N2+N3 -0.52%  +K4 -0.98%
            +GK* -0.32%  +K4+GK -0.64%  +GK+DD -0.06%  +GK+XA +0.33%
  DATA      on time  prices 23s  funding booked  book today  shadow 13:00  carry today
            spot pot today
  SESSION   $-1.76 -0.35%  peak $502.90  dd 0.35%
  CURVE     +++++=+++=====
  MONTH     book guard $0.00 of $100.00 used  on marked equity  from $500.00  dial 20%
            ..........................
  RECORD    book closed 9  5W 4L  net $+1.58  fees and funding in
  FEES      no fills yet this run (the book trades at 00:05 UTC)
  ------------------------------------------------------------------------------------------------
 
18:40:28 | 
18:40:28 | ============================================================
18:40:28 | 📊 POSITION SUMMARY (8-MIN UPDATE)
18:40:28 | 💰 Equity: $501.14 marked (the Binance book, an experiment) = cash $502.37 + open $-1.23
18:40:28 | 💵 Available: $437.20 after open P&L | Locked: $63.94
18:40:28 | 📈 Session: $-1.76 (-0.4%)
18:40:28 | 🎯 C510 Book (what trades): 12 positions, gross 0.59x, open $-1.23 | rule C2 N2+N3 + range vol (GK) | closed 9: 5W/4L $+1.58 | since 01 Oct +0.23% (normal)
18:40:28 | ============================================================
18:40:28 | ============================================================
18:40:28 | 🔵 Book guard: $0.00 of $100.00 used this month on marked equity (0%, from $500.00) · realised today +0.20% [C497]
18:40:28 | ============================================================
18:40:28 | 
 
  18:48  up 1h52m  daily book --------------------------------------------------------------------
  PLAN      $1,000.69 of $1,000.00 ($+0.69)  after tax on net profit $1,000.47
            Delta vs Pi42 funding gap $1,000.69  paper
  BELOW     experiments, not your money
  EQUITY    $501.16  unreal $-1.21
  OPEN      no intraday positions  book holds 12 (BOOK row)  free $437.22 after open P&L
  SHADOW    intraday M1 $494.67 (-1.01%)  M1g $511.72 (+2.40%)  7d paper only
  CARRY     $499.07 (-0.15%)  7 held  paper only
  SPOT      $248.64 (-0.54%)  2 held  7% invested  cash earns 6.56%  paper pot
  SAVINGS   idle $311.93 (62%)  at 6.56% +$0.43 so far  ~$1.70/month  paper
  BFUSD     wallet $501.16 at 7.66%  +$0.66 so far  ~$3.20/month  vs Savings $1.70  paper
  DELTA     $500.98 (+0.20%)  10 held  fees $0.40  funding $+0.14
            paper experiment: the book on Delta
  XVENUE    $1,000.35 (+0.04%)  10 pairs  funding $+7.48  fees $4.87  paper, Delta vs Pi42
  TESTS     every 8 h: ahead $0.01, 2 days  3-day avg: level $0.00, 2 days
            CoinDCX: scored from 06:00 IST  paper, vs your daily rule
  BOOK      12 pos gross $298.15 (0.59x)  open $-1.21  funding $-0.03  vol 27% top 20
            rebal 2026-10-08
  CONTEXT   since 01 Oct $+1.16 (+0.23%) in 7.4d  normal -2.9% to +6.4%  bottom 48%: normal
  RULE      C2 N2+N3 + range vol (GK)  forward test (paper)
  TOURNEY   7d from 2026-10-01  base -0.19%  N2 -0.50%  N3 -0.31%  N2+N3 -0.52%  +K4 -0.98%
            +GK* -0.32%  +K4+GK -0.64%  +GK+DD -0.06%  +GK+XA +0.33%
  DATA      on time  prices 16s  funding booked  book today  shadow 13:00  carry today
            spot pot today
  SESSION   $-1.74 -0.35%  peak $502.90  dd 0.35%
  CURVE     +++++=+++======
  MONTH     book guard $0.00 of $100.00 used  on marked equity  from $500.00  dial 20%
            ..........................
  RECORD    book closed 9  5W 4L  net $+1.58  fees and funding in
  FEES      no fills yet this run (the book trades at 00:05 UTC)
  ------------------------------------------------------------------------------------------------
 
18:48:28 | 
18:48:28 | ============================================================
18:48:28 | 📊 POSITION SUMMARY (8-MIN UPDATE)
18:48:28 | 💰 Equity: $501.16 marked (the Binance book, an experiment) = cash $502.37 + open $-1.21
18:48:28 | 💵 Available: $437.22 after open P&L | Locked: $63.94
18:48:28 | 📈 Session: $-1.74 (-0.3%)
18:48:28 | 🎯 C510 Book (what trades): 12 positions, gross 0.59x, open $-1.21 | rule C2 N2+N3 + range vol (GK) | closed 9: 5W/4L $+1.58 | since 01 Oct +0.23% (normal)
18:48:28 | ============================================================
18:48:28 | ============================================================
18:48:28 | 🔵 Book guard: $0.00 of $100.00 used this month on marked equity (0%, from $500.00) · realised today +0.20% [C497]
18:48:28 | ============================================================
18:48:28 | 
 
  18:56  up 2h00m  daily book --------------------------------------------------------------------
  PLAN      $1,000.80 of $1,000.00 ($+0.80)  after tax on net profit $1,000.55
            Delta vs Pi42 funding gap $1,000.80  paper
  BELOW     experiments, not your money
  EQUITY    $500.87  unreal $-1.50
  OPEN      no intraday positions  book holds 12 (BOOK row)  free $436.93 after open P&L
  SHADOW    intraday M1 $494.67 (-1.01%)  M1g $511.72 (+2.40%)  7d paper only
  CARRY     $499.07 (-0.15%)  7 held  paper only
  SPOT      $248.61 (-0.55%)  2 held  7% invested  cash earns 6.56%  paper pot
  SAVINGS   idle $311.71 (62%)  at 6.56% +$0.43 so far  ~$1.70/month  paper
  BFUSD     wallet $500.87 at 7.66%  +$0.66 so far  ~$3.20/month  vs Savings $1.70  paper
  DELTA     $500.89 (+0.18%)  10 held  fees $0.40  funding $+0.14
            paper experiment: the book on Delta
  XVENUE    $1,000.35 (+0.04%)  10 pairs  funding $+7.48  fees $4.87  paper, Delta vs Pi42
  TESTS     every 8 h: ahead $0.01, 2 days  3-day avg: level $0.00, 2 days
            CoinDCX: scored from 06:00 IST  paper, vs your daily rule
  BOOK      12 pos gross $297.77 (0.59x)  open $-1.50  funding $-0.03  vol 27% top 20
            rebal 2026-10-08
  CONTEXT   since 01 Oct $+0.87 (+0.17%) in 7.4d  normal -2.9% to +6.4%  bottom 48%: normal
  RULE      C2 N2+N3 + range vol (GK)  forward test (paper)
  TOURNEY   7d from 2026-10-01  base -0.19%  N2 -0.50%  N3 -0.31%  N2+N3 -0.52%  +K4 -0.98%
            +GK* -0.32%  +K4+GK -0.64%  +GK+DD -0.06%  +GK+XA +0.33%
  DATA      on time  prices 8s  funding booked  book today  shadow 13:00  carry today
            spot pot today
  SESSION   $-2.03 -0.40%  peak $502.90  dd 0.40%
  CURVE     ++++++++++======
  MONTH     book guard $0.00 of $100.00 used  on marked equity  from $500.00  dial 20%
            ..........................
  RECORD    book closed 9  5W 4L  net $+1.58  fees and funding in
  FEES      no fills yet this run (the book trades at 00:05 UTC)
  ------------------------------------------------------------------------------------------------
 
18:56:28 | 
18:56:28 | ============================================================
18:56:28 | 📊 POSITION SUMMARY (8-MIN UPDATE)
18:56:28 | 💰 Equity: $500.87 marked (the Binance book, an experiment) = cash $502.37 + open $-1.50
18:56:28 | 💵 Available: $436.93 after open P&L | Locked: $63.94
18:56:28 | 📈 Session: $-2.03 (-0.4%)
18:56:28 | 🎯 C510 Book (what trades): 12 positions, gross 0.59x, open $-1.50 | rule C2 N2+N3 + range vol (GK) | closed 9: 5W/4L $+1.58 | since 01 Oct +0.17% (normal)
18:56:28 | ============================================================
18:56:28 | ============================================================
18:56:28 | 🔵 Book guard: $0.00 of $100.00 used this month on marked equity (0%, from $500.00) · realised today +0.20% [C497]
18:56:28 | ============================================================
18:56:28 | 
 
  19:04  up 2h08m  daily book --------------------------------------------------------------------
  PLAN      $1,000.69 of $1,000.00 ($+0.69)  after tax on net profit $1,000.47
            Delta vs Pi42 funding gap $1,000.69  paper
  BELOW     experiments, not your money
  EQUITY    $500.56  unreal $-1.81
  OPEN      no intraday positions  book holds 12 (BOOK row)  free $436.62 after open P&L
  SHADOW    intraday M1 $494.67 (-1.01%)  M1g $511.72 (+2.40%)  7d paper only
  CARRY     $499.07 (-0.15%)  7 held  paper only
  SPOT      $248.59 (-0.56%)  2 held  7% invested  cash earns 6.56%  paper pot
  SAVINGS   idle $311.48 (62%)  at 6.56% +$0.43 so far  ~$1.70/month  paper
  BFUSD     wallet $500.56 at 7.66%  +$0.66 so far  ~$3.20/month  vs Savings $1.70  paper
  DELTA     $501.03 (+0.21%)  10 held  fees $0.40  funding $+0.14
            paper experiment: the book on Delta
  XVENUE    $1,000.35 (+0.04%)  10 pairs  funding $+7.48  fees $4.87  paper, Delta vs Pi42
  TESTS     every 8 h: ahead $0.01, 2 days  3-day avg: level $0.00, 2 days
            CoinDCX: scored from 06:00 IST  paper, vs your daily rule
  BOOK      12 pos gross $296.86 (0.59x)  open $-1.81  funding $-0.03  vol 27% top 20
            rebal 2026-10-08
  CONTEXT   since 01 Oct $+0.56 (+0.11%) in 7.4d  normal -2.9% to +6.4%  bottom 46%: normal
  RULE      C2 N2+N3 + range vol (GK)  forward test (paper)
  TOURNEY   7d from 2026-10-01  base -0.19%  N2 -0.50%  N3 -0.31%  N2+N3 -0.52%  +K4 -0.98%
            +GK* -0.32%  +K4+GK -0.64%  +GK+DD -0.06%  +GK+XA +0.33%
  DATA      on time  prices 1s  funding booked  book today  shadow 13:00  carry today
            spot pot today
  SESSION   $-2.34 -0.47%  peak $502.90  dd 0.47%
  CURVE     ++++++++++=+=====
  MONTH     book guard $0.00 of $100.00 used  on marked equity  from $500.00  dial 20%
            ..........................
  RECORD    book closed 9  5W 4L  net $+1.58  fees and funding in
  FEES      no fills yet this run (the book trades at 00:05 UTC)
  ------------------------------------------------------------------------------------------------
 
19:04:29 | 
19:04:29 | ============================================================
19:04:29 | 📊 POSITION SUMMARY (8-MIN UPDATE)
19:04:29 | 💰 Equity: $500.56 marked (the Binance book, an experiment) = cash $502.37 + open $-1.81
19:04:29 | 💵 Available: $436.62 after open P&L | Locked: $63.94
19:04:29 | 📈 Session: $-2.34 (-0.5%)
19:04:29 | 🎯 C510 Book (what trades): 12 positions, gross 0.59x, open $-1.81 | rule C2 N2+N3 + range vol (GK) | closed 9: 5W/4L $+1.58 | since 01 Oct +0.11% (normal)
19:04:29 | ============================================================
19:04:29 | ============================================================
19:04:29 | 🔵 Book guard: $0.00 of $100.00 used this month on marked equity (0%, from $500.00) · realised today +0.20% [C497]
19:04:29 | ============================================================
19:04:29 | 
 
  19:12  up 2h16m  daily book --------------------------------------------------------------------
  PLAN      $1,001.48 of $1,000.00 ($+1.48)  after tax on net profit $1,001.02
            Delta vs Pi42 funding gap $1,001.48  paper
  BELOW     experiments, not your money
  EQUITY    $499.79  unreal $-2.58
  OPEN      no intraday positions  book holds 12 (BOOK row)  free $435.85 after open P&L
  SHADOW    intraday M1 $494.67 (-1.01%)  M1g $511.72 (+2.40%)  7d paper only
  CARRY     $499.07 (-0.15%)  7 held  paper only
  SPOT      $248.52 (-0.59%)  2 held  7% invested  cash earns 6.56%  paper pot
  SAVINGS   idle $311.01 (62%)  at 6.56% +$0.43 so far  ~$1.70/month  paper
  BFUSD     wallet $499.93 at 7.66%  +$0.66 so far  ~$3.19/month  vs Savings $1.70  paper
  DELTA     $499.80 (-0.04%)  10 held  fees $0.40  funding $+0.14
            paper experiment: the book on Delta
  XVENUE    $1,000.35 (+0.04%)  10 pairs  funding $+7.48  fees $4.87  paper, Delta vs Pi42
  TESTS     every 8 h: ahead $0.01, 2 days  3-day avg: level $0.00, 2 days
            CoinDCX: scored from 06:00 IST  paper, vs your daily rule
  BOOK      12 pos gross $295.12 (0.59x)  open $-2.58  funding $-0.03  vol 27% top 20
            rebal 2026-10-08
  CONTEXT   since 01 Oct $-0.21 (-0.04%) in 7.4d  normal -2.9% to +6.4%  bottom 44%: normal
  RULE      C2 N2+N3 + range vol (GK)  forward test (paper)
  TOURNEY   7d from 2026-10-01  base -0.19%  N2 -0.50%  N3 -0.31%  N2+N3 -0.52%  +K4 -0.98%
            +GK* -0.32%  +K4+GK -0.64%  +GK+DD -0.06%  +GK+XA +0.33%
  DATA      on time  prices 37s  funding booked  book today  shadow 13:00  carry today
            spot pot today
  SESSION   $-3.11 -0.62%  peak $502.90  dd 0.62%
  CURVE     ++++++++++++======
  MONTH     book guard $0.21 of $100.00 used  on marked equity  from $500.00  dial 20%
            ..........................
  RECORD    book closed 9  5W 4L  net $+1.58  fees and funding in
  FEES      no fills yet this run (the book trades at 00:05 UTC)
  ------------------------------------------------------------------------------------------------
 
19:12:30 | 
19:12:30 | ============================================================
19:12:30 | 📊 POSITION SUMMARY (8-MIN UPDATE)
19:12:30 | 💰 Equity: $499.79 marked (the Binance book, an experiment) = cash $502.37 + open $-2.58
19:12:30 | 💵 Available: $435.85 after open P&L | Locked: $63.94
19:12:30 | 📈 Session: $-3.11 (-0.6%)
19:12:30 | 🎯 C510 Book (what trades): 12 positions, gross 0.59x, open $-2.58 | rule C2 N2+N3 + range vol (GK) | closed 9: 5W/4L $+1.58 | since 01 Oct -0.04% (normal)
19:12:30 | ============================================================
19:12:30 | ============================================================
19:12:30 | 🔵 Book guard: $0.21 of $100.00 used this month on marked equity (0%, from $500.00) · realised today +0.20% [C497]
19:12:30 | ============================================================
19:12:30 | 
19:14:14 | 
============================================================
🛑 Signal 15 — saving logs...
============================================================
 
  SESSION SUMMARY --------------------------------------------------------------------------------
  RAN       2h17m  daily book  0 book fills this run  book closed 9 in all
  P&L       $-3.11 (-0.62%)  $502.90 > $499.79  maxDD 0.62%
  CURVE     @@@@#*#***+*===-_.
  COST      fees $0.00  maker 0 / taker 0 fills
  ------------------------------------------------------------------------------------------------
 
