
  ================================================================================================
  OMEGA C495  PAPER  Bitget perps
  26 Sep 2026   21:59
  start $252.22  risk dial 15%/month
  ================================================================================================

  RISK FRAME -------------------------------------------------------------------------------------
  EQUITY    $252.22  805 markets
  MONTH     dial 15% = $37.92 this month  used $0.59 realised
  BOOK      daily trend + momentum + carry, rebalanced 00:05 UTC
            month guard on MARKED equity (open P&L counts)  intraday scanner idle
  ------------------------------------------------------------------------------------------------



  22:07  up 0h08m  scan 0 ------------------------------------------------------------------------
  EQUITY    $247.97  unreal $-4.25
  OPEN      flat  free $233.88
  SHADOW    intraday M1 $254.10 (+0.73%)  M1g $252.26 (+0.00%)  2d paper only
  CARRY     $251.86 (-0.16%)  8 held  paper only
  BOOK      8 pos gross $96.21 (0.39x)  open $-4.25  funding $+0.01  vol 20% top 20
            rebal 2026-09-26
  SESSION   $-4.25 -1.68%  peak $252.22  dd 1.68%
  DAY       real $-0.04  limit $9.34 (3.70%)  0% used
            ..........................
  MONTH     dial 15%  used $0.59 of $37.92  from $252.81
  RECORD    no closed trades yet this run
  LIFETIME  139tr 44W 95L 32%  $+2.22
  FEES      no fills yet this run
  MARKET    bias +0.00  breadth +0.00
  ------------------------------------------------------------------------------------------------



  22:15  up 0h16m  scan 0 ------------------------------------------------------------------------
  EQUITY    $247.96  unreal $-4.26
  OPEN      flat  free $233.88
  SHADOW    intraday M1 $254.10 (+0.73%)  M1g $252.26 (+0.00%)  2d paper only
  CARRY     $251.86 (-0.16%)  8 held  paper only
  BOOK      8 pos gross $95.93 (0.39x)  open $-4.26  funding $+0.01  vol 20% top 20
            rebal 2026-09-26
  SESSION   $-4.26 -1.69%  peak $252.22  dd 1.69%
  DAY       real $-0.04  limit $9.34 (3.70%)  0% used
            ..........................
  MONTH     dial 15%  used $0.59 of $37.92  from $252.81
  RECORD    no closed trades yet this run
  LIFETIME  139tr 44W 95L 32%  $+2.22
  FEES      no fills yet this run
  MARKET    bias +0.00  breadth +0.00
  ------------------------------------------------------------------------------------------------



  22:23  up 0h24m  scan 0 ------------------------------------------------------------------------
  EQUITY    $247.97  unreal $-4.25
  OPEN      flat  free $233.88
  SHADOW    intraday M1 $254.10 (+0.73%)  M1g $252.26 (+0.00%)  2d paper only
  CARRY     $251.86 (-0.16%)  8 held  paper only
  BOOK      8 pos gross $95.88 (0.39x)  open $-4.25  funding $+0.01  vol 20% top 20
            rebal 2026-09-26
  SESSION   $-4.25 -1.68%  peak $252.22  dd 1.68%
  DAY       real $-0.04  limit $9.34 (3.70%)  0% used
            ..........................
  MONTH     dial 15%  used $0.59 of $37.92  from $252.81
  RECORD    no closed trades yet this run
  LIFETIME  139tr 44W 95L 32%  $+2.22
  FEES      no fills yet this run
  MARKET    bias +0.00  breadth +0.00
  ------------------------------------------------------------------------------------------------



  22:31  up 0h32m  scan 0 ------------------------------------------------------------------------
  EQUITY    $247.92  unreal $-4.30
  OPEN      flat  free $233.88
  SHADOW    intraday M1 $254.10 (+0.73%)  M1g $252.26 (+0.00%)  2d paper only
  CARRY     $251.86 (-0.16%)  8 held  paper only
  BOOK      8 pos gross $95.88 (0.39x)  open $-4.30  funding $+0.01  vol 20% top 20
            rebal 2026-09-26
  SESSION   $-4.30 -1.70%  peak $252.22  dd 1.70%
  DAY       real $-0.04  limit $9.34 (3.70%)  0% used
            ..........................
  MONTH     dial 15%  used $0.59 of $37.92  from $252.81
  RECORD    no closed trades yet this run
  LIFETIME  139tr 44W 95L 32%  $+2.22
  FEES      no fills yet this run
  MARKET    bias +0.00  breadth +0.00
  ------------------------------------------------------------------------------------------------



  22:39  up 0h40m  scan 0 ------------------------------------------------------------------------
  EQUITY    $247.95  unreal $-4.27
  OPEN      flat  free $233.88
  SHADOW    intraday M1 $254.04 (+0.71%)  M1g $252.26 (+0.00%)  2d paper only
  CARRY     $251.86 (-0.16%)  8 held  paper only
  BOOK      8 pos gross $95.52 (0.39x)  open $-4.27  funding $+0.01  vol 20% top 20
            rebal 2026-09-26
  SESSION   $-4.27 -1.69%  peak $252.22  dd 1.69%
  CURVE     +=====
  DAY       real $-0.04  limit $9.34 (3.70%)  0% used
            ..........................
  MONTH     dial 15%  used $0.59 of $37.92  from $252.81
  RECORD    no closed trades yet this run
  LIFETIME  139tr 44W 95L 32%  $+2.22
  FEES      no fills yet this run
  MARKET    bias +0.00  breadth +0.00
  ------------------------------------------------------------------------------------------------


  SESSION SUMMARY --------------------------------------------------------------------------------
  RAN       0h42m  0 scans  0 pair-analyses  0 closed trades
  P&L       $-4.27 (-1.69%)  $252.22 > $247.95  maxDD 1.70%
  CURVE     @.....
  COST      fees $0.00  maker 0 / taker 0 fills
  ------------------------------------------------------------------------------------------------

