10:25:49 |    day cap 0.91%  |  per-trade risk 0.455%  |  break-even WR 50.0% AT 1:1 PAYOFF — no
    R-denominated payoff measured yet, so the honest break-even is the 1:1 figure above and nothing
    better [C406/C463-10]
10:25:49 | 📊 Paper Mode
10:25:52 | ✅ Connected | 797 futures markets
10:25:52 |    day cap 0.68%  |  per-trade risk 0.341%  |  break-even WR 50.0% AT 1:1 PAYOFF — at the
    measured 2.17 payoff (9W/9L in R) it is 32%, which is the number that matters [C406/C463-10]
 
  ================================================================================================
  OMEGA C479  PAPER  Bitget perps
  20 Sep 2026   10:25
  start $250.00  day -0.68% loss
  ================================================================================================
 
10:25:52 | ⚠️ Flask not available - web dashboard disabled
10:25:52 | 🌐 Remote control on http://0.0.0.0:8138 — TOKEN REQUIRED
10:25:52 |    📱 Same WiFi: http://10.0.0.160:8138/?t=<your token>
10:25:52 |    🌍 Internet: put a Cloudflare Tunnel in front of this port.
10:25:52 |        See deploy/DEPLOY.md — one command, no open ports, free.
10:25:52 |   4 EXIT       4 questions: HARD STOP · THESIS DEAD (C399 retention)
10:25:52 | 💡 Press Ctrl+C to stop safely
10:25:57 |    🪞 C266 board-parity (top movers vs screen): CELR +115%[#13] | ONE +64%[#7] | G
    +62%[#6] | AKE +38%[Live=0.20<cut] | B2 +34%[#15]
10:26:19 |    ⚖️ C462-7 G: penalties 0.67→0.29 (×0.43) vs bar 0.47 — the stack decided
10:26:23 |    ⚖️ C462-7 CELR: penalties 0.83→0.36 (×0.43) vs bar 0.47 — the stack decided
10:26:25 |    🎢→⚖️ BR: C292 stands down — parabola BROKEN (range 18×ATR, 3.9 ATR off the day
    extreme): the 24h 'trend' already failed structurally; counter-trend entry re-enters the TURNING
    path [C299]
10:26:27 |    ⚖️ C462-7 ADA: penalties 0.48→0.35 (×0.74) vs bar 0.47 — the stack decided
10:26:28 |    ⚖️ C462-7 INJ: penalties 0.51→0.23 (×0.44) vs bar 0.49 — the stack decided
10:26:35 |    🎢→⚖️ SYN: C292 stands down — parabola BROKEN (range 11×ATR, 5.1 ATR off the day
    extreme): the 24h 'trend' already failed structurally; counter-trend entry re-enters the TURNING
    path [C299]
10:26:51 |    ⚖️ C462-7 SKL: penalties 0.73→0.24 (×0.33) vs bar 0.47 — the stack decided
10:26:52 |    ⚖️ C462-7 C: penalties 0.74→0.39 (×0.52) vs bar 0.47 — the stack decided
10:26:56 |    ⚖️ C462-7 CYS: penalties 0.82→0.35 (×0.43) vs bar 0.40 — the stack decided
10:26:58 | 📊 Step 3 result: 60 analyzed → 0 passed | score_zero=2, low_confidence=3, low_score=43,
    absorption_at_extreme=1, news_tech_conflict=1, fee_floor=4, capitulation_short=1,
    flat_projection=3, no_structural_room=1, low_quality=1
10:26:58 |    📌 Nearest miss: FET score=0.613 (pre-pen 0.83) conf=0.779 quality=0.478/0.26
    reason=pending
10:33:18 |    ⚖️ C462-7 G: penalties 0.50→0.17 (×0.34) vs bar 0.47 — the stack decided
10:33:23 |    ⚖️ C462-7 CELR: penalties 1.11→0.38 (×0.34) vs bar 0.47 — the stack decided
10:33:37 |    🎢→⚖️ SYN: C292 stands down — parabola BROKEN (range 11×ATR, 5.6 ATR off the day
    extreme): the 24h 'trend' already failed structurally; counter-trend entry re-enters the TURNING
    path [C299]
10:33:40 |    ⚖️ C462-7 FET: penalties 0.57→0.39 (×0.68) vs bar 0.47 — the stack decided
10:33:55 |    ⚖️ C462-7 EPIC: penalties 0.72→0.22 (×0.30) vs bar 0.39 — the stack decided
10:33:57 |    ⚖️ C462-7 SKL: penalties 0.68→0.27 (×0.40) vs bar 0.39 — the stack decided
10:34:05 |    ⚖️ C462-7 M: penalties 0.67→0.20 (×0.30) vs bar 0.55 — the stack decided
10:34:06 | 📊 Step 3 result: 60 analyzed → 0 passed | score_zero=1, low_confidence=8, low_score=38,
    news_tech_conflict=1, flat_projection=3, micro_exhaustion=3, capitulation=2,
    capitulation_short=1, no_structural_room=2, low_quality=1
10:34:06 |    📌 Nearest miss: CHIP score=0.604 (pre-pen 0.67) conf=0.745 quality=0.450/0.26
    reason=pending
 
  10:34  up 0h08m  scan 2 ------------------------------------------------------------------------
  EQUITY    $250.00
  SESSION   $+0.00 +0.00%
  DAY       real $+0.00  loss room $2.13 (0.85%)  0% used  vol x1.00  trust x1.25
            ..........................
  RECORD    no closed trades yet this run
  OPEN      flat  free $250.00
  FEES      no fills yet this run
  SCAN      797 > 60 > 0 passed  top CHIP 0.60 (pending)  2 scans, 120 analysed
  MARKET    TRENDING  bias -0.52  breadth -0.20  taker flow +0.14
  NEWS      65 articles  + tone +0.26  SOL +0.54  XRP +0.50  DOGE +0.38
  MOVERS    CELR +115% #13  ONE +64% #7  G +62% #6  AKE +38% cut
  ------------------------------------------------------------------------------------------------
 
10:40:11 |    🪞 C266 board-parity (top movers vs screen): CELR +113%[#14] | ONE +77%[#7] | G
    +67%[#6] | AKE +34%[#10] | B2 +34%[#18]
10:40:33 |    ⚖️ C462-7 GENIUS: penalties 0.71→0.21 (×0.30) vs bar 0.42 — the stack decided
10:40:35 | 📊 Step 3 result: 13 analyzed (+47 cached this 15m candle) → 0 passed | low_confidence=9,
    low_score=37, news_tech_conflict=1, flat_projection=5, fee_floor=1, micro_exhaustion=2,
    capitulation=3, no_structural_room=1, low_quality=1
10:40:35 |    📌 Nearest miss: ETHFI score=0.476 conf=0.734 quality=0.349/0.26 reason=capitulation
    rej vs RSI27
  .. 10:42  flat  $250.00  $+0.00 +0.00%  0W 0L  13 analysed
10:46:36 | ⊥ C97 TF-CONFLICT: 1h=+0.25×4h=-0.86=d14=-0.22 — only shorts allowed (4h dominant)
10:47:05 |    🎢→⚖️ ZAMA: C292 stands down — parabola BROKEN (range 15×ATR, 3.4 ATR off the day
    extreme): the 24h 'trend' already failed structurally; counter-trend entry re-enters the TURNING
    path [C299]
10:47:20 |    ⚖️ C462-7 COTI: penalties 0.54→0.42 (×0.77) vs bar 0.46 — the stack decided
10:47:28 |    ⚖️ C462-7 EPIC: penalties 0.60→0.38 (×0.64) vs bar 0.48 — the stack decided
10:47:40 | 📊 Step 3 result: 60 analyzed → 0 passed | low_confidence=7, low_score=33,
    flat_projection=7, news_tech_conflict=1, no_structural_room=3, fee_floor=1,
    absorption_at_extreme=2, capitulation=2, leg_exhausted=2, micro_exhaustion=1, post_penalty_low=1
10:47:40 |    📌 Nearest miss: CTSI score=0.689 (pre-pen 0.81) conf=0.750 quality=0.517/0.26
    reason=OF-exhaustion OI=bearish_buildup
  .. 10:50  flat  $250.00  $+0.00 +0.00%  0W 0L  60 analysed
10:52:46 |    🪞 C266 board-parity (top movers vs screen): CELR +105%[#12] | ONE +83%[#6] | G
    +69%[#7] | B2 +37%[#16] | M +36%[#52]
10:52:47 | ⊥ C97 TF-CONFLICT: 1h=+0.25×4h=-0.86=d14=-0.22 — only shorts allowed (4h dominant)
10:53:07 | 📊 Step 3 result: 11 analyzed (+49 cached this 15m candle) → 0 passed | low_confidence=6,
    low_score=37, flat_projection=5, news_tech_conflict=1, no_structural_room=4, fee_floor=1,
    absorption_at_extreme=1, capitulation=2, leg_exhausted=2, post_penalty_low=1
10:53:07 |    📌 Nearest miss: XMR score=0.304 (pre-pen 0.39) conf=0.667 quality=0.203/0.26
    reason=score 0.304 < 0.464
  .. 10:58  flat  $250.00  $+0.00 +0.00%  0W 0L  11 analysed
10:58:09 | ⊥ C97 TF-CONFLICT: 1h=+0.25×4h=-0.86=d14=-0.22 — only shorts allowed (4h dominant)
11:03:29 |    🪞 C266 board-parity (top movers vs screen): CELR +108%[#12] | ONE +82%[#6] | G
    +69%[#7] | M +37%[#48] | B2 +35%[Live=0.20<cut]
11:03:50 |    ⚖️ C462-7 G: penalties 0.68→0.27 (×0.40) vs bar 0.46 — the stack decided
11:04:13 |    ⚖️ C462-7 COTI: penalties 0.63→0.31 (×0.49) vs bar 0.42 — the stack decided
11:04:14 |    ⚖️ C462-7 龙虾: penalties 0.46→0.19 (×0.40) vs bar 0.46 — the stack decided
11:04:17 |    ⚖️ C462-7 DASH: penalties 0.81→0.39 (×0.49) vs bar 0.40 — the stack decided
11:04:19 |    ⚖️ C462-7 SKL: penalties 0.52→0.21 (×0.40) vs bar 0.42 — the stack decided
11:04:20 |    ⚖️ C462-7 CTSI: penalties 0.63→0.19 (×0.30) vs bar 0.42 — the stack decided
11:04:22 |    ⚖️ C462-7 C: penalties 0.60→0.24 (×0.40) vs bar 0.46 — the stack decided
11:04:23 |    ⚖️ C462-7 VVV: penalties 0.62→0.25 (×0.40) vs bar 0.42 — the stack decided
11:04:24 |    ⚖️ C462-7 GENIUS: penalties 0.83→0.33 (×0.40) vs bar 0.42 — the stack decided
11:04:27 | 📊 Step 3 result: 60 analyzed → 1 viable → Step 4 DRI/DSI
 
 
  11:06  up 0h40m  scan 6 ------------------------------------------------------------------------
  EQUITY    $250.00
  SESSION   $+0.00 +0.00%
  CURVE     ======
  DAY       real $+0.00  loss room $1.69 (0.68%)  0% used  vol x0.80  trust x1.25
            ..........................
  RECORD    no closed trades yet this run
  OPEN      flat  free $312.50
  FEES      no fills yet this run
  SCAN      797 > 60 > 1 passed  top CELR 0.49 (viable)  6 scans, 264 analysed
  MARKET    TRENDING  bias -0.49  breadth +0.00  taker flow +0.22
  NEWS      65 articles  + tone +0.08  SOL +0.54  XRP +0.50  DOGE +0.38
  INFO      1 tilted  flow/fund/news/oi on 88
  MOVERS    CELR +108% #12  ONE +82% #6  G +69% #7  M +37% #48
  ------------------------------------------------------------------------------------------------
 
11:06:08 |    ⚖️ C427 LEDGER CORRECTED at position_summary: available $312.5000 → $250.0000 (equity
    $250.0000 − locked $0.0000 = $250.0000); discrepancy $+62.5000. Money that does not exist would
    have been sized against [correction #1]
11:10:43 |    ⚖️ C462-7 CELR: penalties 0.74→0.36 (×0.49) vs bar 0.46 — the stack decided
11:10:43 | 📊 Step 3 result: 1 analyzed (+59 cached this 15m candle) → 0 passed | low_confidence=6,
    low_score=37, no_structural_room=3, flat_projection=3, fee_floor=2, absorption_at_extreme=4,
    capitulation=2, news_tech_conflict=1, micro_exhaustion=1, low_quality=1
11:10:43 |    📌 Nearest miss: CELR score=0.302 (pre-pen 0.74) conf=0.385 quality=0.117/0.26
    reason=score 0.363 < 0.462
  .. 11:14  flat  $250.00  $+0.00 +0.00%  0W 0L  1 analysed
11:16:49 |    🪞 C266 board-parity (top movers vs screen): CELR +109%[#12] | ONE +83%[#7] | G
    +77%[#6] | ZAMA +36%[#16] | CTSI +34%[#42]
