18:43:11 | 📊 Paper Mode
18:43:14 | ✅ Connected | 805 futures markets
18:43:14 | 📊 Bitget Fees: Maker 0.02% | Taker 0.06%
18:43:14 | 📊 Market type: PERPETUAL FUTURES (swap) — verified
18:43:14 | 📋 Limit Orders: ENABLED (offset 0.1%)
18:43:14 | 📂 Loaded state: $252.26 | 0 positions | available $228.54 (locked $23.73)
18:43:14 | 📐 RISK @ $252.26: monthly dial 15% = $37.92/month  |  per-trade risk 0.341% = $0.86  |  break-even win rate 32% at the measured 2.10 payoff [C482]
18:43:14 |    today's loss limit is 25% of what the month has left, fixed at midnight (C482)
 
  ================================================================================================
  OMEGA C489  PAPER  Bitget perps
  25 Sep 2026   18:43
  start $252.26  risk dial 15%/month
  ================================================================================================
 
  RISK FRAME -------------------------------------------------------------------------------------
  EQUITY    $252.26  805 markets
  MONTH     dial 15% = $37.92 this month  used $0.54
  DAY       limit $9.44  25% of what the month has left, fixed at midnight
  RISK      0.341% = $0.86/trade  trades/day NO CAP
  EDGE      +0.0474 blended  44W 95L realised
  NEED      32% win at 2.10 payoff
  ------------------------------------------------------------------------------------------------
 
18:43:14 |    (legacy Flask page not installed — the dashboard is the control panel)
18:43:14 | 🌐 Remote control on http://0.0.0.0:8138 — TOKEN REQUIRED
18:43:14 |    📱 Same WiFi: http://10.0.0.160:8138/?t=<your token>
18:43:14 |    🌍 Internet: put a Cloudflare Tunnel in front of this port.
18:43:14 |        See deploy/DEPLOY.md — one command, no open ports, free.
18:43:14 | ============================================================
18:43:14 | 🤖 OMEGA V60 — INFORMATION ENGINE (C466)
18:43:14 |    🧪 C364 PAPER=LIVE PARITY — costs modelled in paper:
18:43:14 |       • entries: post-only, REJECTED if the limit would cross (mirrors C363 live)
18:43:14 |       • market fills: lift the ASK / hit the BID — never the last price
18:43:14 |       • exit fee: taker on current notional
18:43:14 |       • funding: charged per 8h settlement crossed
18:43:14 |       NOT modelled: partial fills, API outages, queue position.
18:43:14 | ============================================================
18:43:14 | 🔒 Score floor reset: 0.32 (single mode — HP retired at C403-3)
18:43:14 | 🧮 C458 EDGE STATE — what the ledger permits today:
18:43:14 |    realised 6W/14L → shrunk base rate 0.400; fair odds for a 2.00R target are 0.333
18:43:14 |    blended edge +0.0474  (prior +0.0467 x0.60 + realised +0.0485 x0.40 (n=20; anchored on realised payoff 2.10 (7W/13L in R) (break-even wr 0.322 vs realised 0.400 = e +0.0776) x extrapolation shrink 0.63 to T 1.41R))
18:43:14 |    ✅ edge is positive — the expectancy gate is open on merit, and exploration should stay idle.
18:43:14 | 📋 Version history: see CHANGELOG.md (auto-updated each revision)
18:43:14 | ============================================================
18:43:14 | 📊 ARCHITECTURE — what is actually running:
18:43:14 |   1 SCANNER    756 markets → volume floor → top 30 by liveliness
18:43:14 |   2 ENTRY      11 signal components → one score; only 3 hard vetoes
18:43:14 |                (can't pay fees / no room to stop / not tradeable).
18:43:14 |                Everything else is a weighted penalty [C403-5].
18:43:14 |                EXPECTANCY GATE [C404/C405]: R = proj×√t ÷ stop,
18:43:14 |                E = p(R×0.60)−(1−p); E must clear 0 AND the live percentile bar.
18:43:14 |                TRADES/DAY [C467]: NO CAP. No count target, no hard cap, no per-scan limit. 2/pair still applies (that is concentration, not pace).
18:43:14 |                What refuses a trade now: the three hard vetoes only — can't pay fees, no room to stop, not tradeable. E<0 is a PENALTY while p has no measured skill [C467].
18:43:14 |   3 MONITOR    SPLIT LOOP [C397]: prices every 0.8s (stop, floors);
18:43:14 |                OHLCV/DRI every 20s; regime every 90s, AFTER positions.
18:43:14 |   4 EXIT       4 questions: HARD STOP · THESIS DEAD (C399 retention)
18:43:14 |                · PROFIT FLOOR (C397 runner floor binds) · TIME.
18:43:14 |                Loss patience is BOUNDED at 1.35× the soft limit [C404-2].
18:43:14 |   SESSIONS     when each market DISCOVERS its price, in IST (US is currently on EDT):
18:43:14 |                crypto        24/7        · metals+energy  Globex ~24/5
18:43:14 |                US equity     19:00–01:30 IST  (a NIGHT session from India)
18:43:14 |                index futures Globex ~24/5 (SP500/NDX100 are futures, not cash)
18:43:14 |                Korea (KRX)   05:30–12:00 IST · HK  07:00–13:30 IST (lunch 09:30–10:30)
18:43:14 |                ● OPEN  crypto        24/7
18:43:14 |                ○ shut  us_equity     US cash closed
18:43:14 |                ● OPEN  index_future  Globex index
18:43:14 |                ● OPEN  metal         Globex
18:43:14 |                ○ shut  korea_equity  KRX closed
18:43:14 |                ○ shut  hk_equity     HKEX closed
18:43:14 |   UNIVERSE     crypto + 294 RWA perps (stocks/metals/energy/ETFs),
18:43:14 |                session-gated; leverage scaled to each instrument's own ATR;
18:43:14 |                fee burden inside E. ONE POOL, no per-class quota [C409].
18:43:14 |                WHY: crypto alive 39.3% of bars, ANY asset alive 59.8%
18:43:14 |                (+20.5pp). Cross-class aliveness corr +0.04/+0.14 vs
18:43:14 |                crypto's OWN internal factor corr +0.925 — real diversification.
18:43:14 |   EDGES        C398 capitulation tilt (down-side only, +4.67pp measured)
18:43:14 |                C396 session tilt · C401 taker-flow (instrumented)
18:43:14 |                C403-7 flow term ±10% on direction
18:43:14 |   RETIRED      HP phase ladder (C403-3: 5 incident classes, 0 benefit)
18:43:14 |                Guardian + C329 (C403-4: 4 controllers, none knew the risk)
18:43:14 |                per-symbol learning (C403-2: needs ~10 months of trades)
18:43:14 |                DSI+DRI divergence / DRI HARD (C399: unreachable by construction)
18:43:14 | ============================================================
18:43:14 | ============================================================
18:43:14 | ✅ DRI SYSTEM (11 components, renormalised to exactly 1.0 [C400]):
18:43:14 |    Threshold: 0.3 | Hard: 0.5
18:43:14 |    Weights: Mom=0.18 Tech=0.16 Vol=0.11
18:43:14 |    ML=0.04 Wave=0.04 OFI=0.06
18:43:14 |    Fund=0.05 MTF=0.06 RVS=0.07
18:43:14 |    PA=0.15(dyn→0.45) Time=0.10 — nominal sum 1.02, rescaled to 1.00 at runtime [C400: was 1.113]
18:43:14 |    DSI = 6 of those 11 (Mom/Vol/Tech/ML/Wave/MTF, sum 0.59) inverted, Hurst-modulated, now unit-scaled [C400]
18:43:14 |    READ THEM AS: DRI negative = reversal thesis STRONG; DRI→0 = thesis DYING. DSI positive = sustainable; DSI→0 = spent.
18:43:14 |    Updates: every 20s (15m candles do not move faster; prices stay on the 0.8s leg)
18:43:14 | ============================================================
18:43:14 | 📋 CONFIGURATION:
18:43:14 |    💰 Equity: $252.26 | Available: $228.54
18:43:14 |    📊 Position Sizing: Dynamic allocation, min $5.0 | 3-5 positions
18:43:14 |    🎲 Leverage: 1x-10x  (single mode — HP retired, C403-3)
18:43:14 |    📋 Limit Orders: ON | Maker 0.02% Taker 0.06%
18:43:14 |    🎚️ Loss control: monthly risk dial 15% — today may lose 25% of what the month has left (C482)
18:43:14 |    🛡️ Session drawdown breaker: off | Guardian: report only (C482)
18:43:14 |    ⏱️ Prices 0.8s | DRI 20s | Summary 480s | Min age 15min
18:43:14 |    🧠 Shared learning ON (Markov chains, calibration). Per-symbol memory OFF [C403-2].
18:43:14 | ============================================================
18:43:14 | 📊 MODE: NORMAL
18:43:14 |    Normal start: $250.00
18:43:14 | ============================================================
18:43:14 | 💡 Press Ctrl+C to stop safely
18:43:14 | ============================================================
18:43:14 | 🔄 Monitoring thread started — SPLIT LOOP [C397]: FAST leg every 0.8s (prices in PARALLEL → hard stop, trailing floor, peak floor, capture floor); SLOW leg every 20s (OHLCV/DRI) and 90s (BTC/ETH regime, AFTER positions are checked, never before)
18:43:16 | 💼 C488: portfolio engine ON -- the intraday scanner opens no new positions (OMEGA_ENGINE=intraday restores it)
 
  18:51  up 0h08m  scan 0 ------------------------------------------------------------------------
  EQUITY    $252.63  unreal $+0.37
  OPEN      flat  free $228.54
  SHADOW    intraday M1 +0.00%  M1g +0.00%  1d paper only
  BOOK      9 pos gross $119.53 (0.47x)  open $+0.37  funding $+0.00  vol 20% top 20
            rebal 2026-09-25
  SESSION   $+0.37 +0.15%
  DAY       real $-0.37  limit $9.44 (3.74%)  4% used
            #.........................
  MONTH     dial 15%  used $0.54 of $37.92  from $252.81
  RECORD    no closed trades yet this run
  LIFETIME  139tr 44W 95L 32%  $+2.26
  FEES      no fills yet this run
  MARKET    bias +0.00  breadth +0.00
  ------------------------------------------------------------------------------------------------
 
18:51:11 | 
18:51:11 | ============================================================
18:51:11 | 📊 POSITION SUMMARY (8-MIN UPDATE)
18:51:11 | 💰 Equity: $252.26 | Unrealized: $+0.37
18:51:11 | 💵 Available: $228.54 | Locked: $23.73
18:51:11 | 📈 Session: $+0.37 (+0.1%)
18:51:11 | 🎯 Win Rate: Overall 32% | Session 0% | Open 0%
18:51:11 | ============================================================
18:51:11 | ============================================================
18:51:11 | 🔻 Day: -0.15% realised (loss limit $9.44, 4% used · dial 15%/month) [C483]
18:51:11 | ============================================================
18:51:11 | 
 
  18:59  up 0h16m  scan 0 ------------------------------------------------------------------------
  EQUITY    $252.54  unreal $+0.28
  OPEN      flat  free $228.54
  SHADOW    intraday M1 +0.00%  M1g +0.00%  1d paper only
  BOOK      9 pos gross $119.60 (0.47x)  open $+0.28  funding $+0.00  vol 20% top 20
            rebal 2026-09-25
  SESSION   $+0.28 +0.11%  peak $252.63  dd 0.04%
  DAY       real $-0.37  limit $9.44 (3.74%)  4% used
            #.........................
  MONTH     dial 15%  used $0.54 of $37.92  from $252.81
  RECORD    no closed trades yet this run
  LIFETIME  139tr 44W 95L 32%  $+2.26
  FEES      no fills yet this run
  MARKET    bias +0.00  breadth +0.00
  ------------------------------------------------------------------------------------------------
 
18:59:11 | 
18:59:11 | ============================================================
18:59:11 | 📊 POSITION SUMMARY (8-MIN UPDATE)
18:59:11 | 💰 Equity: $252.26 | Unrealized: $+0.28
18:59:11 | 💵 Available: $228.54 | Locked: $23.73
18:59:11 | 📈 Session: $+0.28 (+0.1%)
18:59:11 | 🎯 Win Rate: Overall 32% | Session 0% | Open 0%
18:59:11 | ============================================================
18:59:11 | ============================================================
18:59:11 | 🔻 Day: -0.15% realised (loss limit $9.44, 4% used · dial 15%/month) [C483]
18:59:11 | ============================================================
18:59:11 | 
 
  19:07  up 0h24m  scan 0 ------------------------------------------------------------------------
  EQUITY    $252.62  unreal $+0.36
  OPEN      flat  free $228.54
  SHADOW    intraday M1 +0.00%  M1g +0.00%  1d paper only
  BOOK      9 pos gross $119.95 (0.47x)  open $+0.36  funding $+0.00  vol 20% top 20
            rebal 2026-09-25
  SESSION   $+0.36 +0.14%  peak $252.63
  DAY       real $-0.37  limit $9.44 (3.74%)  4% used
            #.........................
  MONTH     dial 15%  used $0.54 of $37.92  from $252.81
  RECORD    no closed trades yet this run
  LIFETIME  139tr 44W 95L 32%  $+2.26
  FEES      no fills yet this run
  MARKET    bias +0.00  breadth +0.00
  ------------------------------------------------------------------------------------------------
 
19:07:12 | 
19:07:12 | ============================================================
19:07:12 | 📊 POSITION SUMMARY (8-MIN UPDATE)
19:07:12 | 💰 Equity: $252.26 | Unrealized: $+0.36
19:07:12 | 💵 Available: $228.54 | Locked: $23.73
19:07:12 | 📈 Session: $+0.36 (+0.1%)
19:07:12 | 🎯 Win Rate: Overall 32% | Session 0% | Open 0%
19:07:12 | ============================================================
19:07:12 | ============================================================
19:07:12 | 🔻 Day: -0.15% realised (loss limit $9.44, 4% used · dial 15%/month) [C483]
19:07:12 | ============================================================
19:07:12 | 
 
  19:15  up 0h32m  scan 0 ------------------------------------------------------------------------
  EQUITY    $252.56  unreal $+0.30
  OPEN      flat  free $228.54
  SHADOW    intraday M1 +0.00%  M1g +0.00%  1d paper only
  BOOK      9 pos gross $119.17 (0.47x)  open $+0.30  funding $+0.00  vol 20% top 20
            rebal 2026-09-25
  SESSION   $+0.30 +0.12%  peak $252.63  dd 0.03%
  DAY       real $-0.37  limit $9.44 (3.74%)  4% used
            #.........................
  MONTH     dial 15%  used $0.54 of $37.92  from $252.81
  RECORD    no closed trades yet this run
  LIFETIME  139tr 44W 95L 32%  $+2.26
  FEES      no fills yet this run
  MARKET    bias +0.00  breadth +0.00
  ------------------------------------------------------------------------------------------------
 
19:15:12 | 
19:15:12 | ============================================================
19:15:12 | 📊 POSITION SUMMARY (8-MIN UPDATE)
19:15:12 | 💰 Equity: $252.26 | Unrealized: $+0.30
19:15:12 | 💵 Available: $228.54 | Locked: $23.73
19:15:12 | 📈 Session: $+0.30 (+0.1%)
19:15:12 | 🎯 Win Rate: Overall 32% | Session 0% | Open 0%
19:15:12 | ============================================================
19:15:12 | ============================================================
19:15:12 | 🔻 Day: -0.15% realised (loss limit $9.44, 4% used · dial 15%/month) [C483]
19:15:12 | ============================================================
19:15:12 | 
