09:17:00 | 🛑 C516 the book holds 12 Bitget positions but this run reads Binance: it will not trade
    or mark them. To change venue, start fresh (touch data/FRESH_START, then restart)
09:17:00 | 📊 Paper Mode
09:17:00 | ✅ Connected | 739 futures markets (Binance USDⓈ-M)
09:17:00 |    📅 C482 month anchor 2026-10: $500.00 (budget 20% = $100.00)
 
  ================================================================================================
  OMEGA C517  PAPER  Binance perps
  01 Oct 2026   09:17
  start $500.00 realised  risk dial 20%/month
  ================================================================================================
 
  RISK FRAME -------------------------------------------------------------------------------------
  EQUITY    $500.00 realised  739 markets
  MONTH     dial 20% = $100.00 this month  used $0.00 realised
  BOOK      daily trend + momentum + carry, rebalanced 00:05 UTC
            month guard on MARKED equity (open P&L counts)  intraday scanner idle
  ------------------------------------------------------------------------------------------------
 
09:17:00 | 🌐 Remote control on http://0.0.0.0:8138 — TOKEN REQUIRED
09:17:00 |    📱 Local network: http://10.0.0.160:8138/?t=<your token> (this machine's own address)
09:17:00 |    🌍 Internet: put a Cloudflare Tunnel in front of this port.
09:17:00 |        See deploy/DEPLOY.md — one command, no open ports, free.
09:17:00 | 📊 C503 WHAT IS RUNNING -- the portfolio book trades:
09:17:00 |    RULE   C2 N2+N3: C2 = residual momentum, no crowded shorts (N2+N3) -- a FORWARD TEST
    in paper (C510); the admitted rule is scored beside it in the rule tournament
09:17:00 |    BOOK   trend (C1) + momentum (C2) + carry (C3), equal risk; vol target 27% from the
    20% dial; gross <= 3x equity; top 20 crypto; $6 minimum; 30% band
09:17:00 |           rebalanced daily 00:05 UTC with market orders (paper fills at the ask/bid,
    taker 0.05%); 5x cross margin; funding at each coin's own interval; its one limit is the month
    guard on MARKED equity
09:17:00 |    PAPER  never touches the account: intraday shadow (C489) hourly · carry (C490) 00:10
    UTC · spot pot (C501/C502) $250, spot minimum $5, 00:20 UTC · idle cash -> Savings at 6.80%
    every minute · rule tournament (C510, 7 rules on the same prices) at each rebalance
09:17:00 |    IDLE   the intraday scanner, the OLD strategy (139 trades, 44W/95L before the 29 Sep
    2026 fresh start; it lost after fees): it opens nothing, and its boot description is not printed
    (OMEGA_ENGINE=intraday runs and describes it)
09:17:00 | 💡 Stop safely: sudo systemctl stop omega (Ctrl+C only when run by hand)
09:17:01 |    📅 C488 month anchor 2026-10: $500.00 (marked; budget 20% = $100.00)
