12:26:20 | 📊 Paper Mode
12:26:20 | ✅ Connected | 740 futures markets (Binance USDⓈ-M)
 
  ================================================================================================
  OMEGA C521  PAPER  Binance perps
  02 Oct 2026   12:26
  start $499.72 realised  risk dial 20%/month
  ================================================================================================
 
  RISK FRAME -------------------------------------------------------------------------------------
  EQUITY    $499.72 realised  740 markets
  MONTH     dial 20% = $100.00 this month  used $0.28 realised
  BOOK      daily trend + momentum + carry, rebalanced 00:05 UTC
            month guard on MARKED equity (open P&L counts)  intraday scanner idle
  ------------------------------------------------------------------------------------------------
 
12:26:20 | 🌐 Remote control on http://0.0.0.0:8138 — TOKEN REQUIRED
12:26:20 |    📱 Local network: http://10.0.0.160:8138/?t=<your token> (this machine's own address)
12:26:20 |    🌍 Internet: put a Cloudflare Tunnel in front of this port.
12:26:20 |        See deploy/DEPLOY.md — one command, no open ports, free.
12:26:20 | 📊 C503 WHAT IS RUNNING -- the portfolio book trades:
12:26:20 |    RULE   C2 N2+N3 + range vol (GK): C2 = residual momentum, no crowded shorts (N2+N3) --
    a FORWARD TEST in paper (C510); the admitted rule is scored beside it in the rule tournament
12:26:20 |    BOOK   trend (C1) + momentum (C2) + carry (C3), equal risk; vol target 27% from the
    20% dial; gross <= 3x equity; top 20 crypto; $6 minimum; 30% band
12:26:20 |           rebalanced daily 00:05 UTC with market orders (paper fills at the ask/bid,
    taker 0.05%); 5x cross margin; funding at each coin's own interval; its one limit is the month
    guard on MARKED equity
12:26:20 |    PAPER  never touches the account: intraday shadow (C489) hourly · carry (C490) 00:10
    UTC · spot pot (C501/C502) $250, spot minimum $5, 00:20 UTC · idle cash -> Savings at 6.69%
    every minute · rule tournament (C510, 9 rules on the same prices) at each rebalance · BFUSD
    wallet at 7.66% (C521) · the same plan on Delta Exchange India, $500 (C521)
12:26:20 |    IDLE   the intraday scanner, the OLD strategy (139 trades, 44W/95L before the 29 Sep
    2026 fresh start; it lost after fees): it opens nothing, and its boot description is not printed
    (OMEGA_ENGINE=intraday runs and describes it)
12:26:20 | 💡 Stop safely: sudo systemctl stop omega (Ctrl+C only when run by hand)
12:32:31 |    👻 C489 shadow hour 07:00 UTC: 37 coins scored (full (16 features)), gate shut | M1
    $459.69 (-8.03%) M1g $499.83 (+0.00%) over 2d [5s]
 
  12:34  up 0h08m  daily book --------------------------------------------------------------------
  EQUITY    $499.29  unreal $-0.43
  OPEN      no intraday positions  book holds 11 (BOOK row)  free $433.92 after open P&L
  SHADOW    intraday M1 $459.69 (-8.03%)  M1g $499.83 (+0.00%)  2d paper only
  CARRY     $499.12 (-0.14%)  7 held  paper only
  SPOT      $250.37 (+0.15%)  3 held  11% invested  cash earns 6.69%  paper pot
  SAVINGS   idle $308.99 (62%)  at 6.69% +$0.06 so far  ~$1.72/month  paper
  BFUSD     wallet $499.15 at 7.66%  +$0.00 so far  ~$3.19/month  vs Savings $1.72  paper
  DELTA     $499.58 (-0.08%)  10 held  fees $0.20  funding $+0.00  paper, same plan
  BOOK      11 pos gross $331.09 (0.66x)  open $-0.43  funding $+0.00  vol 27% top 20
            rebal 2026-10-02
  CONTEXT   since 01 Oct $-0.71 (-0.14%) in 1.1d  normal -1.3% to +1.8%  bottom 42%: normal
  RULE      C2 N2+N3 + range vol (GK)  forward test (paper)
  TOURNEY   1d from 2026-10-01  base -0.86%  N2 -0.91%  N3 -0.56%  N2+N3 -0.54%  +K4 -0.69%
            +GK* -0.44%  +K4+GK -0.64%
  DATA      on time  prices 34s  funding booked  book today  shadow 07:00  carry today
            spot pot today
  SESSION   $-0.00 -0.00%
  MONTH     book guard $0.71 of $100.00 used  on marked equity  from $500.00  dial 20%
            ..........................
  RECORD    book closed 1  0W 1L  net $-0.12  fees and funding in
  FEES      no fills yet this run (the book trades at 00:05 UTC)
  ------------------------------------------------------------------------------------------------
 
12:34:21 | 🎯 C510 Book (what trades): 11 positions, gross 0.66x, open $-0.43 | rule C2 N2+N3 + range
    vol (GK) | closed 1: 0W/1L $-0.12 | since 01 Oct -0.14% (normal)
 
  12:42  up 0h16m  daily book --------------------------------------------------------------------
  EQUITY    $499.22  unreal $-0.50
  OPEN      no intraday positions  book holds 11 (BOOK row)  free $433.85 after open P&L
  SHADOW    intraday M1 $459.69 (-8.03%)  M1g $499.83 (+0.00%)  2d paper only
  CARRY     $499.12 (-0.14%)  7 held  paper only
  SPOT      $250.40 (+0.16%)  3 held  11% invested  cash earns 6.69%  paper pot
  SAVINGS   idle $309.04 (62%)  at 6.69% +$0.06 so far  ~$1.72/month  paper
  BFUSD     wallet $499.21 at 7.66%  +$0.00 so far  ~$3.19/month  vs Savings $1.72  paper
  DELTA     $499.63 (-0.07%)  10 held  fees $0.20  funding $+0.00  paper, same plan
  BOOK      11 pos gross $331.23 (0.66x)  open $-0.50  funding $+0.00  vol 27% top 20
            rebal 2026-10-02
  CONTEXT   since 01 Oct $-0.78 (-0.16%) in 1.1d  normal -1.3% to +1.8%  bottom 42%: normal
  RULE      C2 N2+N3 + range vol (GK)  forward test (paper)
  TOURNEY   1d from 2026-10-01  base -0.86%  N2 -0.91%  N3 -0.56%  N2+N3 -0.54%  +K4 -0.69%
            +GK* -0.44%  +K4+GK -0.64%
  DATA      on time  prices 27s  funding booked  book today  shadow 07:00  carry today
            spot pot today
  SESSION   $-0.07 -0.01%  peak $499.29  dd 0.01%
  MONTH     book guard $0.78 of $100.00 used  on marked equity  from $500.00  dial 20%
            ..........................
  RECORD    book closed 1  0W 1L  net $-0.12  fees and funding in
  FEES      no fills yet this run (the book trades at 00:05 UTC)
  ------------------------------------------------------------------------------------------------
 
12:42:21 | 🎯 C510 Book (what trades): 11 positions, gross 0.66x, open $-0.50 | rule C2 N2+N3 + range
    vol (GK) | closed 1: 0W/1L $-0.12 | since 01 Oct -0.16% (normal)
 
  12:50  up 0h24m  daily book --------------------------------------------------------------------
  EQUITY    $499.05  unreal $-0.67
  OPEN      no intraday positions  book holds 11 (BOOK row)  free $433.68 after open P&L
  SHADOW    intraday M1 $459.69 (-8.03%)  M1g $499.83 (+0.00%)  2d paper only
  CARRY     $499.12 (-0.14%)  7 held  paper only
  SPOT      $250.37 (+0.15%)  3 held  11% invested  cash earns 6.69%  paper pot
  SAVINGS   idle $308.95 (62%)  at 6.69% +$0.06 so far  ~$1.72/month  paper
  BFUSD     wallet $499.09 at 7.66%  +$0.00 so far  ~$3.19/month  vs Savings $1.72  paper
  DELTA     $499.48 (-0.10%)  10 held  fees $0.20  funding $+0.00  paper, same plan
  BOOK      11 pos gross $330.49 (0.66x)  open $-0.67  funding $+0.00  vol 27% top 20
            rebal 2026-10-02
  CONTEXT   since 01 Oct $-0.95 (-0.19%) in 1.1d  normal -1.3% to +1.8%  bottom 40%: normal
  RULE      C2 N2+N3 + range vol (GK)  forward test (paper)
  TOURNEY   1d from 2026-10-01  base -0.86%  N2 -0.91%  N3 -0.56%  N2+N3 -0.54%  +K4 -0.69%
            +GK* -0.44%  +K4+GK -0.64%
  DATA      on time  prices 21s  funding booked  book today  shadow 07:00  carry today
            spot pot today
  SESSION   $-0.24 -0.05%  peak $499.29  dd 0.05%
  MONTH     book guard $0.95 of $100.00 used  on marked equity  from $500.00  dial 20%
            ..........................
  RECORD    book closed 1  0W 1L  net $-0.12  fees and funding in
  FEES      no fills yet this run (the book trades at 00:05 UTC)
  ------------------------------------------------------------------------------------------------
 
12:50:21 | 🎯 C510 Book (what trades): 11 positions, gross 0.66x, open $-0.67 | rule C2 N2+N3 + range
    vol (GK) | closed 1: 0W/1L $-0.12 | since 01 Oct -0.19% (normal)
 
  12:58  up 0h32m  daily book --------------------------------------------------------------------
  EQUITY    $499.16  unreal $-0.56
  OPEN      no intraday positions  book holds 11 (BOOK row)  free $433.79 after open P&L
  SHADOW    intraday M1 $459.69 (-8.03%)  M1g $499.83 (+0.00%)  2d paper only
  CARRY     $499.12 (-0.14%)  7 held  paper only
  SPOT      $250.37 (+0.15%)  3 held  11% invested  cash earns 6.69%  paper pot
  SAVINGS   idle $309.03 (62%)  at 6.69% +$0.07 so far  ~$1.72/month  paper
  BFUSD     wallet $499.20 at 7.66%  +$0.00 so far  ~$3.19/month  vs Savings $1.72  paper
  DELTA     $499.53 (-0.09%)  10 held  fees $0.20  funding $+0.00  paper, same plan
  BOOK      11 pos gross $330.34 (0.66x)  open $-0.56  funding $+0.00  vol 27% top 20
            rebal 2026-10-02
  CONTEXT   since 01 Oct $-0.84 (-0.17%) in 1.1d  normal -1.3% to +1.8%  bottom 41%: normal
  RULE      C2 N2+N3 + range vol (GK)  forward test (paper)
  TOURNEY   1d from 2026-10-01  base -0.86%  N2 -0.91%  N3 -0.56%  N2+N3 -0.54%  +K4 -0.69%
            +GK* -0.44%  +K4+GK -0.64%
  DATA      on time  prices 14s  funding booked  book today  shadow 07:00  carry today
            spot pot today
  SESSION   $-0.13 -0.03%  peak $499.29  dd 0.03%
  MONTH     book guard $0.84 of $100.00 used  on marked equity  from $500.00  dial 20%
            ..........................
  RECORD    book closed 1  0W 1L  net $-0.12  fees and funding in
  FEES      no fills yet this run (the book trades at 00:05 UTC)
  ------------------------------------------------------------------------------------------------
 
12:58:22 | 🎯 C510 Book (what trades): 11 positions, gross 0.66x, open $-0.56 | rule C2 N2+N3 + range
    vol (GK) | closed 1: 0W/1L $-0.12 | since 01 Oct -0.17% (normal)
 
  13:06  up 0h40m  daily book --------------------------------------------------------------------
  EQUITY    $498.96  unreal $-0.76
  OPEN      no intraday positions  book holds 11 (BOOK row)  free $433.59 after open P&L
  SHADOW    intraday M1 $459.69 (-8.03%)  M1g $499.83 (+0.00%)  2d paper only
  CARRY     $499.12 (-0.14%)  7 held  paper only
  SPOT      $250.34 (+0.14%)  3 held  11% invested  cash earns 6.69%  paper pot
  SAVINGS   idle $308.82 (62%)  at 6.69% +$0.07 so far  ~$1.72/month  paper
  BFUSD     wallet $498.92 at 7.66%  +$0.00 so far  ~$3.18/month  vs Savings $1.72  paper
  DELTA     $499.49 (-0.10%)  10 held  fees $0.20  funding $+0.00  paper, same plan
  BOOK      11 pos gross $329.86 (0.66x)  open $-0.76  funding $+0.00  vol 27% top 20
            rebal 2026-10-02
  CONTEXT   since 01 Oct $-1.04 (-0.21%) in 1.2d  normal -1.3% to +1.8%  bottom 39%: normal
  RULE      C2 N2+N3 + range vol (GK)  forward test (paper)
  TOURNEY   1d from 2026-10-01  base -0.86%  N2 -0.91%  N3 -0.56%  N2+N3 -0.54%  +K4 -0.69%
            +GK* -0.44%  +K4+GK -0.64%
  DATA      on time  prices 6s  funding booked  book today  shadow 07:00  carry today
            spot pot today
  SESSION   $-0.33 -0.07%  peak $499.29  dd 0.07%
  CURVE     +++=+=
  MONTH     book guard $1.04 of $100.00 used  on marked equity  from $500.00  dial 20%
            ..........................
  RECORD    book closed 1  0W 1L  net $-0.12  fees and funding in
  FEES      no fills yet this run (the book trades at 00:05 UTC)
  ------------------------------------------------------------------------------------------------
 
13:06:22 | 🎯 C510 Book (what trades): 11 positions, gross 0.66x, open $-0.76 | rule C2 N2+N3 + range
    vol (GK) | closed 1: 0W/1L $-0.12 | since 01 Oct -0.21% (normal)
 
  13:14  up 0h48m  daily book --------------------------------------------------------------------
  EQUITY    $498.83  unreal $-0.89
  OPEN      no intraday positions  book holds 11 (BOOK row)  free $433.46 after open P&L
  SHADOW    intraday M1 $459.69 (-8.03%)  M1g $499.83 (+0.00%)  2d paper only
  CARRY     $499.12 (-0.14%)  7 held  paper only
  SPOT      $250.34 (+0.14%)  3 held  11% invested  cash earns 6.69%  paper pot
  SAVINGS   idle $308.75 (62%)  at 6.69% +$0.07 so far  ~$1.72/month  paper
  BFUSD     wallet $498.83 at 7.66%  +$0.00 so far  ~$3.18/month  vs Savings $1.72  paper
  DELTA     $499.24 (-0.15%)  10 held  fees $0.20  funding $+0.00  paper, same plan
  BOOK      11 pos gross $330.14 (0.66x)  open $-0.89  funding $+0.00  vol 27% top 20
            rebal 2026-10-02
  CONTEXT   since 01 Oct $-1.17 (-0.23%) in 1.2d  normal -1.3% to +1.9%  bottom 38%: normal
  RULE      C2 N2+N3 + range vol (GK)  forward test (paper)
  TOURNEY   1d from 2026-10-01  base -0.86%  N2 -0.91%  N3 -0.56%  N2+N3 -0.54%  +K4 -0.69%
            +GK* -0.44%  +K4+GK -0.64%
  DATA      on time  prices 38s  funding booked  book today  shadow 07:00  carry today
            spot pot today
  SESSION   $-0.46 -0.09%  peak $499.29  dd 0.09%
  CURVE     +++=+==
  MONTH     book guard $1.17 of $100.00 used  on marked equity  from $500.00  dial 20%
            ..........................
  RECORD    book closed 1  0W 1L  net $-0.12  fees and funding in
  FEES      no fills yet this run (the book trades at 00:05 UTC)
  ------------------------------------------------------------------------------------------------
 
13:14:22 | 🎯 C510 Book (what trades): 11 positions, gross 0.66x, open $-0.89 | rule C2 N2+N3 + range
    vol (GK) | closed 1: 0W/1L $-0.12 | since 01 Oct -0.23% (normal)
