17:12:35 | 📊 Paper Mode
17:12:37 | ✅ Connected | 804 futures markets
17:12:37 | 📊 Bitget Fees: Maker 0.02% | Taker 0.06%
17:12:37 | 📊 Market type: PERPETUAL FUTURES (swap) — verified
17:12:37 | 📋 Limit Orders: ENABLED (offset 0.1%) -- the idle intraday scanner's; the book trades with market orders
17:12:37 | 📂 Loaded state: $250.39 realised | 0 intraday positions | available $226.45 before open P&L (locked $23.94)
17:12:37 | 📐 RISK @ $250.39: monthly dial 15% = $37.92/month (15% of this month's anchor $252.81)  |  the portfolio book trades: its month guard closes the book if MARKED equity falls that far below the month's anchor [C497]
 
  ================================================================================================
  OMEGA C504  PAPER  Bitget perps
  28 Sep 2026   17:12
  start $250.39 realised  risk dial 15%/month
  ================================================================================================
 
  RISK FRAME -------------------------------------------------------------------------------------
  EQUITY    $250.39 realised  804 markets
  MONTH     dial 15% = $37.92 this month  used $2.42 realised
  BOOK      daily trend + momentum + carry, rebalanced 00:05 UTC
            month guard on MARKED equity (open P&L counts)  intraday scanner idle
  ------------------------------------------------------------------------------------------------
 
17:12:37 |    (legacy Flask page not installed — the dashboard is the control panel)
17:12:37 | 🌐 Remote control on http://0.0.0.0:8138 — TOKEN REQUIRED
17:12:37 |    📱 Local network: http://10.0.0.160:8138/?t=<your token> (this machine's own address)
17:12:37 |    🌍 Internet: put a Cloudflare Tunnel in front of this port.
17:12:37 |        See deploy/DEPLOY.md — one command, no open ports, free.
17:12:37 | ============================================================
17:12:37 | 🤖 OMEGA V60 — INFORMATION ENGINE (C466)
17:12:37 |    ℹ️ C497: the portfolio book trades. The blocks below describe the INTRADAY SCANNER, which is idle (OMEGA_ENGINE=intraday restores it); the book is summarised in the RISK FRAME above and the BOOK row every 8 min
17:12:37 | 📊 C503 WHAT IS RUNNING -- the portfolio book trades:
17:12:37 |    BOOK   trend (C1) + momentum (C2) + carry (C3), equal risk; vol target 20% from the 15% dial; gross <= 3x equity; top 20 crypto; $6 minimum; 30% band
17:12:37 |           rebalanced daily 00:05 UTC with market orders (paper fills at the ask/bid, taker 0.06%); 5x cross margin; funding at each coin's own interval; its one limit is the month guard on MARKED equity
17:12:37 |    PAPER  never touches the account: intraday shadow (C489) hourly · carry (C490) 00:10 UTC · spot pot (C501/C502) $250, spot minimum $1, 00:20 UTC · idle cash -> Savings at 7.63% every minute · allostatic shadow (K4) at each rebalance
17:12:37 |    IDLE   the intraday scanner (OMEGA_ENGINE=intraday restores it): every block below, to the 'stop safely' line, describes it
17:12:37 |    🧪 C364 PAPER=LIVE PARITY — costs modelled in paper (the idle scanner's; the book's are in the summary above):
17:12:37 |       • entries: post-only, REJECTED if the limit would cross (mirrors C363 live)
17:12:37 |       • market fills: lift the ASK / hit the BID — never the last price
17:12:37 |       • exit fee: taker on current notional
17:12:37 |       • funding: charged per 8h settlement crossed
17:12:37 |       NOT modelled: partial fills, API outages, queue position.
17:12:37 | ============================================================
17:12:37 | 🔒 Score floor reset: 0.32 (single mode — HP retired at C403-3) -- the idle scanner's
17:12:37 | 🧮 C458 EDGE STATE (the idle scanner's own trade record) — what it would permit today:
17:12:37 |    realised 6W/14L → shrunk base rate 0.400; fair odds for a 2.00R target are 0.333
17:12:37 |    blended edge +0.0474  (prior +0.0467 x0.60 + realised +0.0485 x0.40 (n=20; anchored on realised payoff 2.10 (7W/13L in R) (break-even wr 0.322 vs realised 0.400 = e +0.0776) x extrapolation shrink 0.63 to T 1.41R))
17:12:37 |    ✅ edge is positive — the expectancy gate is open on merit, and exploration should stay idle.
17:12:37 | 📋 Version history: OMEGA_CODE_ATLAS.md in the repo; CHANGELOG.md here records up to C466
17:12:37 | ============================================================
17:12:37 | 📊 INTRADAY SCANNER — IDLE while the book trades; what OMEGA_ENGINE=intraday would run:
17:12:37 |   1 SCANNER    804 markets → volume floor → top 30 by liveliness
17:12:37 |   2 ENTRY      11 signal components → one score; only 3 hard vetoes
17:12:37 |                (can't pay fees / no room to stop / not tradeable).
17:12:37 |                Everything else is a weighted penalty [C403-5].
17:12:37 |                EXPECTANCY GATE [C404/C405]: R = proj×√t ÷ stop,
17:12:37 |                E = p(R×0.60)−(1−p); E must clear 0 AND the live percentile bar.
17:12:37 |                TRADES/DAY [C467]: NO CAP. No count target, no hard cap, no per-scan limit. 2/pair still applies (that is concentration, not pace).
17:12:37 |                What refuses a trade now: the three hard vetoes only — can't pay fees, no room to stop, not tradeable. E<0 is a PENALTY while p has no measured skill [C467].
17:12:37 |   3 MONITOR    SPLIT LOOP [C397]: prices every 0.8s (stop, floors);
17:12:37 |                OHLCV/DRI every 20s; regime every 90s, AFTER positions.
17:12:37 |   4 EXIT       4 questions: hard stop · thesis dead (C399 retention)
17:12:37 |                · profit floor (C397 runner floor binds) · time.
17:12:37 |                Loss patience is BOUNDED at 1.35× the soft limit [C404-2].
17:12:37 |   SESSIONS     when each market DISCOVERS its price, in IST (US is currently on EDT):
17:12:37 |                crypto        24/7        · metals+energy  Globex ~24/5
17:12:37 |                US equity     19:00–01:30 IST  (a NIGHT session from India)
17:12:37 |                index futures Globex ~24/5 (SP500/NDX100 are futures, not cash)
17:12:37 |                Korea (KRX)   05:30–12:00 IST · HK  07:00–13:30 IST (lunch 09:30–10:30)
17:12:37 |                ● OPEN  crypto        24/7
17:12:37 |                ○ shut  us_equity     US cash closed
17:12:37 |                ● OPEN  index_future  Globex index
17:12:37 |                ● OPEN  metal         Globex
17:12:37 |                ○ shut  korea_equity  KRX closed
17:12:37 |                ○ shut  hk_equity     HKEX closed
17:12:37 |   UNIVERSE     464 crypto + 340 RWA perps (stocks/metals/energy/ETFs) today,
17:12:37 |                session-gated; leverage scaled to each instrument's own ATR;
17:12:37 |                fee burden inside E. ONE POOL, no per-class quota [C409].
17:12:37 |                WHY (measured at C409): crypto alive 39.3% of bars, ANY asset alive 59.8%
17:12:37 |                (+20.5pp). Cross-class aliveness corr +0.04/+0.14 vs
17:12:37 |                crypto's OWN internal factor corr +0.925 — real diversification.
17:12:37 |   EDGES        C398 capitulation tilt (down-side only, +4.67pp measured)
17:12:37 |                C396 session tilt · C401 taker-flow (instrumented)
17:12:37 |                C403-7 flow term ±10% on direction
17:12:37 |   RETIRED      HP phase ladder (C403-3: 5 incident classes, 0 benefit)
17:12:37 |                Guardian + C329 (C403-4: 4 controllers, none knew the risk)
17:12:37 |                per-symbol learning (C403-2: needs ~10 months of trades)
17:12:37 |                DSI+DRI divergence / DRI HARD (C399: unreachable by construction)
17:12:37 | ============================================================
17:12:37 | ============================================================
17:12:37 | ✅ DRI SYSTEM (11 components, renormalised to exactly 1.0 [C400]) -- the idle scanner's exit model:
17:12:37 |    Threshold: 0.3 | Hard: 0.5
17:12:37 |    Weights: Mom=0.18 Tech=0.16 Vol=0.11
17:12:37 |    ML=0.04 Wave=0.04 OFI=0.06
17:12:37 |    Fund=0.05 MTF=0.06 RVS=0.07
17:12:37 |    PA=0.15(dyn→0.45) Time=0.10 — nominal sum 1.02, rescaled to 1.00 at runtime [C400: was 1.113]
17:12:37 |    DSI = 6 of those 11 (Mom/Vol/Tech/ML/Wave/MTF, sum 0.59) inverted, Hurst-modulated, now unit-scaled [C400]
17:12:37 |    READ THEM AS: DRI negative = reversal thesis STRONG; DRI→0 = thesis DYING. DSI positive = sustainable; DSI→0 = spent.
17:12:37 |    Updates: every 20s (15m candles do not move faster; prices stay on the 0.8s leg)
17:12:37 | ============================================================
17:12:37 | 📋 CONFIGURATION:
17:12:37 |    💰 Equity: $250.39 realised | Available: $226.45 before open P&L
17:12:37 |    📊 Position Sizing (idle scanner): Dynamic allocation, min $5.0 | 3-5 positions
17:12:37 |    🎲 Leverage (idle scanner): 1x-10x  (single mode — HP retired, C403-3)
17:12:37 |    📋 Limit Orders (idle scanner): ON | Maker 0.02% Taker 0.06%
17:12:37 |    🎚️ Loss control: monthly risk dial 15% — the book's month guard on marked equity; no day limit applies to the book (C497)
17:12:37 |    🛡️ Session drawdown breaker: off | Guardian: report only (C482)
17:12:37 |    ⏱️ Prices 0.8s | DRI 20s | Summary 480s | Min age 15min (the summary is the 8-min block; the rest are the scanner's)
17:12:37 |    🧠 Shared learning ON (Markov chains, calibration). Per-symbol memory OFF [C403-2]. -- the idle scanner's
17:12:37 | ============================================================
17:12:37 | 📊 MODE: NORMAL
17:12:37 | ============================================================
17:12:37 | 💡 Stop safely: sudo systemctl stop omega (Ctrl+C only when run by hand)
17:12:37 | ============================================================
17:12:37 | 🔄 Monitoring thread started — SPLIT LOOP [C397]: FAST leg every 0.8s (prices in PARALLEL → hard stop, trailing floor, peak floor, capture floor); SLOW leg every 20s (OHLCV/DRI) and 90s (BTC/ETH regime, AFTER positions are checked, never before) -- it watches INTRADAY positions; the book has no stops, its one limit is the month guard
17:12:40 | 💼 C488: portfolio engine ON -- the intraday scanner opens no new positions (OMEGA_ENGINE=intraday restores it); the book holds 9 positions
