
  ================================================================================================
  OMEGA C506  PAPER  Bitget perps
  29 Sep 2026   10:02
  start $243.80 realised  risk dial 15%/month
  ================================================================================================

  RISK FRAME -------------------------------------------------------------------------------------
  EQUITY    $243.80 realised  804 markets
  MONTH     dial 15% = $37.92 this month  used $9.01 realised
  BOOK      daily trend + momentum + carry, rebalanced 00:05 UTC
            month guard on MARKED equity (open P&L counts)  intraday scanner idle
  ------------------------------------------------------------------------------------------------



  10:10  up 0h08m  scan 0 ------------------------------------------------------------------------
  EQUITY    $241.35  unreal $-2.45
  OPEN      no intraday positions  book holds 8 (BOOK row)  free $220.56 after open P&L
  SHADOW    intraday M1 $257.09 (+1.91%)  M1g $253.68 (+0.56%)  5d paper only
  CARRY     $252.18 (-0.03%)  8 held  paper only
  SPOT      $249.01 (-0.40%)  16 held  24% invested  cash earns 7.63%  paper pot
  SAVINGS   idle $172.31 (71%)  at 7.63% +$0.03 so far  ~$1.10/month  paper
  BOOK      8 pos gross $100.81 (0.42x)  open $-2.45  funding $+0.00  vol 20% top 20
            rebal 2026-09-29
  DATA      on time  prices 32s  funding booked  book today  shadow 04:00  carry today
            spot pot today
  SESSION   $+0.01 +0.00%
  MONTH     book guard $11.46 of $37.92 used  on marked equity  from $252.81  dial 15%
            ########..................
  RECORD    no closed trades yet this run
  LIFETIME  139tr 44W 95L 32% intraday  account $-6.20 realised
  FEES      no fills yet this run
  ------------------------------------------------------------------------------------------------

