09:33:51 | 📊 Paper Mode
09:33:51 | ✅ Connected | 740 futures markets (Binance USDⓈ-M)
 
  ================================================================================================
  OMEGA C525  PAPER  Binance perps
  03 Oct 2026   09:33
  start $499.71 realised  risk dial 20%/month
  ================================================================================================
 
  RISK FRAME -------------------------------------------------------------------------------------
  EQUITY    $499.71 realised  740 markets
  MONTH     dial 20% = $100.00 this month  used $0.29 realised
  BOOK      daily trend + momentum + carry, rebalanced 00:05 UTC
            month guard on MARKED equity (open P&L counts)  intraday scanner idle
  ------------------------------------------------------------------------------------------------
 
09:33:51 | 🌐 Remote control on http://0.0.0.0:8138 — TOKEN REQUIRED
09:33:51 |    📱 Local network: http://10.0.0.160:8138/?t=<your token> (this machine's own address)
09:33:51 |    🌍 Internet: put a Cloudflare Tunnel in front of this port.
09:33:51 |        See deploy/DEPLOY.md — one command, no open ports, free.
09:33:51 | 📊 C503 WHAT IS RUNNING -- the portfolio book trades:
09:33:51 |    RULE   C2 N2+N3 + range vol (GK): C2 = residual momentum, no crowded shorts (N2+N3) --
    a FORWARD TEST in paper (C510); the admitted rule is scored beside it in the rule tournament
09:33:51 |    BOOK   trend (C1) + momentum (C2) + carry (C3), equal risk; vol target 27% from the
    20% dial; gross <= 3x equity; top 20 crypto; $6 minimum; 30% band
09:33:51 |           rebalanced daily 00:05 UTC with market orders (paper fills at the ask/bid,
    taker 0.05%); 5x cross margin; funding at each coin's own interval; its one limit is the month
    guard on MARKED equity
09:33:51 |    PAPER  never touches the account: intraday shadow (C489) hourly · carry (C490) 00:10
    UTC · spot pot (C501/C502) $250, spot minimum $5, 00:20 UTC · idle cash -> Savings at 6.69%
    every minute · rule tournament (C510, 9 rules on the same prices) at each rebalance · BFUSD
    wallet at 7.66% (C521) · the same plan on Delta Exchange India, $500 (C521) · Delta vs Binance
    funding spread, both legs, $500 (C524)
09:33:51 |    IDLE   the intraday scanner, the OLD strategy (139 trades, 44W/95L before the 29 Sep
    2026 fresh start; it lost after fees): it opens nothing, and its boot description is not printed
    (OMEGA_ENGINE=intraday runs and describes it)
09:33:52 | 💡 Stop safely: sudo systemctl stop omega (Ctrl+C only when run by hand)
 
  09:41  up 0h08m  daily book --------------------------------------------------------------------
  EQUITY    $499.27  unreal $-0.44
  OPEN      no intraday positions  book holds 9 (BOOK row)  free $436.57 after open P&L
  SHADOW    intraday M1 $506.86 (+1.43%)  M1g $502.41 (+0.54%)  2d paper only
  CARRY     $499.11 (-0.15%)  8 held  paper only
  SPOT      $249.73 (-0.11%)  1 held  4% invested  cash earns 6.69%  paper pot
  SAVINGS   idle $311.75 (62%)  at 6.69% +$0.11 so far  ~$1.74/month  paper
  BFUSD     wallet $499.27 at 7.66%  +$0.09 so far  ~$3.19/month  vs Savings $1.74  paper
  DELTA     $499.75 (-0.05%)  9 held  fees $0.20  funding $+0.01  paper, same plan
  XVENUE    $499.35 (-0.13%)  10 pairs  funding $+0.00  fees $0.74  paper, Delta vs Binance
  BOOK      9 pos gross $308.03 (0.62x)  open $-0.45  funding $-0.04  vol 27% top 20
            rebal 2026-10-03
  CONTEXT   since 01 Oct $-0.73 (-0.15%) in 2.0d  normal -1.7% to +2.5%  bottom 43%: normal
  RULE      C2 N2+N3 + range vol (GK)  forward test (paper)
  TOURNEY   2d from 2026-10-01  base -0.60%  N2 -0.66%  N3 -0.37%  N2+N3 -0.37%  +K4 -0.42%
            +GK* -0.30%  +K4+GK -0.38%  +GK+DD +0.00%  +GK+XA +0.00%
  DATA      on time  prices 32s  funding booked  book today  shadow 04:00  carry today
            spot pot today
  SESSION   $-0.15 -0.03%  peak $499.42  dd 0.03%
  MONTH     book guard $0.73 of $100.00 used  on marked equity  from $500.00  dial 20%
            ..........................
  RECORD    book closed 3  2W 1L  net $-0.09  fees and funding in
  FEES      no fills yet this run (the book trades at 00:05 UTC)
  ------------------------------------------------------------------------------------------------
 
09:41:52 | 🎯 C510 Book (what trades): 9 positions, gross 0.62x, open $-0.45 | rule C2 N2+N3 + range
    vol (GK) | closed 3: 2W/1L $-0.09 | since 01 Oct -0.15% (normal)
 
  09:49  up 0h16m  daily book --------------------------------------------------------------------
  EQUITY    $499.07  unreal $-0.64
  OPEN      no intraday positions  book holds 9 (BOOK row)  free $436.37 after open P&L
  SHADOW    intraday M1 $506.86 (+1.43%)  M1g $502.41 (+0.54%)  2d paper only
  CARRY     $499.11 (-0.15%)  8 held  paper only
  SPOT      $249.72 (-0.11%)  1 held  4% invested  cash earns 6.69%  paper pot
  SAVINGS   idle $311.62 (62%)  at 6.69% +$0.11 so far  ~$1.74/month  paper
  BFUSD     wallet $499.10 at 7.66%  +$0.09 so far  ~$3.19/month  vs Savings $1.74  paper
  DELTA     $499.47 (-0.11%)  9 held  fees $0.20  funding $+0.01  paper, same plan
  XVENUE    $499.35 (-0.13%)  10 pairs  funding $+0.00  fees $0.74  paper, Delta vs Binance
  BOOK      9 pos gross $307.66 (0.62x)  open $-0.64  funding $-0.04  vol 27% top 20
            rebal 2026-10-03
  CONTEXT   since 01 Oct $-0.93 (-0.19%) in 2.0d  normal -1.7% to +2.5%  bottom 42%: normal
  RULE      C2 N2+N3 + range vol (GK)  forward test (paper)
  TOURNEY   2d from 2026-10-01  base -0.60%  N2 -0.66%  N3 -0.37%  N2+N3 -0.37%  +K4 -0.42%
            +GK* -0.30%  +K4+GK -0.38%  +GK+DD +0.00%  +GK+XA +0.00%
  DATA      on time  prices 23s  funding booked  book today  shadow 04:00  carry today
            spot pot today
  SESSION   $-0.35 -0.07%  peak $499.42  dd 0.07%
  MONTH     book guard $0.93 of $100.00 used  on marked equity  from $500.00  dial 20%
            ..........................
  RECORD    book closed 3  2W 1L  net $-0.09  fees and funding in
  FEES      no fills yet this run (the book trades at 00:05 UTC)
  ------------------------------------------------------------------------------------------------
 
09:49:52 | 🎯 C510 Book (what trades): 9 positions, gross 0.62x, open $-0.64 | rule C2 N2+N3 + range
    vol (GK) | closed 3: 2W/1L $-0.09 | since 01 Oct -0.19% (normal)
 
  09:57  up 0h24m  daily book --------------------------------------------------------------------
  EQUITY    $498.96  unreal $-0.75
  OPEN      no intraday positions  book holds 9 (BOOK row)  free $436.26 after open P&L
  SHADOW    intraday M1 $506.86 (+1.43%)  M1g $502.41 (+0.54%)  2d paper only
  CARRY     $499.11 (-0.15%)  8 held  paper only
  SPOT      $249.72 (-0.11%)  1 held  4% invested  cash earns 6.69%  paper pot
  SAVINGS   idle $311.53 (62%)  at 6.69% +$0.11 so far  ~$1.74/month  paper
  BFUSD     wallet $498.97 at 7.66%  +$0.09 so far  ~$3.19/month  vs Savings $1.74  paper
  DELTA     $499.40 (-0.12%)  9 held  fees $0.20  funding $+0.01  paper, same plan
  XVENUE    $499.35 (-0.13%)  10 pairs  funding $+0.00  fees $0.74  paper, Delta vs Binance
  BOOK      9 pos gross $307.26 (0.62x)  open $-0.75  funding $-0.04  vol 27% top 20
            rebal 2026-10-03
  CONTEXT   since 01 Oct $-1.04 (-0.21%) in 2.0d  normal -1.7% to +2.5%  bottom 41%: normal
  RULE      C2 N2+N3 + range vol (GK)  forward test (paper)
  TOURNEY   2d from 2026-10-01  base -0.60%  N2 -0.66%  N3 -0.37%  N2+N3 -0.37%  +K4 -0.42%
            +GK* -0.30%  +K4+GK -0.38%  +GK+DD +0.00%  +GK+XA +0.00%
  DATA      on time  prices 18s  funding booked  book today  shadow 04:00  carry today
            spot pot today
  SESSION   $-0.46 -0.09%  peak $499.42  dd 0.09%
  MONTH     book guard $1.04 of $100.00 used  on marked equity  from $500.00  dial 20%
            ..........................
  RECORD    book closed 3  2W 1L  net $-0.09  fees and funding in
  FEES      no fills yet this run (the book trades at 00:05 UTC)
  ------------------------------------------------------------------------------------------------
 
09:57:52 | 🎯 C510 Book (what trades): 9 positions, gross 0.62x, open $-0.75 | rule C2 N2+N3 + range
    vol (GK) | closed 3: 2W/1L $-0.09 | since 01 Oct -0.21% (normal)
 
  10:05  up 0h32m  daily book --------------------------------------------------------------------
  EQUITY    $498.91  unreal $-0.80
  OPEN      no intraday positions  book holds 9 (BOOK row)  free $436.21 after open P&L
  SHADOW    intraday M1 $506.86 (+1.43%)  M1g $502.41 (+0.54%)  2d paper only
  CARRY     $499.11 (-0.15%)  8 held  paper only
  SPOT      $249.71 (-0.11%)  1 held  4% invested  cash earns 6.69%  paper pot
  SAVINGS   idle $311.50 (62%)  at 6.69% +$0.12 so far  ~$1.74/month  paper
  BFUSD     wallet $498.93 at 7.66%  +$0.10 so far  ~$3.18/month  vs Savings $1.74  paper
  DELTA     $499.30 (-0.14%)  9 held  fees $0.20  funding $+0.01  paper, same plan
  XVENUE    $499.35 (-0.13%)  10 pairs  funding $+0.00  fees $0.74  paper, Delta vs Binance
  BOOK      9 pos gross $307.03 (0.61x)  open $-0.80  funding $-0.04  vol 27% top 20
            rebal 2026-10-03
  CONTEXT   since 01 Oct $-1.09 (-0.22%) in 2.0d  normal -1.7% to +2.5%  bottom 41%: normal
  RULE      C2 N2+N3 + range vol (GK)  forward test (paper)
  TOURNEY   2d from 2026-10-01  base -0.60%  N2 -0.66%  N3 -0.37%  N2+N3 -0.37%  +K4 -0.42%
            +GK* -0.30%  +K4+GK -0.38%  +GK+DD +0.00%  +GK+XA +0.00%
  DATA      on time  prices 12s  funding booked  book today  shadow 04:00  carry today
            spot pot today
  SESSION   $-0.51 -0.10%  peak $499.42  dd 0.10%
  MONTH     book guard $1.09 of $100.00 used  on marked equity  from $500.00  dial 20%
            ..........................
  RECORD    book closed 3  2W 1L  net $-0.09  fees and funding in
  FEES      no fills yet this run (the book trades at 00:05 UTC)
  ------------------------------------------------------------------------------------------------
 
10:05:52 | 🎯 C510 Book (what trades): 9 positions, gross 0.61x, open $-0.80 | rule C2 N2+N3 + range
    vol (GK) | closed 3: 2W/1L $-0.09 | since 01 Oct -0.22% (normal)
 
  10:13  up 0h40m  daily book --------------------------------------------------------------------
  EQUITY    $499.00  unreal $-0.71
  OPEN      no intraday positions  book holds 9 (BOOK row)  free $436.30 after open P&L
  SHADOW    intraday M1 $506.86 (+1.43%)  M1g $502.41 (+0.54%)  2d paper only
  CARRY     $499.11 (-0.15%)  8 held  paper only
  SPOT      $249.71 (-0.11%)  1 held  4% invested  cash earns 6.69%  paper pot
  SAVINGS   idle $311.54 (62%)  at 6.69% +$0.12 so far  ~$1.74/month  paper
  BFUSD     wallet $498.99 at 7.66%  +$0.10 so far  ~$3.19/month  vs Savings $1.74  paper
  DELTA     $499.36 (-0.13%)  9 held  fees $0.20  funding $+0.01  paper, same plan
  XVENUE    $499.35 (-0.13%)  10 pairs  funding $+0.00  fees $0.74  paper, Delta vs Binance
  BOOK      9 pos gross $307.31 (0.62x)  open $-0.71  funding $-0.04  vol 27% top 20
            rebal 2026-10-03
  CONTEXT   since 01 Oct $-1.00 (-0.20%) in 2.0d  normal -1.7% to +2.5%  bottom 41%: normal
  RULE      C2 N2+N3 + range vol (GK)  forward test (paper)
  TOURNEY   2d from 2026-10-01  base -0.60%  N2 -0.66%  N3 -0.37%  N2+N3 -0.37%  +K4 -0.42%
            +GK* -0.30%  +K4+GK -0.38%  +GK+DD +0.00%  +GK+XA +0.00%
  DATA      on time  prices 4s  funding booked  book today  shadow 04:00  carry today
            spot pot today
  SESSION   $-0.42 -0.08%  peak $499.42  dd 0.08%
  CURVE     ++====
  MONTH     book guard $1.00 of $100.00 used  on marked equity  from $500.00  dial 20%
            ..........................
  RECORD    book closed 3  2W 1L  net $-0.09  fees and funding in
  FEES      no fills yet this run (the book trades at 00:05 UTC)
  ------------------------------------------------------------------------------------------------
 
10:13:52 | 🎯 C510 Book (what trades): 9 positions, gross 0.62x, open $-0.71 | rule C2 N2+N3 + range
    vol (GK) | closed 3: 2W/1L $-0.09 | since 01 Oct -0.20% (normal)
