09:32:53 |    🏁 C512: the rule tournament's 1 scored day(s) used Bitget's unfinished daily candle and are dropped; its record restarts with the next day scored on final closes
09:32:53 | 📊 Paper Mode
09:32:55 | ✅ Connected | 804 futures markets
09:32:55 | 📊 Bitget Fees: Maker 0.02% | Taker 0.06%
09:32:55 | 📊 Market type: PERPETUAL FUTURES (swap) — verified
09:32:55 | 📋 Limit Orders: ENABLED (offset 0.1%) -- the idle intraday scanner's; the book trades with market orders
09:32:55 | 📂 Loaded state: $249.93 realised | 0 intraday positions | available $227.06 before open P&L (locked $22.86)
09:32:55 | 📐 RISK @ $249.93: monthly dial 20% = $50.00/month (20% of this month's anchor $250.00)  |  the portfolio book trades: its month guard closes the book if MARKED equity falls that far below the month's anchor [C497]
 
  ================================================================================================
  OMEGA C512  PAPER  Bitget perps
  30 Sep 2026   09:32
  start $249.93 realised  risk dial 20%/month
  ================================================================================================
 
  RISK FRAME -------------------------------------------------------------------------------------
  EQUITY    $249.93 realised  804 markets
  MONTH     dial 20% = $50.00 this month  used $0.07 realised
  BOOK      daily trend + momentum + carry, rebalanced 00:05 UTC
            month guard on MARKED equity (open P&L counts)  intraday scanner idle
  ------------------------------------------------------------------------------------------------
 
09:32:55 |    (legacy Flask page not installed — the dashboard is the control panel)
09:32:55 | 🌐 Remote control on http://0.0.0.0:8138 — TOKEN REQUIRED
09:32:55 |    📱 Local network: http://10.0.0.160:8138/?t=<your token> (this machine's own address)
09:32:55 |    🌍 Internet: put a Cloudflare Tunnel in front of this port.
09:32:55 |        See deploy/DEPLOY.md — one command, no open ports, free.
09:32:55 | ============================================================
09:32:55 | 🤖 OMEGA V60 — INFORMATION ENGINE (C466)
09:32:55 | 📊 C503 WHAT IS RUNNING -- the portfolio book trades:
09:32:55 |    RULE   C2 N2+N3: C2 = residual momentum, no crowded shorts (N2+N3) -- a FORWARD TEST in paper (C510); the admitted rule is scored beside it in the rule tournament
09:32:55 |    BOOK   trend (C1) + momentum (C2) + carry (C3), equal risk; vol target 27% from the 20% dial; gross <= 3x equity; top 20 crypto; $6 minimum; 30% band
09:32:55 |           rebalanced daily 00:05 UTC with market orders (paper fills at the ask/bid, taker 0.06%); 5x cross margin; funding at each coin's own interval; its one limit is the month guard on MARKED equity
09:32:55 |    PAPER  never touches the account: intraday shadow (C489) hourly · carry (C490) 00:10 UTC · spot pot (C501/C502) $250, spot minimum $1, 00:20 UTC · idle cash -> Savings at 7.63% every minute · rule tournament (C510, 7 rules on the same prices) at each rebalance
09:32:55 |    IDLE   the intraday scanner, the OLD strategy (139 trades, 44W/95L before the 29 Sep 2026 fresh start; it lost after fees): it opens nothing, and its boot description is not printed (OMEGA_ENGINE=intraday runs and describes it)
09:32:55 | 💡 Stop safely: sudo systemctl stop omega (Ctrl+C only when run by hand)
09:32:55 | ============================================================
09:32:55 | 🔄 Monitoring thread started — SPLIT LOOP [C397]: FAST leg every 0.8s (prices in PARALLEL → hard stop, trailing floor, peak floor, capture floor); SLOW leg every 20s (OHLCV/DRI) and 90s (BTC/ETH regime, AFTER positions are checked, never before) -- it watches INTRADAY positions; the book has no stops, its one limit is the month guard
09:32:58 | 💼 C488: portfolio engine ON -- the intraday scanner opens no new positions (OMEGA_ENGINE=intraday restores it); the book holds 12 positions
 
  09:40  up 0h08m  daily book --------------------------------------------------------------------
  EQUITY    $250.25  unreal $+0.32
  OPEN      no intraday positions  book holds 12 (BOOK row)  free $227.39 after open P&L
  SHADOW    intraday M1 $250.50 (+0.23%)  M1g $250.79 (+0.34%)  2d paper only
  CARRY     $249.61 (-0.13%)  8 held  paper only
  SPOT      $249.79 (-0.08%)  14 held  20% invested  cash earns 7.63%  paper pot
  SAVINGS   idle $164.82 (66%)  at 7.63% +$0.03 so far  ~$1.05/month  paper
  BOOK      12 pos gross $113.59 (0.45x)  open $+0.32  funding $-0.00  vol 27% top 20
            rebal 2026-09-30
  CONTEXT   since 29 Sep +0.10%  under a day: too early to judge
  RULE      C2 N2+N3  forward test (paper)
  TOURNEY   7 rules held since 2026-09-29  first scores at the next rebalance
  DATA      on time  prices 33s  funding booked  book today  shadow 04:00  carry today
            spot pot today
  SESSION   $-0.01 -0.01%  peak $250.27  dd 0.01%
  MONTH     book guard $0.00 of $50.00 used  on marked equity  from $250.00  dial 20%
            ..........................
  RECORD    book closed 0  0W 0L  net $+0.00  fees and funding in
  FEES      no fills yet this run (the book trades at 00:05 UTC)
  ------------------------------------------------------------------------------------------------
 
09:40:54 | 
09:40:54 | ============================================================
09:40:54 | 📊 POSITION SUMMARY (8-MIN UPDATE)
09:40:54 | 💰 Equity: $249.93 | Unrealized: $+0.32
09:40:54 | 💵 Available: $227.39 after open P&L | Locked: $22.86
09:40:54 | 📈 Session: $-0.01 (-0.0%)
09:40:54 | 🎯 C510 Book (what trades): 12 positions, gross 0.45x, open $+0.32 | rule C2 N2+N3 | closed 0: 0W/0L $+0.00
09:40:54 | ============================================================
09:40:54 | ============================================================
09:40:54 | 🔻 Book guard: $0.00 of $50.00 used this month on marked equity (0%, from $250.00) · realised today -0.00% [C497]
09:40:54 | ============================================================
09:40:54 | 
 
  09:48  up 0h16m  daily book --------------------------------------------------------------------
  EQUITY    $250.45  unreal $+0.52
  OPEN      no intraday positions  book holds 12 (BOOK row)  free $227.59 after open P&L
  SHADOW    intraday M1 $250.50 (+0.23%)  M1g $250.79 (+0.34%)  2d paper only
  CARRY     $249.61 (-0.13%)  8 held  paper only
  SPOT      $249.97 (-0.01%)  14 held  20% invested  cash earns 7.63%  paper pot
  SAVINGS   idle $164.99 (66%)  at 7.63% +$0.03 so far  ~$1.05/month  paper
  BOOK      12 pos gross $114.18 (0.46x)  open $+0.52  funding $-0.00  vol 27% top 20
            rebal 2026-09-30
  CONTEXT   since 29 Sep +0.18%  under a day: too early to judge
  RULE      C2 N2+N3  forward test (paper)
  TOURNEY   7 rules held since 2026-09-29  first scores at the next rebalance
  DATA      on time  prices 27s  funding booked  book today  shadow 04:00  carry today
            spot pot today
  SESSION   $+0.19 +0.07%
  MONTH     book guard $0.00 of $50.00 used  on marked equity  from $250.00  dial 20%
            ..........................
  RECORD    book closed 0  0W 0L  net $+0.00  fees and funding in
  FEES      no fills yet this run (the book trades at 00:05 UTC)
  ------------------------------------------------------------------------------------------------
 
09:48:55 | 
09:48:55 | ============================================================
09:48:55 | 📊 POSITION SUMMARY (8-MIN UPDATE)
09:48:55 | 💰 Equity: $249.93 | Unrealized: $+0.52
09:48:55 | 💵 Available: $227.59 after open P&L | Locked: $22.86
09:48:55 | 📈 Session: $+0.19 (+0.1%)
09:48:55 | 🎯 C510 Book (what trades): 12 positions, gross 0.46x, open $+0.52 | rule C2 N2+N3 | closed 0: 0W/0L $+0.00
09:48:55 | ============================================================
09:48:55 | ============================================================
09:48:55 | 🔻 Book guard: $0.00 of $50.00 used this month on marked equity (0%, from $250.00) · realised today -0.00% [C497]
09:48:55 | ============================================================
09:48:55 | 
 
  09:56  up 0h24m  daily book --------------------------------------------------------------------
  EQUITY    $250.47  unreal $+0.54
  OPEN      no intraday positions  book holds 12 (BOOK row)  free $227.61 after open P&L
  SHADOW    intraday M1 $250.50 (+0.23%)  M1g $250.79 (+0.34%)  2d paper only
  CARRY     $249.61 (-0.13%)  8 held  paper only
  SPOT      $250.02 (+0.01%)  14 held  20% invested  cash earns 7.63%  paper pot
  SAVINGS   idle $165.00 (66%)  at 7.63% +$0.03 so far  ~$1.05/month  paper
  BOOK      12 pos gross $114.34 (0.46x)  open $+0.54  funding $-0.00  vol 27% top 20
            rebal 2026-09-30
  CONTEXT   since 29 Sep +0.19%  under a day: too early to judge
  RULE      C2 N2+N3  forward test (paper)
  TOURNEY   7 rules held since 2026-09-29  first scores at the next rebalance
  DATA      on time  prices 22s  funding booked  book today  shadow 04:00  carry today
            spot pot today
  SESSION   $+0.21 +0.08%
  MONTH     book guard $0.00 of $50.00 used  on marked equity  from $250.00  dial 20%
            ..........................
  RECORD    book closed 0  0W 0L  net $+0.00  fees and funding in
  FEES      no fills yet this run (the book trades at 00:05 UTC)
  ------------------------------------------------------------------------------------------------
 
09:56:55 | 
09:56:55 | ============================================================
09:56:55 | 📊 POSITION SUMMARY (8-MIN UPDATE)
09:56:55 | 💰 Equity: $249.93 | Unrealized: $+0.54
09:56:55 | 💵 Available: $227.61 after open P&L | Locked: $22.86
09:56:55 | 📈 Session: $+0.21 (+0.1%)
09:56:55 | 🎯 C510 Book (what trades): 12 positions, gross 0.46x, open $+0.54 | rule C2 N2+N3 | closed 0: 0W/0L $+0.00
09:56:55 | ============================================================
09:56:55 | ============================================================
09:56:55 | 🔻 Book guard: $0.00 of $50.00 used this month on marked equity (0%, from $250.00) · realised today -0.00% [C497]
09:56:55 | ============================================================
09:56:55 | 
 
  10:04  up 0h32m  daily book --------------------------------------------------------------------
  EQUITY    $250.44  unreal $+0.51
  OPEN      no intraday positions  book holds 12 (BOOK row)  free $227.58 after open P&L
  SHADOW    intraday M1 $250.50 (+0.23%)  M1g $250.79 (+0.34%)  2d paper only
  CARRY     $249.61 (-0.13%)  8 held  paper only
  SPOT      $249.89 (-0.04%)  14 held  20% invested  cash earns 7.63%  paper pot
  SAVINGS   idle $164.99 (66%)  at 7.63% +$0.03 so far  ~$1.05/month  paper
  BOOK      12 pos gross $114.00 (0.46x)  open $+0.51  funding $-0.00  vol 27% top 20
            rebal 2026-09-30
  CONTEXT   since 29 Sep +0.18%  under a day: too early to judge
  RULE      C2 N2+N3  forward test (paper)
  TOURNEY   7 rules held since 2026-09-29  first scores at the next rebalance
  DATA      on time  prices 16s  funding booked  book today  shadow 04:00  carry today
            spot pot today
  SESSION   $+0.18 +0.07%  peak $250.47  dd 0.01%
  MONTH     book guard $0.00 of $50.00 used  on marked equity  from $250.00  dial 20%
            ..........................
  RECORD    book closed 0  0W 0L  net $+0.00  fees and funding in
  FEES      no fills yet this run (the book trades at 00:05 UTC)
  ------------------------------------------------------------------------------------------------
 
10:04:56 | 
10:04:56 | ============================================================
10:04:56 | 📊 POSITION SUMMARY (8-MIN UPDATE)
10:04:56 | 💰 Equity: $249.93 | Unrealized: $+0.51
10:04:56 | 💵 Available: $227.58 after open P&L | Locked: $22.86
10:04:56 | 📈 Session: $+0.18 (+0.1%)
10:04:56 | 🎯 C510 Book (what trades): 12 positions, gross 0.46x, open $+0.51 | rule C2 N2+N3 | closed 0: 0W/0L $+0.00
10:04:56 | ============================================================
10:04:56 | ============================================================
10:04:56 | 🔻 Book guard: $0.00 of $50.00 used this month on marked equity (0%, from $250.00) · realised today -0.00% [C497]
10:04:56 | ============================================================
10:04:56 | 
10:05:24 | 
============================================================
🛑 Signal 15 — saving logs...
============================================================
 
  SESSION SUMMARY --------------------------------------------------------------------------------
  RAN       0h32m  daily book  0 book fills this run  book closed 0 in all
  P&L       $+0.17 (+0.07%)  $250.27 > $250.44  maxDD 0.01%
  CURVE     ..@@#
  COST      fees $0.00  maker 0 / taker 0 fills
  ------------------------------------------------------------------------------------------------
 
