
  ================================================================================================
  OMEGA C482  PAPER  Bitget perps
  23 Sep 2026   17:35
  start $252.81  day -0.68% loss
  ================================================================================================

  >> 17:37  OPEN   牛来 SHORT @0.108840  x1 $31.78
       target +10.6%  stop -2.2%  entry score 0.62  maker
  >> 17:37  OPEN   KERNEL SHORT @0.056370  x1 $34.98
       target +9.6%  stop -1.9%  entry score 0.51  maker


  17:43  up 0h08m  scan 2 ------------------------------------------------------------------------
  EQUITY    $252.53  unreal $-0.28
  OPEN      2 pos $66.76 (26%)  free $186.05
  ------------------------------------------------------------------------------------------------
  PAIR     SIDE       ENTRY      MARK    MOVE     P&L   AGE  THESIS
  牛来       SHORT   0.108840  0.109730  -0.82%   -0.29    6m  - 50% left
  KERNEL   SHORT   0.056370  0.056320  +0.09%   +0.00    6m  + 52% left
  ------------------------------------------------------------------------------------------------
  SESSION   $-0.28 -0.11%  peak $252.81  dd 0.11%
  DAY       real $-2.17  limit $9.48 (3.72%)  23% used
            ######....................
  MONTH     dial 15%  used $0.00 of $37.92  from $252.81
  RECORD    no closed trades yet this run
  LIFETIME  87tr 25W 62L 29%  $+2.81
  FEES      $0.01  mk2/tk0  0.005% of eq
  SCAN      802 > 2 > 2 passed  top KERNEL 0.48 (viable)  2 scans, 72 analysed
  MARKET    TRENDING  bias -0.30  breadth -0.27  taker flow +0.23
  NEWS      64 articles  + tone +0.40  PEPE +0.53  MET +0.50  FET +0.44
  INFO      2 tilted  flow/fund/news on 70
  MOVERS    FIGHT +45% #48  MET +37% #22  ALLO +30% cut  ZEST +30% #40
  ------------------------------------------------------------------------------------------------

  >> 17:49  OPEN   AVAX SHORT @10.7570  x1 $35.30
       target +9.7%  stop -1.9%  entry score 1.34  maker


  17:51  up 0h16m  scan 3 ------------------------------------------------------------------------
  EQUITY    $252.73  unreal $-0.08
  OPEN      3 pos $102.06 (40%)  free $150.75
  ------------------------------------------------------------------------------------------------
  PAIR     SIDE       ENTRY      MARK    MOVE     P&L   AGE  THESIS
  牛来       SHORT   0.108840  0.108720  +0.11%   +0.01   14m  + 52% left
  KERNEL   SHORT   0.056370  0.056400  -0.05%   -0.05   14m  - 44% left
  AVAX     SHORT    10.7570   10.7620  -0.05%   -0.04    2m  - 9% left
  ------------------------------------------------------------------------------------------------
  SESSION   $-0.08 -0.03%  peak $252.81  dd 0.03%
  DAY       real $-2.17  limit $9.48 (3.72%)  23% used
            ######....................
  MONTH     dial 15%  used $0.00 of $37.92  from $252.81
  RECORD    no closed trades yet this run
  LIFETIME  87tr 25W 62L 29%  $+2.81
  FEES      $0.02  mk3/tk0  0.008% of eq
  SCAN      802 > 70 > 2 passed  top AVAX 1.34 (viable)  3 scans, 142 analysed
  MARKET    TRENDING  bias -0.34  breadth +0.00  taker flow +0.35
  NEWS      64 articles  + tone +0.40  PEPE +0.53  MET +0.50  FET +0.44
  INFO      2 tilted  flow/fund/news on 79
  MOVERS    FIGHT +47% #47  MET +37% cut  ALLO +33% cut  BCH +27% #5
  ------------------------------------------------------------------------------------------------



  18:01  up 0h25m  scan 5 ------------------------------------------------------------------------
  EQUITY    $252.80  unreal $-0.01
  OPEN      3 pos $102.06 (40%)  free $150.75
  ------------------------------------------------------------------------------------------------
  PAIR     SIDE       ENTRY      MARK    MOVE     P&L   AGE  THESIS
  牛来       SHORT   0.108840  0.108570  +0.25%   +0.05   24m  + 54% left
  KERNEL   SHORT   0.056370  0.056100  +0.48%   +0.14   24m  + 42% left
  AVAX     SHORT    10.7570   10.8110  -0.50%   -0.21   12m  - 7% left
  ------------------------------------------------------------------------------------------------
  SESSION   $-0.01 -0.00%  peak $252.81
  DAY       real $-2.17  limit $9.48 (3.72%)  23% used
            ######....................
  MONTH     dial 15%  used $0.00 of $37.92  from $252.81
  RECORD    no closed trades yet this run
  LIFETIME  87tr 25W 62L 29%  $+2.81
  FEES      $0.02  mk3/tk0  0.008% of eq
  SCAN      802 > 70 > 0 passed  top 牛来 1.04 (corr_cap)  5 scans, 214 analysed
  MARKET    TRENDING  bias -0.37  breadth +0.00  taker flow -0.00
  NEWS      64 articles  + tone +0.40  PEPE +0.53  MET +0.50  FET +0.44
  INFO      2 tilted  flow/fund/news on 79
  MOVERS    FIGHT +43% #52  ALLO +32% cut  MET +30% cut  BCH +27% #5
  ------------------------------------------------------------------------------------------------



  18:09  up 0h33m  scan 5 ------------------------------------------------------------------------
  EQUITY    $252.69  unreal $-0.12
  OPEN      3 pos $102.06 (40%)  free $150.75
  ------------------------------------------------------------------------------------------------
  PAIR     SIDE       ENTRY      MARK    MOVE     P&L   AGE  THESIS
  牛来       SHORT   0.108840  0.109180  -0.31%   -0.12   32m  - 49% left
  KERNEL   SHORT   0.056370  0.056340  +0.05%   -0.01   32m  - 51% left
  AVAX     SHORT    10.7570   10.7430  +0.13%   +0.02   20m  + 15% left
  ------------------------------------------------------------------------------------------------
  SESSION   $-0.12 -0.05%  peak $252.81  dd 0.05%
  DAY       real $-2.17  limit $9.48 (3.72%)  23% used
            ######....................
  MONTH     dial 15%  used $0.00 of $37.92  from $252.81
  RECORD    no closed trades yet this run
  LIFETIME  87tr 25W 62L 29%  $+2.81
  FEES      $0.02  mk3/tk0  0.008% of eq
  SCAN      802 > 70 > 0 passed  top 牛来 1.04 (corr_cap)  5 scans, 214 analysed
  MARKET    TRENDING  bias -0.24  breadth -0.09  taker flow +0.17
  NEWS      65 articles  + tone +0.43  PEPE +0.53  MET +0.50  FET +0.44
  INFO      2 tilted  flow/fund/news on 79
  MOVERS    FIGHT +43% #52  ALLO +32% cut  MET +30% cut  BCH +27% #5
  ------------------------------------------------------------------------------------------------



  18:18  up 0h43m  scan 7 ------------------------------------------------------------------------
  EQUITY    $252.79  unreal $-0.02
  OPEN      3 pos $102.06 (40%)  free $150.75
  ------------------------------------------------------------------------------------------------
  PAIR     SIDE       ENTRY      MARK    MOVE     P&L   AGE  THESIS
  牛来       SHORT   0.108840  0.108410  +0.40%   +0.10   41m  + 41% left
  KERNEL   SHORT   0.056370  0.056460  -0.16%   -0.08   41m  - 48% left
  AVAX     SHORT    10.7570   10.7580  -0.01%   -0.03   29m  - 22% left
  ------------------------------------------------------------------------------------------------
  SESSION   $-0.02 -0.01%  peak $252.81  dd 0.01%
  CURVE     +=++++
  DAY       real $-2.17  limit $9.48 (3.72%)  23% used
            ######....................
  MONTH     dial 15%  used $0.00 of $37.92  from $252.81
  RECORD    no closed trades yet this run
  LIFETIME  87tr 25W 62L 29%  $+2.81
  FEES      $0.02  mk3/tk0  0.008% of eq
  SCAN      802 > 70 > 0 passed  top AVAX 1.00 (h1_regime_shock)  7 scans, 298 analysed
  MARKET    TRENDING  bias -0.22  breadth +0.07  taker flow -0.26
  NEWS      65 articles  + tone +0.43  PEPE +0.53  FET +0.44  ETH +0.41
  INFO      2 tilted  flow/fund/news on 79
  MOVERS    FIGHT +39% #50  ALLO +33% cut  MET +26% #33  SENT +24% #52
  ------------------------------------------------------------------------------------------------



  18:27  up 0h51m  scan 8 ------------------------------------------------------------------------
  EQUITY    $253.08  unreal $+0.27
  OPEN      3 pos $102.06 (40%)  free $150.75
  ------------------------------------------------------------------------------------------------
  PAIR     SIDE       ENTRY      MARK    MOVE     P&L   AGE  THESIS
  牛来       SHORT   0.108840  0.108020  +0.75%   +0.21   49m  + 43% left
  KERNEL   SHORT   0.056370  0.056240  +0.23%   +0.05   49m  + 30% left
  AVAX     SHORT    10.7570   10.7460  +0.10%   +0.01   37m  + 32% left
  ------------------------------------------------------------------------------------------------
  SESSION   $+0.27 +0.11%
  CURVE     ======+
  DAY       real $-2.17  limit $9.48 (3.72%)  23% used
            ######....................
  MONTH     dial 15%  used $0.00 of $37.92  from $252.81
  RECORD    no closed trades yet this run
  LIFETIME  87tr 25W 62L 29%  $+2.81
  FEES      $0.02  mk3/tk0  0.008% of eq
  SCAN      802 > 14 > 0 passed  top PUMP 0.71 (h1_regime_shock)  8 scans, 312 analysed
  MARKET    TRENDING  bias -0.21  breadth -0.23  taker flow +0.15
  NEWS      65 articles  + tone +0.43  FET +0.44  ZEC +0.26  ONE +0.13
  INFO      2 tilted  flow/fund/news on 79
  MOVERS    FIGHT +39% #49  ALLO +33% cut  MET +30% #30  SENT +23% #50
  ------------------------------------------------------------------------------------------------



  18:36  up 1h00m  scan 9 ------------------------------------------------------------------------
  EQUITY    $253.98  unreal $+1.17
  OPEN      3 pos $102.06 (40%)  free $150.75
  ------------------------------------------------------------------------------------------------
  PAIR     SIDE       ENTRY      MARK    MOVE     P&L   AGE  THESIS
  牛来       SHORT   0.108840  0.107300  +1.41%   +0.42   59m  + 51% left
  KERNEL   SHORT   0.056370  0.055580  +1.40%   +0.46   59m  + 48% left
  AVAX     SHORT    10.7570   10.6620  +0.88%   +0.28   47m  + 30% left
  ------------------------------------------------------------------------------------------------
  SESSION   $+1.17 +0.46%
  CURVE     =======+
  DAY       real $-2.17  limit $9.48 (3.72%)  23% used
            ######....................
  MONTH     dial 15%  used $0.00 of $37.92  from $252.81
  RECORD    no closed trades yet this run
  LIFETIME  87tr 25W 62L 29%  $+2.81
  FEES      $0.02  mk3/tk0  0.008% of eq
  SCAN      802 > 70 > 0 passed  top ACE 1.07 (h1_regime_shock)  9 scans, 382 analysed
  MARKET    TRENDING  bias -0.22  breadth +0.00  taker flow +0.20
  NEWS      65 articles  + tone +0.43  FET +0.44  ZEC +0.26  ONE +0.13
  INFO      2 tilted  flow/fund/news on 79
  MOVERS    FIGHT +39% #46  ALLO +31% cut  MET +29% #27  SENT +22% #48
  ------------------------------------------------------------------------------------------------

