
  ================================================================================================
  OMEGA C469  PAPER  Bitget perps
  19 Sep 2026   11:28
  start $249.39  day -0.68% loss
  ================================================================================================



  11:35  up 0h08m  scan 2 ------------------------------------------------------------------------
  EQUITY    $249.39
  SESSION   $-0.00 -0.00%
  DAY       real $-0.61  loss room $1.70 (0.68%)  36% used  vol x1.00  trust x1.00
            #########.................
  RECORD    no closed trades yet this run
  LIFETIME  16tr 7W 9L 44%  $-0.61
  OPEN      flat  free $249.39
  FEES      no fills yet this run
  SCAN      797 > 60 > 0 passed  top LINK 0.00 (score 0.003 < 0.45)  2 scans, 120 analysed
  MARKET    TRENDING  bias +0.31  breadth -0.28  taker flow -0.10
  NEWS      65 articles  + tone +0.38  XRP +0.38  ZEC +0.29  NEAR +0.26
  MOVERS    AKE +160% #6  AR +58% #18  G +58% #9  PIEVERSE +52% #24
  ------------------------------------------------------------------------------------------------

  >> 11:40  OPEN   RED LONG @0.149400  x2 $28.45
       target +4.4%  stop -1.3%  entry score 0.83  maker


  11:43  up 0h16m  scan 3 ------------------------------------------------------------------------
  EQUITY    $249.27  unreal $-0.12
  SESSION   $-0.12 -0.05%  peak $249.39  dd 0.05%
  DAY       real $-0.61  loss room $1.78 (0.71%)  34% used  vol x1.04  trust x1.00
            #########.................
  RECORD    no closed trades yet this run
  LIFETIME  16tr 7W 9L 44%  $-0.61
  OPEN      1 pos $28.45 (11%)  free $220.94
  FEES      $0.01  mk1/tk0  0.005% of eq
  SCAN      797 > 16 > 1 passed  top RED 0.83 (viable)  3 scans, 136 analysed
  MARKET    TRENDING  bias +0.29  breadth -0.32  taker flow +0.11
  NEWS      65 articles  + tone +0.38  XRP +0.38  ZEC +0.29  NEAR +0.26
  INFO      1 tilted  flow/fund/news on 76
  MOVERS    AKE +161% #6  G +53% #8  AR +49% #20  MYX +45% #21
  ------------------------------------------------------------------------------------------------
  PAIR     SIDE       ENTRY      MARK    MOVE     P&L   AGE  THESIS
  RED      LONG    0.149400  0.149200  -0.13%   -0.12    3m  - 59% left
  ------------------------------------------------------------------------------------------------

  << 11:47  CLOSE  RED LONG @0.147600  -1.20% $-0.73  LOSS
       held 6m  REL_HARD_STOP: PnL=-2.3%  -0.71R  TAKER


  11:52  up 0h24m  scan 4 ------------------------------------------------------------------------
  EQUITY    $248.66
  SESSION   $-0.73 -0.29%  peak $249.39  dd 0.29%
  DAY       real $-1.34  loss room $1.91 (0.76%)  70% used  vol x1.12  trust x1.00
            ##################........
  RECORD    1 closed  0W 1L  win 0%  avg $-0.73/tr
  LIFETIME  17tr 7W 10L 41%  $-1.34
  OPEN      flat  free $248.66
  FEES      $0.05  mk1/tk1  0.018% of eq
  SCAN      797 > 60 > 0 passed  4 scans, 196 analysed
  MARKET    MIXED  bias +0.16  breadth -0.19  taker flow +0.10
  NEWS      65 articles  + tone +0.38  XRP +0.38  ZEC +0.29  NEAR +0.26
  INFO      1 tilted  flow/fund/news on 76
  MOVERS    AKE +161% #6  G +53% #8  AR +49% #20  MYX +45% #21
  TAPE      -
  ------------------------------------------------------------------------------------------------

  .. 12:00  flat  $248.66  $-0.73 -0.29%  0W 1L 0%  15 analysed
  .. 12:08  flat  $248.66  $-0.73 -0.29%  0W 1L 0%  59 analysed
  .. 12:16  flat  $248.66  $-0.73 -0.29%  0W 1L 0%  14 analysed


  12:24  up 0h56m  scan 8 ------------------------------------------------------------------------
  EQUITY    $248.66
  SESSION   $-0.73 -0.29%  peak $249.39  dd 0.29%
  CURVE     **+------
  DAY       real $-1.34  loss room $1.19 (0.48%)  112% used  vol x0.70  trust x1.00
            ##########################
  RECORD    1 closed  0W 1L  win 0%  avg $-0.73/tr
  LIFETIME  17tr 7W 10L 41%  $-1.34
  OPEN      flat  free $248.66
  FEES      $0.05  mk1/tk1  0.018% of eq
  SCAN      797 > 59 > 0 passed  top ARB 0.30 (score 0.299 < 0.45)  8 scans, 343 analysed
  MARKET    TRENDING  bias +0.26  breadth +0.00  taker flow +0.24
  NEWS      65 articles  + tone +0.29  DOGE +0.70  NEAR +0.60  XRP +0.55
  INFO      1 tilted  flow/fund/news on 76
  MOVERS    AKE +156% #6  MYX +50% #17  AR +46% #18  BR +45% #11
  TAPE      -
  ------------------------------------------------------------------------------------------------

  .. 12:32  flat  $248.66  $-0.73 -0.29%  0W 1L 0%  59 analysed

  SESSION SUMMARY --------------------------------------------------------------------------------
  RAN       1h05m  9 scans  402 pair-analyses  1 closed trades
  P&L       $-0.73 (-0.29%)  $249.39 > $248.66  maxDD 0.29%
  CURVE     @@#.......
  RECORD    0W 1L  win 0%  payoff n/a  profit factor n/a  avg win n/a  avg loss $-0.73
            break-even n/a  expectancy $-0.73/tr  gross $0.00 won  $0.73 lost
  HOLD      median 6m  range 6-6m
  COST      fees $0.05  maker 1 / taker 1 fills  7% of gross  50% of fills maker  maker $0.01
            taker $0.03
  EXITS     REL_HARD_STOP: PnL=- 1
  ------------------------------------------------------------------------------------------------
  PAIR     SIDE      MOVE      NET   HELD  EXIT
  RED      LONG    -1.20%   $-0.73     6m  REL_HARD_STOP: PnL=- [L]
  ------------------------------------------------------------------------------------------------

